[22:46:01] [main/INFO] (FabricLoader/GameProvider) Loading Minecraft 26.2 with Fabric Loader 0.19.3
[22:46:01] [main/INFO] (FabricLoader/Mappings) Mappings not present!
[22:46:01] [main/INFO] (FabricLoader) Loading 51 mods:
	- claimmod 1.0.5
	   \-- org_yaml_snakeyaml 2.2
	- fabric-api 0.156.0+26.2
	   |-- fabric-key-mapping-api-v1 2.0.5+e2bdee789e
	   |-- fabric-model-loading-api-v1 8.0.16+c80601bb9e
	   |-- fabric-renderer-api-v1 14.1.3+2b0d8a229e
	   |-- fabric-renderer-indigo 9.1.3+2b0d8a229e
	   |-- fabric-rendering-v1 25.3.2+515ac5339e
	   |-- fabric-screen-api-v1 5.1.0+48e3c0b09e
	   \-- fabric-sound-api-v1 2.0.5+11a26f319e
	- fabric-api-base 2.0.4+ece063239e
	- fabric-api-lookup-api-v1 2.0.17+11e1c9a39e
	- fabric-biome-api-v1 18.0.6+c7bd5b8e9e
	- fabric-block-api-v1 3.0.3+ec56b6019e
	- fabric-block-getter-api-v2 2.0.7+ec56b6019e
	- fabric-command-api-v2 3.1.0+00cb03469e
	- fabric-content-registries-v0 11.3.0+d0a699d09e
	- fabric-convention-tags-v2 4.7.0+1f023a9e9e
	- fabric-crash-report-info-v1 1.0.5+086d547a9e
	- fabric-creative-tab-api-v1 5.0.14+d871b99e9e
	- fabric-data-attachment-api-v1 2.2.18+515ac5339e
	- fabric-data-generation-api-v1 25.5.0+aed122aa9e
	- fabric-debug-api-v1 1.0.2+c792624d9e
	- fabric-dimensions-v1 5.1.11+515ac5339e
	- fabric-entity-events-v1 5.0.5+06488ac19e
	- fabric-events-interaction-v0 5.2.7+515ac5339e
	- fabric-game-rule-api-v1 4.0.8+46a6d00c9e
	- fabric-gametest-api-v1 4.0.21+4a7fa0819e
	- fabric-item-api-v1 14.4.0+49a69a7b9e
	- fabric-lifecycle-events-v1 4.1.3+4575b05f9e
	- fabric-loot-api-v3 3.0.17+06488ac19e
	- fabric-menu-api-v1 2.0.16+086d547a9e
	- fabric-message-api-v1 7.0.7+086d547a9e
	- fabric-networking-api-v1 6.3.3+72073ef09e
	- fabric-object-builder-api-v1 24.1.0+6fcd5f039e
	- fabric-particles-v1 5.0.18+d1756aa99e
	- fabric-permission-api-v1 1.0.4+536fad2f9e
	- fabric-recipe-api-v1 9.0.20+11e1c9a39e
	- fabric-registry-sync-v0 7.1.0+c7bd5b8e9e
	- fabric-rendering-fluids-v1 6.0.4+06488ac19e
	- fabric-resource-conditions-api-v1 6.1.0+10e9a28b9e
	- fabric-resource-loader-v0 3.3.20+4fc5413f9e
	- fabric-resource-loader-v1 2.0.13+9edec1269e
	- fabric-serialization-api-v1 2.0.4+11a26f319e
	- fabric-tag-api-v1 2.1.4+515ac5339e
	- fabric-transfer-api-v1 8.0.12+11dbb7d79e
	- fabric-transitive-access-wideners-v1 8.1.4+67c847259e
	- fabricloader 0.19.3
	- inventoryextended 1.1.2
	- java 25
	- lithium 0.25.3+mc26.2
	- minecraft 26.2
	- mixinextras 0.5.4
	- powers 1.0.2
	- powers-example-extension 1.0.0
	- powers-gametest 1.0.0
	- voicechat 2.6.22+26.2
	   |-- fabric-key-mapping-api-v1 2.0.5+e2bdee789c
	   |-- fabric-rendering-v1 25.1.6+46a6d00c9c
	   \-- voicechat_api 2.6.20
[22:46:01] [main/INFO] (FabricLoader/Mixin) SpongePowered MIXIN Subsystem Version=0.8.7 Source=file:<home>/.gradle/caches/modules-2/files-2.1/net.fabricmc/sponge-mixin/0.17.3+mixin.0.8.7/41c4a3984a80f4679e759fb9f495587acc5cdac7/sponge-mixin-0.17.3+mixin.0.8.7.jar Service=Knot/Fabric Env=SERVER
[22:46:02] [main/INFO] (FabricLoader/Mixin) Compatibility level set to JAVA_25
[22:46:02] [main/INFO] (Lithium) Loaded configuration file for Lithium: 171 options available, 0 override(s) found.
[22:46:02] [main/INFO] (FabricLoader/MixinExtras|Service) Initializing MixinExtras via com.llamalad7.mixinextras.service.MixinExtrasServiceImpl(version=0.5.4).
[22:46:06] [main/INFO] (powers) POWERS config validation: revision=1; adjustments=0; retained=0; dropped=0
[22:46:06] [main/INFO] (powers) Loaded rank mazes: 28 light nodes, 28 darkness nodes
[22:46:06] [main/INFO] (powers) Magic collision kernel loaded: 64 actions, 2080 exhaustive interactions
[22:46:06] [main/INFO] (powers) POWERS framework initialized with 23 power(s)
[22:46:06] [main/INFO] (claimmod) ClaimMod initializing...
[22:46:06] [main/INFO] (claimmod) ClaimMod config loaded from config/claimmod/config.yml
[22:46:06] [main/INFO] (claimmod) ClaimMod messages loaded (204 entries).
[22:46:06] [main/INFO] (claimmod) ClaimMod initialized successfully.
[22:46:06] [main/WARN] (voicechat) [voicechat/Voicechat] Running in debug mode - Don't leave this enabled in production!
[22:46:06] [main/INFO] (voicechat) [voicechat/Voicechat] Compatibility version 20
[22:46:06] [main/INFO] (voicechat) [voicechat/PluginManager] Loading plugins
[22:46:06] [main/INFO] (voicechat) [voicechat/PluginManager] Loaded 0 plugin(s)
[22:46:06] [main/INFO] (voicechat) [voicechat/PluginManager] Initializing plugins
[22:46:06] [main/INFO] (voicechat) [voicechat/PluginManager] Initialized 0 plugin(s)
[22:46:06] [main/INFO] (inventoryextended) InventoryExtended mod initialized!
[22:46:06] [main/INFO] (Minecraft) Environment: Environment[sessionHost=https://sessionserver.mojang.com, servicesHost=https://api.minecraftservices.com, profilesHost=https://api.mojang.com, name=PROD]
[22:46:06] [main/INFO] (FabricGameTestRunner) Starting test server
[22:46:07] [main/INFO] (Minecraft) Loaded 1605 recipes
[22:46:07] [main/INFO] (Minecraft) Loaded 1713 advancements
[22:46:07] [main/INFO] (powers) Staged 2 initial action aliases until extension registration
[22:46:07] [main/INFO] (powers) Loaded 14 Shadow knowledge entries
[22:46:07] [main/INFO] (BiomeModificationImpl) Applied 0 biome modifications to 0 of 69 new biomes in 721.8 μs
[22:46:07] [Server thread/INFO] (powers) Published action registry revision 2 with 110 canonical keys and 2 aliases
[22:46:08] [Server thread/INFO] (Minecraft) Selecting global world spawn...
[22:46:08] [Server thread/INFO] (Minecraft) Loading 0 persistent chunks...
[22:46:08] [Server thread/INFO] (Minecraft) Preparing spawn area: 100%
[22:46:08] [Server thread/INFO] (Minecraft) Time elapsed: 240 ms
[22:46:08] [Server thread/INFO] (Minecraft) Started game test server
[22:46:08] [Server thread/INFO] (claimmod) Loaded 0 claims.
[22:46:08] [Server thread/INFO] (claimmod) ClaimMod claim data loaded.
[22:46:08] [Server thread/DEBUG] (voicechat) [voicechat/PluginManager] Using default voicechat socket implementation
[22:46:08] [VoiceChatServerThread/INFO] (voicechat) [voicechat/Server] Voice chat server started at port 57646
[22:46:08] [Server thread/INFO] (Minecraft) 114 tests are now running at position 13597960, -59, 10329927!
[22:46:09] [Server thread/INFO] (Minecraft) Running test environment 'minecraft:default' batch 0 (50 tests)...
[22:46:09] [Server thread/INFO] (Minecraft) <player>[embedded] logged in with entity id 1 at (0.0, 0.0, 0.0)
[22:46:09] [Server thread/INFO] (claimmod) ClaimMod: LuckPerms present = false
[22:46:09] [Server thread/INFO] (Minecraft) [Dormant] <player> joined the game
[22:46:09] [Server thread/DEBUG] (voicechat) [voicechat/PlayerStateManager] Setting default state of <player>: {disabled=false, disconnected=true, uuid=<uuid>, name=<player>, group=null}
[22:46:09] [Server thread/INFO] (Minecraft) <player>[embedded] logged in with entity id 4 at (0.0, 0.0, 0.0)
[22:46:09] [Server thread/INFO] (Minecraft) [Dormant] <player> joined the game
[22:46:09] [Server thread/DEBUG] (voicechat) [voicechat/PlayerStateManager] Setting default state of <player>: {disabled=false, disconnected=true, uuid=<uuid>, name=<player>, group=null}
[22:46:09] [Server thread/INFO] (Minecraft) <player>[embedded] logged in with entity id 5 at (0.0, 0.0, 0.0)
[22:46:09] [Server thread/INFO] (Minecraft) [Dormant] <player> joined the game
[22:46:09] [Server thread/DEBUG] (voicechat) [voicechat/PlayerStateManager] Setting default state of <player>: {disabled=false, disconnected=true, uuid=<uuid>, name=<player>, group=null}
[22:46:09] [Server thread/INFO] (Minecraft) <player>[embedded] logged in with entity id 6 at (0.0, 0.0, 0.0)
[22:46:09] [Server thread/INFO] (Minecraft) [Dormant] <player> joined the game
[22:46:09] [Server thread/DEBUG] (voicechat) [voicechat/PlayerStateManager] Setting default state of <player>: {disabled=false, disconnected=true, uuid=<uuid>, name=<player>, group=null}
[22:46:09] [Server thread/INFO] (Minecraft) <player>[embedded] logged in with entity id 12 at (0.0, 0.0, 0.0)
[22:46:09] [Server thread/INFO] (Minecraft) [Dormant] <player> joined the game
[22:46:09] [Server thread/DEBUG] (voicechat) [voicechat/PlayerStateManager] Setting default state of <player>: {disabled=false, disconnected=true, uuid=<uuid>, name=<player>, group=null}
[22:46:09] [Server thread/INFO] (Minecraft) <player>[embedded] logged in with entity id 13 at (0.0, 0.0, 0.0)
[22:46:09] [Server thread/INFO] (Minecraft) [Dormant] <player> joined the game
[22:46:09] [Server thread/DEBUG] (voicechat) [voicechat/PlayerStateManager] Setting default state of <player>: {disabled=false, disconnected=true, uuid=<uuid>, name=<player>, group=null}
[22:46:09] [Server thread/INFO] (Minecraft) <player>[embedded] logged in with entity id 19 at (0.0, 0.0, 0.0)
[22:46:09] [Server thread/INFO] (Minecraft) [Dormant] <player> joined the game
[22:46:09] [Server thread/DEBUG] (voicechat) [voicechat/PlayerStateManager] Setting default state of <player>: {disabled=false, disconnected=true, uuid=<uuid>, name=<player>, group=null}
[22:46:09] [Server thread/INFO] (Minecraft) <player>[embedded] logged in with entity id 21 at (0.0, 0.0, 0.0)
[22:46:09] [Server thread/INFO] (Minecraft) [Dormant] <player> joined the game
[22:46:09] [Server thread/DEBUG] (voicechat) [voicechat/PlayerStateManager] Setting default state of <player>: {disabled=false, disconnected=true, uuid=<uuid>, name=<player>, group=null}
[22:46:09] [Server thread/INFO] (Minecraft) <player>[embedded] logged in with entity id 23 at (0.0, 0.0, 0.0)
[22:46:09] [Server thread/INFO] (Minecraft) [Dormant] <player> joined the game
[22:46:09] [Server thread/DEBUG] (voicechat) [voicechat/PlayerStateManager] Setting default state of <player>: {disabled=false, disconnected=true, uuid=<uuid>, name=<player>, group=null}
[22:46:09] [Server thread/INFO] (Minecraft) <<player>> shadow, hide yourself
[22:46:09] [Server thread/INFO] (Minecraft) <<player>> shadow, leave me
[22:46:09] [Server thread/INFO] (Minecraft) <player>[embedded] logged in with entity id 27 at (0.0, 0.0, 0.0)
[22:46:09] [Server thread/INFO] (Minecraft) [Dormant] <player> joined the game
[22:46:09] [Server thread/DEBUG] (voicechat) [voicechat/PlayerStateManager] Setting default state of <player>: {disabled=false, disconnected=true, uuid=<uuid>, name=<player>, group=null}
[22:46:09] [Server thread/INFO] (Minecraft) <player>[embedded] logged in with entity id 28 at (0.0, 0.0, 0.0)
[22:46:09] [Server thread/INFO] (Minecraft) [Dormant] <player> joined the game
[22:46:09] [Server thread/DEBUG] (voicechat) [voicechat/PlayerStateManager] Setting default state of <player>: {disabled=false, disconnected=true, uuid=<uuid>, name=<player>, group=null}
[22:46:09] [Server thread/INFO] (Minecraft) <player>[embedded] logged in with entity id 29 at (0.0, 0.0, 0.0)
[22:46:09] [Server thread/INFO] (Minecraft) [Dormant] <player> joined the game
[22:46:09] [Server thread/DEBUG] (voicechat) [voicechat/PlayerStateManager] Setting default state of <player>: {disabled=false, disconnected=true, uuid=<uuid>, name=<player>, group=null}
[22:46:09] [Server thread/INFO] (Minecraft) <player>[embedded] logged in with entity id 30 at (0.0, 0.0, 0.0)
[22:46:09] [Server thread/INFO] (Minecraft) [Dormant] <player> joined the game
[22:46:09] [Server thread/DEBUG] (voicechat) [voicechat/PlayerStateManager] Setting default state of <player>: {disabled=false, disconnected=true, uuid=<uuid>, name=<player>, group=null}
[22:46:09] [Server thread/INFO] (Minecraft) <player>[embedded] logged in with entity id 35 at (0.0, 0.0, 0.0)
[22:46:09] [Server thread/INFO] (Minecraft) [Dormant] <player> joined the game
[22:46:09] [Server thread/DEBUG] (voicechat) [voicechat/PlayerStateManager] Setting default state of <player>: {disabled=false, disconnected=true, uuid=<uuid>, name=<player>, group=null}
[22:46:09] [Server thread/INFO] (Minecraft) <player>[embedded] logged in with entity id 36 at (0.0, 0.0, 0.0)
[22:46:09] [Server thread/INFO] (Minecraft) [Dormant] <player> joined the game
[22:46:09] [Server thread/DEBUG] (voicechat) [voicechat/PlayerStateManager] Setting default state of <player>: {disabled=false, disconnected=true, uuid=<uuid>, name=<player>, group=null}
[22:46:09] [Server thread/INFO] (Minecraft) <player>[embedded] logged in with entity id 37 at (0.0, 0.0, 0.0)
[22:46:09] [Server thread/INFO] (Minecraft) [Dormant] <player> joined the game
[22:46:09] [Server thread/DEBUG] (voicechat) [voicechat/PlayerStateManager] Setting default state of <player>: {disabled=false, disconnected=true, uuid=<uuid>, name=<player>, group=null}
[22:46:09] [Server thread/INFO] (Minecraft) <player>[embedded] logged in with entity id 39 at (0.0, 0.0, 0.0)
[22:46:09] [Server thread/INFO] (Minecraft) [Dormant] <player> joined the game
[22:46:09] [Server thread/DEBUG] (voicechat) [voicechat/PlayerStateManager] Setting default state of <player>: {disabled=false, disconnected=true, uuid=<uuid>, name=<player>, group=null}
[22:46:09] [Server thread/INFO] (Minecraft) <player>[embedded] logged in with entity id 41 at (0.0, 0.0, 0.0)
[22:46:09] [Server thread/INFO] (Minecraft) [Dormant] <player> joined the game
[22:46:09] [Server thread/DEBUG] (voicechat) [voicechat/PlayerStateManager] Setting default state of <player>: {disabled=false, disconnected=true, uuid=<uuid>, name=<player>, group=null}
[22:46:09] [Server thread/INFO] (Minecraft) <player>[embedded] logged in with entity id 44 at (0.0, 0.0, 0.0)
[22:46:09] [Server thread/INFO] (Minecraft) [Dormant] <player> joined the game
[22:46:09] [Server thread/DEBUG] (voicechat) [voicechat/PlayerStateManager] Setting default state of <player>: {disabled=false, disconnected=true, uuid=<uuid>, name=<player>, group=null}
[22:46:09] [Server thread/INFO] (Minecraft) <player>[embedded] logged in with entity id 46 at (0.0, 0.0, 0.0)
[22:46:09] [Server thread/INFO] (Minecraft) [Dormant] <player> joined the game
[22:46:09] [Server thread/DEBUG] (voicechat) [voicechat/PlayerStateManager] Setting default state of <player>: {disabled=false, disconnected=true, uuid=<uuid>, name=<player>, group=null}
[22:46:09] [Server thread/INFO] (Minecraft) <player>[embedded] logged in with entity id 49 at (0.0, 0.0, 0.0)
[22:46:09] [Server thread/INFO] (Minecraft) [Dormant] <player> joined the game
[22:46:09] [Server thread/DEBUG] (voicechat) [voicechat/PlayerStateManager] Setting default state of <player>: {disabled=false, disconnected=true, uuid=<uuid>, name=<player>, group=null}
[22:46:09] [Server thread/INFO] (Minecraft) <player>[embedded] logged in with entity id 52 at (0.0, 0.0, 0.0)
[22:46:09] [Server thread/INFO] (Minecraft) [Dormant] <player> joined the game
[22:46:09] [Server thread/DEBUG] (voicechat) [voicechat/PlayerStateManager] Setting default state of <player>: {disabled=false, disconnected=true, uuid=<uuid>, name=<player>, group=null}
[22:46:09] [Server thread/INFO] (Minecraft) <player>[embedded] logged in with entity id 53 at (0.0, 0.0, 0.0)
[22:46:09] [Server thread/INFO] (Minecraft) [Dormant] <player> joined the game
[22:46:09] [Server thread/DEBUG] (voicechat) [voicechat/PlayerStateManager] Setting default state of <player>: {disabled=false, disconnected=true, uuid=<uuid>, name=<player>, group=null}
[22:46:09] [Server thread/INFO] (Minecraft) <player>[embedded] logged in with entity id 54 at (0.0, 0.0, 0.0)
[22:46:09] [Server thread/INFO] (Minecraft) [Dormant] <player> joined the game
[22:46:09] [Server thread/DEBUG] (voicechat) [voicechat/PlayerStateManager] Setting default state of <player>: {disabled=false, disconnected=true, uuid=<uuid>, name=<player>, group=null}
[22:46:09] [Server thread/INFO] (Minecraft) <player>[embedded] logged in with entity id 56 at (0.0, 0.0, 0.0)
[22:46:09] [Server thread/INFO] (Minecraft) [Dormant] <player> joined the game
[22:46:09] [Server thread/DEBUG] (voicechat) [voicechat/PlayerStateManager] Setting default state of <player>: {disabled=false, disconnected=true, uuid=<uuid>, name=<player>, group=null}
[22:46:09] [Server thread/INFO] (Minecraft) <player>[embedded] logged in with entity id 57 at (0.0, 0.0, 0.0)
[22:46:09] [Server thread/INFO] (Minecraft) [Dormant] <player> joined the game
[22:46:09] [Server thread/DEBUG] (voicechat) [voicechat/PlayerStateManager] Setting default state of <player>: {disabled=false, disconnected=true, uuid=<uuid>, name=<player>, group=null}
[22:46:09] [Server thread/INFO] (Minecraft) <<player>> shadow, hide yourself
[22:46:09] [Server thread/INFO] (Minecraft) Named entity ShadowCompanionEntity['Shadow of <player>'/22, l='ServerLevel[Test Level]', x=13598025.29, y=-56.00, z=10329945.78] died: Shadow of <player> died
[22:46:09] [Server thread/INFO] (Minecraft) <player>[embedded] logged in with entity id 62 at (0.0, 0.0, 0.0)
[22:46:09] [Server thread/INFO] (Minecraft) [Dormant] <player> joined the game
[22:46:09] [Server thread/DEBUG] (voicechat) [voicechat/PlayerStateManager] Setting default state of <player>: {disabled=false, disconnected=true, uuid=<uuid>, name=<player>, group=null}
[22:46:09] [Server thread/INFO] (Minecraft) <player>[embedded] logged in with entity id 65 at (0.0, 0.0, 0.0)
[22:46:09] [Server thread/INFO] (Minecraft) [Dormant] <player> joined the game
[22:46:09] [Server thread/DEBUG] (voicechat) [voicechat/PlayerStateManager] Setting default state of <player>: {disabled=false, disconnected=true, uuid=<uuid>, name=<player>, group=null}
[22:46:09] [Server thread/INFO] (Minecraft) <player>[embedded] logged in with entity id 68 at (0.0, 0.0, 0.0)
[22:46:09] [Server thread/INFO] (Minecraft) [Dormant] <player> joined the game
[22:46:09] [Server thread/DEBUG] (voicechat) [voicechat/PlayerStateManager] Setting default state of <player>: {disabled=false, disconnected=true, uuid=<uuid>, name=<player>, group=null}
[22:46:09] [Server thread/INFO] (Minecraft) <player>[embedded] logged in with entity id 69 at (0.0, 0.0, 0.0)
[22:46:09] [Server thread/INFO] (Minecraft) [Dormant] <player> joined the game
[22:46:09] [Server thread/DEBUG] (voicechat) [voicechat/PlayerStateManager] Setting default state of <player>: {disabled=false, disconnected=true, uuid=<uuid>, name=<player>, group=null}
[22:46:09] [Server thread/INFO] (Minecraft) <player>[embedded] logged in with entity id 73 at (0.0, 0.0, 0.0)
[22:46:09] [Server thread/INFO] (Minecraft) [Dormant] <player> joined the game
[22:46:09] [Server thread/DEBUG] (voicechat) [voicechat/PlayerStateManager] Setting default state of <player>: {disabled=false, disconnected=true, uuid=<uuid>, name=<player>, group=null}
[22:46:09] [Server thread/INFO] (Minecraft) Named entity PowerTestActor['Test_8421b3f7'/74, l='ServerLevel[Test Level]', x=13597978.50, y=-56.00, z=10330020.50] died: Test_8421b3f7 died
[22:46:09] [Server thread/INFO] (Minecraft) <player>[embedded] logged in with entity id 77 at (0.0, 0.0, 0.0)
[22:46:09] [Server thread/INFO] (Minecraft) [Dormant] <player> joined the game
[22:46:09] [Server thread/DEBUG] (voicechat) [voicechat/PlayerStateManager] Setting default state of <player>: {disabled=false, disconnected=true, uuid=<uuid>, name=<player>, group=null}
[22:46:10] [Server thread/INFO] (Minecraft) Named entity FirstVessel['The First Vessel'/79, l='ServerLevel[Test Level]', x=13598008.50, y=-56.00, z=10330016.50] died: death.attack.powers.celestial_ruin
[22:46:10] [Server thread/INFO] (Minecraft) <player>[embedded] logged in with entity id 82 at (0.0, 0.0, 0.0)
[22:46:10] [Server thread/INFO] (Minecraft) [Dormant] <player> joined the game
[22:46:10] [Server thread/DEBUG] (voicechat) [voicechat/PlayerStateManager] Setting default state of <player>: {disabled=false, disconnected=true, uuid=<uuid>, name=<player>, group=null}
[22:46:10] [Server thread/INFO] (Minecraft) <player>[embedded] logged in with entity id 84 at (0.0, 0.0, 0.0)
[22:46:10] [Server thread/INFO] (Minecraft) [Dormant] <player> joined the game
[22:46:10] [Server thread/DEBUG] (voicechat) [voicechat/PlayerStateManager] Setting default state of <player>: {disabled=false, disconnected=true, uuid=<uuid>, name=<player>, group=null}
[22:46:10] [Server thread/INFO] (Minecraft) <player>[embedded] logged in with entity id 86 at (0.0, 0.0, 0.0)
[22:46:10] [Server thread/INFO] (Minecraft) [Dormant] <player> joined the game
[22:46:10] [Server thread/DEBUG] (voicechat) [voicechat/PlayerStateManager] Setting default state of <player>: {disabled=false, disconnected=true, uuid=<uuid>, name=<player>, group=null}
[22:46:10] [Server thread/INFO] (Minecraft) <player>[embedded] logged in with entity id 88 at (0.0, 0.0, 0.0)
[22:46:10] [Server thread/INFO] (Minecraft) [Dormant] <player> joined the game
[22:46:10] [Server thread/DEBUG] (voicechat) [voicechat/PlayerStateManager] Setting default state of <player>: {disabled=false, disconnected=true, uuid=<uuid>, name=<player>, group=null}
[22:46:10] [Server thread/INFO] (Minecraft) <player>[embedded] logged in with entity id 89 at (0.0, 0.0, 0.0)
[22:46:10] [Server thread/INFO] (Minecraft) [Dormant] <player> joined the game
[22:46:10] [Server thread/DEBUG] (voicechat) [voicechat/PlayerStateManager] Setting default state of <player>: {disabled=false, disconnected=true, uuid=<uuid>, name=<player>, group=null}
[22:46:10] [Server thread/INFO] (Minecraft) <player>[embedded] logged in with entity id 90 at (0.0, 0.0, 0.0)
[22:46:10] [Server thread/INFO] (Minecraft) [Dormant] <player> joined the game
[22:46:10] [Server thread/DEBUG] (voicechat) [voicechat/PlayerStateManager] Setting default state of <player>: {disabled=false, disconnected=true, uuid=<uuid>, name=<player>, group=null}
[22:46:10] [Server thread/INFO] (Minecraft) <player>[embedded] logged in with entity id 91 at (0.0, 0.0, 0.0)
[22:46:10] [Server thread/INFO] (Minecraft) [Dormant] <player> joined the game
[22:46:10] [Server thread/DEBUG] (voicechat) [voicechat/PlayerStateManager] Setting default state of <player>: {disabled=false, disconnected=true, uuid=<uuid>, name=<player>, group=null}
[22:46:10] [Server thread/INFO] (Minecraft) [Dormant] <player> died
[22:46:10] [Server thread/INFO] (Minecraft) [Dormant] <player> died
[22:46:10] [Server thread/INFO] (Minecraft) <player>[embedded] logged in with entity id 104 at (0.0, 0.0, 0.0)
[22:46:10] [Server thread/INFO] (Minecraft) [Dormant] <player> joined the game
[22:46:10] [Server thread/DEBUG] (voicechat) [voicechat/PlayerStateManager] Setting default state of <player>: {disabled=false, disconnected=true, uuid=<uuid>, name=<player>, group=null}
[22:46:10] [Server thread/INFO] (Minecraft) [+_++++++++++_+++_++_++_+_++__+++++__++++++++++++++                                                                ]
[22:46:10] [Server thread/INFO] (Minecraft) [+_++++++++++_+++_++_++_+_++_++++++++++++++++++++++                                                                ]
[22:46:10] [Server thread/INFO] (Minecraft) [+_++++++++++_+++++++++++++++++++++++++++++++++++++                                                                ]
[22:46:10] [Server thread/INFO] (Minecraft) [++++++++++++_+++++++++++++++++++++++++++++++++++++                                                                ]
[22:46:10] [Server thread/INFO] (Minecraft) [++++++++++++_+++++++++++++++++++++++++++++++++++++                                                                ]
[22:46:10] [Server thread/INFO] (Minecraft) <<player>> shadow, hide yourself
[22:46:31] [Server thread/INFO] (Minecraft) Running test environment 'minecraft:default' batch 1 (50 tests)...
[22:46:31] [Server thread/WARN] (Minecraft) Can't keep up! Is the server overloaded? Running 17706ms or 354 ticks behind
[22:46:31] [Server thread/INFO] (Minecraft) <player>[embedded] logged in with entity id 211 at (0.0, 0.0, 0.0)
[22:46:31] [Server thread/INFO] (Minecraft) [Dormant] <player> joined the game
[22:46:31] [Server thread/DEBUG] (voicechat) [voicechat/PlayerStateManager] Setting default state of <player>: {disabled=false, disconnected=true, uuid=<uuid>, name=<player>, group=null}
[22:46:31] [Server thread/INFO] (Minecraft) <player>[embedded] logged in with entity id 214 at (0.0, 0.0, 0.0)
[22:46:31] [Server thread/INFO] (Minecraft) [Dormant] <player> joined the game
[22:46:31] [Server thread/DEBUG] (voicechat) [voicechat/PlayerStateManager] Setting default state of <player>: {disabled=false, disconnected=true, uuid=<uuid>, name=<player>, group=null}
[22:46:31] [Server thread/INFO] (Minecraft) <player>[embedded] logged in with entity id 215 at (0.0, 0.0, 0.0)
[22:46:31] [Server thread/INFO] (Minecraft) [Dormant] <player> joined the game
[22:46:31] [Server thread/DEBUG] (voicechat) [voicechat/PlayerStateManager] Setting default state of <player>: {disabled=false, disconnected=true, uuid=<uuid>, name=<player>, group=null}
[22:46:32] [Server thread/INFO] (Minecraft) <player>[embedded] logged in with entity id 218 at (0.0, 0.0, 0.0)
[22:46:32] [Server thread/INFO] (Minecraft) [Dormant] <player> joined the game
[22:46:32] [Server thread/DEBUG] (voicechat) [voicechat/PlayerStateManager] Setting default state of <player>: {disabled=false, disconnected=true, uuid=<uuid>, name=<player>, group=null}
[22:46:32] [Server thread/INFO] (Minecraft) <player>[embedded] logged in with entity id 219 at (0.0, 0.0, 0.0)
[22:46:32] [Server thread/INFO] (Minecraft) [Dormant] <player> joined the game
[22:46:32] [Server thread/DEBUG] (voicechat) [voicechat/PlayerStateManager] Setting default state of <player>: {disabled=false, disconnected=true, uuid=<uuid>, name=<player>, group=null}
[22:46:32] [Server thread/INFO] (Minecraft) [Dormant] <player> has made the advancement [We Need to Go Deeper]
[22:46:32] [Server thread/INFO] (Minecraft) <player>[embedded] logged in with entity id 222 at (0.0, 0.0, 0.0)
[22:46:32] [Server thread/INFO] (Minecraft) [Dormant] <player> joined the game
[22:46:32] [Server thread/DEBUG] (voicechat) [voicechat/PlayerStateManager] Setting default state of <player>: {disabled=false, disconnected=true, uuid=<uuid>, name=<player>, group=null}
[22:46:32] [Server thread/INFO] (Minecraft) <player>[embedded] logged in with entity id 223 at (0.0, 0.0, 0.0)
[22:46:32] [Server thread/INFO] (Minecraft) [Dormant] <player> joined the game
[22:46:32] [Server thread/DEBUG] (voicechat) [voicechat/PlayerStateManager] Setting default state of <player>: {disabled=false, disconnected=true, uuid=<uuid>, name=<player>, group=null}
[22:46:32] [Server thread/INFO] (Minecraft) <player>[embedded] logged in with entity id 224 at (0.0, 0.0, 0.0)
[22:46:32] [Server thread/INFO] (Minecraft) [Dormant] <player> joined the game
[22:46:32] [Server thread/DEBUG] (voicechat) [voicechat/PlayerStateManager] Setting default state of <player>: {disabled=false, disconnected=true, uuid=<uuid>, name=<player>, group=null}
[22:46:32] [Server thread/INFO] (Minecraft) <player>[embedded] logged in with entity id 225 at (0.0, 0.0, 0.0)
[22:46:32] [Server thread/INFO] (Minecraft) [Dormant] <player> joined the game
[22:46:32] [Server thread/DEBUG] (voicechat) [voicechat/PlayerStateManager] Setting default state of <player>: {disabled=false, disconnected=true, uuid=<uuid>, name=<player>, group=null}
[22:46:32] [Server thread/INFO] (powers) powers_operator_audit action=consent_override result=success actor=<player> subject=<player> detail=teleport
[22:46:32] [Server thread/INFO] (powers) powers_operator_audit action=consent_override result=success actor=<player> subject=<player> detail=locator
[22:46:32] [Server thread/INFO] (powers) powers_operator_audit action=consent_override result=success actor=<player> subject=<player> detail=companion
[22:46:32] [Server thread/INFO] (powers) powers_operator_audit action=consent_override result=success actor=<player> subject=<player> detail=dreamwalk
[22:46:32] [Server thread/INFO] (powers) powers_operator_audit action=consent_override result=success actor=<player> subject=<player> detail=possession
[22:46:32] [Server thread/INFO] (Minecraft) <player>[embedded] logged in with entity id 226 at (0.0, 0.0, 0.0)
[22:46:32] [Server thread/INFO] (Minecraft) [Dormant] <player> joined the game
[22:46:32] [Server thread/DEBUG] (voicechat) [voicechat/PlayerStateManager] Setting default state of <player>: {disabled=false, disconnected=true, uuid=<uuid>, name=<player>, group=null}
[22:46:32] [Server thread/INFO] (powers) powers_operator_audit action=consent_override result=denied actor=<player> subject=<player> detail=deny_energy
[22:46:32] [Server thread/INFO] (powers) powers_operator_audit action=consent_override result=success actor=<player> subject=<player> detail=teleport
[22:46:32] [Server thread/INFO] (Minecraft) <player>[embedded] logged in with entity id 227 at (0.0, 0.0, 0.0)
[22:46:32] [Server thread/INFO] (Minecraft) [Dormant] <player> joined the game
[22:46:32] [Server thread/DEBUG] (voicechat) [voicechat/PlayerStateManager] Setting default state of <player>: {disabled=false, disconnected=true, uuid=<uuid>, name=<player>, group=null}
[22:46:32] [Server thread/INFO] (Minecraft) <player>[embedded] logged in with entity id 228 at (0.0, 0.0, 0.0)
[22:46:32] [Server thread/INFO] (Minecraft) [Dormant] <player> joined the game
[22:46:32] [Server thread/DEBUG] (voicechat) [voicechat/PlayerStateManager] Setting default state of <player>: {disabled=false, disconnected=true, uuid=<uuid>, name=<player>, group=null}
[22:46:32] [Server thread/INFO] (Minecraft) <player>[embedded] logged in with entity id 229 at (0.0, 0.0, 0.0)
[22:46:32] [Server thread/INFO] (Minecraft) [Dormant] <player> joined the game
[22:46:32] [Server thread/DEBUG] (voicechat) [voicechat/PlayerStateManager] Setting default state of <player>: {disabled=false, disconnected=true, uuid=<uuid>, name=<player>, group=null}
[22:46:32] [Server thread/INFO] (Minecraft) <player>[embedded] logged in with entity id 230 at (0.0, 0.0, 0.0)
[22:46:32] [Server thread/INFO] (Minecraft) [Dormant] <player> joined the game
[22:46:32] [Server thread/DEBUG] (voicechat) [voicechat/PlayerStateManager] Setting default state of <player>: {disabled=false, disconnected=true, uuid=<uuid>, name=<player>, group=null}
[22:46:32] [Server thread/INFO] (Minecraft) <player>[embedded] logged in with entity id 231 at (0.0, 0.0, 0.0)
[22:46:32] [Server thread/INFO] (Minecraft) [Dormant] <player> joined the game
[22:46:32] [Server thread/DEBUG] (voicechat) [voicechat/PlayerStateManager] Setting default state of <player>: {disabled=false, disconnected=true, uuid=<uuid>, name=<player>, group=null}
[22:46:32] [Server thread/INFO] (Minecraft) <player>[embedded] logged in with entity id 233 at (0.0, 0.0, 0.0)
[22:46:32] [Server thread/INFO] (Minecraft) [Dormant] <player> joined the game
[22:46:32] [Server thread/DEBUG] (voicechat) [voicechat/PlayerStateManager] Setting default state of <player>: {disabled=false, disconnected=true, uuid=<uuid>, name=<player>, group=null}
[22:46:32] [Server thread/INFO] (Minecraft) <player>[embedded] logged in with entity id 237 at (0.0, 0.0, 0.0)
[22:46:32] [Server thread/INFO] (Minecraft) [Dormant] <player> joined the game
[22:46:32] [Server thread/DEBUG] (voicechat) [voicechat/PlayerStateManager] Setting default state of <player>: {disabled=false, disconnected=true, uuid=<uuid>, name=<player>, group=null}
[22:46:32] [Server thread/INFO] (Minecraft) <player>[embedded] logged in with entity id 238 at (0.0, 0.0, 0.0)
[22:46:32] [Server thread/INFO] (Minecraft) [Dormant] <player> joined the game
[22:46:32] [Server thread/DEBUG] (voicechat) [voicechat/PlayerStateManager] Setting default state of <player>: {disabled=false, disconnected=true, uuid=<uuid>, name=<player>, group=null}
[22:46:32] [Server thread/INFO] (Minecraft) <player>[embedded] logged in with entity id 239 at (0.0, 0.0, 0.0)
[22:46:32] [Server thread/INFO] (Minecraft) [Dormant] <player> joined the game
[22:46:32] [Server thread/DEBUG] (voicechat) [voicechat/PlayerStateManager] Setting default state of <player>: {disabled=false, disconnected=true, uuid=<uuid>, name=<player>, group=null}
[22:46:32] [Server thread/INFO] (Minecraft) <player>[embedded] logged in with entity id 246 at (0.0, 0.0, 0.0)
[22:46:32] [Server thread/INFO] (Minecraft) [Dormant] <player> joined the game
[22:46:32] [Server thread/DEBUG] (voicechat) [voicechat/PlayerStateManager] Setting default state of <player>: {disabled=false, disconnected=true, uuid=<uuid>, name=<player>, group=null}
[22:46:32] [Server thread/INFO] (Minecraft) <player>[embedded] logged in with entity id 247 at (0.0, 0.0, 0.0)
[22:46:32] [Server thread/INFO] (Minecraft) [Dormant] <player> joined the game
[22:46:32] [Server thread/DEBUG] (voicechat) [voicechat/PlayerStateManager] Setting default state of <player>: {disabled=false, disconnected=true, uuid=<uuid>, name=<player>, group=null}
[22:46:32] [Server thread/INFO] (Minecraft) <player>[embedded] logged in with entity id 249 at (0.0, 0.0, 0.0)
[22:46:32] [Server thread/INFO] (Minecraft) [Dormant] <player> joined the game
[22:46:32] [Server thread/DEBUG] (voicechat) [voicechat/PlayerStateManager] Setting default state of <player>: {disabled=false, disconnected=true, uuid=<uuid>, name=<player>, group=null}
[22:46:32] [Server thread/INFO] (Minecraft) <player>[embedded] logged in with entity id 250 at (0.0, 0.0, 0.0)
[22:46:32] [Server thread/INFO] (Minecraft) [Dormant] <player> joined the game
[22:46:32] [Server thread/DEBUG] (voicechat) [voicechat/PlayerStateManager] Setting default state of <player>: {disabled=false, disconnected=true, uuid=<uuid>, name=<player>, group=null}
[22:46:32] [Server thread/INFO] (Minecraft) <player>[embedded] logged in with entity id 252 at (0.0, 0.0, 0.0)
[22:46:32] [Server thread/INFO] (Minecraft) [Dormant] <player> joined the game
[22:46:32] [Server thread/DEBUG] (voicechat) [voicechat/PlayerStateManager] Setting default state of <player>: {disabled=false, disconnected=true, uuid=<uuid>, name=<player>, group=null}
[22:46:32] [Server thread/INFO] (Minecraft) <player>[embedded] logged in with entity id 253 at (0.0, 0.0, 0.0)
[22:46:32] [Server thread/INFO] (Minecraft) [Dormant] <player> joined the game
[22:46:32] [Server thread/DEBUG] (voicechat) [voicechat/PlayerStateManager] Setting default state of <player>: {disabled=false, disconnected=true, uuid=<uuid>, name=<player>, group=null}
[22:46:32] [Server thread/INFO] (Minecraft) <player>[embedded] logged in with entity id 254 at (0.0, 0.0, 0.0)
[22:46:32] [Server thread/INFO] (Minecraft) [Dormant] <player> joined the game
[22:46:32] [Server thread/DEBUG] (voicechat) [voicechat/PlayerStateManager] Setting default state of <player>: {disabled=false, disconnected=true, uuid=<uuid>, name=<player>, group=null}
[22:46:32] [Server thread/INFO] (Minecraft) <player>[embedded] logged in with entity id 255 at (0.0, 0.0, 0.0)
[22:46:32] [Server thread/INFO] (Minecraft) [Dormant] <player> joined the game
[22:46:32] [Server thread/DEBUG] (voicechat) [voicechat/PlayerStateManager] Setting default state of <player>: {disabled=false, disconnected=true, uuid=<uuid>, name=<player>, group=null}
[22:46:32] [Server thread/INFO] (Minecraft) Named entity PowerTestActor['Target_thunderclap'/258, l='ServerLevel[Test Level]', x=13599308.50, y=-55.00, z=10330343.50] died: Target_thunderclap was consumed by ancient power
[22:46:32] [Server thread/INFO] (Minecraft) <player>[embedded] logged in with entity id 270 at (0.0, 0.0, 0.0)
[22:46:32] [Server thread/INFO] (Minecraft) [Dormant] <player> joined the game
[22:46:32] [Server thread/DEBUG] (voicechat) [voicechat/PlayerStateManager] Setting default state of <player>: {disabled=false, disconnected=true, uuid=<uuid>, name=<player>, group=null}
[22:46:32] [Server thread/INFO] (Minecraft) <player>[embedded] logged in with entity id 271 at (0.0, 0.0, 0.0)
[22:46:32] [Server thread/INFO] (Minecraft) [Dormant] <player> joined the game
[22:46:32] [Server thread/DEBUG] (voicechat) [voicechat/PlayerStateManager] Setting default state of <player>: {disabled=false, disconnected=true, uuid=<uuid>, name=<player>, group=null}
[22:46:32] [Server thread/INFO] (Minecraft) <player>[embedded] logged in with entity id 272 at (0.0, 0.0, 0.0)
[22:46:32] [Server thread/INFO] (Minecraft) [Dormant] <player> joined the game
[22:46:32] [Server thread/DEBUG] (voicechat) [voicechat/PlayerStateManager] Setting default state of <player>: {disabled=false, disconnected=true, uuid=<uuid>, name=<player>, group=null}
[22:46:32] [Server thread/INFO] (Minecraft) <player>[embedded] logged in with entity id 273 at (0.0, 0.0, 0.0)
[22:46:32] [Server thread/INFO] (Minecraft) [Dormant] <player> joined the game
[22:46:32] [Server thread/DEBUG] (voicechat) [voicechat/PlayerStateManager] Setting default state of <player>: {disabled=false, disconnected=true, uuid=<uuid>, name=<player>, group=null}
[22:46:32] [Server thread/INFO] (Minecraft) <player>[embedded] logged in with entity id 274 at (0.0, 0.0, 0.0)
[22:46:32] [Server thread/INFO] (Minecraft) [Dormant] <player> joined the game
[22:46:32] [Server thread/DEBUG] (voicechat) [voicechat/PlayerStateManager] Setting default state of <player>: {disabled=false, disconnected=true, uuid=<uuid>, name=<player>, group=null}
[22:46:32] [Server thread/INFO] (Minecraft) <player>[embedded] logged in with entity id 275 at (0.0, 0.0, 0.0)
[22:46:32] [Server thread/INFO] (Minecraft) [Dormant] <player> joined the game
[22:46:32] [Server thread/DEBUG] (voicechat) [voicechat/PlayerStateManager] Setting default state of <player>: {disabled=false, disconnected=true, uuid=<uuid>, name=<player>, group=null}
[22:46:32] [Server thread/INFO] (Minecraft) <player>[embedded] logged in with entity id 276 at (0.0, 0.0, 0.0)
[22:46:32] [Server thread/INFO] (Minecraft) [Dormant] <player> joined the game
[22:46:32] [Server thread/DEBUG] (voicechat) [voicechat/PlayerStateManager] Setting default state of <player>: {disabled=false, disconnected=true, uuid=<uuid>, name=<player>, group=null}
[22:46:32] [Server thread/INFO] (Minecraft) <player>[embedded] logged in with entity id 277 at (0.0, 0.0, 0.0)
[22:46:32] [Server thread/INFO] (Minecraft) [Dormant] <player> joined the game
[22:46:32] [Server thread/DEBUG] (voicechat) [voicechat/PlayerStateManager] Setting default state of <player>: {disabled=false, disconnected=true, uuid=<uuid>, name=<player>, group=null}
[22:46:32] [Server thread/INFO] (Minecraft) <player>[embedded] logged in with entity id 278 at (0.0, 0.0, 0.0)
[22:46:32] [Server thread/INFO] (Minecraft) [Dormant] <player> joined the game
[22:46:32] [Server thread/DEBUG] (voicechat) [voicechat/PlayerStateManager] Setting default state of <player>: {disabled=false, disconnected=true, uuid=<uuid>, name=<player>, group=null}
[22:46:32] [Server thread/INFO] (Minecraft) <player>[embedded] logged in with entity id 279 at (0.0, 0.0, 0.0)
[22:46:32] [Server thread/INFO] (Minecraft) [Dormant] <player> joined the game
[22:46:32] [Server thread/DEBUG] (voicechat) [voicechat/PlayerStateManager] Setting default state of <player>: {disabled=false, disconnected=true, uuid=<uuid>, name=<player>, group=null}
[22:46:32] [Server thread/INFO] (Minecraft) <player>[embedded] logged in with entity id 280 at (0.0, 0.0, 0.0)
[22:46:32] [Server thread/INFO] (Minecraft) [Dormant] <player> joined the game
[22:46:32] [Server thread/DEBUG] (voicechat) [voicechat/PlayerStateManager] Setting default state of <player>: {disabled=false, disconnected=true, uuid=<uuid>, name=<player>, group=null}
[22:46:32] [Server thread/INFO] (Minecraft) <player>[embedded] logged in with entity id 281 at (0.0, 0.0, 0.0)
[22:46:32] [Server thread/INFO] (Minecraft) [Dormant] <player> joined the game
[22:46:32] [Server thread/DEBUG] (voicechat) [voicechat/PlayerStateManager] Setting default state of <player>: {disabled=false, disconnected=true, uuid=<uuid>, name=<player>, group=null}
[22:46:32] [Server thread/INFO] (Minecraft) <player>[embedded] logged in with entity id 282 at (0.0, 0.0, 0.0)
[22:46:32] [Server thread/INFO] (Minecraft) [Dormant] <player> joined the game
[22:46:32] [Server thread/DEBUG] (voicechat) [voicechat/PlayerStateManager] Setting default state of <player>: {disabled=false, disconnected=true, uuid=<uuid>, name=<player>, group=null}
[22:46:32] [Server thread/INFO] (Minecraft) <player>[embedded] logged in with entity id 285 at (0.0, 0.0, 0.0)
[22:46:32] [Server thread/INFO] (Minecraft) [Dormant] <player> joined the game
[22:46:32] [Server thread/DEBUG] (voicechat) [voicechat/PlayerStateManager] Setting default state of <player>: {disabled=false, disconnected=true, uuid=<uuid>, name=<player>, group=null}
[22:46:32] [Server thread/INFO] (powers) PERF-012 identical mixed AI: queries=24, cacheHits=12, inspections=348, legacyInspections=540, reductionPercent=35.56
[22:46:32] [Server thread/INFO] (Minecraft) <player>[embedded] logged in with entity id 331 at (0.0, 0.0, 0.0)
[22:46:32] [Server thread/INFO] (Minecraft) [Dormant] <player> joined the game
[22:46:32] [Server thread/DEBUG] (voicechat) [voicechat/PlayerStateManager] Setting default state of <player>: {disabled=false, disconnected=true, uuid=<uuid>, name=<player>, group=null}
[22:46:32] [Server thread/INFO] (Minecraft) <player>[embedded] logged in with entity id 479 at (0.0, 0.0, 0.0)
[22:46:32] [Server thread/INFO] (Minecraft) [Dormant] <player> joined the game
[22:46:32] [Server thread/DEBUG] (voicechat) [voicechat/PlayerStateManager] Setting default state of <player>: {disabled=false, disconnected=true, uuid=<uuid>, name=<player>, group=null}
[22:46:32] [Server thread/INFO] (Minecraft) <player>[embedded] logged in with entity id 480 at (0.0, 0.0, 0.0)
[22:46:32] [Server thread/INFO] (Minecraft) [Dormant] <player> joined the game
[22:46:32] [Server thread/DEBUG] (voicechat) [voicechat/PlayerStateManager] Setting default state of <player>: {disabled=false, disconnected=true, uuid=<uuid>, name=<player>, group=null}
[22:46:32] [Server thread/INFO] (Minecraft) <player>[embedded] logged in with entity id 485 at (0.0, 0.0, 0.0)
[22:46:32] [Server thread/INFO] (Minecraft) [Dormant] <player> joined the game
[22:46:32] [Server thread/DEBUG] (voicechat) [voicechat/PlayerStateManager] Setting default state of <player>: {disabled=false, disconnected=true, uuid=<uuid>, name=<player>, group=null}
[22:46:32] [Server thread/INFO] (Minecraft) <player>[embedded] logged in with entity id 489 at (0.0, 0.0, 0.0)
[22:46:32] [Server thread/INFO] (Minecraft) [Dormant] <player> joined the game
[22:46:32] [Server thread/DEBUG] (voicechat) [voicechat/PlayerStateManager] Setting default state of <player>: {disabled=false, disconnected=true, uuid=<uuid>, name=<player>, group=null}
[22:46:32] [Server thread/INFO] (Minecraft) <player>[embedded] logged in with entity id 491 at (0.0, 0.0, 0.0)
[22:46:32] [Server thread/INFO] (Minecraft) [Dormant] <player> joined the game
[22:46:32] [Server thread/DEBUG] (voicechat) [voicechat/PlayerStateManager] Setting default state of <player>: {disabled=false, disconnected=true, uuid=<uuid>, name=<player>, group=null}
[22:46:32] [Server thread/INFO] (Minecraft) <player>[embedded] logged in with entity id 501 at (0.0, 0.0, 0.0)
[22:46:32] [Server thread/INFO] (Minecraft) [Dormant] <player> joined the game
[22:46:32] [Server thread/DEBUG] (voicechat) [voicechat/PlayerStateManager] Setting default state of <player>: {disabled=false, disconnected=true, uuid=<uuid>, name=<player>, group=null}
[22:46:32] [Server thread/INFO] (Minecraft) <player>[embedded] logged in with entity id 502 at (0.0, 0.0, 0.0)
[22:46:32] [Server thread/INFO] (Minecraft) [Dormant] <player> joined the game
[22:46:32] [Server thread/DEBUG] (voicechat) [voicechat/PlayerStateManager] Setting default state of <player>: {disabled=false, disconnected=true, uuid=<uuid>, name=<player>, group=null}
[22:46:32] [Server thread/INFO] (Minecraft) <player>[embedded] logged in with entity id 503 at (0.0, 0.0, 0.0)
[22:46:32] [Server thread/INFO] (Minecraft) [Dormant] <player> joined the game
[22:46:32] [Server thread/DEBUG] (voicechat) [voicechat/PlayerStateManager] Setting default state of <player>: {disabled=false, disconnected=true, uuid=<uuid>, name=<player>, group=null}
[22:46:32] [Server thread/INFO] (Minecraft) <player>[embedded] logged in with entity id 504 at (0.0, 0.0, 0.0)
[22:46:32] [Server thread/INFO] (Minecraft) [Dormant] <player> joined the game
[22:46:32] [Server thread/DEBUG] (voicechat) [voicechat/PlayerStateManager] Setting default state of <player>: {disabled=false, disconnected=true, uuid=<uuid>, name=<player>, group=null}
[22:46:32] [Server thread/INFO] (Minecraft) <player>[embedded] logged in with entity id 508 at (0.0, 0.0, 0.0)
[22:46:32] [Server thread/INFO] (Minecraft) [Dormant] <player> joined the game
[22:46:32] [Server thread/DEBUG] (voicechat) [voicechat/PlayerStateManager] Setting default state of <player>: {disabled=false, disconnected=true, uuid=<uuid>, name=<player>, group=null}
[22:46:32] [Server thread/INFO] (Minecraft) <player>[embedded] logged in with entity id 509 at (0.0, 0.0, 0.0)
[22:46:32] [Server thread/INFO] (Minecraft) [Dormant] <player> joined the game
[22:46:32] [Server thread/DEBUG] (voicechat) [voicechat/PlayerStateManager] Setting default state of <player>: {disabled=false, disconnected=true, uuid=<uuid>, name=<player>, group=null}
[22:46:32] [Server thread/INFO] (Minecraft) <player>[embedded] logged in with entity id 510 at (0.0, 0.0, 0.0)
[22:46:32] [Server thread/INFO] (Minecraft) [Dormant] <player> joined the game
[22:46:32] [Server thread/DEBUG] (voicechat) [voicechat/PlayerStateManager] Setting default state of <player>: {disabled=false, disconnected=true, uuid=<uuid>, name=<player>, group=null}
[22:46:32] [Server thread/INFO] (Minecraft) [++++++++++++++++++++++++++++++++++++++++++++++++++++_++_+++++++__+_++++++_+_ +++++++++++++++++++++__              ]
[22:46:32] [Server thread/INFO] (Minecraft) [Dormant] <player> has made the advancement [We Need to Go Deeper]
[22:46:32] [Server thread/INFO] (Minecraft) [++++++++++++++++++++++++++++++++++++++++++++++++++++_++_++++++++++_++++++_+_ +++++++++++++++++++++__              ]
[22:46:33] [Server thread/INFO] (Minecraft) [++++++++++++++++++++++++++++++++++++++++++++++++++++_+++++++++++++_++++++_+_ +++++++++++++++++++++__              ]
[22:46:33] [Server thread/INFO] (Minecraft) [++++++++++++++++++++++++++++++++++++++++++++++++++++_+++++++++++++_++++++++_ +++++++++++++++++++++__              ]
[22:46:33] [Server thread/INFO] (Minecraft) [Dormant] <player> has made the advancement [Monster Hunter]
[22:46:33] [Server thread/INFO] (Minecraft) [++++++++++++++++++++++++++++++++++++++++++++++++++++_+++++++++++++_+++++++++ +++++++++++++++++++++__              ]
[22:46:33] [Server thread/INFO] (Minecraft) <<player>> shadow, leave me
[22:46:33] [Server thread/INFO] (Minecraft) [++++++++++++++++++++++++++++++++++++++++++++++++++++++++++++++++++_+++++++++ +++++++++++++++++++++__              ]
[22:46:33] [Server thread/INFO] (Minecraft) [++++++++++++++++++++++++++++++++++++++++++++++++++++++++++++++++++_+++++++++ +++++++++++++++++++++__              ]
[22:46:34] [Server thread/INFO] (Minecraft) [++++++++++++++++++++++++++++++++++++++++++++++++++++++++++++++++++_+++++++++ +++++++++++++++++++++__              ]
[22:46:34] [Server thread/INFO] (Minecraft) [++++++++++++++++++++++++++++++++++++++++++++++++++++++++++++++++++_+++++++++ +++++++++++++++++++++__              ]
[22:46:34] [Server thread/INFO] (Minecraft) [++++++++++++++++++++++++++++++++++++++++++++++++++++++++++++++++++_+++++++++ +++++++++++++++++++++__              ]
[22:46:34] [Server thread/INFO] (Minecraft) [++++++++++++++++++++++++++++++++++++++++++++++++++++++++++++++++++_+++++++++ +++++++++++++++++++++__              ]
[22:46:34] [Server thread/INFO] (Minecraft) [++++++++++++++++++++++++++++++++++++++++++++++++++++++++++++++++++++++++++++ +++++++++++++++++++++__              ]
[22:46:34] [Server thread/INFO] (Minecraft) [++++++++++++++++++++++++++++++++++++++++++++++++++++++++++++++++++++++++++++ +++++++++++++++++++++__              ]
[22:46:34] [Server thread/INFO] (Minecraft) [++++++++++++++++++++++++++++++++++++++++++++++++++++++++++++++++++++++++++++ +++++++++++++++++++++__              ]
[22:46:34] [Server thread/INFO] (Minecraft) [++++++++++++++++++++++++++++++++++++++++++++++++++++++++++++++++++++++++++++ +++++++++++++++++++++__              ]
[22:46:34] [Server thread/INFO] (Minecraft) <player>[embedded] logged in with entity id 1469 at (0.0, 0.0, 0.0)
[22:46:34] [Server thread/INFO] (Minecraft) [Dormant] <player> joined the game
[22:46:34] [Server thread/DEBUG] (voicechat) [voicechat/PlayerStateManager] Setting default state of <player>: {disabled=false, disconnected=true, uuid=<uuid>, name=<player>, group=null}
[22:46:34] [Server thread/INFO] (Minecraft) [++++++++++++++++++++++++++++++++++++++++++++++++++++++++++++++++++++++++++++_+++++++++++++++++++++__              ]
[22:46:34] [Server thread/INFO] (Minecraft) [++++++++++++++++++++++++++++++++++++++++++++++++++++++++++++++++++++++++++++_+++++++++++++++++++++__              ]
[22:46:34] [Server thread/INFO] (Minecraft) [++++++++++++++++++++++++++++++++++++++++++++++++++++++++++++++++++++++++++++_+++++++++++++++++++++__              ]
[22:46:35] [Server thread/INFO] (Minecraft) [++++++++++++++++++++++++++++++++++++++++++++++++++++++++++++++++++++++++++++_+++++++++++++++++++++__              ]
[22:46:35] [Server thread/INFO] (Minecraft) [++++++++++++++++++++++++++++++++++++++++++++++++++++++++++++++++++++++++++++_+++++++++++++++++++++__              ]
[22:46:35] [Server thread/INFO] (Minecraft) [++++++++++++++++++++++++++++++++++++++++++++++++++++++++++++++++++++++++++++_+++++++++++++++++++++__              ]
[22:46:35] [Server thread/INFO] (Minecraft) [++++++++++++++++++++++++++++++++++++++++++++++++++++++++++++++++++++++++++++_+++++++++++++++++++++__              ]
[22:46:35] [Server thread/INFO] (Minecraft) [++++++++++++++++++++++++++++++++++++++++++++++++++++++++++++++++++++++++++++_+++++++++++++++++++++__              ]
[22:46:35] [Server thread/INFO] (Minecraft) [++++++++++++++++++++++++++++++++++++++++++++++++++++++++++++++++++++++++++++_+++++++++++++++++++++__              ]
[22:46:35] [Server thread/INFO] (Minecraft) [++++++++++++++++++++++++++++++++++++++++++++++++++++++++++++++++++++++++++++_+++++++++++++++++++++__              ]
[22:46:35] [Server thread/INFO] (powers) powers_operator_audit action=catastrophic_ritual result=success actor=<player> subject=world detail=begin
[22:46:35] [Server thread/INFO] (Minecraft) [++++++++++++++++++++++++++++++++++++++++++++++++++++++++++++++++++++++++++++_+++++++++++++++++++++__              ]
[22:46:35] [Server thread/INFO] (Minecraft) [++++++++++++++++++++++++++++++++++++++++++++++++++++++++++++++++++++++++++++++++++++++++++++++++++__              ]
[22:46:35] [Server thread/INFO] (Minecraft) [++++++++++++++++++++++++++++++++++++++++++++++++++++++++++++++++++++++++++++++++++++++++++++++++++__              ]
[22:46:35] [Server thread/INFO] (Minecraft) [++++++++++++++++++++++++++++++++++++++++++++++++++++++++++++++++++++++++++++++++++++++++++++++++++__              ]
[22:46:35] [Server thread/INFO] (Minecraft) [++++++++++++++++++++++++++++++++++++++++++++++++++++++++++++++++++++++++++++++++++++++++++++++++++__              ]
[22:46:35] [Server thread/INFO] (Minecraft) [++++++++++++++++++++++++++++++++++++++++++++++++++++++++++++++++++++++++++++++++++++++++++++++++++__              ]
[22:46:35] [Server thread/INFO] (Minecraft) [++++++++++++++++++++++++++++++++++++++++++++++++++++++++++++++++++++++++++++++++++++++++++++++++++__              ]
[22:46:35] [Server thread/INFO] (Minecraft) [++++++++++++++++++++++++++++++++++++++++++++++++++++++++++++++++++++++++++++++++++++++++++++++++++__              ]
[22:46:35] [Server thread/INFO] (Minecraft) [++++++++++++++++++++++++++++++++++++++++++++++++++++++++++++++++++++++++++++++++++++++++++++++++++__              ]
[22:46:36] [Server thread/INFO] (Minecraft) [++++++++++++++++++++++++++++++++++++++++++++++++++++++++++++++++++++++++++++++++++++++++++++++++++__              ]
[22:46:36] [Server thread/INFO] (Minecraft) [++++++++++++++++++++++++++++++++++++++++++++++++++++++++++++++++++++++++++++++++++++++++++++++++++__              ]
[22:46:36] [Server thread/INFO] (Minecraft) [++++++++++++++++++++++++++++++++++++++++++++++++++++++++++++++++++++++++++++++++++++++++++++++++++__              ]
[22:46:36] [Server thread/INFO] (Minecraft) [++++++++++++++++++++++++++++++++++++++++++++++++++++++++++++++++++++++++++++++++++++++++++++++++++__              ]
[22:46:36] [Server thread/INFO] (Minecraft) [++++++++++++++++++++++++++++++++++++++++++++++++++++++++++++++++++++++++++++++++++++++++++++++++++__              ]
[22:46:36] [Server thread/INFO] (Minecraft) [++++++++++++++++++++++++++++++++++++++++++++++++++++++++++++++++++++++++++++++++++++++++++++++++++__              ]
[22:46:36] [Server thread/INFO] (Minecraft) [++++++++++++++++++++++++++++++++++++++++++++++++++++++++++++++++++++++++++++++++++++++++++++++++++__              ]
[22:46:36] [Server thread/INFO] (Minecraft) [++++++++++++++++++++++++++++++++++++++++++++++++++++++++++++++++++++++++++++++++++++++++++++++++++__              ]
[22:46:36] [Server thread/INFO] (Minecraft) [++++++++++++++++++++++++++++++++++++++++++++++++++++++++++++++++++++++++++++++++++++++++++++++++++__              ]
[22:46:36] [Server thread/INFO] (Minecraft) [++++++++++++++++++++++++++++++++++++++++++++++++++++++++++++++++++++++++++++++++++++++++++++++++++__              ]
[22:46:36] [Server thread/INFO] (Minecraft) [++++++++++++++++++++++++++++++++++++++++++++++++++++++++++++++++++++++++++++++++++++++++++++++++++__              ]
[22:46:36] [Server thread/INFO] (Minecraft) [++++++++++++++++++++++++++++++++++++++++++++++++++++++++++++++++++++++++++++++++++++++++++++++++++__              ]
[22:46:36] [Server thread/INFO] (Minecraft) [++++++++++++++++++++++++++++++++++++++++++++++++++++++++++++++++++++++++++++++++++++++++++++++++++__              ]
[22:46:36] [Server thread/INFO] (Minecraft) [++++++++++++++++++++++++++++++++++++++++++++++++++++++++++++++++++++++++++++++++++++++++++++++++++__              ]
[22:46:36] [Server thread/INFO] (Minecraft) [++++++++++++++++++++++++++++++++++++++++++++++++++++++++++++++++++++++++++++++++++++++++++++++++++__              ]
[22:46:36] [Server thread/INFO] (Minecraft) [++++++++++++++++++++++++++++++++++++++++++++++++++++++++++++++++++++++++++++++++++++++++++++++++++__              ]
[22:46:36] [Server thread/INFO] (Minecraft) [++++++++++++++++++++++++++++++++++++++++++++++++++++++++++++++++++++++++++++++++++++++++++++++++++__              ]
[22:46:36] [Server thread/INFO] (Minecraft) [++++++++++++++++++++++++++++++++++++++++++++++++++++++++++++++++++++++++++++++++++++++++++++++++++__              ]
[22:46:36] [Server thread/INFO] (Minecraft) [+++++++++++++++++++++++++++++++++++++++++++++++++++++++++++++++++++++++++++++++++++++++++++++++++++_              ]
[22:46:40] [Server thread/INFO] (Minecraft) Running test environment 'minecraft:default' batch 2 (14 tests)...
[22:46:41] [Server thread/INFO] (Minecraft) <player>[embedded] logged in with entity id 2247 at (0.0, 0.0, 0.0)
[22:46:41] [Server thread/INFO] (Minecraft) [Dormant] <player> joined the game
[22:46:41] [Server thread/DEBUG] (voicechat) [voicechat/PlayerStateManager] Setting default state of <player>: {disabled=false, disconnected=true, uuid=<uuid>, name=<player>, group=null}
[22:46:41] [Server thread/INFO] (Minecraft) <<player>> shadow, use astral projection
[22:46:41] [Server thread/INFO] (Minecraft) <<player>> shadow, use blight ground
[22:46:41] [Server thread/INFO] (Minecraft) <<player>> shadow, use breezy bash
[22:46:41] [Server thread/INFO] (Minecraft) <<player>> shadow, use call hollowed
[22:46:41] [Server thread/INFO] (Minecraft) <<player>> shadow, use double health
[22:46:41] [Server thread/INFO] (Minecraft) <<player>> shadow, stop double health
[22:46:41] [Server thread/INFO] (Minecraft) <<player>> shadow, use energy beam
[22:46:41] [Server thread/INFO] (Minecraft) <<player>> shadow, use energy drain
[22:46:41] [Server thread/INFO] (Minecraft) <<player>> shadow, use fireball
[22:46:41] [Server thread/INFO] (Minecraft) <<player>> shadow, use flight
[22:46:41] [Server thread/INFO] (Minecraft) <<player>> shadow, stop flight
[22:46:41] [Server thread/INFO] (Minecraft) <<player>> shadow, use forcefield
[22:46:41] [Server thread/INFO] (Minecraft) <<player>> shadow, stop forcefield
[22:46:41] [Server thread/INFO] (Minecraft) <<player>> shadow, use gravity displacement
[22:46:41] [Server thread/INFO] (Minecraft) <<player>> shadow, use ice manipulation
[22:46:41] [Server thread/INFO] (Minecraft) <<player>> shadow, use invisibility
[22:46:41] [Server thread/INFO] (Minecraft) <<player>> shadow, stop invisibility
[22:46:41] [Server thread/INFO] (Minecraft) <<player>> shadow, use lightning strike
[22:46:41] [Server thread/INFO] (Minecraft) <<player>> shadow, use nightfall dominion
[22:46:41] [Server thread/INFO] (Minecraft) <<player>> shadow, stop nightfall dominion
[22:46:41] [Server thread/INFO] (Minecraft) <<player>> shadow, use plant healing acceleration
[22:46:41] [Server thread/INFO] (Minecraft) <<player>> shadow, use size shift
[22:46:41] [Server thread/INFO] (Minecraft) <<player>> shadow, stop size shift
[22:46:41] [Server thread/INFO] (Minecraft) <<player>> shadow, use speed burst
[22:46:41] [Server thread/INFO] (Minecraft) <<player>> shadow, use starfall
[22:46:41] [Server thread/INFO] (Minecraft) <<player>> shadow, use super speed
[22:46:41] [Server thread/INFO] (Minecraft) <<player>> shadow, stop super speed
[22:46:41] [Server thread/INFO] (Minecraft) <<player>> shadow, use telekinesis
[22:46:41] [Server thread/INFO] (Minecraft) <<player>> shadow, use thunderclap
[22:46:41] [Server thread/INFO] (Minecraft) <<player>> shadow, use time freeze
[22:46:41] [Server thread/INFO] (Minecraft) <<player>> shadow, stop time freeze
[22:46:41] [Server thread/INFO] (Minecraft) <<player>> shadow, use time shift
[22:46:41] [Server thread/INFO] (Minecraft) <<player>> shadow, use vessel possession
[22:46:41] [Server thread/INFO] (Minecraft) <<player>> shadow, use void beam
[22:46:41] [Server thread/INFO] (Minecraft) <player>[embedded] logged in with entity id 2283 at (0.0, 0.0, 0.0)
[22:46:41] [Server thread/INFO] (Minecraft) [Dormant] <player> joined the game
[22:46:41] [Server thread/DEBUG] (voicechat) [voicechat/PlayerStateManager] Setting default state of <player>: {disabled=false, disconnected=true, uuid=<uuid>, name=<player>, group=null}
[22:46:41] [Server thread/INFO] (Minecraft) <player>[embedded] logged in with entity id 2284 at (0.0, 0.0, 0.0)
[22:46:41] [Server thread/INFO] (Minecraft) [Dormant] <player> joined the game
[22:46:41] [Server thread/DEBUG] (voicechat) [voicechat/PlayerStateManager] Setting default state of <player>: {disabled=false, disconnected=true, uuid=<uuid>, name=<player>, group=null}
[22:46:41] [Server thread/INFO] (Minecraft) <player>[embedded] logged in with entity id 2285 at (0.0, 0.0, 0.0)
[22:46:41] [Server thread/INFO] (Minecraft) [Dormant] <player> joined the game
[22:46:41] [Server thread/DEBUG] (voicechat) [voicechat/PlayerStateManager] Setting default state of <player>: {disabled=false, disconnected=true, uuid=<uuid>, name=<player>, group=null}
[22:46:41] [Server thread/INFO] (Minecraft) <<player>> shadow, stay here
[22:46:41] [Server thread/INFO] (Minecraft) <<player>> shadow, fight at far range
[22:46:41] [Server thread/INFO] (Minecraft) <<player>> shadow, follow me
[22:46:41] [Server thread/INFO] (Minecraft) <<player>> shadow, how does amethyst interfere with magic?
[22:46:41] [Server thread/INFO] (Minecraft) <<player>> shadow, explain the darkness to me
[22:46:41] [Server thread/INFO] (Minecraft) <<player>> shadow, use lightning strike
[22:46:41] [Server thread/INFO] (Minecraft) <<player>> shadow, use energy beam
[22:46:41] [Server thread/INFO] (Minecraft) <<player>> shadow, use lightning strike
[22:46:41] [Server thread/INFO] (Minecraft) <<player>> shadow, use void beam
[22:46:41] [Server thread/INFO] (Minecraft) <<player>> shadow, hide yourself
[22:46:41] [Server thread/INFO] (Minecraft) Named entity ShadowCompanionEntity['Shadow of <player>'/2286, l='ServerLevel[Test Level]', x=13598747.25, y=41.00, z=10330745.75] died: Shadow of <player> died
[22:46:41] [Server thread/INFO] (Minecraft) <player>[embedded] logged in with entity id 2294 at (0.0, 0.0, 0.0)
[22:46:41] [Server thread/INFO] (Minecraft) [Dormant] <player> joined the game
[22:46:41] [Server thread/DEBUG] (voicechat) [voicechat/PlayerStateManager] Setting default state of <player>: {disabled=false, disconnected=true, uuid=<uuid>, name=<player>, group=null}
[22:46:41] [Server thread/INFO] (Minecraft) <player>[embedded] logged in with entity id 2295 at (0.0, 0.0, 0.0)
[22:46:41] [Server thread/INFO] (Minecraft) [Dormant] <player> joined the game
[22:46:41] [Server thread/DEBUG] (voicechat) [voicechat/PlayerStateManager] Setting default state of <player>: {disabled=false, disconnected=true, uuid=<uuid>, name=<player>, group=null}
[22:46:41] [Server thread/INFO] (Minecraft) <player>[embedded] logged in with entity id 2296 at (0.0, 0.0, 0.0)
[22:46:41] [Server thread/INFO] (Minecraft) [Dormant] <player> joined the game
[22:46:41] [Server thread/DEBUG] (voicechat) [voicechat/PlayerStateManager] Setting default state of <player>: {disabled=false, disconnected=true, uuid=<uuid>, name=<player>, group=null}
[22:46:41] [Server thread/INFO] (Minecraft) <player>[embedded] logged in with entity id 2299 at (0.0, 0.0, 0.0)
[22:46:41] [Server thread/INFO] (Minecraft) [Dormant] <player> joined the game
[22:46:41] [Server thread/DEBUG] (voicechat) [voicechat/PlayerStateManager] Setting default state of <player>: {disabled=false, disconnected=true, uuid=<uuid>, name=<player>, group=null}
[22:46:41] [Server thread/INFO] (Minecraft) <player>[embedded] logged in with entity id 2301 at (0.0, 0.0, 0.0)
[22:46:41] [Server thread/INFO] (Minecraft) [Dormant] <player> joined the game
[22:46:41] [Server thread/DEBUG] (voicechat) [voicechat/PlayerStateManager] Setting default state of <player>: {disabled=false, disconnected=true, uuid=<uuid>, name=<player>, group=null}
[22:46:41] [Server thread/INFO] (Minecraft) <player>[embedded] logged in with entity id 2302 at (0.0, 0.0, 0.0)
[22:46:41] [Server thread/INFO] (Minecraft) [Dormant] <player> joined the game
[22:46:41] [Server thread/DEBUG] (voicechat) [voicechat/PlayerStateManager] Setting default state of <player>: {disabled=false, disconnected=true, uuid=<uuid>, name=<player>, group=null}
[22:46:41] [Server thread/INFO] (Minecraft) <player>[embedded] logged in with entity id 2303 at (0.0, 0.0, 0.0)
[22:46:41] [Server thread/INFO] (Minecraft) [Dormant] <player> joined the game
[22:46:41] [Server thread/DEBUG] (voicechat) [voicechat/PlayerStateManager] Setting default state of <player>: {disabled=false, disconnected=true, uuid=<uuid>, name=<player>, group=null}
[22:46:41] [Server thread/INFO] (Minecraft) <player>[embedded] logged in with entity id 2304 at (0.0, 0.0, 0.0)
[22:46:41] [Server thread/INFO] (Minecraft) [Dormant] <player> joined the game
[22:46:41] [Server thread/DEBUG] (voicechat) [voicechat/PlayerStateManager] Setting default state of <player>: {disabled=false, disconnected=true, uuid=<uuid>, name=<player>, group=null}
[22:46:41] [Server thread/INFO] (Minecraft) <player>[embedded] logged in with entity id 2305 at (0.0, 0.0, 0.0)
[22:46:41] [Server thread/INFO] (Minecraft) [Dormant] <player> joined the game
[22:46:41] [Server thread/DEBUG] (voicechat) [voicechat/PlayerStateManager] Setting default state of <player>: {disabled=false, disconnected=true, uuid=<uuid>, name=<player>, group=null}
[22:46:41] [Server thread/INFO] (Minecraft) <player>[embedded] logged in with entity id 2307 at (0.0, 0.0, 0.0)
[22:46:41] [Server thread/INFO] (Minecraft) [Dormant] <player> joined the game
[22:46:41] [Server thread/DEBUG] (voicechat) [voicechat/PlayerStateManager] Setting default state of <player>: {disabled=false, disconnected=true, uuid=<uuid>, name=<player>, group=null}
[22:46:41] [Server thread/INFO] (Minecraft) <player>[embedded] logged in with entity id 2309 at (0.0, 0.0, 0.0)
[22:46:41] [Server thread/INFO] (Minecraft) [Dormant] <player> joined the game
[22:46:41] [Server thread/DEBUG] (voicechat) [voicechat/PlayerStateManager] Setting default state of <player>: {disabled=false, disconnected=true, uuid=<uuid>, name=<player>, group=null}
[22:46:41] [Server thread/INFO] (Minecraft) [++++++++++++++++++++++++++++++++++++++++++++++++++++++++++++++++++++++++++++++++++++++++++++++++++++++_+__+++___  ]
[22:46:41] [Server thread/INFO] (Minecraft) <player>[embedded] logged in with entity id 2310 at (0.0, 0.0, 0.0)
[22:46:41] [Server thread/INFO] (Minecraft) [Dormant] <player> joined the game
[22:46:41] [Server thread/DEBUG] (voicechat) [voicechat/PlayerStateManager] Setting default state of <player>: {disabled=false, disconnected=true, uuid=<uuid>, name=<player>, group=null}
[22:46:41] [Server thread/INFO] (Minecraft) <player>[embedded] logged in with entity id 2311 at (0.0, 0.0, 0.0)
[22:46:41] [Server thread/INFO] (Minecraft) [Dormant] <player> joined the game
[22:46:41] [Server thread/DEBUG] (voicechat) [voicechat/PlayerStateManager] Setting default state of <player>: {disabled=false, disconnected=true, uuid=<uuid>, name=<player>, group=null}
[22:46:41] [Server thread/ERROR] (Minecraft) powers-gametest:action_registry_reload_game_tests_invalid_continuation_cancels_exactly_once_without_completion failed at 13598050, -59, 10330910! Cancellation did not retain exactly one half-payment on tick 4
[22:46:41] [Server thread/INFO] (Minecraft) Loaded 1605 recipes
[22:46:41] [Server thread/INFO] (Minecraft) Loaded 1713 advancements
[22:46:41] [Server thread/INFO] (powers) Published action registry revision 8 with 110 canonical keys and 2 aliases
[22:46:41] [Server thread/INFO] (powers) Loaded 14 Shadow knowledge entries
[22:46:42] [Server thread/INFO] (Minecraft) Loaded 1605 recipes
[22:46:42] [Server thread/INFO] (Minecraft) Loaded 1713 advancements
[22:46:42] [Server thread/INFO] (Minecraft) [++++++++++++++++++++++++++++++++++++++++++++++++++++++++++++++++++++++++++++++++++++++++++++++++++++++++_++++_X+++]
[22:46:42] [Server thread/INFO] (Minecraft) [+++++++++++++++++++++++++++++++++++++++++++++++++++++++++++++++++++++++++++++++++++++++++++++++++++++++++++++_X+++]
[22:46:42] [Server thread/INFO] (Minecraft) [++++++++++++++++++++++++++++++++++++++++++++++++++++++++++++++++++++++++++++++++++++++++++++++++++++++++++++++X+++]
[22:46:42] [Server thread/INFO] (Minecraft) ========= 114 GAME TESTS COMPLETE IN 33.70 s ======================
[22:46:42] [Server thread/INFO] (Minecraft) 1 required tests failed :(
[22:46:42] [Server thread/INFO] (Minecraft)    - powers-gametest:action_registry_reload_game_tests_invalid_continuation_cancels_exactly_once_without_completion: Cancellation did not retain exactly one half-payment on tick 4
[22:46:42] [Server thread/INFO] (Minecraft) ====================================================
[22:46:42] [Server thread/INFO] (claimmod) ClaimMod claim data saved.
[22:46:42] [Server thread/INFO] (Minecraft) Stopping server
[22:46:42] [Server thread/INFO] (Minecraft) Saving players
[22:46:42] [Server thread/INFO] (Minecraft) <player> lost connection: Server closed
[22:46:42] [Server thread/INFO] (Minecraft) [Dormant] <player> left the game
[22:46:42] [Server thread/INFO] (Minecraft) <player> lost connection: Server closed
[22:46:42] [Server thread/INFO] (Minecraft) [Dormant] <player> left the game
[22:46:42] [Server thread/INFO] (Minecraft) <player> lost connection: Server closed
[22:46:42] [Server thread/INFO] (Minecraft) [Dormant] <player> left the game
[22:46:42] [Server thread/INFO] (Minecraft) <player> lost connection: Server closed
[22:46:42] [Server thread/INFO] (Minecraft) [Dormant] <player> left the game
[22:46:42] [Server thread/INFO] (Minecraft) <player> lost connection: Server closed
[22:46:42] [Server thread/INFO] (Minecraft) [Unmarked] <player> left the game
[22:46:42] [Server thread/INFO] (Minecraft) <player> lost connection: Server closed
[22:46:42] [Server thread/INFO] (Minecraft) [Dormant] <player> left the game
[22:46:42] [Server thread/INFO] (Minecraft) <player> lost connection: Server closed
[22:46:42] [Server thread/INFO] (Minecraft) [Dormant] <player> left the game
[22:46:42] [Server thread/INFO] (Minecraft) <player> lost connection: Server closed
[22:46:42] [Server thread/INFO] (Minecraft) [Dormant] <player> left the game
[22:46:42] [Server thread/INFO] (Minecraft) <player> lost connection: Server closed
[22:46:42] [Server thread/INFO] (Minecraft) [Dormant] <player> left the game
[22:46:42] [Server thread/INFO] (Minecraft) <player> lost connection: Server closed
[22:46:42] [Server thread/INFO] (Minecraft) [Nightfall] <player> left the game
[22:46:42] [Server thread/INFO] (Minecraft) <player> lost connection: Server closed
[22:46:42] [Server thread/INFO] (Minecraft) [Dormant] <player> left the game
[22:46:42] [Server thread/INFO] (Minecraft) <player> lost connection: Server closed
[22:46:42] [Server thread/INFO] (Minecraft) [Dormant] <player> left the game
[22:46:42] [Server thread/INFO] (Minecraft) <player> lost connection: Server closed
[22:46:42] [Server thread/INFO] (Minecraft) [Dormant] <player> left the game
[22:46:42] [Server thread/INFO] (Minecraft) <player> lost connection: Server closed
[22:46:42] [Server thread/INFO] (Minecraft) [Dormant] <player> left the game
[22:46:42] [Server thread/INFO] (Minecraft) <player> lost connection: Server closed
[22:46:42] [Server thread/INFO] (Minecraft) [Dormant] <player> left the game
[22:46:42] [Server thread/INFO] (Minecraft) <player> lost connection: Server closed
[22:46:42] [Server thread/INFO] (Minecraft) [Dormant] <player> left the game
[22:46:42] [Server thread/INFO] (Minecraft) <player> lost connection: Server closed
[22:46:42] [Server thread/INFO] (Minecraft) [Dormant] <player> left the game
[22:46:42] [Server thread/INFO] (Minecraft) <player> lost connection: Server closed
[22:46:42] [Server thread/INFO] (Minecraft) [Dormant] <player> left the game
[22:46:42] [Server thread/INFO] (Minecraft) <player> lost connection: Server closed
[22:46:42] [Server thread/INFO] (Minecraft) [Dormant] <player> left the game
[22:46:42] [Server thread/INFO] (Minecraft) <player> lost connection: Server closed
[22:46:42] [Server thread/INFO] (Minecraft) [Dormant] <player> left the game
[22:46:42] [Server thread/INFO] (Minecraft) <player> lost connection: Server closed
[22:46:42] [Server thread/INFO] (Minecraft) [Dormant] <player> left the game
[22:46:42] [Server thread/INFO] (Minecraft) <player> lost connection: Server closed
[22:46:42] [Server thread/INFO] (Minecraft) [Unmarked] <player> left the game
[22:46:42] [Server thread/INFO] (Minecraft) <player> lost connection: Server closed
[22:46:42] [Server thread/INFO] (Minecraft) [Dormant] <player> left the game
[22:46:42] [Server thread/INFO] (Minecraft) <player> lost connection: Server closed
[22:46:42] [Server thread/INFO] (Minecraft) [Dormant] <player> left the game
[22:46:42] [Server thread/INFO] (Minecraft) <player> lost connection: Server closed
[22:46:42] [Server thread/INFO] (Minecraft) [Dormant] <player> left the game
[22:46:42] [Server thread/INFO] (Minecraft) <player> lost connection: Server closed
[22:46:42] [Server thread/INFO] (Minecraft) [Dormant] <player> left the game
[22:46:42] [Server thread/INFO] (Minecraft) <player> lost connection: Server closed
[22:46:42] [Server thread/INFO] (Minecraft) [Dormant] <player> left the game
[22:46:42] [Server thread/INFO] (Minecraft) <player> lost connection: Server closed
[22:46:42] [Server thread/INFO] (Minecraft) [Dormant] <player> left the game
[22:46:42] [Server thread/INFO] (Minecraft) <player> lost connection: Server closed
[22:46:42] [Server thread/INFO] (Minecraft) [Dormant] <player> left the game
[22:46:42] [Server thread/INFO] (Minecraft) <player> lost connection: Server closed
[22:46:42] [Server thread/INFO] (Minecraft) [Dormant] <player> left the game
[22:46:42] [Server thread/INFO] (Minecraft) <player> lost connection: Server closed
[22:46:42] [Server thread/INFO] (Minecraft) [Dormant] <player> left the game
[22:46:42] [Server thread/INFO] (Minecraft) <player> lost connection: Server closed
[22:46:42] [Server thread/INFO] (Minecraft) [Dormant] <player> left the game
[22:46:42] [Server thread/INFO] (Minecraft) <player> lost connection: Server closed
[22:46:42] [Server thread/INFO] (Minecraft) [Dormant] <player> left the game
[22:46:42] [Server thread/INFO] (Minecraft) <player> lost connection: Server closed
[22:46:42] [Server thread/INFO] (Minecraft) [Dormant] <player> left the game
[22:46:42] [Server thread/INFO] (Minecraft) <player> lost connection: Server closed
[22:46:42] [Server thread/INFO] (Minecraft) [Dormant] <player> left the game
[22:46:42] [Server thread/INFO] (Minecraft) <player> lost connection: Server closed
[22:46:42] [Server thread/INFO] (Minecraft) [Dormant] <player> left the game
[22:46:42] [Server thread/INFO] (Minecraft) <player> lost connection: Server closed
[22:46:42] [Server thread/INFO] (Minecraft) [Dormant] <player> left the game
[22:46:42] [Server thread/INFO] (Minecraft) <player> lost connection: Server closed
[22:46:42] [Server thread/INFO] (Minecraft) [Dormant] <player> left the game
[22:46:42] [Server thread/INFO] (Minecraft) <player> lost connection: Server closed
[22:46:42] [Server thread/INFO] (Minecraft) [Dormant] <player> left the game
[22:46:42] [Server thread/INFO] (Minecraft) <player> lost connection: Server closed
[22:46:42] [Server thread/INFO] (Minecraft) [Dormant] <player> left the game
[22:46:42] [Server thread/INFO] (Minecraft) <player> lost connection: Server closed
[22:46:42] [Server thread/INFO] (Minecraft) [Dormant] <player> left the game
[22:46:42] [Server thread/INFO] (Minecraft) <player> lost connection: Server closed
[22:46:42] [Server thread/INFO] (Minecraft) [Dormant] <player> left the game
[22:46:42] [Server thread/INFO] (Minecraft) <player> lost connection: Server closed
[22:46:42] [Server thread/INFO] (Minecraft) [Dormant] <player> left the game
[22:46:42] [Server thread/INFO] (Minecraft) <player> lost connection: Server closed
[22:46:42] [Server thread/INFO] (Minecraft) [Dormant] <player> left the game
[22:46:42] [Server thread/INFO] (Minecraft) <player> lost connection: Server closed
[22:46:42] [Server thread/INFO] (Minecraft) [Dormant] <player> left the game
[22:46:42] [Server thread/INFO] (Minecraft) <player> lost connection: Server closed
[22:46:42] [Server thread/INFO] (Minecraft) [Dormant] <player> left the game
[22:46:42] [Server thread/INFO] (Minecraft) <player> lost connection: Server closed
[22:46:42] [Server thread/INFO] (Minecraft) [Dormant] <player> left the game
[22:46:42] [Server thread/INFO] (Minecraft) <player> lost connection: Server closed
[22:46:42] [Server thread/INFO] (Minecraft) [Dormant] <player> left the game
[22:46:42] [Server thread/INFO] (Minecraft) <player> lost connection: Server closed
[22:46:42] [Server thread/INFO] (Minecraft) [Unmarked] <player> left the game
[22:46:42] [Server thread/INFO] (Minecraft) <player> lost connection: Server closed
[22:46:42] [Server thread/INFO] (Minecraft) [Unmarked] <player> left the game
[22:46:42] [Server thread/INFO] (Minecraft) <player> lost connection: Server closed
[22:46:42] [Server thread/INFO] (Minecraft) [Unmarked] <player> left the game
[22:46:42] [Server thread/INFO] (Minecraft) <player> lost connection: Server closed
[22:46:42] [Server thread/INFO] (Minecraft) [Dormant] <player> left the game
[22:46:42] [Server thread/INFO] (Minecraft) <player> lost connection: Server closed
[22:46:42] [Server thread/INFO] (Minecraft) [Dormant] <player> left the game
[22:46:42] [Server thread/INFO] (Minecraft) <player> lost connection: Server closed
[22:46:42] [Server thread/INFO] (Minecraft) [Dormant] <player> left the game
[22:46:42] [Server thread/INFO] (Minecraft) <player> lost connection: Server closed
[22:46:42] [Server thread/INFO] (Minecraft) [Dormant] <player> left the game
[22:46:42] [Server thread/INFO] (Minecraft) <player> lost connection: Server closed
[22:46:42] [Server thread/INFO] (Minecraft) [Dormant] <player> left the game
[22:46:42] [Server thread/INFO] (Minecraft) Saving worlds
[22:46:42] [Server thread/INFO] (Minecraft) Saving chunks for level 'ServerLevel[Test Level]'/minecraft:overworld
[22:46:42] [Server thread/INFO] (Minecraft) Saving chunks for level 'ServerLevel[Test Level]'/minecraft:the_end
[22:46:42] [Server thread/INFO] (Minecraft) Saving chunks for level 'ServerLevel[Test Level]'/minecraft:the_nether
[22:46:42] [Server thread/INFO] (Minecraft) ThreadedAnvilChunkStorage (world): All chunks are saved
[22:46:42] [Server thread/INFO] (Minecraft) ThreadedAnvilChunkStorage (DIM1): All chunks are saved
[22:46:42] [Server thread/INFO] (Minecraft) ThreadedAnvilChunkStorage (DIM-1): All chunks are saved
[22:46:42] [Server thread/INFO] (Minecraft) ThreadedAnvilChunkStorage: All dimensions are saved
[22:46:43] [Server thread/INFO] (Minecraft) Game test server shutting down
