[23:25:12] [main/INFO] (FabricLoader/GameProvider) Loading Minecraft 26.2 with Fabric Loader 0.19.3
[23:25:12] [main/INFO] (FabricLoader/Mappings) Mappings not present!
[23:25:12] [main/INFO] (FabricLoader) Loading 49 mods:
	- claimmod 1.0.5
	   \-- org_yaml_snakeyaml 2.2
	- fabric-api 0.156.0+26.2
	   |-- fabric-key-mapping-api-v1 2.0.5+e2bdee789e
	   |-- fabric-model-loading-api-v1 8.0.16+c80601bb9e
	   |-- fabric-renderer-api-v1 14.1.3+2b0d8a229e
	   |-- fabric-renderer-indigo 9.1.3+2b0d8a229e
	   |-- fabric-rendering-v1 25.3.2+515ac5339e
	   |-- fabric-screen-api-v1 5.1.0+48e3c0b09e
	   \-- fabric-sound-api-v1 2.0.5+11a26f319e
	- fabric-api-base 2.0.4+ece063239e
	- fabric-api-lookup-api-v1 2.0.17+11e1c9a39e
	- fabric-biome-api-v1 18.0.6+c7bd5b8e9e
	- fabric-block-api-v1 3.0.3+ec56b6019e
	- fabric-block-getter-api-v2 2.0.7+ec56b6019e
	- fabric-command-api-v2 3.1.0+00cb03469e
	- fabric-content-registries-v0 11.3.0+d0a699d09e
	- fabric-convention-tags-v2 4.7.0+1f023a9e9e
	- fabric-crash-report-info-v1 1.0.5+086d547a9e
	- fabric-creative-tab-api-v1 5.0.14+d871b99e9e
	- fabric-data-attachment-api-v1 2.2.18+515ac5339e
	- fabric-data-generation-api-v1 25.5.0+aed122aa9e
	- fabric-debug-api-v1 1.0.2+c792624d9e
	- fabric-dimensions-v1 5.1.11+515ac5339e
	- fabric-entity-events-v1 5.0.5+06488ac19e
	- fabric-events-interaction-v0 5.2.7+515ac5339e
	- fabric-game-rule-api-v1 4.0.8+46a6d00c9e
	- fabric-gametest-api-v1 4.0.21+4a7fa0819e
	- fabric-item-api-v1 14.4.0+49a69a7b9e
	- fabric-lifecycle-events-v1 4.1.3+4575b05f9e
	- fabric-loot-api-v3 3.0.17+06488ac19e
	- fabric-menu-api-v1 2.0.16+086d547a9e
	- fabric-message-api-v1 7.0.7+086d547a9e
	- fabric-networking-api-v1 6.3.3+72073ef09e
	- fabric-object-builder-api-v1 24.1.0+6fcd5f039e
	- fabric-particles-v1 5.0.18+d1756aa99e
	- fabric-permission-api-v1 1.0.4+536fad2f9e
	- fabric-recipe-api-v1 9.0.20+11e1c9a39e
	- fabric-registry-sync-v0 7.1.0+c7bd5b8e9e
	- fabric-rendering-fluids-v1 6.0.4+06488ac19e
	- fabric-resource-conditions-api-v1 6.1.0+10e9a28b9e
	- fabric-resource-loader-v0 3.3.20+4fc5413f9e
	- fabric-resource-loader-v1 2.0.13+9edec1269e
	- fabric-serialization-api-v1 2.0.4+11a26f319e
	- fabric-tag-api-v1 2.1.4+515ac5339e
	- fabric-transfer-api-v1 8.0.12+11dbb7d79e
	- fabric-transitive-access-wideners-v1 8.1.4+67c847259e
	- fabricloader 0.19.3
	- inventoryextended 1.1.2
	- java 25
	- lithium 0.25.3+mc26.2
	- minecraft 26.2
	- mixinextras 0.5.4
	- powers 1.0.2
	- voicechat 2.6.22+26.2
	   |-- fabric-key-mapping-api-v1 2.0.5+e2bdee789c
	   |-- fabric-rendering-v1 25.1.6+46a6d00c9c
	   \-- voicechat_api 2.6.20
[23:25:12] [main/INFO] (FabricLoader/Mixin) SpongePowered MIXIN Subsystem Version=0.8.7 Source=file:<home>/.gradle/caches/modules-2/files-2.1/net.fabricmc/sponge-mixin/0.17.3+mixin.0.8.7/41c4a3984a80f4679e759fb9f495587acc5cdac7/sponge-mixin-0.17.3+mixin.0.8.7.jar Service=Knot/Fabric Env=SERVER
[23:25:12] [main/INFO] (FabricLoader/Mixin) Compatibility level set to JAVA_25
[23:25:12] [main/INFO] (Lithium) Loaded configuration file for Lithium: 171 options available, 0 override(s) found.
[23:25:12] [main/INFO] (FabricLoader/MixinExtras|Service) Initializing MixinExtras via com.llamalad7.mixinextras.service.MixinExtrasServiceImpl(version=0.5.4).
[23:25:15] [main/INFO] (inventoryextended) InventoryExtended mod initialized!
[23:25:15] [main/INFO] (claimmod) ClaimMod initializing...
[23:25:15] [main/INFO] (claimmod) ClaimMod config loaded from config/claimmod/config.yml
[23:25:15] [main/INFO] (claimmod) ClaimMod messages loaded (204 entries).
[23:25:15] [main/INFO] (claimmod) ClaimMod initialized successfully.
[23:25:15] [main/WARN] (voicechat) [voicechat/Voicechat] Running in debug mode - Don't leave this enabled in production!
[23:25:15] [main/INFO] (voicechat) [voicechat/Voicechat] Compatibility version 20
[23:25:15] [main/INFO] (voicechat) [voicechat/PluginManager] Loading plugins
[23:25:15] [main/INFO] (voicechat) [voicechat/PluginManager] Loaded 0 plugin(s)
[23:25:15] [main/INFO] (voicechat) [voicechat/PluginManager] Initializing plugins
[23:25:15] [main/INFO] (voicechat) [voicechat/PluginManager] Initialized 0 plugin(s)
[23:25:15] [main/INFO] (powers) POWERS config validation: revision=1; adjustments=0; retained=0; dropped=0
[23:25:15] [main/INFO] (powers) Loaded rank mazes: 28 light nodes, 28 darkness nodes
[23:25:15] [main/INFO] (powers) Magic collision kernel loaded: 64 actions, 2080 exhaustive interactions
[23:25:15] [main/INFO] (powers) POWERS framework initialized with 23 power(s)
[23:25:15] [main/INFO] (Minecraft) Environment: Environment[sessionHost=https://sessionserver.mojang.com, servicesHost=https://api.minecraftservices.com, profilesHost=https://api.mojang.com, name=PROD]
[23:25:16] [main/INFO] (Minecraft) Loaded 1605 recipes
[23:25:16] [main/INFO] (Minecraft) Loaded 1713 advancements
[23:25:16] [main/INFO] (powers) Staged 0 initial action aliases until extension registration
[23:25:16] [main/INFO] (powers) Loaded 14 Shadow knowledge entries
[23:25:16] [main/INFO] (BiomeModificationImpl) Applied 0 biome modifications to 0 of 69 new biomes in 566.4 μs
[23:25:16] [Server thread/INFO] (powers) Published action registry revision 1 with 109 canonical keys and 0 aliases
[23:25:16] [Server thread/INFO] (Minecraft) Starting minecraft server version 26.2
[23:25:16] [Server thread/INFO] (Minecraft) Loading properties
[23:25:16] [Server thread/INFO] (Minecraft) Default game type: SURVIVAL
[23:25:16] [Server thread/INFO] (Minecraft) Generating keypair
[23:25:16] [Server thread/INFO] (Minecraft) Starting Minecraft server on *:25625
[23:25:16] [Server thread/WARN] (Minecraft) **** SERVER IS RUNNING IN OFFLINE/INSECURE MODE!
[23:25:16] [Server thread/WARN] (Minecraft) The server will make no attempt to authenticate usernames. Beware.
[23:25:16] [Server thread/WARN] (Minecraft) While this makes the game possible to play without internet access, it also opens up the ability for hackers to connect with any username they choose.
[23:25:16] [Server thread/WARN] (Minecraft) To change this, set "online-mode" to "true" in the server.properties file.
[23:25:16] [Server thread/INFO] (Minecraft) Preparing level "world"
[23:25:17] [Server thread/INFO] (Minecraft) Loading 0 persistent chunks...
[23:25:17] [Server thread/INFO] (Minecraft) Time elapsed: 13 ms
[23:25:17] [Server thread/INFO] (Minecraft) Done (0.247s)! For help, type "help"
[23:25:17] [Server thread/INFO] (Minecraft) Saving chunks for level 'ServerLevel[world]'/minecraft:overworld
[23:25:17] [Server thread/INFO] (Minecraft) Saving chunks for level 'ServerLevel[world]'/powers:light_realm
[23:25:17] [Server thread/INFO] (Minecraft) Saving chunks for level 'ServerLevel[world]'/powers:dark_realm
[23:25:17] [Server thread/INFO] (Minecraft) Saving chunks for level 'ServerLevel[world]'/powers:middleworld
[23:25:17] [Server thread/INFO] (Minecraft) Saving chunks for level 'ServerLevel[world]'/minecraft:the_end
[23:25:17] [Server thread/INFO] (Minecraft) Saving chunks for level 'ServerLevel[world]'/minecraft:the_nether
[23:25:17] [Server thread/INFO] (Minecraft) ThreadedAnvilChunkStorage (world): All chunks are saved
[23:25:17] [Server thread/INFO] (Minecraft) ThreadedAnvilChunkStorage (light_realm): All chunks are saved
[23:25:17] [Server thread/INFO] (Minecraft) ThreadedAnvilChunkStorage (dark_realm): All chunks are saved
[23:25:17] [Server thread/INFO] (Minecraft) ThreadedAnvilChunkStorage (middleworld): All chunks are saved
[23:25:17] [Server thread/INFO] (Minecraft) ThreadedAnvilChunkStorage (DIM1): All chunks are saved
[23:25:17] [Server thread/INFO] (Minecraft) ThreadedAnvilChunkStorage (DIM-1): All chunks are saved
[23:25:17] [Server thread/INFO] (Minecraft) ThreadedAnvilChunkStorage: All dimensions are saved
[23:25:17] [Server thread/INFO] (claimmod) Loaded 0 claims.
[23:25:17] [Server thread/INFO] (claimmod) ClaimMod claim data loaded.
[23:25:17] [Server thread/WARN] (voicechat) [voicechat/ServerVoiceEvents] Running in offline mode - Voice chat encryption is not secure!
[23:25:17] [Server thread/DEBUG] (voicechat) [voicechat/PluginManager] Using default voicechat socket implementation
[23:25:17] [VoiceChatServerThread/INFO] (voicechat) [voicechat/Server] Voice chat server started at port 24454
[23:25:44] [Server thread/INFO] (Minecraft) <player>[IP hidden] logged in with entity id 1 at (8.5, 58.0, 8.5)
[23:25:44] [Server thread/INFO] (claimmod) ClaimMod: LuckPerms present = false
[23:25:44] [Server thread/INFO] (Minecraft) [Dormant] <player> joined the game
[23:25:44] [Server thread/DEBUG] (voicechat) [voicechat/PlayerStateManager] Setting default state of <player>: {disabled=false, disconnected=true, uuid=<uuid>, name=<player>, group=null}
[23:25:45] [Server thread/INFO] (voicechat) [voicechat/ServerVoiceEvents] Received secret request of <player> (20)
[23:25:45] [Server thread/DEBUG] (voicechat) [voicechat/PlayerStateManager] Sending initial states to <player>
[23:25:45] [Server thread/DEBUG] (voicechat) [voicechat/ServerGroupManager] Synchronizing 0 groups with <player>
[23:25:45] [Server thread/DEBUG] (voicechat) [voicechat/ServerCategoryManager] Synchronizing 0 volume categories with <player>
[23:25:45] [Server thread/INFO] (voicechat) [voicechat/ServerVoiceEvents] Sent secret to <player>
[23:25:45] [Server thread/DEBUG] (voicechat) [voicechat/PlayerStateManager] Got state of <player>: {disabled=true, disconnected=true, uuid=<uuid>, name=<player>, group=null}
[23:25:46] [VoiceChatPacketProcessingThread/INFO] (voicechat) [voicechat/ProcessThread] Successfully authenticated player <uuid>
[23:25:47] [VoiceChatPacketProcessingThread/INFO] (voicechat) [voicechat/ProcessThread] Successfully validated connection of player <uuid>
[23:25:47] [VoiceChatPacketProcessingThread/DEBUG] (voicechat) [voicechat/PlayerStateManager] Set state of <player> to connected: {disabled=true, disconnected=false, uuid=<uuid>, name=<player>, group=null}
[23:25:47] [VoiceChatPacketProcessingThread/INFO] (voicechat) [voicechat/ProcessThread] Player <player> (<uuid>) successfully connected to voice chat
[23:25:47] [Server thread/DEBUG] (voicechat) [voicechat/PlayerStateManager] Got state of <player>: {disabled=true, disconnected=false, uuid=<uuid>, name=<player>, group=null}
[23:25:59] [Server thread/INFO] (powers) POWERS_FX_CAPTURE passed=true attemptedPackets=64 deliveredPackets=1 attemptedBytes=3840 deliveredBytes=60 packetReduction=98.438 byteReduction=98.438
[23:26:11] [Server thread/INFO] (Minecraft) <player> lost connection: Disconnected
[23:26:11] [Server thread/INFO] (Minecraft) [Dormant] <player> left the game
[23:26:11] [Server thread/DEBUG] (voicechat) [voicechat/PlayerStateManager] Removing state of <player>
[23:26:11] [Server thread/INFO] (voicechat) [voicechat/ServerVoiceEvents] Disconnecting client <player>
[23:27:11] [Server thread/INFO] (Minecraft) Server empty for 60 seconds, pausing
[23:27:41] [Server thread/INFO] (Minecraft) <player>[IP hidden] logged in with entity id 2 at (8.5, 58.0, 8.5)
[23:27:41] [Server thread/INFO] (Minecraft) [Dormant] <player> joined the game
[23:27:41] [Server thread/DEBUG] (voicechat) [voicechat/PlayerStateManager] Setting default state of <player>: {disabled=false, disconnected=true, uuid=<uuid>, name=<player>, group=null}
[23:27:41] [Server thread/INFO] (voicechat) [voicechat/ServerVoiceEvents] Received secret request of <player> (20)
[23:27:41] [Server thread/DEBUG] (voicechat) [voicechat/PlayerStateManager] Sending initial states to <player>
[23:27:41] [Server thread/DEBUG] (voicechat) [voicechat/ServerGroupManager] Synchronizing 0 groups with <player>
[23:27:41] [Server thread/DEBUG] (voicechat) [voicechat/ServerCategoryManager] Synchronizing 0 volume categories with <player>
[23:27:41] [Server thread/INFO] (voicechat) [voicechat/ServerVoiceEvents] Sent secret to <player>
[23:27:41] [Server thread/DEBUG] (voicechat) [voicechat/PlayerStateManager] Got state of <player>: {disabled=true, disconnected=true, uuid=<uuid>, name=<player>, group=null}
[23:27:42] [VoiceChatPacketProcessingThread/INFO] (voicechat) [voicechat/ProcessThread] Successfully authenticated player <uuid>
[23:27:43] [VoiceChatPacketProcessingThread/INFO] (voicechat) [voicechat/ProcessThread] Successfully validated connection of player <uuid>
[23:27:43] [VoiceChatPacketProcessingThread/DEBUG] (voicechat) [voicechat/PlayerStateManager] Set state of <player> to connected: {disabled=true, disconnected=false, uuid=<uuid>, name=<player>, group=null}
[23:27:43] [VoiceChatPacketProcessingThread/INFO] (voicechat) [voicechat/ProcessThread] Player <player> (<uuid>) successfully connected to voice chat
[23:27:43] [Server thread/DEBUG] (voicechat) [voicechat/PlayerStateManager] Got state of <player>: {disabled=true, disconnected=false, uuid=<uuid>, name=<player>, group=null}
[23:27:56] [Server thread/INFO] (powers) POWERS_FX_CAPTURE passed=true attemptedPackets=64 deliveredPackets=1 attemptedBytes=3840 deliveredBytes=60 packetReduction=98.438 byteReduction=98.438
[23:28:11] [Server thread/INFO] (Minecraft) <player> lost connection: Disconnected
[23:28:11] [Server thread/INFO] (Minecraft) [Dormant] <player> left the game
[23:28:11] [Server thread/DEBUG] (voicechat) [voicechat/PlayerStateManager] Removing state of <player>
[23:28:11] [Server thread/INFO] (voicechat) [voicechat/ServerVoiceEvents] Disconnecting client <player>
[23:28:55] [Server thread/INFO] (Minecraft) <player>[IP hidden] logged in with entity id 3 at (8.5, 58.0, 8.5)
[23:28:55] [Server thread/INFO] (Minecraft) [Dormant] <player> joined the game
[23:28:55] [Server thread/DEBUG] (voicechat) [voicechat/PlayerStateManager] Setting default state of <player>: {disabled=false, disconnected=true, uuid=<uuid>, name=<player>, group=null}
[23:28:55] [Server thread/INFO] (voicechat) [voicechat/ServerVoiceEvents] Received secret request of <player> (20)
[23:28:55] [Server thread/DEBUG] (voicechat) [voicechat/PlayerStateManager] Sending initial states to <player>
[23:28:55] [Server thread/DEBUG] (voicechat) [voicechat/ServerGroupManager] Synchronizing 0 groups with <player>
[23:28:55] [Server thread/DEBUG] (voicechat) [voicechat/ServerCategoryManager] Synchronizing 0 volume categories with <player>
[23:28:55] [Server thread/INFO] (voicechat) [voicechat/ServerVoiceEvents] Sent secret to <player>
[23:28:55] [Server thread/DEBUG] (voicechat) [voicechat/PlayerStateManager] Got state of <player>: {disabled=true, disconnected=true, uuid=<uuid>, name=<player>, group=null}
[23:28:57] [VoiceChatPacketProcessingThread/INFO] (voicechat) [voicechat/ProcessThread] Successfully authenticated player <uuid>
[23:28:58] [VoiceChatPacketProcessingThread/INFO] (voicechat) [voicechat/ProcessThread] Successfully validated connection of player <uuid>
[23:28:58] [VoiceChatPacketProcessingThread/DEBUG] (voicechat) [voicechat/PlayerStateManager] Set state of <player> to connected: {disabled=true, disconnected=false, uuid=<uuid>, name=<player>, group=null}
[23:28:58] [VoiceChatPacketProcessingThread/INFO] (voicechat) [voicechat/ProcessThread] Player <player> (<uuid>) successfully connected to voice chat
[23:28:58] [Server thread/DEBUG] (voicechat) [voicechat/PlayerStateManager] Got state of <player>: {disabled=true, disconnected=false, uuid=<uuid>, name=<player>, group=null}
[23:29:10] [Server thread/INFO] (powers) POWERS_FX_CAPTURE passed=true attemptedPackets=64 deliveredPackets=1 attemptedBytes=3840 deliveredBytes=60 packetReduction=98.438 byteReduction=98.438
[23:30:33] [Server thread/INFO] (Minecraft) Stopping the server
[23:30:33] [Server thread/INFO] (claimmod) ClaimMod claim data saved.
[23:30:33] [Server thread/INFO] (Minecraft) Stopping server
[23:30:33] [Server thread/INFO] (Minecraft) Saving players
[23:30:33] [Server thread/INFO] (Minecraft) <player> lost connection: Server closed
[23:30:33] [Server thread/INFO] (Minecraft) [Dormant] <player> left the game
[23:30:33] [Server thread/INFO] (Minecraft) Saving worlds
[23:30:33] [Server thread/INFO] (Minecraft) Saving chunks for level 'ServerLevel[world]'/minecraft:overworld
[23:30:33] [Server thread/INFO] (Minecraft) Saving chunks for level 'ServerLevel[world]'/powers:light_realm
[23:30:33] [Server thread/INFO] (Minecraft) Saving chunks for level 'ServerLevel[world]'/powers:dark_realm
[23:30:33] [Server thread/INFO] (Minecraft) Saving chunks for level 'ServerLevel[world]'/powers:middleworld
[23:30:33] [Server thread/INFO] (Minecraft) Saving chunks for level 'ServerLevel[world]'/minecraft:the_end
[23:30:33] [Server thread/INFO] (Minecraft) Saving chunks for level 'ServerLevel[world]'/minecraft:the_nether
[23:30:33] [Server thread/INFO] (Minecraft) ThreadedAnvilChunkStorage (world): All chunks are saved
[23:30:33] [Server thread/INFO] (Minecraft) ThreadedAnvilChunkStorage (light_realm): All chunks are saved
[23:30:33] [Server thread/INFO] (Minecraft) ThreadedAnvilChunkStorage (dark_realm): All chunks are saved
[23:30:33] [Server thread/INFO] (Minecraft) ThreadedAnvilChunkStorage (middleworld): All chunks are saved
[23:30:33] [Server thread/INFO] (Minecraft) ThreadedAnvilChunkStorage (DIM1): All chunks are saved
[23:30:33] [Server thread/INFO] (Minecraft) ThreadedAnvilChunkStorage (DIM-1): All chunks are saved
[23:30:33] [Server thread/INFO] (Minecraft) ThreadedAnvilChunkStorage: All dimensions are saved
