To honour the JVM settings for this build a single-use Daemon process will be forked. For more on this, please refer to https://docs.gradle.org/9.5.1/userguide/gradle_daemon.html#sec:disabling_the_daemon in the Gradle documentation.
Daemon will be stopped at the end of the build

> Configure project :
Fabric Loom: 1.17.19

> Task :auditJavaSources
> Task :auditNonItemAssets
> Task :compileJava
> Task :processResources
> Task :classes
> Task :compileClientJava
> Task :processClientResources
> Task :clientClasses
> Task :compileExampleExtensionJava
> Task :processExampleExtensionResources
> Task :exampleExtensionClasses
> Task :compileGametestJava
> Task :deleteGameTestRunDir
> Task :acceptGameTestEula
> Task :generateLog4jConfig
> Task :generateDLIConfig
> Task :configureLaunch
> Task :processGametestResources
> Task :gametestClasses

> Task :runGameTest
[13:21:37] [main/INFO] (FabricLoader/GameProvider) Loading Minecraft 26.2 with Fabric Loader 0.19.3
[13:21:37] [main/INFO] (FabricLoader/Mappings) Mappings not present!
[13:21:37] [main/INFO] (FabricLoader) Loading 45 mods:
	- fabric-api 0.156.0+26.2
	   |-- fabric-key-mapping-api-v1 2.0.5+e2bdee789e
	   |-- fabric-model-loading-api-v1 8.0.16+c80601bb9e
	   |-- fabric-renderer-api-v1 14.1.3+2b0d8a229e
	   |-- fabric-renderer-indigo 9.1.3+2b0d8a229e
	   |-- fabric-rendering-v1 25.3.2+515ac5339e
	   |-- fabric-screen-api-v1 5.1.0+48e3c0b09e
	   \-- fabric-sound-api-v1 2.0.5+11a26f319e
	- fabric-api-base 2.0.4+ece063239e
	- fabric-api-lookup-api-v1 2.0.17+11e1c9a39e
	- fabric-biome-api-v1 18.0.6+c7bd5b8e9e
	- fabric-block-api-v1 3.0.3+ec56b6019e
	- fabric-block-getter-api-v2 2.0.7+ec56b6019e
	- fabric-command-api-v2 3.1.0+00cb03469e
	- fabric-content-registries-v0 11.3.0+d0a699d09e
	- fabric-convention-tags-v2 4.7.0+1f023a9e9e
	- fabric-crash-report-info-v1 1.0.5+086d547a9e
	- fabric-creative-tab-api-v1 5.0.14+d871b99e9e
	- fabric-data-attachment-api-v1 2.2.18+515ac5339e
	- fabric-data-generation-api-v1 25.5.0+aed122aa9e
	- fabric-debug-api-v1 1.0.2+c792624d9e
	- fabric-dimensions-v1 5.1.11+515ac5339e
	- fabric-entity-events-v1 5.0.5+06488ac19e
	- fabric-events-interaction-v0 5.2.7+515ac5339e
	- fabric-game-rule-api-v1 4.0.8+46a6d00c9e
	- fabric-gametest-api-v1 4.0.21+4a7fa0819e
	- fabric-item-api-v1 14.4.0+49a69a7b9e
	- fabric-lifecycle-events-v1 4.1.3+4575b05f9e
	- fabric-loot-api-v3 3.0.17+06488ac19e
	- fabric-menu-api-v1 2.0.16+086d547a9e
	- fabric-message-api-v1 7.0.7+086d547a9e
	- fabric-networking-api-v1 6.3.3+72073ef09e
	- fabric-object-builder-api-v1 24.1.0+6fcd5f039e
	- fabric-particles-v1 5.0.18+d1756aa99e
	- fabric-permission-api-v1 1.0.4+536fad2f9e
	- fabric-recipe-api-v1 9.0.20+11e1c9a39e
	- fabric-registry-sync-v0 7.1.0+c7bd5b8e9e
	- fabric-rendering-fluids-v1 6.0.4+06488ac19e
	- fabric-resource-conditions-api-v1 6.1.0+10e9a28b9e
	- fabric-resource-loader-v0 3.3.20+4fc5413f9e
	- fabric-resource-loader-v1 2.0.13+9edec1269e
	- fabric-serialization-api-v1 2.0.4+11a26f319e
	- fabric-tag-api-v1 2.1.4+515ac5339e
	- fabric-transfer-api-v1 8.0.12+11dbb7d79e
	- fabric-transitive-access-wideners-v1 8.1.4+67c847259e
	- fabricloader 0.19.3
	- java 25
	- minecraft 26.2
	- mixinextras 0.5.4
	- powers 1.0.2
	- powers-example-extension 1.0.0
	- powers-gametest 1.0.0
[13:21:38] [main/INFO] (FabricLoader/Mixin) SpongePowered MIXIN Subsystem Version=0.8.7 Source=file:<HOME>/.gradle/caches/modules-2/files-2.1/net.fabricmc/sponge-mixin/0.17.3+mixin.0.8.7/41c4a3984a80f4679e759fb9f495587acc5cdac7/sponge-mixin-0.17.3+mixin.0.8.7.jar Service=Knot/Fabric Env=SERVER
[13:21:38] [main/INFO] (FabricLoader/Mixin) Compatibility level set to JAVA_25
[13:21:38] [main/INFO] (FabricLoader/MixinExtras|Service) Initializing MixinExtras via com.llamalad7.mixinextras.service.MixinExtrasServiceImpl(version=0.5.4).
[13:21:43] [main/INFO] (powers) POWERS config validation: revision=1; adjustments=0; retained=0; dropped=0
[13:21:43] [main/INFO] (powers) Loaded rank mazes: 28 light nodes, 28 darkness nodes
[13:21:43] [main/INFO] (powers) Magic collision kernel loaded: 64 actions, 2080 exhaustive interactions
[13:21:43] [main/INFO] (powers) POWERS framework initialized with 23 power(s)
[13:21:43] [main/INFO] (Minecraft) Environment: Environment[sessionHost=https://sessionserver.mojang.com, servicesHost=https://api.minecraftservices.com, profilesHost=https://api.mojang.com, name=PROD]
[13:21:43] [main/INFO] (FabricGameTestRunner) Starting test server
[13:21:44] [main/INFO] (Minecraft) Loaded 1605 recipes
[13:21:44] [main/INFO] (Minecraft) Loaded 1713 advancements
[13:21:44] [main/INFO] (powers) Staged 2 initial action aliases until extension registration
[13:21:44] [main/INFO] (powers) Loaded 14 Shadow knowledge entries
[13:21:44] [main/INFO] (BiomeModificationImpl) Applied 0 biome modifications to 0 of 69 new biomes in 1.039 ms
[13:21:44] [Server thread/INFO] (powers) Published action registry revision 2 with 110 canonical keys and 2 aliases
[13:21:44] [Server thread/INFO] (Minecraft) Selecting global world spawn...
[13:21:45] [Server thread/INFO] (Minecraft) Loading 0 persistent chunks...
[13:21:45] [Server thread/INFO] (Minecraft) Preparing spawn area: 100%
[13:21:45] [Server thread/INFO] (Minecraft) Time elapsed: 279 ms
[13:21:45] [Server thread/INFO] (Minecraft) Started game test server
[13:21:45] [Server thread/INFO] (Minecraft) 131 tests are now running at position 11621453, -59, 4583354!
[13:21:45] [Server thread/INFO] (Minecraft) Running test environment 'qa010_hostile:travel_graph' batch 0 (1 tests)...
[13:21:46] [Server thread/INFO] (Minecraft) test-mock-player[embedded] logged in with entity id 1 at (0.0, 0.0, 0.0)
[13:21:46] [Server thread/INFO] (Minecraft) [Dormant] test-mock-player joined the game
[13:21:46] [Server thread/INFO] (Minecraft) [_                                                                                                                                  ]
[13:21:46] [Server thread/INFO] (Minecraft) [_                                                                                                                                  ]
[13:21:46] [Server thread/INFO] (Minecraft) [_                                                                                                                                  ]
[13:21:47] [Server thread/INFO] (Minecraft) Running test environment 'qa010_hostile:isolated' batch 0 (7 tests)...
[13:21:47] [Server thread/INFO] (Minecraft) test-mock-player[embedded] logged in with entity id 74 at (0.0, 0.0, 0.0)
[13:21:47] [Server thread/INFO] (Minecraft) [Dormant] test-mock-player joined the game
[13:21:47] [Server thread/INFO] (Minecraft) test-mock-player[embedded] logged in with entity id 75 at (0.0, 0.0, 0.0)
[13:21:47] [Server thread/INFO] (Minecraft) [Dormant] test-mock-player joined the game
[13:21:47] [Server thread/INFO] (Minecraft) test-mock-player[embedded] logged in with entity id 80 at (0.0, 0.0, 0.0)
[13:21:47] [Server thread/INFO] (Minecraft) [Dormant] test-mock-player joined the game
[13:21:47] [Server thread/INFO] (Minecraft) [Dormant] test-mock-player has made the advancement [Monster Hunter]
[13:21:47] [Server thread/INFO] (Minecraft) test-mock-player[embedded] logged in with entity id 85 at (0.0, 0.0, 0.0)
[13:21:47] [Server thread/INFO] (Minecraft) [Dormant] test-mock-player joined the game
[13:21:47] [Server thread/INFO] (Minecraft) test-mock-player[embedded] logged in with entity id 86 at (0.0, 0.0, 0.0)
[13:21:47] [Server thread/INFO] (Minecraft) [Dormant] test-mock-player joined the game
[13:21:47] [Server thread/INFO] (Minecraft) [++++_                                                                                                                              ]
[13:21:47] [Server thread/INFO] (Minecraft) test-mock-player[embedded] logged in with entity id 88 at (0.0, 0.0, 0.0)
[13:21:47] [Server thread/INFO] (Minecraft) [Dormant] test-mock-player joined the game
[13:21:47] [Server thread/INFO] (Minecraft) <test-mock-player> shadow, leave me
[13:21:47] [Server thread/INFO] (Minecraft) test-mock-player[embedded] logged in with entity id 91 at (0.0, 0.0, 0.0)
[13:21:47] [Server thread/INFO] (Minecraft) [Dormant] test-mock-player joined the game
[13:21:47] [Server thread/INFO] (Minecraft) test-mock-player[embedded] logged in with entity id 97 at (0.0, 0.0, 0.0)
[13:21:47] [Server thread/INFO] (Minecraft) [Dormant] test-mock-player joined the game
[13:21:48] [Server thread/INFO] (Minecraft) [Dormant] test-mock-player has made the advancement [We Need to Go Deeper]
[13:21:49] [Server thread/INFO] (Minecraft) [++++++_+                                                                                                                           ]
[13:21:49] [Server thread/INFO] (Minecraft) [++++++_+                                                                                                                           ]
[13:21:49] [Server thread/INFO] (Minecraft) [Dormant] test-mock-player fell out of the world
[13:21:49] [Server thread/INFO] (Minecraft) [++++++_+                                                                                                                           ]
[13:21:49] [Server thread/INFO] (Minecraft) [++++++_+                                                                                                                           ]
[13:21:49] [Server thread/INFO] (Minecraft) [++++++_+                                                                                                                           ]
[13:21:49] [Server thread/INFO] (Minecraft) [++++++_+                                                                                                                           ]
[13:21:49] [Server thread/INFO] (Minecraft) [++++++_+                                                                                                                           ]
[13:21:49] [Server thread/INFO] (Minecraft) Running test environment 'powers:vfx_gallery' batch 0 (1 tests)...
[13:21:49] [Server thread/INFO] (Minecraft) test-mock-player[embedded] logged in with entity id 238 at (0.0, 0.0, 0.0)
[13:21:49] [Server thread/INFO] (Minecraft) [Dormant] test-mock-player joined the game
[13:21:49] [Server thread/INFO] (Minecraft) Running test environment 'powers:artifact_stale_teleport_isolated' batch 0 (1 tests)...
[13:21:49] [Server thread/INFO] (Minecraft) [+++++++++                                                                                                                          ]
[13:21:49] [Server thread/INFO] (Minecraft) test-mock-player[embedded] logged in with entity id 250 at (0.0, 0.0, 0.0)
[13:21:49] [Server thread/INFO] (Minecraft) [Dormant] test-mock-player joined the game
[13:21:49] [Server thread/INFO] (Minecraft) Running test environment 'qa010_hostile:synthetic_reload' batch 0 (1 tests)...
[13:21:49] [Server thread/INFO] (Minecraft) test-mock-player[embedded] logged in with entity id 252 at (0.0, 0.0, 0.0)
[13:21:50] [Server thread/INFO] (Minecraft) [Dormant] test-mock-player joined the game
[13:21:50] [Server thread/INFO] (Minecraft) Loaded 1605 recipes
[13:21:50] [Server thread/INFO] (Minecraft) Loaded 1713 advancements
[13:21:50] [Server thread/INFO] (powers) Published action registry revision 3 with 110 canonical keys and 2 aliases
[13:21:50] [Server thread/INFO] (powers) Loaded 14 Shadow knowledge entries
[13:21:50] [Server thread/INFO] (Minecraft) [++++++++++_                                                                                                                        ]
[13:21:51] [Server thread/INFO] (Minecraft) [++++++++++_                                                                                                                        ]
[13:21:51] [Server thread/INFO] (Minecraft) [++++++++++_                                                                                                                        ]
[13:21:51] [Server thread/INFO] (Minecraft) [++++++++++_                                                                                                                        ]
[13:21:51] [Server thread/INFO] (Minecraft) [++++++++++_                                                                                                                        ]
[13:21:51] [Server thread/INFO] (Minecraft) [++++++++++_                                                                                                                        ]
[13:21:51] [Server thread/INFO] (Minecraft) [++++++++++_                                                                                                                        ]
[13:21:51] [Server thread/INFO] (Minecraft) [++++++++++_                                                                                                                        ]
[13:21:51] [Server thread/INFO] (Minecraft) [++++++++++_                                                                                                                        ]
[13:21:51] [Server thread/INFO] (Minecraft) [++++++++++_                                                                                                                        ]
[13:21:51] [Server thread/INFO] (Minecraft) [++++++++++_                                                                                                                        ]
[13:21:51] [Server thread/INFO] (Minecraft) [++++++++++_                                                                                                                        ]
[13:21:52] [Server thread/INFO] (Minecraft) Running test environment 'minecraft:default' batch 0 (50 tests)...
[13:21:52] [Server thread/INFO] (Minecraft) test-mock-player[embedded] logged in with entity id 495 at (0.0, 0.0, 0.0)
[13:21:52] [Server thread/INFO] (Minecraft) [Dormant] test-mock-player joined the game
[13:21:52] [Server thread/INFO] (Minecraft) test-mock-player[embedded] logged in with entity id 498 at (0.0, 0.0, 0.0)
[13:21:52] [Server thread/INFO] (Minecraft) [Dormant] test-mock-player joined the game
[13:21:52] [Server thread/INFO] (Minecraft) test-mock-player[embedded] logged in with entity id 499 at (0.0, 0.0, 0.0)
[13:21:52] [Server thread/INFO] (Minecraft) [Dormant] test-mock-player joined the game
[13:21:52] [Server thread/INFO] (Minecraft) test-mock-player[embedded] logged in with entity id 500 at (0.0, 0.0, 0.0)
[13:21:52] [Server thread/INFO] (Minecraft) [Dormant] test-mock-player joined the game
[13:21:52] [Server thread/INFO] (Minecraft) test-mock-player[embedded] logged in with entity id 506 at (0.0, 0.0, 0.0)
[13:21:52] [Server thread/INFO] (Minecraft) [Dormant] test-mock-player joined the game
[13:21:52] [Server thread/INFO] (Minecraft) test-mock-player[embedded] logged in with entity id 507 at (0.0, 0.0, 0.0)
[13:21:52] [Server thread/INFO] (Minecraft) [Dormant] test-mock-player joined the game
[13:21:52] [Server thread/INFO] (Minecraft) test-mock-player[embedded] logged in with entity id 513 at (0.0, 0.0, 0.0)
[13:21:52] [Server thread/INFO] (Minecraft) [Dormant] test-mock-player joined the game
[13:21:52] [Server thread/INFO] (Minecraft) test-mock-player[embedded] logged in with entity id 515 at (0.0, 0.0, 0.0)
[13:21:52] [Server thread/INFO] (Minecraft) [Dormant] test-mock-player joined the game
[13:21:52] [Server thread/INFO] (Minecraft) test-mock-player[embedded] logged in with entity id 517 at (0.0, 0.0, 0.0)
[13:21:52] [Server thread/INFO] (Minecraft) [Dormant] test-mock-player joined the game
[13:21:52] [Server thread/INFO] (Minecraft) <test-mock-player> shadow, hide yourself
[13:21:52] [Server thread/INFO] (Minecraft) <test-mock-player> shadow, leave me
[13:21:52] [Server thread/INFO] (Minecraft) test-mock-player[embedded] logged in with entity id 521 at (0.0, 0.0, 0.0)
[13:21:52] [Server thread/INFO] (Minecraft) [Dormant] test-mock-player joined the game
[13:21:52] [Server thread/INFO] (Minecraft) test-mock-player[embedded] logged in with entity id 522 at (0.0, 0.0, 0.0)
[13:21:52] [Server thread/INFO] (Minecraft) [Dormant] test-mock-player joined the game
[13:21:52] [Server thread/INFO] (Minecraft) test-mock-player[embedded] logged in with entity id 523 at (0.0, 0.0, 0.0)
[13:21:52] [Server thread/INFO] (Minecraft) [Dormant] test-mock-player joined the game
[13:21:52] [Server thread/INFO] (Minecraft) test-mock-player[embedded] logged in with entity id 524 at (0.0, 0.0, 0.0)
[13:21:52] [Server thread/INFO] (Minecraft) [Dormant] test-mock-player joined the game
[13:21:52] [Server thread/INFO] (Minecraft) test-mock-player[embedded] logged in with entity id 529 at (0.0, 0.0, 0.0)
[13:21:52] [Server thread/INFO] (Minecraft) [Dormant] test-mock-player joined the game
[13:21:52] [Server thread/INFO] (Minecraft) test-mock-player[embedded] logged in with entity id 530 at (0.0, 0.0, 0.0)
[13:21:52] [Server thread/INFO] (Minecraft) [Dormant] test-mock-player joined the game
[13:21:52] [Server thread/INFO] (Minecraft) test-mock-player[embedded] logged in with entity id 531 at (0.0, 0.0, 0.0)
[13:21:52] [Server thread/INFO] (Minecraft) [Dormant] test-mock-player joined the game
[13:21:52] [Server thread/INFO] (Minecraft) test-mock-player[embedded] logged in with entity id 533 at (0.0, 0.0, 0.0)
[13:21:52] [Server thread/INFO] (Minecraft) [Dormant] test-mock-player joined the game
[13:21:52] [Server thread/INFO] (Minecraft) test-mock-player[embedded] logged in with entity id 535 at (0.0, 0.0, 0.0)
[13:21:52] [Server thread/INFO] (Minecraft) [Dormant] test-mock-player joined the game
[13:21:52] [Server thread/INFO] (Minecraft) test-mock-player[embedded] logged in with entity id 538 at (0.0, 0.0, 0.0)
[13:21:52] [Server thread/INFO] (Minecraft) [Dormant] test-mock-player joined the game
[13:21:52] [Server thread/INFO] (Minecraft) test-mock-player[embedded] logged in with entity id 540 at (0.0, 0.0, 0.0)
[13:21:52] [Server thread/INFO] (Minecraft) [Dormant] test-mock-player joined the game
[13:21:52] [Server thread/INFO] (Minecraft) test-mock-player[embedded] logged in with entity id 543 at (0.0, 0.0, 0.0)
[13:21:52] [Server thread/INFO] (Minecraft) [Dormant] test-mock-player joined the game
[13:21:52] [Server thread/INFO] (Minecraft) test-mock-player[embedded] logged in with entity id 546 at (0.0, 0.0, 0.0)
[13:21:52] [Server thread/INFO] (Minecraft) [Dormant] test-mock-player joined the game
[13:21:52] [Server thread/INFO] (Minecraft) test-mock-player[embedded] logged in with entity id 549 at (0.0, 0.0, 0.0)
[13:21:52] [Server thread/INFO] (Minecraft) [Dormant] test-mock-player joined the game
[13:21:52] [Server thread/INFO] (Minecraft) test-mock-player[embedded] logged in with entity id 550 at (0.0, 0.0, 0.0)
[13:21:52] [Server thread/INFO] (Minecraft) [Dormant] test-mock-player joined the game
[13:21:52] [Server thread/INFO] (Minecraft) test-mock-player[embedded] logged in with entity id 551 at (0.0, 0.0, 0.0)
[13:21:52] [Server thread/INFO] (Minecraft) [Dormant] test-mock-player joined the game
[13:21:52] [Server thread/INFO] (Minecraft) test-mock-player[embedded] logged in with entity id 553 at (0.0, 0.0, 0.0)
[13:21:52] [Server thread/INFO] (Minecraft) [Dormant] test-mock-player joined the game
[13:21:52] [Server thread/INFO] (Minecraft) <test-mock-player> shadow, hide yourself
[13:21:52] [Server thread/INFO] (Minecraft) Named entity ShadowCompanionEntity['Shadow of test-mock-player'/516, l='ServerLevel[Test Level]', x=11621563.41, y=-56.00, z=4583389.86] died: Shadow of test-mock-player died
[13:21:52] [Server thread/INFO] (Minecraft) test-mock-player[embedded] logged in with entity id 556 at (0.0, 0.0, 0.0)
[13:21:52] [Server thread/INFO] (Minecraft) [Dormant] test-mock-player joined the game
[13:21:52] [Server thread/INFO] (Minecraft) Named entity FirstVessel['The First Vessel'/561, l='ServerLevel[Test Level]', x=11621486.50, y=-56.00, z=4583460.50] died: death.attack.powers.celestial_ruin
[13:21:52] [Server thread/INFO] (Minecraft) test-mock-player[embedded] logged in with entity id 564 at (0.0, 0.0, 0.0)
[13:21:52] [Server thread/INFO] (Minecraft) [Dormant] test-mock-player joined the game
[13:21:52] [Server thread/INFO] (Minecraft) test-mock-player[embedded] logged in with entity id 565 at (0.0, 0.0, 0.0)
[13:21:52] [Server thread/INFO] (Minecraft) [Dormant] test-mock-player joined the game
[13:21:52] [Server thread/INFO] (Minecraft) test-mock-player[embedded] logged in with entity id 569 at (0.0, 0.0, 0.0)
[13:21:52] [Server thread/INFO] (Minecraft) [Dormant] test-mock-player joined the game
[13:21:52] [Server thread/INFO] (Minecraft) Named entity PowerTestActor['Test_54d5829a'/570, l='ServerLevel[Test Level]', x=11621516.50, y=-56.00, z=4583464.50] died: Test_54d5829a died
[13:21:52] [Server thread/INFO] (Minecraft) test-mock-player[embedded] logged in with entity id 573 at (0.0, 0.0, 0.0)
[13:21:52] [Server thread/INFO] (Minecraft) [Dormant] test-mock-player joined the game
[13:21:52] [Server thread/INFO] (Minecraft) test-mock-player[embedded] logged in with entity id 575 at (0.0, 0.0, 0.0)
[13:21:52] [Server thread/INFO] (Minecraft) [Dormant] test-mock-player joined the game
[13:21:52] [Server thread/INFO] (Minecraft) test-mock-player[embedded] logged in with entity id 577 at (0.0, 0.0, 0.0)
[13:21:52] [Server thread/INFO] (Minecraft) [Dormant] test-mock-player joined the game
[13:21:52] [Server thread/INFO] (Minecraft) test-mock-player[embedded] logged in with entity id 579 at (0.0, 0.0, 0.0)
[13:21:52] [Server thread/INFO] (Minecraft) [Dormant] test-mock-player joined the game
[13:21:52] [Server thread/INFO] (Minecraft) test-mock-player[embedded] logged in with entity id 581 at (0.0, 0.0, 0.0)
[13:21:52] [Server thread/INFO] (Minecraft) [Dormant] test-mock-player joined the game
[13:21:52] [Server thread/INFO] (Minecraft) test-mock-player[embedded] logged in with entity id 582 at (0.0, 0.0, 0.0)
[13:21:52] [Server thread/INFO] (Minecraft) [Dormant] test-mock-player joined the game
[13:21:52] [Server thread/INFO] (Minecraft) test-mock-player[embedded] logged in with entity id 583 at (0.0, 0.0, 0.0)
[13:21:52] [Server thread/INFO] (Minecraft) [Dormant] test-mock-player joined the game
[13:21:52] [Server thread/INFO] (Minecraft) test-mock-player[embedded] logged in with entity id 584 at (0.0, 0.0, 0.0)
[13:21:52] [Server thread/INFO] (Minecraft) [Dormant] test-mock-player joined the game
[13:21:52] [Server thread/INFO] (Minecraft) test-mock-player[embedded] logged in with entity id 586 at (0.0, 0.0, 0.0)
[13:21:52] [Server thread/INFO] (Minecraft) [Dormant] test-mock-player joined the game
[13:21:52] [Server thread/INFO] (Minecraft) [Dormant] test-mock-player died
[13:21:52] [Server thread/INFO] (Minecraft) [Dormant] test-mock-player died
[13:21:52] [Server thread/INFO] (Minecraft) test-mock-player[embedded] logged in with entity id 607 at (0.0, 0.0, 0.0)
[13:21:52] [Server thread/INFO] (Minecraft) [Dormant] test-mock-player joined the game
[13:21:52] [Server thread/INFO] (Minecraft) [++++++++++++_++++++++++_+++_++_++_+_++__++++__+++++++++++++++                                                                      ]
[13:21:53] [Server thread/INFO] (Minecraft) [++++++++++++_++++++++++_+++_++_++_+_++_+++++_++++++++++++++++                                                                      ]
[13:21:53] [Server thread/INFO] (Minecraft) [++++++++++++_++++++++++_++++++++++++++++++++_++++++++++++++++                                                                      ]
[13:21:54] [Server thread/INFO] (Minecraft) [+++++++++++++++++++++++_++++++++++++++++++++_++++++++++++++++                                                                      ]
[13:21:54] [Server thread/INFO] (Minecraft) [+++++++++++++++++++++++_++++++++++++++++++++_++++++++++++++++                                                                      ]
[13:21:54] [Server thread/INFO] (Minecraft) <test-mock-player> shadow, hide yourself
[13:21:54] [Server thread/INFO] (Minecraft) [++++++++++++++++++++++++++++++++++++++++++++_++++++++++++++++                                                                      ]
[13:21:54] [Server thread/INFO] (Minecraft) [++++++++++++++++++++++++++++++++++++++++++++_++++++++++++++++                                                                      ]
[13:22:40] [Server thread/INFO] (Minecraft) Running test environment 'minecraft:default' batch 1 (50 tests)...
[13:22:40] [Server thread/WARN] (Minecraft) Can't keep up! Is the server overloaded? Running 23663ms or 473 ticks behind
[13:22:40] [Server thread/INFO] (Minecraft) test-mock-player[embedded] logged in with entity id 875 at (0.0, 0.0, 0.0)
[13:22:40] [Server thread/INFO] (Minecraft) [Dormant] test-mock-player joined the game
[13:22:40] [Server thread/INFO] (Minecraft) test-mock-player[embedded] logged in with entity id 876 at (0.0, 0.0, 0.0)
[13:22:40] [Server thread/INFO] (Minecraft) [Dormant] test-mock-player joined the game
[13:22:41] [Server thread/INFO] (Minecraft) test-mock-player[embedded] logged in with entity id 879 at (0.0, 0.0, 0.0)
[13:22:41] [Server thread/INFO] (Minecraft) [Dormant] test-mock-player joined the game
[13:22:41] [Server thread/INFO] (Minecraft) test-mock-player[embedded] logged in with entity id 880 at (0.0, 0.0, 0.0)
[13:22:41] [Server thread/INFO] (Minecraft) [Dormant] test-mock-player joined the game
[13:22:41] [Server thread/INFO] (Minecraft) [Dormant] test-mock-player has made the advancement [We Need to Go Deeper]
[13:22:41] [Server thread/INFO] (Minecraft) test-mock-player[embedded] logged in with entity id 883 at (0.0, 0.0, 0.0)
[13:22:41] [Server thread/INFO] (Minecraft) [Dormant] test-mock-player joined the game
[13:22:41] [Server thread/INFO] (Minecraft) test-mock-player[embedded] logged in with entity id 884 at (0.0, 0.0, 0.0)
[13:22:41] [Server thread/INFO] (Minecraft) [Dormant] test-mock-player joined the game
[13:22:41] [Server thread/INFO] (Minecraft) test-mock-player[embedded] logged in with entity id 885 at (0.0, 0.0, 0.0)
[13:22:41] [Server thread/INFO] (Minecraft) [Dormant] test-mock-player joined the game
[13:22:41] [Server thread/INFO] (Minecraft) test-mock-player[embedded] logged in with entity id 886 at (0.0, 0.0, 0.0)
[13:22:41] [Server thread/INFO] (Minecraft) [Dormant] test-mock-player joined the game
[13:22:41] [Server thread/INFO] (powers) powers_operator_audit action=consent_override result=success actor=test-mock-player subject=test-mock-player detail=teleport
[13:22:41] [Server thread/INFO] (powers) powers_operator_audit action=consent_override result=success actor=test-mock-player subject=test-mock-player detail=locator
[13:22:41] [Server thread/INFO] (powers) powers_operator_audit action=consent_override result=success actor=test-mock-player subject=test-mock-player detail=companion
[13:22:41] [Server thread/INFO] (powers) powers_operator_audit action=consent_override result=success actor=test-mock-player subject=test-mock-player detail=dreamwalk
[13:22:41] [Server thread/INFO] (powers) powers_operator_audit action=consent_override result=success actor=test-mock-player subject=test-mock-player detail=possession
[13:22:41] [Server thread/INFO] (Minecraft) test-mock-player[embedded] logged in with entity id 887 at (0.0, 0.0, 0.0)
[13:22:41] [Server thread/INFO] (Minecraft) [Dormant] test-mock-player joined the game
[13:22:41] [Server thread/INFO] (powers) powers_operator_audit action=consent_override result=denied actor=test-mock-player subject=test-mock-player detail=deny_energy
[13:22:41] [Server thread/INFO] (powers) powers_operator_audit action=consent_override result=success actor=test-mock-player subject=test-mock-player detail=teleport
[13:22:41] [Server thread/INFO] (Minecraft) test-mock-player[embedded] logged in with entity id 888 at (0.0, 0.0, 0.0)
[13:22:41] [Server thread/INFO] (Minecraft) [Dormant] test-mock-player joined the game
[13:22:41] [Server thread/INFO] (Minecraft) test-mock-player[embedded] logged in with entity id 889 at (0.0, 0.0, 0.0)
[13:22:41] [Server thread/INFO] (Minecraft) [Dormant] test-mock-player joined the game
[13:22:41] [Server thread/INFO] (Minecraft) test-mock-player[embedded] logged in with entity id 890 at (0.0, 0.0, 0.0)
[13:22:41] [Server thread/INFO] (Minecraft) [Dormant] test-mock-player joined the game
[13:22:41] [Server thread/INFO] (Minecraft) test-mock-player[embedded] logged in with entity id 891 at (0.0, 0.0, 0.0)
[13:22:41] [Server thread/INFO] (Minecraft) [Dormant] test-mock-player joined the game
[13:22:41] [Server thread/INFO] (Minecraft) test-mock-player[embedded] logged in with entity id 893 at (0.0, 0.0, 0.0)
[13:22:41] [Server thread/INFO] (Minecraft) [Dormant] test-mock-player joined the game
[13:22:41] [Server thread/INFO] (Minecraft) test-mock-player[embedded] logged in with entity id 897 at (0.0, 0.0, 0.0)
[13:22:41] [Server thread/INFO] (Minecraft) [Dormant] test-mock-player joined the game
[13:22:41] [Server thread/INFO] (Minecraft) test-mock-player[embedded] logged in with entity id 898 at (0.0, 0.0, 0.0)
[13:22:41] [Server thread/INFO] (Minecraft) [Dormant] test-mock-player joined the game
[13:22:41] [Server thread/INFO] (Minecraft) test-mock-player[embedded] logged in with entity id 899 at (0.0, 0.0, 0.0)
[13:22:41] [Server thread/INFO] (Minecraft) [Dormant] test-mock-player joined the game
[13:22:41] [Server thread/INFO] (Minecraft) test-mock-player[embedded] logged in with entity id 906 at (0.0, 0.0, 0.0)
[13:22:41] [Server thread/INFO] (Minecraft) [Dormant] test-mock-player joined the game
[13:22:41] [Server thread/INFO] (Minecraft) test-mock-player[embedded] logged in with entity id 907 at (0.0, 0.0, 0.0)
[13:22:41] [Server thread/INFO] (Minecraft) [Dormant] test-mock-player joined the game
[13:22:41] [Server thread/INFO] (Minecraft) test-mock-player[embedded] logged in with entity id 909 at (0.0, 0.0, 0.0)
[13:22:41] [Server thread/INFO] (Minecraft) [Dormant] test-mock-player joined the game
[13:22:41] [Server thread/INFO] (Minecraft) test-mock-player[embedded] logged in with entity id 910 at (0.0, 0.0, 0.0)
[13:22:41] [Server thread/INFO] (Minecraft) [Dormant] test-mock-player joined the game
[13:22:41] [Server thread/INFO] (Minecraft) test-mock-player[embedded] logged in with entity id 912 at (0.0, 0.0, 0.0)
[13:22:41] [Server thread/INFO] (Minecraft) [Dormant] test-mock-player joined the game
[13:22:41] [Server thread/INFO] (Minecraft) test-mock-player[embedded] logged in with entity id 913 at (0.0, 0.0, 0.0)
[13:22:41] [Server thread/INFO] (Minecraft) [Dormant] test-mock-player joined the game
[13:22:41] [Server thread/INFO] (Minecraft) test-mock-player[embedded] logged in with entity id 914 at (0.0, 0.0, 0.0)
[13:22:41] [Server thread/INFO] (Minecraft) [Dormant] test-mock-player joined the game
[13:22:41] [Server thread/INFO] (Minecraft) test-mock-player[embedded] logged in with entity id 915 at (0.0, 0.0, 0.0)
[13:22:41] [Server thread/INFO] (Minecraft) [Dormant] test-mock-player joined the game
[13:22:41] [Server thread/INFO] (Minecraft) Named entity PowerTestActor['Target_thunderclap'/918, l='ServerLevel[Test Level]', x=11623070.50, y=-55.00, z=4583787.50] died: Target_thunderclap was consumed by ancient power
[13:22:41] [Server thread/INFO] (Minecraft) test-mock-player[embedded] logged in with entity id 930 at (0.0, 0.0, 0.0)
[13:22:41] [Server thread/INFO] (Minecraft) [Dormant] test-mock-player joined the game
[13:22:41] [Server thread/INFO] (Minecraft) test-mock-player[embedded] logged in with entity id 931 at (0.0, 0.0, 0.0)
[13:22:41] [Server thread/INFO] (Minecraft) [Dormant] test-mock-player joined the game
[13:22:41] [Server thread/INFO] (Minecraft) test-mock-player[embedded] logged in with entity id 932 at (0.0, 0.0, 0.0)
[13:22:41] [Server thread/INFO] (Minecraft) [Dormant] test-mock-player joined the game
[13:22:41] [Server thread/INFO] (Minecraft) test-mock-player[embedded] logged in with entity id 933 at (0.0, 0.0, 0.0)
[13:22:41] [Server thread/INFO] (Minecraft) [Dormant] test-mock-player joined the game
[13:22:41] [Server thread/INFO] (Minecraft) test-mock-player[embedded] logged in with entity id 934 at (0.0, 0.0, 0.0)
[13:22:41] [Server thread/INFO] (Minecraft) [Dormant] test-mock-player joined the game
[13:22:41] [Server thread/INFO] (Minecraft) test-mock-player[embedded] logged in with entity id 935 at (0.0, 0.0, 0.0)
[13:22:41] [Server thread/INFO] (Minecraft) [Dormant] test-mock-player joined the game
[13:22:41] [Server thread/INFO] (Minecraft) test-mock-player[embedded] logged in with entity id 936 at (0.0, 0.0, 0.0)
[13:22:41] [Server thread/INFO] (Minecraft) [Dormant] test-mock-player joined the game
[13:22:41] [Server thread/INFO] (Minecraft) test-mock-player[embedded] logged in with entity id 937 at (0.0, 0.0, 0.0)
[13:22:41] [Server thread/INFO] (Minecraft) [Dormant] test-mock-player joined the game
[13:22:41] [Server thread/INFO] (Minecraft) test-mock-player[embedded] logged in with entity id 938 at (0.0, 0.0, 0.0)
[13:22:41] [Server thread/INFO] (Minecraft) [Dormant] test-mock-player joined the game
[13:22:41] [Server thread/INFO] (Minecraft) test-mock-player[embedded] logged in with entity id 939 at (0.0, 0.0, 0.0)
[13:22:41] [Server thread/INFO] (Minecraft) [Dormant] test-mock-player joined the game
[13:22:41] [Server thread/INFO] (Minecraft) test-mock-player[embedded] logged in with entity id 940 at (0.0, 0.0, 0.0)
[13:22:41] [Server thread/INFO] (Minecraft) [Dormant] test-mock-player joined the game
[13:22:41] [Server thread/INFO] (Minecraft) test-mock-player[embedded] logged in with entity id 941 at (0.0, 0.0, 0.0)
[13:22:41] [Server thread/INFO] (Minecraft) [Dormant] test-mock-player joined the game
[13:22:41] [Server thread/INFO] (Minecraft) test-mock-player[embedded] logged in with entity id 944 at (0.0, 0.0, 0.0)
[13:22:41] [Server thread/INFO] (Minecraft) [Dormant] test-mock-player joined the game
[13:22:41] [Server thread/INFO] (Minecraft) test-mock-player[embedded] logged in with entity id 950 at (0.0, 0.0, 0.0)
[13:22:41] [Server thread/INFO] (Minecraft) [Dormant] test-mock-player joined the game
[13:22:41] [Server thread/INFO] (powers) PERF-012 identical mixed AI: queries=24, cacheHits=12, inspections=348, legacyInspections=540, reductionPercent=35.56
[13:22:41] [Server thread/INFO] (Minecraft) test-mock-player[embedded] logged in with entity id 1138 at (0.0, 0.0, 0.0)
[13:22:41] [Server thread/INFO] (Minecraft) [Dormant] test-mock-player joined the game
[13:22:41] [Server thread/INFO] (Minecraft) test-mock-player[embedded] logged in with entity id 1139 at (0.0, 0.0, 0.0)
[13:22:41] [Server thread/INFO] (Minecraft) [Dormant] test-mock-player joined the game
[13:22:41] [Server thread/INFO] (Minecraft) test-mock-player[embedded] logged in with entity id 1144 at (0.0, 0.0, 0.0)
[13:22:41] [Server thread/INFO] (Minecraft) [Dormant] test-mock-player joined the game
[13:22:41] [Server thread/INFO] (Minecraft) test-mock-player[embedded] logged in with entity id 1148 at (0.0, 0.0, 0.0)
[13:22:41] [Server thread/INFO] (Minecraft) [Dormant] test-mock-player joined the game
[13:22:41] [Server thread/INFO] (Minecraft) test-mock-player[embedded] logged in with entity id 1150 at (0.0, 0.0, 0.0)
[13:22:41] [Server thread/INFO] (Minecraft) [Dormant] test-mock-player joined the game
[13:22:41] [Server thread/INFO] (Minecraft) test-mock-player[embedded] logged in with entity id 1160 at (0.0, 0.0, 0.0)
[13:22:41] [Server thread/INFO] (Minecraft) [Dormant] test-mock-player joined the game
[13:22:41] [Server thread/INFO] (Minecraft) test-mock-player[embedded] logged in with entity id 1161 at (0.0, 0.0, 0.0)
[13:22:41] [Server thread/INFO] (Minecraft) [Dormant] test-mock-player joined the game
[13:22:41] [Server thread/INFO] (Minecraft) test-mock-player[embedded] logged in with entity id 1162 at (0.0, 0.0, 0.0)
[13:22:41] [Server thread/INFO] (Minecraft) [Dormant] test-mock-player joined the game
[13:22:41] [Server thread/INFO] (Minecraft) test-mock-player[embedded] logged in with entity id 1163 at (0.0, 0.0, 0.0)
[13:22:41] [Server thread/INFO] (Minecraft) [Dormant] test-mock-player joined the game
[13:22:41] [Server thread/INFO] (Minecraft) test-mock-player[embedded] logged in with entity id 1165 at (0.0, 0.0, 0.0)
[13:22:41] [Server thread/INFO] (Minecraft) [Dormant] test-mock-player joined the game
[13:22:41] [Server thread/INFO] (Minecraft) <test-mock-player> shadow, use astral projection
[13:22:41] [Server thread/INFO] (Minecraft) <test-mock-player> shadow, use blight ground
[13:22:41] [Server thread/INFO] (Minecraft) <test-mock-player> shadow, use breezy bash
[13:22:41] [Server thread/INFO] (Minecraft) <test-mock-player> shadow, use call hollowed
[13:22:41] [Server thread/INFO] (Minecraft) <test-mock-player> shadow, use double health
[13:22:41] [Server thread/INFO] (Minecraft) <test-mock-player> shadow, stop double health
[13:22:41] [Server thread/INFO] (Minecraft) <test-mock-player> shadow, use energy beam
[13:22:41] [Server thread/INFO] (Minecraft) <test-mock-player> shadow, use energy drain
[13:22:41] [Server thread/INFO] (Minecraft) <test-mock-player> shadow, use fireball
[13:22:41] [Server thread/INFO] (Minecraft) <test-mock-player> shadow, use flight
[13:22:41] [Server thread/INFO] (Minecraft) <test-mock-player> shadow, stop flight
[13:22:41] [Server thread/INFO] (Minecraft) <test-mock-player> shadow, use forcefield
[13:22:41] [Server thread/INFO] (Minecraft) <test-mock-player> shadow, stop forcefield
[13:22:41] [Server thread/INFO] (Minecraft) <test-mock-player> shadow, use gravity displacement
[13:22:41] [Server thread/INFO] (Minecraft) <test-mock-player> shadow, use ice manipulation
[13:22:41] [Server thread/INFO] (Minecraft) <test-mock-player> shadow, use invisibility
[13:22:41] [Server thread/INFO] (Minecraft) <test-mock-player> shadow, stop invisibility
[13:22:41] [Server thread/INFO] (Minecraft) <test-mock-player> shadow, use lightning strike
[13:22:41] [Server thread/INFO] (Minecraft) <test-mock-player> shadow, use nightfall dominion
[13:22:41] [Server thread/INFO] (Minecraft) <test-mock-player> shadow, stop nightfall dominion
[13:22:41] [Server thread/INFO] (Minecraft) <test-mock-player> shadow, use plant healing acceleration
[13:22:41] [Server thread/INFO] (Minecraft) <test-mock-player> shadow, use size shift
[13:22:41] [Server thread/INFO] (Minecraft) <test-mock-player> shadow, stop size shift
[13:22:41] [Server thread/INFO] (Minecraft) <test-mock-player> shadow, use speed burst
[13:22:41] [Server thread/INFO] (Minecraft) <test-mock-player> shadow, use starfall
[13:22:41] [Server thread/INFO] (Minecraft) <test-mock-player> shadow, use super speed
[13:22:41] [Server thread/INFO] (Minecraft) <test-mock-player> shadow, stop super speed
[13:22:41] [Server thread/INFO] (Minecraft) <test-mock-player> shadow, use telekinesis
[13:22:41] [Server thread/INFO] (Minecraft) <test-mock-player> shadow, use thunderclap
[13:22:41] [Server thread/INFO] (Minecraft) <test-mock-player> shadow, use time freeze
[13:22:41] [Server thread/INFO] (Minecraft) <test-mock-player> shadow, stop time freeze
[13:22:41] [Server thread/INFO] (Minecraft) <test-mock-player> shadow, use time shift
[13:22:41] [Server thread/INFO] (Minecraft) <test-mock-player> shadow, use vessel possession
[13:22:41] [Server thread/INFO] (Minecraft) <test-mock-player> shadow, use void beam
[13:22:41] [Server thread/INFO] (Minecraft) test-mock-player[embedded] logged in with entity id 1201 at (0.0, 0.0, 0.0)
[13:22:41] [Server thread/INFO] (Minecraft) [Dormant] test-mock-player joined the game
[13:22:41] [Server thread/INFO] (Minecraft) test-mock-player[embedded] logged in with entity id 1202 at (0.0, 0.0, 0.0)
[13:22:41] [Server thread/INFO] (Minecraft) [Dormant] test-mock-player joined the game
[13:22:41] [Server thread/INFO] (Minecraft) test-mock-player[embedded] logged in with entity id 1203 at (0.0, 0.0, 0.0)
[13:22:41] [Server thread/INFO] (Minecraft) [Dormant] test-mock-player joined the game
[13:22:41] [Server thread/INFO] (Minecraft) <test-mock-player> shadow, stay here
[13:22:41] [Server thread/INFO] (Minecraft) <test-mock-player> shadow, fight at far range
[13:22:41] [Server thread/INFO] (Minecraft) <test-mock-player> shadow, follow me
[13:22:41] [Server thread/INFO] (Minecraft) <test-mock-player> shadow, how does amethyst interfere with magic?
[13:22:41] [Server thread/INFO] (Minecraft) <test-mock-player> shadow, explain the darkness to me
[13:22:41] [Server thread/INFO] (Minecraft) <test-mock-player> shadow, use lightning strike
[13:22:41] [Server thread/INFO] (Minecraft) <test-mock-player> shadow, use energy beam
[13:22:41] [Server thread/INFO] (Minecraft) <test-mock-player> shadow, use lightning strike
[13:22:41] [Server thread/INFO] (Minecraft) <test-mock-player> shadow, use void beam
[13:22:41] [Server thread/INFO] (Minecraft) <test-mock-player> shadow, hide yourself
[13:22:41] [Server thread/INFO] (Minecraft) Named entity ShadowCompanionEntity['Shadow of test-mock-player'/1204, l='ServerLevel[Test Level]', x=11622240.25, y=41.00, z=4584443.75] died: Shadow of test-mock-player died
[13:22:41] [Server thread/INFO] (Minecraft) test-mock-player[embedded] logged in with entity id 1212 at (0.0, 0.0, 0.0)
[13:22:41] [Server thread/INFO] (Minecraft) [Dormant] test-mock-player joined the game
[13:22:41] [Server thread/INFO] (Minecraft) test-mock-player[embedded] logged in with entity id 1213 at (0.0, 0.0, 0.0)
[13:22:41] [Server thread/INFO] (Minecraft) [Dormant] test-mock-player joined the game
[13:22:41] [Server thread/INFO] (Minecraft) test-mock-player[embedded] logged in with entity id 1214 at (0.0, 0.0, 0.0)
[13:22:41] [Server thread/INFO] (Minecraft) [Dormant] test-mock-player joined the game
[13:22:41] [Server thread/INFO] (Minecraft) test-mock-player[embedded] logged in with entity id 1220 at (0.0, 0.0, 0.0)
[13:22:41] [Server thread/INFO] (Minecraft) [Dormant] test-mock-player joined the game
[13:22:41] [Server thread/INFO] (Minecraft) test-mock-player[embedded] logged in with entity id 1221 at (0.0, 0.0, 0.0)
[13:22:41] [Server thread/INFO] (Minecraft) [Dormant] test-mock-player joined the game
[13:22:41] [Server thread/INFO] (Minecraft) test-mock-player[embedded] logged in with entity id 1222 at (0.0, 0.0, 0.0)
[13:22:41] [Server thread/INFO] (Minecraft) [Dormant] test-mock-player joined the game
[13:22:41] [Server thread/INFO] (Minecraft) [+++++++++++++++++++++++++++++++++++++++++++++++++++++++++++++__++_+++++++___++++++_+_ +_++_+++++++++++++++__+++                    ]
[13:22:42] [Server thread/INFO] (Minecraft) [+++++++++++++++++++++++++++++++++++++++++++++++++++++++++++++__++_++++++++++++++++_+_ ++++++++++++++++++++__+++                    ]
[13:22:42] [Server thread/INFO] (Minecraft) [Dormant] test-mock-player has made the advancement [We Need to Go Deeper]
[13:22:42] [Server thread/INFO] (Minecraft) [+++++++++++++++++++++++++++++++++++++++++++++++++++++++++++++__++_++++++++++++++++_+_ ++++++++++++++++++++__+++                    ]
[13:22:43] [Server thread/INFO] (Minecraft) [+++++++++++++++++++++++++++++++++++++++++++++++++++++++++++++__+++++++++++++++++++++_ ++++++++++++++++++++__+++                    ]
[13:22:43] [Server thread/INFO] (Minecraft) [+++++++++++++++++++++++++++++++++++++++++++++++++++++++++++++__+++++++++++++++++++++_ ++++++++++++++++++++__+++                    ]
[13:22:43] [Server thread/ERROR] (Minecraft) powers-gametest:powers_game_tests_realm_crystal_carries_nearby_mob_and_persistent_shadow_then_returns_them failed at 11621543, -59, 4583473! Crystal did not move and track the nearby living mob on tick 100
[13:22:43] [Server thread/INFO] (Minecraft) [+++++++++++++++++++++++++++++++++++++++++++++++++++++++++++++_X++++++++++++++++++++++ ++++++++++++++++++++__+++                    ]
[13:22:43] [Server thread/INFO] (Minecraft) [+++++++++++++++++++++++++++++++++++++++++++++++++++++++++++++_X++++++++++++++++++++++ ++++++++++++++++++++__+++                    ]
[13:22:43] [Server thread/INFO] (Minecraft) [+++++++++++++++++++++++++++++++++++++++++++++++++++++++++++++_X++++++++++++++++++++++ ++++++++++++++++++++__+++                    ]
[13:22:44] [Server thread/INFO] (Minecraft) [++++++++++++++++++++++++++++++++++++++++++++++++++++++++++++++X++++++++++++++++++++++ ++++++++++++++++++++__+++                    ]
[13:22:44] [Server thread/INFO] (Minecraft) [++++++++++++++++++++++++++++++++++++++++++++++++++++++++++++++X++++++++++++++++++++++ ++++++++++++++++++++__+++                    ]
[13:22:44] [Server thread/INFO] (Minecraft) [++++++++++++++++++++++++++++++++++++++++++++++++++++++++++++++X++++++++++++++++++++++ ++++++++++++++++++++__+++                    ]
[13:22:44] [Server thread/INFO] (Minecraft) [++++++++++++++++++++++++++++++++++++++++++++++++++++++++++++++X++++++++++++++++++++++ ++++++++++++++++++++__+++                    ]
[13:22:44] [Server thread/INFO] (Minecraft) [++++++++++++++++++++++++++++++++++++++++++++++++++++++++++++++X++++++++++++++++++++++ ++++++++++++++++++++__+++                    ]
[13:22:45] [Server thread/INFO] (Minecraft) [++++++++++++++++++++++++++++++++++++++++++++++++++++++++++++++X++++++++++++++++++++++ ++++++++++++++++++++__+++                    ]
[13:22:45] [Server thread/INFO] (Minecraft) [++++++++++++++++++++++++++++++++++++++++++++++++++++++++++++++X++++++++++++++++++++++ ++++++++++++++++++++__+++                    ]
[13:22:45] [Server thread/INFO] (Minecraft) test-mock-player[embedded] logged in with entity id 2217 at (0.0, 0.0, 0.0)
[13:22:45] [Server thread/INFO] (Minecraft) [Dormant] test-mock-player joined the game
[13:22:45] [Server thread/INFO] (Minecraft) [++++++++++++++++++++++++++++++++++++++++++++++++++++++++++++++X++++++++++++++++++++++_++++++++++++++++++++__+++                    ]
[13:22:45] [Server thread/INFO] (Minecraft) [++++++++++++++++++++++++++++++++++++++++++++++++++++++++++++++X++++++++++++++++++++++_++++++++++++++++++++__+++                    ]
[13:22:45] [Server thread/INFO] (Minecraft) [++++++++++++++++++++++++++++++++++++++++++++++++++++++++++++++X++++++++++++++++++++++_++++++++++++++++++++__+++                    ]
[13:22:45] [Server thread/INFO] (Minecraft) [++++++++++++++++++++++++++++++++++++++++++++++++++++++++++++++X++++++++++++++++++++++_++++++++++++++++++++__+++                    ]
[13:22:45] [Server thread/INFO] (Minecraft) [++++++++++++++++++++++++++++++++++++++++++++++++++++++++++++++X++++++++++++++++++++++_++++++++++++++++++++__+++                    ]
[13:22:45] [Server thread/INFO] (Minecraft) [++++++++++++++++++++++++++++++++++++++++++++++++++++++++++++++X++++++++++++++++++++++_++++++++++++++++++++__+++                    ]
[13:22:45] [Server thread/INFO] (Minecraft) [++++++++++++++++++++++++++++++++++++++++++++++++++++++++++++++X++++++++++++++++++++++_++++++++++++++++++++__+++                    ]
[13:22:45] [Server thread/INFO] (Minecraft) [++++++++++++++++++++++++++++++++++++++++++++++++++++++++++++++X++++++++++++++++++++++_++++++++++++++++++++__+++                    ]
[13:22:45] [Server thread/INFO] (Minecraft) [++++++++++++++++++++++++++++++++++++++++++++++++++++++++++++++X++++++++++++++++++++++_++++++++++++++++++++__+++                    ]
[13:22:45] [Server thread/INFO] (Minecraft) [++++++++++++++++++++++++++++++++++++++++++++++++++++++++++++++X++++++++++++++++++++++_++++++++++++++++++++__+++                    ]
[13:22:46] [Server thread/INFO] (powers) powers_operator_audit action=catastrophic_ritual result=success actor=test-mock-player subject=world detail=begin
[13:22:46] [Server thread/INFO] (Minecraft) [++++++++++++++++++++++++++++++++++++++++++++++++++++++++++++++X++++++++++++++++++++++_++++++++++++++++++++__+++                    ]
[13:22:46] [Server thread/INFO] (Minecraft) [++++++++++++++++++++++++++++++++++++++++++++++++++++++++++++++X+++++++++++++++++++++++++++++++++++++++++++__+++                    ]
[13:22:46] [Server thread/INFO] (Minecraft) [++++++++++++++++++++++++++++++++++++++++++++++++++++++++++++++X+++++++++++++++++++++++++++++++++++++++++++__+++                    ]
[13:22:46] [Server thread/INFO] (Minecraft) [++++++++++++++++++++++++++++++++++++++++++++++++++++++++++++++X+++++++++++++++++++++++++++++++++++++++++++__+++                    ]
[13:22:46] [Server thread/INFO] (Minecraft) [++++++++++++++++++++++++++++++++++++++++++++++++++++++++++++++X+++++++++++++++++++++++++++++++++++++++++++__+++                    ]
[13:22:46] [Server thread/INFO] (Minecraft) [++++++++++++++++++++++++++++++++++++++++++++++++++++++++++++++X+++++++++++++++++++++++++++++++++++++++++++__+++                    ]
[13:22:46] [Server thread/INFO] (Minecraft) [++++++++++++++++++++++++++++++++++++++++++++++++++++++++++++++X+++++++++++++++++++++++++++++++++++++++++++__+++                    ]
[13:22:46] [Server thread/INFO] (Minecraft) [++++++++++++++++++++++++++++++++++++++++++++++++++++++++++++++X+++++++++++++++++++++++++++++++++++++++++++__+++                    ]
[13:22:46] [Server thread/INFO] (Minecraft) [++++++++++++++++++++++++++++++++++++++++++++++++++++++++++++++X+++++++++++++++++++++++++++++++++++++++++++__+++                    ]
[13:22:46] [Server thread/INFO] (Minecraft) [++++++++++++++++++++++++++++++++++++++++++++++++++++++++++++++X+++++++++++++++++++++++++++++++++++++++++++__+++                    ]
[13:22:46] [Server thread/INFO] (Minecraft) [++++++++++++++++++++++++++++++++++++++++++++++++++++++++++++++X+++++++++++++++++++++++++++++++++++++++++++__+++                    ]
[13:22:46] [Server thread/INFO] (Minecraft) [++++++++++++++++++++++++++++++++++++++++++++++++++++++++++++++X+++++++++++++++++++++++++++++++++++++++++++__+++                    ]
[13:22:47] [Server thread/INFO] (Minecraft) [++++++++++++++++++++++++++++++++++++++++++++++++++++++++++++++X+++++++++++++++++++++++++++++++++++++++++++__+++                    ]
[13:22:47] [Server thread/INFO] (Minecraft) [++++++++++++++++++++++++++++++++++++++++++++++++++++++++++++++X+++++++++++++++++++++++++++++++++++++++++++__+++                    ]
[13:22:47] [Server thread/INFO] (Minecraft) [++++++++++++++++++++++++++++++++++++++++++++++++++++++++++++++X+++++++++++++++++++++++++++++++++++++++++++__+++                    ]
[13:22:47] [Server thread/INFO] (Minecraft) [++++++++++++++++++++++++++++++++++++++++++++++++++++++++++++++X+++++++++++++++++++++++++++++++++++++++++++__+++                    ]
[13:22:47] [Server thread/INFO] (Minecraft) [++++++++++++++++++++++++++++++++++++++++++++++++++++++++++++++X+++++++++++++++++++++++++++++++++++++++++++__+++                    ]
[13:22:47] [Server thread/INFO] (Minecraft) [++++++++++++++++++++++++++++++++++++++++++++++++++++++++++++++X+++++++++++++++++++++++++++++++++++++++++++__+++                    ]
[13:22:47] [Server thread/INFO] (Minecraft) [++++++++++++++++++++++++++++++++++++++++++++++++++++++++++++++X+++++++++++++++++++++++++++++++++++++++++++__+++                    ]
[13:22:47] [Server thread/INFO] (Minecraft) [++++++++++++++++++++++++++++++++++++++++++++++++++++++++++++++X+++++++++++++++++++++++++++++++++++++++++++__+++                    ]
[13:22:47] [Server thread/INFO] (Minecraft) [++++++++++++++++++++++++++++++++++++++++++++++++++++++++++++++X+++++++++++++++++++++++++++++++++++++++++++__+++                    ]
[13:22:47] [Server thread/INFO] (Minecraft) [++++++++++++++++++++++++++++++++++++++++++++++++++++++++++++++X+++++++++++++++++++++++++++++++++++++++++++__+++                    ]
[13:22:47] [Server thread/INFO] (Minecraft) [++++++++++++++++++++++++++++++++++++++++++++++++++++++++++++++X+++++++++++++++++++++++++++++++++++++++++++__+++                    ]
[13:22:48] [Server thread/INFO] (Minecraft) [++++++++++++++++++++++++++++++++++++++++++++++++++++++++++++++X+++++++++++++++++++++++++++++++++++++++++++__+++                    ]
[13:22:48] [Server thread/INFO] (Minecraft) [++++++++++++++++++++++++++++++++++++++++++++++++++++++++++++++X+++++++++++++++++++++++++++++++++++++++++++__+++                    ]
[13:22:48] [Server thread/INFO] (Minecraft) [++++++++++++++++++++++++++++++++++++++++++++++++++++++++++++++X+++++++++++++++++++++++++++++++++++++++++++__+++                    ]
[13:22:48] [Server thread/INFO] (Minecraft) [++++++++++++++++++++++++++++++++++++++++++++++++++++++++++++++X+++++++++++++++++++++++++++++++++++++++++++__+++                    ]
[13:22:48] [Server thread/INFO] (Minecraft) [++++++++++++++++++++++++++++++++++++++++++++++++++++++++++++++X++++++++++++++++++++++++++++++++++++++++++++_+++                    ]
[13:22:48] [Server thread/INFO] (Minecraft) [++++++++++++++++++++++++++++++++++++++++++++++++++++++++++++++X++++++++++++++++++++++++++++++++++++++++++++_+++                    ]
[13:22:52] [Server thread/INFO] (Minecraft) Running test environment 'minecraft:default' batch 2 (8 tests)...
[13:22:53] [Server thread/INFO] (Minecraft) test-mock-player[embedded] logged in with entity id 2983 at (0.0, 0.0, 0.0)
[13:22:53] [Server thread/INFO] (Minecraft) [Dormant] test-mock-player joined the game
[13:22:53] [Server thread/INFO] (Minecraft) test-mock-player[embedded] logged in with entity id 2985 at (0.0, 0.0, 0.0)
[13:22:53] [Server thread/INFO] (Minecraft) [Dormant] test-mock-player joined the game
[13:22:53] [Server thread/INFO] (Minecraft) test-mock-player[embedded] logged in with entity id 2986 at (0.0, 0.0, 0.0)
[13:22:53] [Server thread/INFO] (Minecraft) [Dormant] test-mock-player joined the game
[13:22:53] [Server thread/INFO] (Minecraft) test-mock-player[embedded] logged in with entity id 2987 at (0.0, 0.0, 0.0)
[13:22:53] [Server thread/INFO] (Minecraft) [Dormant] test-mock-player joined the game
[13:22:53] [Server thread/INFO] (Minecraft) test-mock-player[embedded] logged in with entity id 2988 at (0.0, 0.0, 0.0)
[13:22:53] [Server thread/INFO] (Minecraft) [Dormant] test-mock-player joined the game
[13:22:53] [Server thread/INFO] (Minecraft) test-mock-player[embedded] logged in with entity id 2989 at (0.0, 0.0, 0.0)
[13:22:53] [Server thread/INFO] (Minecraft) [Dormant] test-mock-player joined the game
[13:22:53] [Server thread/INFO] (Minecraft) test-mock-player[embedded] logged in with entity id 2991 at (0.0, 0.0, 0.0)
[13:22:53] [Server thread/INFO] (Minecraft) [Dormant] test-mock-player joined the game
[13:22:53] [Server thread/INFO] (Minecraft) Loaded 1605 recipes
[13:22:53] [Server thread/INFO] (Minecraft) Loaded 1713 advancements
[13:22:53] [Server thread/INFO] (powers) Published action registry revision 7 with 110 canonical keys and 2 aliases
[13:22:53] [Server thread/INFO] (powers) Loaded 14 Shadow knowledge entries
[13:22:54] [Server thread/INFO] (Minecraft) Loaded 1605 recipes
[13:22:54] [Server thread/INFO] (Minecraft) Loaded 1713 advancements
[13:22:55] [Server thread/INFO] (Minecraft) [++++++++++++++++++++++++++++++++++++++++++++++++++++++++++++++X+++++++++++++++++++++++++++++++++++++++++++++++++_++++_+            ]
[13:22:55] [Server thread/INFO] (Minecraft) [++++++++++++++++++++++++++++++++++++++++++++++++++++++++++++++X+++++++++++++++++++++++++++++++++++++++++++++++++_++++_+            ]
[13:22:55] [Server thread/INFO] (Minecraft) [++++++++++++++++++++++++++++++++++++++++++++++++++++++++++++++X++++++++++++++++++++++++++++++++++++++++++++++++++++++_+            ]
[13:22:55] [Server thread/INFO] (Minecraft) Running test environment 'powers:ritual_isolated' batch 0 (1 tests)...
[13:22:55] [Server thread/INFO] (Minecraft) test-mock-player[embedded] logged in with entity id 3001 at (0.0, 0.0, 0.0)
[13:22:55] [Server thread/INFO] (Minecraft) [Dormant] test-mock-player joined the game
[13:22:55] [Server thread/INFO] (Minecraft) [++++++++++++++++++++++++++++++++++++++++++++++++++++++++++++++X++++++++++++++++++++++++++++++++++++++++++++++++++++++++_           ]
[13:22:55] [Server thread/INFO] (Minecraft) [++++++++++++++++++++++++++++++++++++++++++++++++++++++++++++++X++++++++++++++++++++++++++++++++++++++++++++++++++++++++_           ]
[13:22:55] [Server thread/INFO] (Minecraft) Running test environment 'powers:artifact_stale_cycle_isolated' batch 0 (1 tests)...
[13:22:56] [Server thread/INFO] (Minecraft) test-mock-player[embedded] logged in with entity id 3006 at (0.0, 0.0, 0.0)
[13:22:56] [Server thread/INFO] (Minecraft) [Dormant] test-mock-player joined the game
[13:22:56] [Server thread/INFO] (Minecraft) Running test environment 'powers:packet_fault_matrix_isolated' batch 0 (1 tests)...
[13:22:56] [Server thread/INFO] (Minecraft) test-mock-player[embedded] logged in with entity id 3007 at (0.0, 0.0, 0.0)
[13:22:56] [Server thread/INFO] (Minecraft) [Dormant] test-mock-player joined the game
[13:22:56] [Server thread/INFO] (Minecraft) test-mock-player[embedded] logged in with entity id 3008 at (0.0, 0.0, 0.0)
[13:22:56] [Server thread/INFO] (Minecraft) [Dormant] test-mock-player joined the game
[13:22:56] [Server thread/INFO] (Minecraft) test-mock-player[embedded] logged in with entity id 3009 at (0.0, 0.0, 0.0)
[13:22:56] [Server thread/INFO] (Minecraft) [Dormant] test-mock-player joined the game
[13:22:56] [Server thread/INFO] (Minecraft) test-mock-player[embedded] logged in with entity id 3010 at (0.0, 0.0, 0.0)
[13:22:56] [Server thread/INFO] (Minecraft) [Dormant] test-mock-player joined the game
[13:22:56] [Server thread/INFO] (Minecraft) test-mock-player[embedded] logged in with entity id 3011 at (0.0, 0.0, 0.0)
[13:22:56] [Server thread/INFO] (Minecraft) [Dormant] test-mock-player joined the game
[13:22:56] [Server thread/INFO] (Minecraft) test-mock-player[embedded] logged in with entity id 3012 at (0.0, 0.0, 0.0)
[13:22:56] [Server thread/INFO] (Minecraft) [Dormant] test-mock-player joined the game
[13:22:56] [Server thread/INFO] (Minecraft) [++++++++++++++++++++++++++++++++++++++++++++++++++++++++++++++X++++++++++++++++++++++++++++++++++++++++++++++++++++++++++_         ]
[13:22:56] [Server thread/INFO] (Minecraft) test-mock-player lost connection: QA-009 production matrix complete
[13:22:56] [Server thread/INFO] (Minecraft) [Dormant] test-mock-player left the game
[13:22:56] [Server thread/INFO] (Minecraft) test-mock-player lost connection: QA-009 production matrix complete
[13:22:56] [Server thread/INFO] (Minecraft) [Dormant] test-mock-player left the game
[13:22:56] [Server thread/INFO] (Minecraft) test-mock-player lost connection: QA-009 production matrix complete
[13:22:56] [Server thread/INFO] (Minecraft) [Dormant] test-mock-player left the game
[13:22:56] [Server thread/INFO] (Minecraft) test-mock-player lost connection: QA-009 production matrix complete
[13:22:56] [Server thread/INFO] (Minecraft) [Dormant] test-mock-player left the game
[13:22:56] [Server thread/INFO] (Minecraft) test-mock-player lost connection: QA-009 production matrix complete
[13:22:56] [Server thread/INFO] (Minecraft) [Dormant] test-mock-player left the game
[13:22:56] [Server thread/INFO] (Minecraft) test-mock-player lost connection: QA-009 production matrix complete
[13:22:56] [Server thread/INFO] (Minecraft) [Dormant] test-mock-player left the game
[13:22:56] [Server thread/INFO] (Minecraft) [STDOUT]: QA009_PRODUCTION_MATRIX profile=delay150 serverObservedByTicks=10 authoritative=selected outbound=power-state-91 offered=101 dropped=0 duplicated=0 delayed=101 reordered=99 delivered=2 expired=0 maxQueue=101 maxAgeTicks=4 duplicateSideEffects=0
[13:22:56] [Server thread/INFO] (Minecraft) [STDOUT]: QA009_PRODUCTION_MATRIX profile=delay300 serverObservedByTicks=10 authoritative=selected outbound=power-state-91 offered=101 dropped=0 duplicated=0 delayed=101 reordered=99 delivered=2 expired=0 maxQueue=101 maxAgeTicks=7 duplicateSideEffects=0
[13:22:56] [Server thread/INFO] (Minecraft) [STDOUT]: QA009_PRODUCTION_MATRIX profile=loss1 serverObservedByTicks=10 authoritative=selected outbound=power-state-91 offered=251 dropped=2 duplicated=0 delayed=0 reordered=247 delivered=2 expired=0 maxQueue=249 maxAgeTicks=3 duplicateSideEffects=0
[13:22:56] [Server thread/INFO] (Minecraft) [STDOUT]: QA009_PRODUCTION_MATRIX profile=loss5 serverObservedByTicks=10 authoritative=selected outbound=power-state-91 offered=251 dropped=12 duplicated=0 delayed=0 reordered=237 delivered=2 expired=0 maxQueue=239 maxAgeTicks=3 duplicateSideEffects=0
[13:22:56] [Server thread/INFO] (Minecraft) [STDOUT]: QA009_PRODUCTION_MATRIX profile=duplicate serverObservedByTicks=10 authoritative=selected outbound=power-state-91 offered=101 dropped=0 duplicated=101 delayed=0 reordered=198 delivered=2 expired=0 maxQueue=202 maxAgeTicks=3 duplicateSideEffects=0
[13:22:56] [Server thread/INFO] (Minecraft) [STDOUT]: QA009_PRODUCTION_MATRIX profile=reorder serverObservedByTicks=10 authoritative=selected outbound=power-state-91 offered=101 dropped=0 duplicated=0 delayed=68 reordered=99 delivered=2 expired=0 maxQueue=101 maxAgeTicks=2 duplicateSideEffects=0
[13:22:56] [Server thread/INFO] (Minecraft) Running test environment 'powers:artifact_authority_isolated' batch 0 (1 tests)...
[13:22:56] [Server thread/INFO] (Minecraft) test-mock-player[embedded] logged in with entity id 3013 at (0.0, 0.0, 0.0)
[13:22:56] [Server thread/INFO] (Minecraft) [Dormant] test-mock-player joined the game
[13:22:56] [Server thread/INFO] (Minecraft) [++++++++++++++++++++++++++++++++++++++++++++++++++++++++++++++X+++++++++++++++++++++++++++++++++++++++++++++++++++++++++++_        ]
[13:22:56] [Server thread/INFO] (Minecraft) Running test environment 'powers:artifact_recents_isolated' batch 0 (1 tests)...
[13:22:56] [Server thread/INFO] (Minecraft) test-mock-player[embedded] logged in with entity id 3015 at (0.0, 0.0, 0.0)
[13:22:56] [Server thread/INFO] (Minecraft) [Dormant] test-mock-player joined the game
[13:22:56] [Server thread/INFO] (Minecraft) Running test environment 'powers:crystal_invalidation_isolated' batch 0 (1 tests)...
[13:22:56] [Server thread/INFO] (Minecraft) [++++++++++++++++++++++++++++++++++++++++++++++++++++++++++++++X+++++++++++++++++++++++++++++++++++++++++++++++++++++++++++++       ]
[13:22:56] [Server thread/INFO] (Minecraft) test-mock-player[embedded] logged in with entity id 3017 at (0.0, 0.0, 0.0)
[13:22:56] [Server thread/INFO] (Minecraft) [Dormant] test-mock-player joined the game
[13:22:56] [Server thread/INFO] (Minecraft) Running test environment 'powers:fx_lod_isolated' batch 0 (1 tests)...
[13:22:56] [Server thread/INFO] (Minecraft) test-mock-player[embedded] logged in with entity id 3019 at (0.0, 0.0, 0.0)
[13:22:56] [Server thread/INFO] (Minecraft) [Dormant] test-mock-player joined the game
[13:22:56] [Server thread/INFO] (Minecraft) test-mock-player[embedded] logged in with entity id 3020 at (0.0, 0.0, 0.0)
[13:22:56] [Server thread/INFO] (Minecraft) [Dormant] test-mock-player joined the game
[13:22:56] [Server thread/INFO] (Minecraft) test-mock-player[embedded] logged in with entity id 3021 at (0.0, 0.0, 0.0)
[13:22:56] [Server thread/INFO] (Minecraft) [Dormant] test-mock-player joined the game
[13:22:56] [Server thread/INFO] (Minecraft) Running test environment 'powers:packet_fault_isolated' batch 0 (4 tests)...
[13:22:56] [Server thread/INFO] (Minecraft) test-mock-player[embedded] logged in with entity id 3022 at (0.0, 0.0, 0.0)
[13:22:56] [Server thread/INFO] (Minecraft) [Dormant] test-mock-player joined the game
[13:22:56] [Server thread/INFO] (Minecraft) [++++++++++++++++++++++++++++++++++++++++++++++++++++++++++++++X++++++++++++++++++++++++++++++++++++++++++++++++++++++++++++++++++_ ]
[13:22:56] [Server thread/INFO] (Minecraft) [++++++++++++++++++++++++++++++++++++++++++++++++++++++++++++++X++++++++++++++++++++++++++++++++++++++++++++++++++++++++++++++++++_ ]
[13:22:56] [Server thread/INFO] (Minecraft) [++++++++++++++++++++++++++++++++++++++++++++++++++++++++++++++X++++++++++++++++++++++++++++++++++++++++++++++++++++++++++++++++++_ ]
[13:22:56] [Server thread/INFO] (Minecraft) test-mock-player[embedded] logged in with entity id 3065 at (0.0, 0.0, 0.0)
[13:22:56] [Server thread/INFO] (Minecraft) [Dormant] test-mock-player joined the game
[13:22:56] [Server thread/INFO] (Minecraft) test-mock-player[embedded] logged in with entity id 3070 at (0.0, 0.0, 0.0)
[13:22:56] [Server thread/INFO] (Minecraft) [Dormant] test-mock-player joined the game
[13:22:56] [Server thread/INFO] (Minecraft) [++++++++++++++++++++++++++++++++++++++++++++++++++++++++++++++X++++++++++++++++++++++++++++++++++++++++++++++++++++++++++++++++++_ ]
[13:22:56] [Server thread/INFO] (Minecraft) [Dormant] test-mock-player has made the advancement [We Need to Go Deeper]
[13:22:56] [Server thread/INFO] (Minecraft) test-mock-player[embedded] logged in with entity id 3094 at (0.0, 0.0, 0.0)
[13:22:56] [Server thread/INFO] (Minecraft) [Dormant] test-mock-player joined the game
[13:22:56] [Server thread/INFO] (Minecraft) test-mock-player[embedded] logged in with entity id 3099 at (0.0, 0.0, 0.0)
[13:22:56] [Server thread/INFO] (Minecraft) [Dormant] test-mock-player joined the game
[13:22:57] [Server thread/INFO] (Minecraft) test-mock-player lost connection: QA-009 disconnect lifecycle
[13:22:57] [Server thread/INFO] (Minecraft) [Dormant] test-mock-player left the game
[13:22:57] [Server thread/INFO] (Minecraft) test-mock-player[embedded] logged in with entity id 3104 at (0.0, 0.0, 0.0)
[13:22:57] [Server thread/INFO] (Minecraft) [Dormant] test-mock-player joined the game
[13:22:57] [Server thread/INFO] (Minecraft) [++++++++++++++++++++++++++++++++++++++++++++++++++++++++++++++X++++++++++++++++++++++++++++++++++++++++++++++++++++++++++++++++++_ ]
[13:22:57] [Server thread/INFO] (Minecraft) [++++++++++++++++++++++++++++++++++++++++++++++++++++++++++++++X++++++++++++++++++++++++++++++++++++++++++++++++++++++++++++++++++_ ]
[13:22:57] [Server thread/INFO] (Minecraft) [++++++++++++++++++++++++++++++++++++++++++++++++++++++++++++++X++++++++++++++++++++++++++++++++++++++++++++++++++++++++++++++++++_ ]
[13:22:57] [Server thread/INFO] (Minecraft) [++++++++++++++++++++++++++++++++++++++++++++++++++++++++++++++X++++++++++++++++++++++++++++++++++++++++++++++++++++++++++++++++++_ ]
[13:22:57] [Server thread/INFO] (Minecraft) [++++++++++++++++++++++++++++++++++++++++++++++++++++++++++++++X++++++++++++++++++++++++++++++++++++++++++++++++++++++++++++++++++_ ]
[13:22:57] [Server thread/INFO] (Minecraft) [++++++++++++++++++++++++++++++++++++++++++++++++++++++++++++++X++++++++++++++++++++++++++++++++++++++++++++++++++++++++++++++++++_ ]
[13:22:57] [Server thread/INFO] (Minecraft) [++++++++++++++++++++++++++++++++++++++++++++++++++++++++++++++X++++++++++++++++++++++++++++++++++++++++++++++++++++++++++++++++++_ ]
[13:22:57] [Server thread/INFO] (Minecraft) [++++++++++++++++++++++++++++++++++++++++++++++++++++++++++++++X++++++++++++++++++++++++++++++++++++++++++++++++++++++++++++++++++_ ]
[13:22:57] [Server thread/INFO] (Minecraft) [++++++++++++++++++++++++++++++++++++++++++++++++++++++++++++++X++++++++++++++++++++++++++++++++++++++++++++++++++++++++++++++++++_ ]
[13:22:57] [Server thread/INFO] (Minecraft) [++++++++++++++++++++++++++++++++++++++++++++++++++++++++++++++X++++++++++++++++++++++++++++++++++++++++++++++++++++++++++++++++++_ ]
[13:22:57] [Server thread/INFO] (Minecraft) [++++++++++++++++++++++++++++++++++++++++++++++++++++++++++++++X++++++++++++++++++++++++++++++++++++++++++++++++++++++++++++++++++_ ]
[13:22:58] [Server thread/INFO] (Minecraft) [++++++++++++++++++++++++++++++++++++++++++++++++++++++++++++++X++++++++++++++++++++++++++++++++++++++++++++++++++++++++++++++++++_ ]
[13:22:58] [Server thread/INFO] (Minecraft) [++++++++++++++++++++++++++++++++++++++++++++++++++++++++++++++X++++++++++++++++++++++++++++++++++++++++++++++++++++++++++++++++++_ ]
[13:22:58] [Server thread/INFO] (Minecraft) [++++++++++++++++++++++++++++++++++++++++++++++++++++++++++++++X++++++++++++++++++++++++++++++++++++++++++++++++++++++++++++++++++_ ]
[13:22:58] [Server thread/INFO] (Minecraft) [++++++++++++++++++++++++++++++++++++++++++++++++++++++++++++++X++++++++++++++++++++++++++++++++++++++++++++++++++++++++++++++++++_ ]
[13:22:58] [Server thread/INFO] (Minecraft) [++++++++++++++++++++++++++++++++++++++++++++++++++++++++++++++X++++++++++++++++++++++++++++++++++++++++++++++++++++++++++++++++++_ ]
[13:22:58] [Server thread/INFO] (Minecraft) [++++++++++++++++++++++++++++++++++++++++++++++++++++++++++++++X++++++++++++++++++++++++++++++++++++++++++++++++++++++++++++++++++_ ]
[13:22:58] [Server thread/INFO] (Minecraft) [++++++++++++++++++++++++++++++++++++++++++++++++++++++++++++++X++++++++++++++++++++++++++++++++++++++++++++++++++++++++++++++++++_ ]
[13:22:58] [Server thread/INFO] (Minecraft) [++++++++++++++++++++++++++++++++++++++++++++++++++++++++++++++X++++++++++++++++++++++++++++++++++++++++++++++++++++++++++++++++++_ ]
[13:22:58] [Server thread/INFO] (Minecraft) [++++++++++++++++++++++++++++++++++++++++++++++++++++++++++++++X++++++++++++++++++++++++++++++++++++++++++++++++++++++++++++++++++_ ]
[13:22:58] [Server thread/INFO] (Minecraft) [++++++++++++++++++++++++++++++++++++++++++++++++++++++++++++++X++++++++++++++++++++++++++++++++++++++++++++++++++++++++++++++++++_ ]
[13:22:58] [Server thread/INFO] (Minecraft) [++++++++++++++++++++++++++++++++++++++++++++++++++++++++++++++X++++++++++++++++++++++++++++++++++++++++++++++++++++++++++++++++++_ ]
[13:22:58] [Server thread/INFO] (Minecraft) [++++++++++++++++++++++++++++++++++++++++++++++++++++++++++++++X++++++++++++++++++++++++++++++++++++++++++++++++++++++++++++++++++_ ]
[13:22:59] [Server thread/INFO] (Minecraft) [++++++++++++++++++++++++++++++++++++++++++++++++++++++++++++++X++++++++++++++++++++++++++++++++++++++++++++++++++++++++++++++++++_ ]
[13:22:59] [Server thread/INFO] (Minecraft) [++++++++++++++++++++++++++++++++++++++++++++++++++++++++++++++X++++++++++++++++++++++++++++++++++++++++++++++++++++++++++++++++++_ ]
[13:22:59] [Server thread/INFO] (Minecraft) [++++++++++++++++++++++++++++++++++++++++++++++++++++++++++++++X++++++++++++++++++++++++++++++++++++++++++++++++++++++++++++++++++_ ]
[13:22:59] [Server thread/INFO] (Minecraft) [++++++++++++++++++++++++++++++++++++++++++++++++++++++++++++++X++++++++++++++++++++++++++++++++++++++++++++++++++++++++++++++++++_ ]
[13:22:59] [Server thread/INFO] (Minecraft) [++++++++++++++++++++++++++++++++++++++++++++++++++++++++++++++X++++++++++++++++++++++++++++++++++++++++++++++++++++++++++++++++++_ ]
[13:22:59] [Server thread/INFO] (Minecraft) [++++++++++++++++++++++++++++++++++++++++++++++++++++++++++++++X++++++++++++++++++++++++++++++++++++++++++++++++++++++++++++++++++_ ]
[13:22:59] [Server thread/INFO] (Minecraft) [++++++++++++++++++++++++++++++++++++++++++++++++++++++++++++++X++++++++++++++++++++++++++++++++++++++++++++++++++++++++++++++++++_ ]
[13:22:59] [Server thread/INFO] (Minecraft) Running test environment 'powers:invasion_isolated' batch 0 (1 tests)...
[13:22:59] [Server thread/INFO] (Minecraft) [++++++++++++++++++++++++++++++++++++++++++++++++++++++++++++++X+++++++++++++++++++++++++++++++++++++++++++++++++++++++++++++++++++ ]
[13:22:59] [Server thread/INFO] (Minecraft) test-mock-player[embedded] logged in with entity id 3242 at (0.0, 0.0, 0.0)
[13:22:59] [Server thread/INFO] (Minecraft) [Dormant] test-mock-player joined the game
[13:22:59] [Server thread/INFO] (Minecraft) [++++++++++++++++++++++++++++++++++++++++++++++++++++++++++++++X+++++++++++++++++++++++++++++++++++++++++++++++++++++++++++++++++++_]
[13:22:59] [Server thread/INFO] (Minecraft) [++++++++++++++++++++++++++++++++++++++++++++++++++++++++++++++X+++++++++++++++++++++++++++++++++++++++++++++++++++++++++++++++++++_]
[13:22:59] [Server thread/INFO] (Minecraft) [++++++++++++++++++++++++++++++++++++++++++++++++++++++++++++++X+++++++++++++++++++++++++++++++++++++++++++++++++++++++++++++++++++_]
[13:22:59] [Server thread/INFO] (Minecraft) [++++++++++++++++++++++++++++++++++++++++++++++++++++++++++++++X+++++++++++++++++++++++++++++++++++++++++++++++++++++++++++++++++++_]
[13:23:00] [Server thread/INFO] (Minecraft) [++++++++++++++++++++++++++++++++++++++++++++++++++++++++++++++X+++++++++++++++++++++++++++++++++++++++++++++++++++++++++++++++++++_]
[13:23:00] [Server thread/INFO] (Minecraft) [++++++++++++++++++++++++++++++++++++++++++++++++++++++++++++++X+++++++++++++++++++++++++++++++++++++++++++++++++++++++++++++++++++_]
[13:23:00] [Server thread/INFO] (Minecraft) [++++++++++++++++++++++++++++++++++++++++++++++++++++++++++++++X+++++++++++++++++++++++++++++++++++++++++++++++++++++++++++++++++++_]
[13:23:00] [Server thread/INFO] (Minecraft) [++++++++++++++++++++++++++++++++++++++++++++++++++++++++++++++X+++++++++++++++++++++++++++++++++++++++++++++++++++++++++++++++++++_]
[13:23:00] [Server thread/INFO] (Minecraft) [++++++++++++++++++++++++++++++++++++++++++++++++++++++++++++++X+++++++++++++++++++++++++++++++++++++++++++++++++++++++++++++++++++_]
[13:23:00] [Server thread/INFO] (Minecraft) [++++++++++++++++++++++++++++++++++++++++++++++++++++++++++++++X+++++++++++++++++++++++++++++++++++++++++++++++++++++++++++++++++++_]
[13:23:00] [Server thread/INFO] (Minecraft) [++++++++++++++++++++++++++++++++++++++++++++++++++++++++++++++X+++++++++++++++++++++++++++++++++++++++++++++++++++++++++++++++++++_]
[13:23:00] [Server thread/INFO] (Minecraft) [++++++++++++++++++++++++++++++++++++++++++++++++++++++++++++++X+++++++++++++++++++++++++++++++++++++++++++++++++++++++++++++++++++_]
[13:23:00] [Server thread/INFO] (Minecraft) [++++++++++++++++++++++++++++++++++++++++++++++++++++++++++++++X+++++++++++++++++++++++++++++++++++++++++++++++++++++++++++++++++++_]
[13:23:00] [Server thread/INFO] (Minecraft) [++++++++++++++++++++++++++++++++++++++++++++++++++++++++++++++X+++++++++++++++++++++++++++++++++++++++++++++++++++++++++++++++++++_]
[13:23:00] [Server thread/INFO] (Minecraft) [++++++++++++++++++++++++++++++++++++++++++++++++++++++++++++++X+++++++++++++++++++++++++++++++++++++++++++++++++++++++++++++++++++_]
[13:23:00] [Server thread/INFO] (Minecraft) [++++++++++++++++++++++++++++++++++++++++++++++++++++++++++++++X+++++++++++++++++++++++++++++++++++++++++++++++++++++++++++++++++++_]
[13:23:00] [Server thread/INFO] (Minecraft) [++++++++++++++++++++++++++++++++++++++++++++++++++++++++++++++X+++++++++++++++++++++++++++++++++++++++++++++++++++++++++++++++++++_]
[13:23:01] [Server thread/INFO] (Minecraft) [++++++++++++++++++++++++++++++++++++++++++++++++++++++++++++++X+++++++++++++++++++++++++++++++++++++++++++++++++++++++++++++++++++_]
[13:23:01] [Server thread/INFO] (Minecraft) [++++++++++++++++++++++++++++++++++++++++++++++++++++++++++++++X+++++++++++++++++++++++++++++++++++++++++++++++++++++++++++++++++++_]
[13:23:01] [Server thread/INFO] (Minecraft) [++++++++++++++++++++++++++++++++++++++++++++++++++++++++++++++X+++++++++++++++++++++++++++++++++++++++++++++++++++++++++++++++++++_]
[13:23:01] [Server thread/INFO] (Minecraft) [++++++++++++++++++++++++++++++++++++++++++++++++++++++++++++++X+++++++++++++++++++++++++++++++++++++++++++++++++++++++++++++++++++_]
[13:23:01] [Server thread/ERROR] (Minecraft) powers-gametest:living_force_game_tests_opposed_living_force_opens_abounded_faction_invasion failed at 11621483, -59, 4584896! Nearby Darkness never manifested a Hollowed patrol on tick 420
[13:23:01] [Server thread/INFO] (Minecraft) [++++++++++++++++++++++++++++++++++++++++++++++++++++++++++++++X+++++++++++++++++++++++++++++++++++++++++++++++++++++++++++++++++++X]
[13:23:01] [Server thread/INFO] (Minecraft) ========= 131 GAME TESTS COMPLETE IN 1.266 min ======================
[13:23:01] [Server thread/INFO] (Minecraft) 2 required tests failed :(
[13:23:01] [Server thread/INFO] (Minecraft)    - powers-gametest:powers_game_tests_realm_crystal_carries_nearby_mob_and_persistent_shadow_then_returns_them: Crystal did not move and track the nearby living mob on tick 100
[13:23:01] [Server thread/INFO] (Minecraft)    - powers-gametest:living_force_game_tests_opposed_living_force_opens_abounded_faction_invasion: Nearby Darkness never manifested a Hollowed patrol on tick 420
[13:23:01] [Server thread/INFO] (Minecraft) ====================================================
[13:23:01] [Server thread/INFO] (Minecraft) Stopping server
[13:23:01] [Server thread/INFO] (Minecraft) Saving players
[13:23:01] [Server thread/INFO] (Minecraft) test-mock-player lost connection: Server closed
[13:23:01] [Server thread/INFO] (Minecraft) [Dormant] test-mock-player left the game
[13:23:01] [Server thread/INFO] (Minecraft) test-mock-player lost connection: Server closed
[13:23:01] [Server thread/INFO] (Minecraft) [Dormant] test-mock-player left the game
[13:23:01] [Server thread/INFO] (Minecraft) test-mock-player lost connection: Server closed
[13:23:01] [Server thread/INFO] (Minecraft) [Dormant] test-mock-player left the game
[13:23:01] [Server thread/INFO] (Minecraft) test-mock-player lost connection: Server closed
[13:23:01] [Server thread/INFO] (Minecraft) [Unmarked] test-mock-player left the game
[13:23:01] [Server thread/INFO] (Minecraft) test-mock-player lost connection: Server closed
[13:23:01] [Server thread/INFO] (Minecraft) [Dormant] test-mock-player left the game
[13:23:01] [Server thread/INFO] (Minecraft) test-mock-player lost connection: Server closed
[13:23:01] [Server thread/INFO] (Minecraft) [Nightfall] test-mock-player left the game
[13:23:01] [Server thread/INFO] (Minecraft) test-mock-player lost connection: Server closed
[13:23:01] [Server thread/INFO] (Minecraft) [Dormant] test-mock-player left the game
[13:23:01] [Server thread/INFO] (Minecraft) test-mock-player lost connection: Server closed
[13:23:01] [Server thread/INFO] (Minecraft) [Dormant] test-mock-player left the game
[13:23:01] [Server thread/INFO] (Minecraft) test-mock-player lost connection: Server closed
[13:23:01] [Server thread/INFO] (Minecraft) [Dormant] test-mock-player left the game
[13:23:01] [Server thread/INFO] (Minecraft) test-mock-player lost connection: Server closed
[13:23:01] [Server thread/INFO] (Minecraft) [Dormant] test-mock-player left the game
[13:23:01] [Server thread/INFO] (Minecraft) test-mock-player lost connection: Server closed
[13:23:01] [Server thread/INFO] (Minecraft) [Unmarked] test-mock-player left the game
[13:23:01] [Server thread/INFO] (Minecraft) test-mock-player lost connection: Server closed
[13:23:01] [Server thread/INFO] (Minecraft) [Dormant] test-mock-player left the game
[13:23:01] [Server thread/INFO] (Minecraft) test-mock-player lost connection: Server closed
[13:23:01] [Server thread/INFO] (Minecraft) [Dormant] test-mock-player left the game
[13:23:01] [Server thread/INFO] (Minecraft) test-mock-player lost connection: Server closed
[13:23:01] [Server thread/INFO] (Minecraft) [Dormant] test-mock-player left the game
[13:23:01] [Server thread/INFO] (Minecraft) test-mock-player lost connection: Server closed
[13:23:01] [Server thread/INFO] (Minecraft) [Dormant] test-mock-player left the game
[13:23:01] [Server thread/INFO] (Minecraft) test-mock-player lost connection: Server closed
[13:23:01] [Server thread/INFO] (Minecraft) [Nightfall] test-mock-player left the game
[13:23:01] [Server thread/INFO] (Minecraft) test-mock-player lost connection: Server closed
[13:23:01] [Server thread/INFO] (Minecraft) [Dormant] test-mock-player left the game
[13:23:01] [Server thread/INFO] (Minecraft) test-mock-player lost connection: Server closed
[13:23:01] [Server thread/INFO] (Minecraft) [Dormant] test-mock-player left the game
[13:23:01] [Server thread/INFO] (Minecraft) test-mock-player lost connection: Server closed
[13:23:01] [Server thread/INFO] (Minecraft) [Dormant] test-mock-player left the game
[13:23:01] [Server thread/INFO] (Minecraft) test-mock-player lost connection: Server closed
[13:23:01] [Server thread/INFO] (Minecraft) [Dormant] test-mock-player left the game
[13:23:01] [Server thread/INFO] (Minecraft) test-mock-player lost connection: Server closed
[13:23:01] [Server thread/INFO] (Minecraft) [Dormant] test-mock-player left the game
[13:23:01] [Server thread/INFO] (Minecraft) test-mock-player lost connection: Server closed
[13:23:01] [Server thread/INFO] (Minecraft) [Nightfall] test-mock-player left the game
[13:23:01] [Server thread/INFO] (Minecraft) test-mock-player lost connection: Server closed
[13:23:01] [Server thread/INFO] (Minecraft) [Dormant] test-mock-player left the game
[13:23:01] [Server thread/INFO] (Minecraft) test-mock-player lost connection: Server closed
[13:23:01] [Server thread/INFO] (Minecraft) [Dormant] test-mock-player left the game
[13:23:01] [Server thread/INFO] (Minecraft) test-mock-player lost connection: Server closed
[13:23:01] [Server thread/INFO] (Minecraft) [Dormant] test-mock-player left the game
[13:23:01] [Server thread/INFO] (Minecraft) test-mock-player lost connection: Server closed
[13:23:01] [Server thread/INFO] (Minecraft) [Dormant] test-mock-player left the game
[13:23:01] [Server thread/INFO] (Minecraft) test-mock-player lost connection: Server closed
[13:23:01] [Server thread/INFO] (Minecraft) [Dormant] test-mock-player left the game
[13:23:01] [Server thread/INFO] (Minecraft) test-mock-player lost connection: Server closed
[13:23:01] [Server thread/INFO] (Minecraft) [Dormant] test-mock-player left the game
[13:23:01] [Server thread/INFO] (Minecraft) test-mock-player lost connection: Server closed
[13:23:01] [Server thread/INFO] (Minecraft) [Dormant] test-mock-player left the game
[13:23:01] [Server thread/INFO] (Minecraft) test-mock-player lost connection: Server closed
[13:23:01] [Server thread/INFO] (Minecraft) [Dormant] test-mock-player left the game
[13:23:01] [Server thread/INFO] (Minecraft) test-mock-player lost connection: Server closed
[13:23:01] [Server thread/INFO] (Minecraft) [Dormant] test-mock-player left the game
[13:23:01] [Server thread/INFO] (Minecraft) test-mock-player lost connection: Server closed
[13:23:01] [Server thread/INFO] (Minecraft) [Dormant] test-mock-player left the game
[13:23:01] [Server thread/INFO] (Minecraft) test-mock-player lost connection: Server closed
[13:23:01] [Server thread/INFO] (Minecraft) [Dormant] test-mock-player left the game
[13:23:01] [Server thread/INFO] (Minecraft) test-mock-player lost connection: Server closed
[13:23:01] [Server thread/INFO] (Minecraft) [Dormant] test-mock-player left the game
[13:23:01] [Server thread/INFO] (Minecraft) test-mock-player lost connection: Server closed
[13:23:01] [Server thread/INFO] (Minecraft) [Dormant] test-mock-player left the game
[13:23:01] [Server thread/INFO] (Minecraft) test-mock-player lost connection: Server closed
[13:23:01] [Server thread/INFO] (Minecraft) [Dormant] test-mock-player left the game
[13:23:01] [Server thread/INFO] (Minecraft) test-mock-player lost connection: Server closed
[13:23:01] [Server thread/INFO] (Minecraft) [Dormant] test-mock-player left the game
[13:23:01] [Server thread/INFO] (Minecraft) test-mock-player lost connection: Server closed
[13:23:01] [Server thread/INFO] (Minecraft) [Dormant] test-mock-player left the game
[13:23:01] [Server thread/INFO] (Minecraft) test-mock-player lost connection: Server closed
[13:23:01] [Server thread/INFO] (Minecraft) [Dormant] test-mock-player left the game
[13:23:01] [Server thread/INFO] (Minecraft) test-mock-player lost connection: Server closed
[13:23:01] [Server thread/INFO] (Minecraft) [Dormant] test-mock-player left the game
[13:23:01] [Server thread/INFO] (Minecraft) test-mock-player lost connection: Server closed
[13:23:01] [Server thread/INFO] (Minecraft) [Dormant] test-mock-player left the game
[13:23:01] [Server thread/INFO] (Minecraft) test-mock-player lost connection: Server closed
[13:23:01] [Server thread/INFO] (Minecraft) [Dormant] test-mock-player left the game
[13:23:01] [Server thread/INFO] (Minecraft) test-mock-player lost connection: Server closed
[13:23:01] [Server thread/INFO] (Minecraft) [Dormant] test-mock-player left the game
[13:23:01] [Server thread/INFO] (Minecraft) test-mock-player lost connection: Server closed
[13:23:01] [Server thread/INFO] (Minecraft) [Dormant] test-mock-player left the game
[13:23:01] [Server thread/INFO] (Minecraft) test-mock-player lost connection: Server closed
[13:23:01] [Server thread/INFO] (Minecraft) [Dormant] test-mock-player left the game
[13:23:01] [Server thread/INFO] (Minecraft) test-mock-player lost connection: Server closed
[13:23:01] [Server thread/INFO] (Minecraft) [Dormant] test-mock-player left the game
[13:23:01] [Server thread/INFO] (Minecraft) test-mock-player lost connection: Server closed
[13:23:01] [Server thread/INFO] (Minecraft) [Dormant] test-mock-player left the game
[13:23:01] [Server thread/INFO] (Minecraft) test-mock-player lost connection: Server closed
[13:23:01] [Server thread/INFO] (Minecraft) [Dormant] test-mock-player left the game
[13:23:01] [Server thread/INFO] (Minecraft) test-mock-player lost connection: Server closed
[13:23:01] [Server thread/INFO] (Minecraft) [Dormant] test-mock-player left the game
[13:23:01] [Server thread/INFO] (Minecraft) test-mock-player lost connection: Server closed
[13:23:01] [Server thread/INFO] (Minecraft) [Dormant] test-mock-player left the game
[13:23:01] [Server thread/INFO] (Minecraft) test-mock-player lost connection: Server closed
[13:23:01] [Server thread/INFO] (Minecraft) [Unmarked] test-mock-player left the game
[13:23:01] [Server thread/INFO] (Minecraft) test-mock-player lost connection: Server closed
[13:23:01] [Server thread/INFO] (Minecraft) [Unmarked] test-mock-player left the game
[13:23:01] [Server thread/INFO] (Minecraft) test-mock-player lost connection: Server closed
[13:23:01] [Server thread/INFO] (Minecraft) [Unmarked] test-mock-player left the game
[13:23:01] [Server thread/INFO] (Minecraft) test-mock-player lost connection: Server closed
[13:23:01] [Server thread/INFO] (Minecraft) [Dormant] test-mock-player left the game
[13:23:01] [Server thread/INFO] (Minecraft) test-mock-player lost connection: Server closed
[13:23:01] [Server thread/INFO] (Minecraft) [Dormant] test-mock-player left the game
[13:23:01] [Server thread/INFO] (Minecraft) test-mock-player lost connection: Server closed
[13:23:01] [Server thread/INFO] (Minecraft) [Dormant] test-mock-player left the game
[13:23:01] [Server thread/INFO] (Minecraft) test-mock-player lost connection: Server closed
[13:23:01] [Server thread/INFO] (Minecraft) [Dormant] test-mock-player left the game
[13:23:01] [Server thread/INFO] (Minecraft) test-mock-player lost connection: Server closed
[13:23:01] [Server thread/INFO] (Minecraft) [Dormant] test-mock-player left the game
[13:23:01] [Server thread/INFO] (Minecraft) test-mock-player lost connection: Server closed
[13:23:01] [Server thread/INFO] (Minecraft) [Dormant] test-mock-player left the game
[13:23:01] [Server thread/INFO] (Minecraft) test-mock-player lost connection: Server closed
[13:23:01] [Server thread/INFO] (Minecraft) [Dormant] test-mock-player left the game
[13:23:01] [Server thread/INFO] (Minecraft) test-mock-player lost connection: Server closed
[13:23:01] [Server thread/INFO] (Minecraft) [Nightfall] test-mock-player left the game
[13:23:01] [Server thread/INFO] (Minecraft) test-mock-player lost connection: Server closed
[13:23:01] [Server thread/INFO] (Minecraft) [Dormant] test-mock-player left the game
[13:23:01] [Server thread/INFO] (Minecraft) test-mock-player lost connection: Server closed
[13:23:01] [Server thread/INFO] (Minecraft) [Dormant] test-mock-player left the game
[13:23:01] [Server thread/INFO] (Minecraft) test-mock-player lost connection: Server closed
[13:23:01] [Server thread/INFO] (Minecraft) [Nightfall] test-mock-player left the game
[13:23:01] [Server thread/INFO] (Minecraft) test-mock-player lost connection: Server closed
[13:23:01] [Server thread/INFO] (Minecraft) [Dormant] test-mock-player left the game
[13:23:01] [Server thread/INFO] (Minecraft) test-mock-player lost connection: Server closed
[13:23:01] [Server thread/INFO] (Minecraft) [Dormant] test-mock-player left the game
[13:23:01] [Server thread/INFO] (Minecraft) Saving worlds
[13:23:02] [Server thread/INFO] (Minecraft) Saving chunks for level 'ServerLevel[Test Level]'/minecraft:overworld
[13:23:03] [Server thread/INFO] (Minecraft) Saving chunks for level 'ServerLevel[Test Level]'/qa010_hostile:synthetic
[13:23:03] [Server thread/INFO] (Minecraft) Saving chunks for level 'ServerLevel[Test Level]'/powers:dark_realm
[13:23:03] [Server thread/INFO] (Minecraft) Saving chunks for level 'ServerLevel[Test Level]'/minecraft:the_end
[13:23:03] [Server thread/INFO] (Minecraft) Saving chunks for level 'ServerLevel[Test Level]'/powers:light_realm
[13:23:03] [Server thread/INFO] (Minecraft) Saving chunks for level 'ServerLevel[Test Level]'/minecraft:the_nether
[13:23:03] [Server thread/INFO] (Minecraft) ThreadedAnvilChunkStorage (world): All chunks are saved
[13:23:03] [Server thread/INFO] (Minecraft) ThreadedAnvilChunkStorage (synthetic): All chunks are saved
[13:23:03] [Server thread/INFO] (Minecraft) ThreadedAnvilChunkStorage (dark_realm): All chunks are saved
[13:23:03] [Server thread/INFO] (Minecraft) ThreadedAnvilChunkStorage (DIM1): All chunks are saved
[13:23:03] [Server thread/INFO] (Minecraft) ThreadedAnvilChunkStorage (light_realm): All chunks are saved
[13:23:03] [Server thread/INFO] (Minecraft) ThreadedAnvilChunkStorage (DIM-1): All chunks are saved
[13:23:03] [Server thread/INFO] (Minecraft) ThreadedAnvilChunkStorage: All dimensions are saved
[13:23:03] [Server thread/INFO] (Minecraft) Game test server shutting down

> Task :runGameTest FAILED

FAILURE: Build failed with an exception.

* What went wrong:
Execution failed for task ':runGameTest' (registered by plugin 'fabric-loom').
> Process 'command '/opt/homebrew/Cellar/openjdk@25/25.0.4/libexec/openjdk.jdk/Contents/Home/bin/java'' finished with non-zero exit value 2

* Try:
> Run with --stacktrace option to get the stack trace.
> Run with --info or --debug option to get more log output.
> Run with --scan to get full insights from a Build Scan (powered by Develocity).
> Get more help at https://help.gradle.org.

BUILD FAILED in 1m 39s
15 actionable tasks: 15 executed
FINAL_REVIEW_CHECK_EXIT=1
