To honour the JVM settings for this build a single-use Daemon process will be forked. For more on this, please refer to https://docs.gradle.org/9.5.1/userguide/gradle_daemon.html#sec:disabling_the_daemon in the Gradle documentation.
Daemon will be stopped at the end of the build

> Configure project :
Fabric Loom: 1.17.19

> Task :auditJavaSources
> Task :auditNonItemAssets
> Task :compileJava
> Task :processResources
> Task :classes
> Task :compileClientJava
> Task :processClientResources
> Task :clientClasses
> Task :compileExampleExtensionJava
> Task :processExampleExtensionResources
> Task :exampleExtensionClasses
> Task :compileGametestJava
> Task :deleteGameTestRunDir
> Task :acceptGameTestEula
> Task :generateLog4jConfig
> Task :generateDLIConfig
> Task :configureLaunch
> Task :processGametestResources
> Task :gametestClasses

> Task :runGameTest
[13:26:01] [main/INFO] (FabricLoader/GameProvider) Loading Minecraft 26.2 with Fabric Loader 0.19.3
[13:26:01] [main/INFO] (FabricLoader/Mappings) Mappings not present!
[13:26:01] [main/INFO] (FabricLoader) Loading 45 mods:
	- fabric-api 0.156.0+26.2
	   |-- fabric-key-mapping-api-v1 2.0.5+e2bdee789e
	   |-- fabric-model-loading-api-v1 8.0.16+c80601bb9e
	   |-- fabric-renderer-api-v1 14.1.3+2b0d8a229e
	   |-- fabric-renderer-indigo 9.1.3+2b0d8a229e
	   |-- fabric-rendering-v1 25.3.2+515ac5339e
	   |-- fabric-screen-api-v1 5.1.0+48e3c0b09e
	   \-- fabric-sound-api-v1 2.0.5+11a26f319e
	- fabric-api-base 2.0.4+ece063239e
	- fabric-api-lookup-api-v1 2.0.17+11e1c9a39e
	- fabric-biome-api-v1 18.0.6+c7bd5b8e9e
	- fabric-block-api-v1 3.0.3+ec56b6019e
	- fabric-block-getter-api-v2 2.0.7+ec56b6019e
	- fabric-command-api-v2 3.1.0+00cb03469e
	- fabric-content-registries-v0 11.3.0+d0a699d09e
	- fabric-convention-tags-v2 4.7.0+1f023a9e9e
	- fabric-crash-report-info-v1 1.0.5+086d547a9e
	- fabric-creative-tab-api-v1 5.0.14+d871b99e9e
	- fabric-data-attachment-api-v1 2.2.18+515ac5339e
	- fabric-data-generation-api-v1 25.5.0+aed122aa9e
	- fabric-debug-api-v1 1.0.2+c792624d9e
	- fabric-dimensions-v1 5.1.11+515ac5339e
	- fabric-entity-events-v1 5.0.5+06488ac19e
	- fabric-events-interaction-v0 5.2.7+515ac5339e
	- fabric-game-rule-api-v1 4.0.8+46a6d00c9e
	- fabric-gametest-api-v1 4.0.21+4a7fa0819e
	- fabric-item-api-v1 14.4.0+49a69a7b9e
	- fabric-lifecycle-events-v1 4.1.3+4575b05f9e
	- fabric-loot-api-v3 3.0.17+06488ac19e
	- fabric-menu-api-v1 2.0.16+086d547a9e
	- fabric-message-api-v1 7.0.7+086d547a9e
	- fabric-networking-api-v1 6.3.3+72073ef09e
	- fabric-object-builder-api-v1 24.1.0+6fcd5f039e
	- fabric-particles-v1 5.0.18+d1756aa99e
	- fabric-permission-api-v1 1.0.4+536fad2f9e
	- fabric-recipe-api-v1 9.0.20+11e1c9a39e
	- fabric-registry-sync-v0 7.1.0+c7bd5b8e9e
	- fabric-rendering-fluids-v1 6.0.4+06488ac19e
	- fabric-resource-conditions-api-v1 6.1.0+10e9a28b9e
	- fabric-resource-loader-v0 3.3.20+4fc5413f9e
	- fabric-resource-loader-v1 2.0.13+9edec1269e
	- fabric-serialization-api-v1 2.0.4+11a26f319e
	- fabric-tag-api-v1 2.1.4+515ac5339e
	- fabric-transfer-api-v1 8.0.12+11dbb7d79e
	- fabric-transitive-access-wideners-v1 8.1.4+67c847259e
	- fabricloader 0.19.3
	- java 25
	- minecraft 26.2
	- mixinextras 0.5.4
	- powers 1.0.2
	- powers-example-extension 1.0.0
	- powers-gametest 1.0.0
[13:26:01] [main/INFO] (FabricLoader/Mixin) SpongePowered MIXIN Subsystem Version=0.8.7 Source=file:<HOME>/.gradle/caches/modules-2/files-2.1/net.fabricmc/sponge-mixin/0.17.3+mixin.0.8.7/41c4a3984a80f4679e759fb9f495587acc5cdac7/sponge-mixin-0.17.3+mixin.0.8.7.jar Service=Knot/Fabric Env=SERVER
[13:26:01] [main/INFO] (FabricLoader/Mixin) Compatibility level set to JAVA_25
[13:26:02] [main/INFO] (FabricLoader/MixinExtras|Service) Initializing MixinExtras via com.llamalad7.mixinextras.service.MixinExtrasServiceImpl(version=0.5.4).
[13:26:06] [main/INFO] (powers) POWERS config validation: revision=1; adjustments=0; retained=0; dropped=0
[13:26:06] [main/INFO] (powers) Loaded rank mazes: 28 light nodes, 28 darkness nodes
[13:26:06] [main/INFO] (powers) Magic collision kernel loaded: 64 actions, 2080 exhaustive interactions
[13:26:06] [main/INFO] (powers) POWERS framework initialized with 23 power(s)
[13:26:07] [main/INFO] (Minecraft) Environment: Environment[sessionHost=https://sessionserver.mojang.com, servicesHost=https://api.minecraftservices.com, profilesHost=https://api.mojang.com, name=PROD]
[13:26:07] [main/INFO] (FabricGameTestRunner) Starting test server
[13:26:08] [main/INFO] (Minecraft) Loaded 1605 recipes
[13:26:08] [main/INFO] (Minecraft) Loaded 1713 advancements
[13:26:08] [main/INFO] (powers) Staged 2 initial action aliases until extension registration
[13:26:08] [main/INFO] (powers) Loaded 14 Shadow knowledge entries
[13:26:08] [main/INFO] (BiomeModificationImpl) Applied 0 biome modifications to 0 of 69 new biomes in 1.021 ms
[13:26:08] [Server thread/INFO] (powers) Published action registry revision 2 with 110 canonical keys and 2 aliases
[13:26:08] [Server thread/INFO] (Minecraft) Selecting global world spawn...
[13:26:08] [Server thread/INFO] (Minecraft) Loading 0 persistent chunks...
[13:26:08] [Server thread/INFO] (Minecraft) Preparing spawn area: 100%
[13:26:08] [Server thread/INFO] (Minecraft) Time elapsed: 282 ms
[13:26:08] [Server thread/INFO] (Minecraft) Started game test server
[13:26:08] [Server thread/INFO] (Minecraft) 131 tests are now running at position -8613260, -59, -9535855!
[13:26:09] [Server thread/INFO] (Minecraft) Running test environment 'powers:invasion_isolated' batch 0 (1 tests)...
[13:26:09] [Server thread/INFO] (Minecraft) [                                                                                                                                   ]
[13:26:09] [Server thread/INFO] (Minecraft) [                                                                                                                                   ]
[13:26:09] [Server thread/INFO] (Minecraft) [                                                                                                                                   ]
[13:26:09] [Server thread/INFO] (Minecraft) [                                                                                                                                   ]
[13:26:09] [Server thread/INFO] (Minecraft) [                                                                                                                                   ]
[13:26:09] [Server thread/INFO] (Minecraft) [                                                                                                                                   ]
[13:26:09] [Server thread/INFO] (Minecraft) [                                                                                                                                   ]
[13:26:09] [Server thread/INFO] (Minecraft) [                                                                                                                                   ]
[13:26:09] [Server thread/INFO] (Minecraft) [                                                                                                                                   ]
[13:26:09] [Server thread/INFO] (Minecraft) test-mock-player[embedded] logged in with entity id 1 at (0.0, 0.0, 0.0)
[13:26:09] [Server thread/INFO] (Minecraft) [Dormant] test-mock-player joined the game
[13:26:10] [Server thread/INFO] (Minecraft) [_                                                                                                                                  ]
[13:26:10] [Server thread/INFO] (Minecraft) [_                                                                                                                                  ]
[13:26:10] [Server thread/INFO] (Minecraft) [_                                                                                                                                  ]
[13:26:10] [Server thread/INFO] (Minecraft) [_                                                                                                                                  ]
[13:26:10] [Server thread/INFO] (Minecraft) [_                                                                                                                                  ]
[13:26:10] [Server thread/INFO] (Minecraft) [_                                                                                                                                  ]
[13:26:10] [Server thread/INFO] (Minecraft) [_                                                                                                                                  ]
[13:26:10] [Server thread/INFO] (Minecraft) [_                                                                                                                                  ]
[13:26:10] [Server thread/INFO] (Minecraft) [_                                                                                                                                  ]
[13:26:10] [Server thread/INFO] (Minecraft) [_                                                                                                                                  ]
[13:26:10] [Server thread/INFO] (Minecraft) [_                                                                                                                                  ]
[13:26:10] [Server thread/INFO] (Minecraft) [_                                                                                                                                  ]
[13:26:10] [Server thread/INFO] (Minecraft) [_                                                                                                                                  ]
[13:26:10] [Server thread/INFO] (Minecraft) [_                                                                                                                                  ]
[13:26:10] [Server thread/INFO] (Minecraft) [_                                                                                                                                  ]
[13:26:10] [Server thread/INFO] (Minecraft) [_                                                                                                                                  ]
[13:26:10] [Server thread/INFO] (Minecraft) [_                                                                                                                                  ]
[13:26:10] [Server thread/INFO] (Minecraft) [_                                                                                                                                  ]
[13:26:10] [Server thread/INFO] (Minecraft) [_                                                                                                                                  ]
[13:26:10] [Server thread/INFO] (Minecraft) [_                                                                                                                                  ]
[13:26:10] [Server thread/INFO] (Minecraft) [_                                                                                                                                  ]
[13:26:10] [Server thread/INFO] (Minecraft) Running test environment 'powers:vfx_gallery' batch 0 (1 tests)...
[13:26:10] [Server thread/INFO] (Minecraft) [+                                                                                                                                  ]
[13:26:10] [Server thread/INFO] (Minecraft) test-mock-player[embedded] logged in with entity id 8 at (0.0, 0.0, 0.0)
[13:26:10] [Server thread/INFO] (Minecraft) [Dormant] test-mock-player joined the game
[13:26:10] [Server thread/INFO] (Minecraft) Running test environment 'powers:packet_fault_matrix_isolated' batch 0 (1 tests)...
[13:26:10] [Server thread/INFO] (Minecraft) [++                                                                                                                                 ]
[13:26:10] [Server thread/INFO] (Minecraft) test-mock-player[embedded] logged in with entity id 19 at (0.0, 0.0, 0.0)
[13:26:10] [Server thread/INFO] (Minecraft) [Dormant] test-mock-player joined the game
[13:26:10] [Server thread/INFO] (Minecraft) test-mock-player[embedded] logged in with entity id 20 at (0.0, 0.0, 0.0)
[13:26:10] [Server thread/INFO] (Minecraft) [Dormant] test-mock-player joined the game
[13:26:10] [Server thread/INFO] (Minecraft) test-mock-player[embedded] logged in with entity id 21 at (0.0, 0.0, 0.0)
[13:26:10] [Server thread/INFO] (Minecraft) [Dormant] test-mock-player joined the game
[13:26:10] [Server thread/INFO] (Minecraft) test-mock-player[embedded] logged in with entity id 22 at (0.0, 0.0, 0.0)
[13:26:10] [Server thread/INFO] (Minecraft) [Dormant] test-mock-player joined the game
[13:26:10] [Server thread/INFO] (Minecraft) test-mock-player[embedded] logged in with entity id 23 at (0.0, 0.0, 0.0)
[13:26:10] [Server thread/INFO] (Minecraft) [Dormant] test-mock-player joined the game
[13:26:10] [Server thread/INFO] (Minecraft) test-mock-player[embedded] logged in with entity id 24 at (0.0, 0.0, 0.0)
[13:26:10] [Server thread/INFO] (Minecraft) [Dormant] test-mock-player joined the game
[13:26:10] [Server thread/INFO] (Minecraft) [++_                                                                                                                                ]
[13:26:10] [Server thread/INFO] (Minecraft) test-mock-player lost connection: QA-009 production matrix complete
[13:26:10] [Server thread/INFO] (Minecraft) [Dormant] test-mock-player left the game
[13:26:10] [Server thread/INFO] (Minecraft) test-mock-player lost connection: QA-009 production matrix complete
[13:26:10] [Server thread/INFO] (Minecraft) [Dormant] test-mock-player left the game
[13:26:10] [Server thread/INFO] (Minecraft) test-mock-player lost connection: QA-009 production matrix complete
[13:26:10] [Server thread/INFO] (Minecraft) [Dormant] test-mock-player left the game
[13:26:10] [Server thread/INFO] (Minecraft) test-mock-player lost connection: QA-009 production matrix complete
[13:26:10] [Server thread/INFO] (Minecraft) [Dormant] test-mock-player left the game
[13:26:10] [Server thread/INFO] (Minecraft) test-mock-player lost connection: QA-009 production matrix complete
[13:26:10] [Server thread/INFO] (Minecraft) [Dormant] test-mock-player left the game
[13:26:10] [Server thread/INFO] (Minecraft) test-mock-player lost connection: QA-009 production matrix complete
[13:26:10] [Server thread/INFO] (Minecraft) [Dormant] test-mock-player left the game
[13:26:10] [Server thread/INFO] (Minecraft) [STDOUT]: QA009_PRODUCTION_MATRIX profile=delay150 serverObservedByTicks=10 authoritative=selected outbound=power-state-91 offered=101 dropped=0 duplicated=0 delayed=101 reordered=99 delivered=2 expired=0 maxQueue=101 maxAgeTicks=4 duplicateSideEffects=0
[13:26:10] [Server thread/INFO] (Minecraft) [STDOUT]: QA009_PRODUCTION_MATRIX profile=delay300 serverObservedByTicks=10 authoritative=selected outbound=power-state-91 offered=101 dropped=0 duplicated=0 delayed=101 reordered=99 delivered=2 expired=0 maxQueue=101 maxAgeTicks=7 duplicateSideEffects=0
[13:26:10] [Server thread/INFO] (Minecraft) [STDOUT]: QA009_PRODUCTION_MATRIX profile=loss1 serverObservedByTicks=10 authoritative=selected outbound=power-state-91 offered=251 dropped=2 duplicated=0 delayed=0 reordered=247 delivered=2 expired=0 maxQueue=249 maxAgeTicks=3 duplicateSideEffects=0
[13:26:10] [Server thread/INFO] (Minecraft) [STDOUT]: QA009_PRODUCTION_MATRIX profile=loss5 serverObservedByTicks=10 authoritative=selected outbound=power-state-91 offered=251 dropped=11 duplicated=0 delayed=0 reordered=238 delivered=2 expired=0 maxQueue=240 maxAgeTicks=3 duplicateSideEffects=0
[13:26:10] [Server thread/INFO] (Minecraft) [STDOUT]: QA009_PRODUCTION_MATRIX profile=duplicate serverObservedByTicks=10 authoritative=selected outbound=power-state-91 offered=101 dropped=0 duplicated=101 delayed=0 reordered=198 delivered=2 expired=0 maxQueue=202 maxAgeTicks=3 duplicateSideEffects=0
[13:26:10] [Server thread/INFO] (Minecraft) [STDOUT]: QA009_PRODUCTION_MATRIX profile=reorder serverObservedByTicks=10 authoritative=selected outbound=power-state-91 offered=101 dropped=0 duplicated=0 delayed=68 reordered=99 delivered=2 expired=0 maxQueue=101 maxAgeTicks=2 duplicateSideEffects=0
[13:26:10] [Server thread/INFO] (Minecraft) Running test environment 'powers:packet_fault_isolated' batch 0 (4 tests)...
[13:26:10] [Server thread/INFO] (Minecraft) test-mock-player[embedded] logged in with entity id 25 at (0.0, 0.0, 0.0)
[13:26:10] [Server thread/INFO] (Minecraft) [Dormant] test-mock-player joined the game
[13:26:10] [Server thread/INFO] (Minecraft) [++++++_                                                                                                                            ]
[13:26:10] [Server thread/INFO] (Minecraft) [++++++_                                                                                                                            ]
[13:26:11] [Server thread/INFO] (Minecraft) [++++++_                                                                                                                            ]
[13:26:11] [Server thread/INFO] (Minecraft) test-mock-player[embedded] logged in with entity id 64 at (0.0, 0.0, 0.0)
[13:26:11] [Server thread/INFO] (Minecraft) [Dormant] test-mock-player joined the game
[13:26:11] [Server thread/INFO] (Minecraft) test-mock-player[embedded] logged in with entity id 69 at (0.0, 0.0, 0.0)
[13:26:11] [Server thread/INFO] (Minecraft) [Dormant] test-mock-player joined the game
[13:26:11] [Server thread/INFO] (Minecraft) [++++++_                                                                                                                            ]
[13:26:11] [Server thread/INFO] (Minecraft) [Dormant] test-mock-player has made the advancement [We Need to Go Deeper]
[13:26:11] [Server thread/INFO] (Minecraft) test-mock-player[embedded] logged in with entity id 92 at (0.0, 0.0, 0.0)
[13:26:11] [Server thread/INFO] (Minecraft) [Dormant] test-mock-player joined the game
[13:26:11] [Server thread/INFO] (Minecraft) test-mock-player[embedded] logged in with entity id 97 at (0.0, 0.0, 0.0)
[13:26:11] [Server thread/INFO] (Minecraft) [Dormant] test-mock-player joined the game
[13:26:11] [Server thread/INFO] (Minecraft) test-mock-player lost connection: QA-009 disconnect lifecycle
[13:26:11] [Server thread/INFO] (Minecraft) [Dormant] test-mock-player left the game
[13:26:11] [Server thread/INFO] (Minecraft) test-mock-player[embedded] logged in with entity id 102 at (0.0, 0.0, 0.0)
[13:26:11] [Server thread/INFO] (Minecraft) [Dormant] test-mock-player joined the game
[13:26:11] [Server thread/INFO] (Minecraft) [++++++_                                                                                                                            ]
[13:26:11] [Server thread/INFO] (Minecraft) [++++++_                                                                                                                            ]
[13:26:11] [Server thread/INFO] (Minecraft) [++++++_                                                                                                                            ]
[13:26:11] [Server thread/INFO] (Minecraft) [++++++_                                                                                                                            ]
[13:26:11] [Server thread/INFO] (Minecraft) [++++++_                                                                                                                            ]
[13:26:11] [Server thread/INFO] (Minecraft) [++++++_                                                                                                                            ]
[13:26:11] [Server thread/INFO] (Minecraft) [++++++_                                                                                                                            ]
[13:26:11] [Server thread/INFO] (Minecraft) [++++++_                                                                                                                            ]
[13:26:11] [Server thread/INFO] (Minecraft) [++++++_                                                                                                                            ]
[13:26:11] [Server thread/INFO] (Minecraft) [++++++_                                                                                                                            ]
[13:26:11] [Server thread/INFO] (Minecraft) [++++++_                                                                                                                            ]
[13:26:11] [Server thread/INFO] (Minecraft) [++++++_                                                                                                                            ]
[13:26:11] [Server thread/INFO] (Minecraft) [++++++_                                                                                                                            ]
[13:26:11] [Server thread/INFO] (Minecraft) [++++++_                                                                                                                            ]
[13:26:11] [Server thread/INFO] (Minecraft) [++++++_                                                                                                                            ]
[13:26:11] [Server thread/INFO] (Minecraft) [++++++_                                                                                                                            ]
[13:26:11] [Server thread/INFO] (Minecraft) [++++++_                                                                                                                            ]
[13:26:11] [Server thread/INFO] (Minecraft) [++++++_                                                                                                                            ]
[13:26:11] [Server thread/INFO] (Minecraft) [++++++_                                                                                                                            ]
[13:26:11] [Server thread/INFO] (Minecraft) [++++++_                                                                                                                            ]
[13:26:11] [Server thread/INFO] (Minecraft) [++++++_                                                                                                                            ]
[13:26:11] [Server thread/INFO] (Minecraft) [++++++_                                                                                                                            ]
[13:26:11] [Server thread/INFO] (Minecraft) [++++++_                                                                                                                            ]
[13:26:11] [Server thread/INFO] (Minecraft) [++++++_                                                                                                                            ]
[13:26:11] [Server thread/INFO] (Minecraft) [++++++_                                                                                                                            ]
[13:26:11] [Server thread/INFO] (Minecraft) [++++++_                                                                                                                            ]
[13:26:11] [Server thread/INFO] (Minecraft) [++++++_                                                                                                                            ]
[13:26:11] [Server thread/INFO] (Minecraft) [++++++_                                                                                                                            ]
[13:26:11] [Server thread/INFO] (Minecraft) [++++++_                                                                                                                            ]
[13:26:11] [Server thread/INFO] (Minecraft) [++++++_                                                                                                                            ]
[13:26:12] [Server thread/INFO] (Minecraft) Running test environment 'powers:ritual_isolated' batch 0 (1 tests)...
[13:26:12] [Server thread/INFO] (Minecraft) test-mock-player[embedded] logged in with entity id 258 at (0.0, 0.0, 0.0)
[13:26:12] [Server thread/INFO] (Minecraft) [Dormant] test-mock-player joined the game
[13:26:12] [Server thread/INFO] (Minecraft) [+++++++_                                                                                                                           ]
[13:26:12] [Server thread/INFO] (Minecraft) [+++++++_                                                                                                                           ]
[13:26:12] [Server thread/INFO] (Minecraft) Running test environment 'minecraft:default' batch 0 (50 tests)...
[13:26:12] [Server thread/INFO] (Minecraft) test-mock-player[embedded] logged in with entity id 263 at (0.0, 0.0, 0.0)
[13:26:12] [Server thread/INFO] (Minecraft) [Dormant] test-mock-player joined the game
[13:26:12] [Server thread/INFO] (Minecraft) test-mock-player[embedded] logged in with entity id 266 at (0.0, 0.0, 0.0)
[13:26:12] [Server thread/INFO] (Minecraft) [Dormant] test-mock-player joined the game
[13:26:12] [Server thread/INFO] (Minecraft) test-mock-player[embedded] logged in with entity id 267 at (0.0, 0.0, 0.0)
[13:26:12] [Server thread/INFO] (Minecraft) [Dormant] test-mock-player joined the game
[13:26:12] [Server thread/INFO] (Minecraft) test-mock-player[embedded] logged in with entity id 268 at (0.0, 0.0, 0.0)
[13:26:12] [Server thread/INFO] (Minecraft) [Dormant] test-mock-player joined the game
[13:26:12] [Server thread/INFO] (Minecraft) test-mock-player[embedded] logged in with entity id 274 at (0.0, 0.0, 0.0)
[13:26:12] [Server thread/INFO] (Minecraft) [Dormant] test-mock-player joined the game
[13:26:12] [Server thread/INFO] (Minecraft) test-mock-player[embedded] logged in with entity id 275 at (0.0, 0.0, 0.0)
[13:26:12] [Server thread/INFO] (Minecraft) [Dormant] test-mock-player joined the game
[13:26:12] [Server thread/INFO] (Minecraft) test-mock-player[embedded] logged in with entity id 281 at (0.0, 0.0, 0.0)
[13:26:12] [Server thread/INFO] (Minecraft) [Dormant] test-mock-player joined the game
[13:26:12] [Server thread/INFO] (Minecraft) test-mock-player[embedded] logged in with entity id 283 at (0.0, 0.0, 0.0)
[13:26:12] [Server thread/INFO] (Minecraft) [Dormant] test-mock-player joined the game
[13:26:12] [Server thread/INFO] (Minecraft) test-mock-player[embedded] logged in with entity id 285 at (0.0, 0.0, 0.0)
[13:26:12] [Server thread/INFO] (Minecraft) [Dormant] test-mock-player joined the game
[13:26:12] [Server thread/INFO] (Minecraft) <test-mock-player> shadow, hide yourself
[13:26:12] [Server thread/INFO] (Minecraft) <test-mock-player> shadow, leave me
[13:26:12] [Server thread/INFO] (Minecraft) test-mock-player[embedded] logged in with entity id 289 at (0.0, 0.0, 0.0)
[13:26:12] [Server thread/INFO] (Minecraft) [Dormant] test-mock-player joined the game
[13:26:12] [Server thread/INFO] (Minecraft) test-mock-player[embedded] logged in with entity id 290 at (0.0, 0.0, 0.0)
[13:26:12] [Server thread/INFO] (Minecraft) [Dormant] test-mock-player joined the game
[13:26:12] [Server thread/INFO] (Minecraft) test-mock-player[embedded] logged in with entity id 291 at (0.0, 0.0, 0.0)
[13:26:12] [Server thread/INFO] (Minecraft) [Dormant] test-mock-player joined the game
[13:26:12] [Server thread/INFO] (Minecraft) test-mock-player[embedded] logged in with entity id 292 at (0.0, 0.0, 0.0)
[13:26:12] [Server thread/INFO] (Minecraft) [Dormant] test-mock-player joined the game
[13:26:12] [Server thread/INFO] (Minecraft) test-mock-player[embedded] logged in with entity id 297 at (0.0, 0.0, 0.0)
[13:26:12] [Server thread/INFO] (Minecraft) [Dormant] test-mock-player joined the game
[13:26:12] [Server thread/INFO] (Minecraft) test-mock-player[embedded] logged in with entity id 298 at (0.0, 0.0, 0.0)
[13:26:12] [Server thread/INFO] (Minecraft) [Dormant] test-mock-player joined the game
[13:26:12] [Server thread/INFO] (Minecraft) test-mock-player[embedded] logged in with entity id 299 at (0.0, 0.0, 0.0)
[13:26:12] [Server thread/INFO] (Minecraft) [Dormant] test-mock-player joined the game
[13:26:12] [Server thread/INFO] (Minecraft) test-mock-player[embedded] logged in with entity id 301 at (0.0, 0.0, 0.0)
[13:26:12] [Server thread/INFO] (Minecraft) [Dormant] test-mock-player joined the game
[13:26:12] [Server thread/INFO] (Minecraft) test-mock-player[embedded] logged in with entity id 303 at (0.0, 0.0, 0.0)
[13:26:12] [Server thread/INFO] (Minecraft) [Dormant] test-mock-player joined the game
[13:26:12] [Server thread/INFO] (Minecraft) test-mock-player[embedded] logged in with entity id 306 at (0.0, 0.0, 0.0)
[13:26:12] [Server thread/INFO] (Minecraft) [Dormant] test-mock-player joined the game
[13:26:12] [Server thread/INFO] (Minecraft) test-mock-player[embedded] logged in with entity id 308 at (0.0, 0.0, 0.0)
[13:26:12] [Server thread/INFO] (Minecraft) [Dormant] test-mock-player joined the game
[13:26:12] [Server thread/INFO] (Minecraft) test-mock-player[embedded] logged in with entity id 311 at (0.0, 0.0, 0.0)
[13:26:12] [Server thread/INFO] (Minecraft) [Dormant] test-mock-player joined the game
[13:26:12] [Server thread/INFO] (Minecraft) test-mock-player[embedded] logged in with entity id 314 at (0.0, 0.0, 0.0)
[13:26:12] [Server thread/INFO] (Minecraft) [Dormant] test-mock-player joined the game
[13:26:12] [Server thread/INFO] (Minecraft) test-mock-player[embedded] logged in with entity id 317 at (0.0, 0.0, 0.0)
[13:26:12] [Server thread/INFO] (Minecraft) [Dormant] test-mock-player joined the game
[13:26:12] [Server thread/INFO] (Minecraft) test-mock-player[embedded] logged in with entity id 318 at (0.0, 0.0, 0.0)
[13:26:12] [Server thread/INFO] (Minecraft) [Dormant] test-mock-player joined the game
[13:26:12] [Server thread/INFO] (Minecraft) <test-mock-player> shadow, hide yourself
[13:26:12] [Server thread/INFO] (Minecraft) Named entity ShadowCompanionEntity['Shadow of test-mock-player'/284, l='ServerLevel[Test Level]', x=-8613194.61, y=-56.00, z=-9535819.15] died: Shadow of test-mock-player died
[13:26:12] [Server thread/INFO] (Minecraft) test-mock-player[embedded] logged in with entity id 324 at (0.0, 0.0, 0.0)
[13:26:12] [Server thread/INFO] (Minecraft) [Dormant] test-mock-player joined the game
[13:26:12] [Server thread/INFO] (Minecraft) test-mock-player[embedded] logged in with entity id 325 at (0.0, 0.0, 0.0)
[13:26:12] [Server thread/INFO] (Minecraft) [Dormant] test-mock-player joined the game
[13:26:12] [Server thread/INFO] (Minecraft) test-mock-player[embedded] logged in with entity id 327 at (0.0, 0.0, 0.0)
[13:26:12] [Server thread/INFO] (Minecraft) [Dormant] test-mock-player joined the game
[13:26:12] [Server thread/INFO] (Minecraft) test-mock-player[embedded] logged in with entity id 334 at (0.0, 0.0, 0.0)
[13:26:12] [Server thread/INFO] (Minecraft) [Dormant] test-mock-player joined the game
[13:26:12] [Server thread/INFO] (Minecraft) test-mock-player[embedded] logged in with entity id 335 at (0.0, 0.0, 0.0)
[13:26:12] [Server thread/INFO] (Minecraft) [Dormant] test-mock-player joined the game
[13:26:12] [Server thread/INFO] (Minecraft) test-mock-player[embedded] logged in with entity id 339 at (0.0, 0.0, 0.0)
[13:26:12] [Server thread/INFO] (Minecraft) [Dormant] test-mock-player joined the game
[13:26:12] [Server thread/INFO] (Minecraft) Named entity PowerTestActor['Test_1f3c0e25'/340, l='ServerLevel[Test Level]', x=-8613256.50, y=-56.00, z=-9535744.50] died: Test_1f3c0e25 died
[13:26:12] [Server thread/INFO] (Minecraft) test-mock-player[embedded] logged in with entity id 343 at (0.0, 0.0, 0.0)
[13:26:12] [Server thread/INFO] (Minecraft) [Dormant] test-mock-player joined the game
[13:26:12] [Server thread/INFO] (Minecraft) Named entity FirstVessel['The First Vessel'/345, l='ServerLevel[Test Level]', x=-8613226.50, y=-56.00, z=-9535748.50] died: death.attack.powers.celestial_ruin
[13:26:12] [Server thread/INFO] (Minecraft) test-mock-player[embedded] logged in with entity id 348 at (0.0, 0.0, 0.0)
[13:26:12] [Server thread/INFO] (Minecraft) [Dormant] test-mock-player joined the game
[13:26:12] [Server thread/INFO] (Minecraft) test-mock-player[embedded] logged in with entity id 350 at (0.0, 0.0, 0.0)
[13:26:12] [Server thread/INFO] (Minecraft) [Dormant] test-mock-player joined the game
[13:26:12] [Server thread/INFO] (Minecraft) test-mock-player[embedded] logged in with entity id 352 at (0.0, 0.0, 0.0)
[13:26:12] [Server thread/INFO] (Minecraft) [Dormant] test-mock-player joined the game
[13:26:12] [Server thread/INFO] (Minecraft) test-mock-player[embedded] logged in with entity id 354 at (0.0, 0.0, 0.0)
[13:26:12] [Server thread/INFO] (Minecraft) [Dormant] test-mock-player joined the game
[13:26:12] [Server thread/INFO] (Minecraft) test-mock-player[embedded] logged in with entity id 355 at (0.0, 0.0, 0.0)
[13:26:12] [Server thread/INFO] (Minecraft) [Dormant] test-mock-player joined the game
[13:26:12] [Server thread/INFO] (Minecraft) test-mock-player[embedded] logged in with entity id 356 at (0.0, 0.0, 0.0)
[13:26:12] [Server thread/INFO] (Minecraft) [Dormant] test-mock-player joined the game
[13:26:12] [Server thread/INFO] (Minecraft) test-mock-player[embedded] logged in with entity id 357 at (0.0, 0.0, 0.0)
[13:26:12] [Server thread/INFO] (Minecraft) [Dormant] test-mock-player joined the game
[13:26:12] [Server thread/INFO] (Minecraft) test-mock-player[embedded] logged in with entity id 359 at (0.0, 0.0, 0.0)
[13:26:12] [Server thread/INFO] (Minecraft) [Dormant] test-mock-player joined the game
[13:26:12] [Server thread/INFO] (Minecraft) [Dormant] test-mock-player died
[13:26:12] [Server thread/INFO] (Minecraft) [Dormant] test-mock-player died
[13:26:12] [Server thread/INFO] (Minecraft) test-mock-player[embedded] logged in with entity id 377 at (0.0, 0.0, 0.0)
[13:26:12] [Server thread/INFO] (Minecraft) [Dormant] test-mock-player joined the game
[13:26:12] [Server thread/INFO] (Minecraft) [+++++++++_++++++++++_+++_++_++_+_++__++++__+++++++++++++++                                                                         ]
[13:26:13] [Server thread/INFO] (Minecraft) [+++++++++_++++++++++_+++_++_++_+_++_+++++_++++++++++++++++                                                                         ]
[13:26:13] [Server thread/INFO] (Minecraft) [+++++++++_++++++++++_++++++++++++++++++++_++++++++++++++++                                                                         ]
[13:26:13] [Server thread/INFO] (Minecraft) [+++++++++_++++++++++_++++++++++++++++++++_++++++++++++++++                                                                         ]
[13:26:13] [Server thread/INFO] (Minecraft) [++++++++++++++++++++_++++++++++++++++++++_++++++++++++++++                                                                         ]
[13:26:13] [Server thread/INFO] (Minecraft) <test-mock-player> shadow, hide yourself
[13:26:14] [Server thread/INFO] (Minecraft) [+++++++++++++++++++++++++++++++++++++++++_++++++++++++++++                                                                         ]
[13:26:14] [Server thread/INFO] (Minecraft) [+++++++++++++++++++++++++++++++++++++++++_++++++++++++++++                                                                         ]
[13:27:04] [Server thread/INFO] (Minecraft) Running test environment 'minecraft:default' batch 1 (50 tests)...
[13:27:04] [Server thread/INFO] (Minecraft) test-mock-player[embedded] logged in with entity id 652 at (0.0, 0.0, 0.0)
[13:27:04] [Server thread/INFO] (Minecraft) [Dormant] test-mock-player joined the game
[13:27:05] [Server thread/INFO] (Minecraft) test-mock-player[embedded] logged in with entity id 653 at (0.0, 0.0, 0.0)
[13:27:05] [Server thread/INFO] (Minecraft) [Dormant] test-mock-player joined the game
[13:27:06] [Server thread/INFO] (Minecraft) test-mock-player[embedded] logged in with entity id 656 at (0.0, 0.0, 0.0)
[13:27:06] [Server thread/INFO] (Minecraft) [Dormant] test-mock-player joined the game
[13:27:06] [Server thread/INFO] (Minecraft) test-mock-player[embedded] logged in with entity id 657 at (0.0, 0.0, 0.0)
[13:27:06] [Server thread/INFO] (Minecraft) [Dormant] test-mock-player joined the game
[13:27:06] [Server thread/INFO] (Minecraft) [Dormant] test-mock-player has made the advancement [We Need to Go Deeper]
[13:27:06] [Server thread/INFO] (Minecraft) test-mock-player[embedded] logged in with entity id 660 at (0.0, 0.0, 0.0)
[13:27:06] [Server thread/INFO] (Minecraft) [Dormant] test-mock-player joined the game
[13:27:06] [Server thread/INFO] (Minecraft) test-mock-player[embedded] logged in with entity id 661 at (0.0, 0.0, 0.0)
[13:27:06] [Server thread/INFO] (Minecraft) [Dormant] test-mock-player joined the game
[13:27:06] [Server thread/INFO] (Minecraft) test-mock-player[embedded] logged in with entity id 662 at (0.0, 0.0, 0.0)
[13:27:06] [Server thread/INFO] (Minecraft) [Dormant] test-mock-player joined the game
[13:27:06] [Server thread/INFO] (Minecraft) test-mock-player[embedded] logged in with entity id 663 at (0.0, 0.0, 0.0)
[13:27:06] [Server thread/INFO] (Minecraft) [Dormant] test-mock-player joined the game
[13:27:06] [Server thread/INFO] (powers) powers_operator_audit action=consent_override result=success actor=test-mock-player subject=test-mock-player detail=teleport
[13:27:06] [Server thread/INFO] (powers) powers_operator_audit action=consent_override result=success actor=test-mock-player subject=test-mock-player detail=locator
[13:27:06] [Server thread/INFO] (powers) powers_operator_audit action=consent_override result=success actor=test-mock-player subject=test-mock-player detail=companion
[13:27:06] [Server thread/INFO] (powers) powers_operator_audit action=consent_override result=success actor=test-mock-player subject=test-mock-player detail=dreamwalk
[13:27:06] [Server thread/INFO] (powers) powers_operator_audit action=consent_override result=success actor=test-mock-player subject=test-mock-player detail=possession
[13:27:06] [Server thread/INFO] (Minecraft) test-mock-player[embedded] logged in with entity id 664 at (0.0, 0.0, 0.0)
[13:27:06] [Server thread/INFO] (Minecraft) [Dormant] test-mock-player joined the game
[13:27:06] [Server thread/INFO] (powers) powers_operator_audit action=consent_override result=denied actor=test-mock-player subject=test-mock-player detail=deny_energy
[13:27:06] [Server thread/INFO] (powers) powers_operator_audit action=consent_override result=success actor=test-mock-player subject=test-mock-player detail=teleport
[13:27:06] [Server thread/INFO] (Minecraft) test-mock-player[embedded] logged in with entity id 665 at (0.0, 0.0, 0.0)
[13:27:06] [Server thread/INFO] (Minecraft) [Dormant] test-mock-player joined the game
[13:27:06] [Server thread/INFO] (Minecraft) test-mock-player[embedded] logged in with entity id 666 at (0.0, 0.0, 0.0)
[13:27:06] [Server thread/INFO] (Minecraft) [Dormant] test-mock-player joined the game
[13:27:06] [Server thread/INFO] (Minecraft) test-mock-player[embedded] logged in with entity id 667 at (0.0, 0.0, 0.0)
[13:27:06] [Server thread/INFO] (Minecraft) [Dormant] test-mock-player joined the game
[13:27:06] [Server thread/INFO] (Minecraft) test-mock-player[embedded] logged in with entity id 668 at (0.0, 0.0, 0.0)
[13:27:06] [Server thread/INFO] (Minecraft) [Dormant] test-mock-player joined the game
[13:27:06] [Server thread/INFO] (Minecraft) test-mock-player[embedded] logged in with entity id 670 at (0.0, 0.0, 0.0)
[13:27:06] [Server thread/INFO] (Minecraft) [Dormant] test-mock-player joined the game
[13:27:06] [Server thread/INFO] (Minecraft) test-mock-player[embedded] logged in with entity id 674 at (0.0, 0.0, 0.0)
[13:27:06] [Server thread/INFO] (Minecraft) [Dormant] test-mock-player joined the game
[13:27:06] [Server thread/INFO] (Minecraft) test-mock-player[embedded] logged in with entity id 675 at (0.0, 0.0, 0.0)
[13:27:06] [Server thread/INFO] (Minecraft) [Dormant] test-mock-player joined the game
[13:27:06] [Server thread/INFO] (Minecraft) test-mock-player[embedded] logged in with entity id 676 at (0.0, 0.0, 0.0)
[13:27:06] [Server thread/INFO] (Minecraft) [Dormant] test-mock-player joined the game
[13:27:06] [Server thread/INFO] (Minecraft) test-mock-player[embedded] logged in with entity id 683 at (0.0, 0.0, 0.0)
[13:27:06] [Server thread/INFO] (Minecraft) [Dormant] test-mock-player joined the game
[13:27:06] [Server thread/INFO] (Minecraft) test-mock-player[embedded] logged in with entity id 684 at (0.0, 0.0, 0.0)
[13:27:06] [Server thread/INFO] (Minecraft) [Dormant] test-mock-player joined the game
[13:27:06] [Server thread/INFO] (Minecraft) test-mock-player[embedded] logged in with entity id 686 at (0.0, 0.0, 0.0)
[13:27:06] [Server thread/INFO] (Minecraft) [Dormant] test-mock-player joined the game
[13:27:06] [Server thread/INFO] (Minecraft) test-mock-player[embedded] logged in with entity id 687 at (0.0, 0.0, 0.0)
[13:27:06] [Server thread/INFO] (Minecraft) [Dormant] test-mock-player joined the game
[13:27:06] [Server thread/INFO] (Minecraft) test-mock-player[embedded] logged in with entity id 689 at (0.0, 0.0, 0.0)
[13:27:06] [Server thread/INFO] (Minecraft) [Dormant] test-mock-player joined the game
[13:27:06] [Server thread/INFO] (Minecraft) test-mock-player[embedded] logged in with entity id 690 at (0.0, 0.0, 0.0)
[13:27:06] [Server thread/INFO] (Minecraft) [Dormant] test-mock-player joined the game
[13:27:06] [Server thread/INFO] (Minecraft) test-mock-player[embedded] logged in with entity id 691 at (0.0, 0.0, 0.0)
[13:27:06] [Server thread/INFO] (Minecraft) [Dormant] test-mock-player joined the game
[13:27:06] [Server thread/INFO] (Minecraft) test-mock-player[embedded] logged in with entity id 692 at (0.0, 0.0, 0.0)
[13:27:06] [Server thread/INFO] (Minecraft) [Dormant] test-mock-player joined the game
[13:27:06] [Server thread/INFO] (Minecraft) Named entity PowerTestActor['Target_thunderclap'/695, l='ServerLevel[Test Level]', x=-8612449.50, y=-55.00, z=-9535421.50] died: Target_thunderclap was consumed by ancient power
[13:27:06] [Server thread/INFO] (Minecraft) test-mock-player[embedded] logged in with entity id 707 at (0.0, 0.0, 0.0)
[13:27:06] [Server thread/INFO] (Minecraft) [Dormant] test-mock-player joined the game
[13:27:06] [Server thread/INFO] (Minecraft) test-mock-player[embedded] logged in with entity id 708 at (0.0, 0.0, 0.0)
[13:27:06] [Server thread/INFO] (Minecraft) [Dormant] test-mock-player joined the game
[13:27:06] [Server thread/INFO] (Minecraft) test-mock-player[embedded] logged in with entity id 709 at (0.0, 0.0, 0.0)
[13:27:06] [Server thread/INFO] (Minecraft) [Dormant] test-mock-player joined the game
[13:27:06] [Server thread/INFO] (Minecraft) test-mock-player[embedded] logged in with entity id 710 at (0.0, 0.0, 0.0)
[13:27:06] [Server thread/INFO] (Minecraft) [Dormant] test-mock-player joined the game
[13:27:06] [Server thread/INFO] (Minecraft) test-mock-player[embedded] logged in with entity id 711 at (0.0, 0.0, 0.0)
[13:27:06] [Server thread/INFO] (Minecraft) [Dormant] test-mock-player joined the game
[13:27:06] [Server thread/INFO] (Minecraft) test-mock-player[embedded] logged in with entity id 712 at (0.0, 0.0, 0.0)
[13:27:06] [Server thread/INFO] (Minecraft) [Dormant] test-mock-player joined the game
[13:27:06] [Server thread/INFO] (Minecraft) test-mock-player[embedded] logged in with entity id 713 at (0.0, 0.0, 0.0)
[13:27:06] [Server thread/INFO] (Minecraft) [Dormant] test-mock-player joined the game
[13:27:06] [Server thread/INFO] (Minecraft) test-mock-player[embedded] logged in with entity id 714 at (0.0, 0.0, 0.0)
[13:27:06] [Server thread/INFO] (Minecraft) [Dormant] test-mock-player joined the game
[13:27:06] [Server thread/INFO] (Minecraft) test-mock-player[embedded] logged in with entity id 715 at (0.0, 0.0, 0.0)
[13:27:06] [Server thread/INFO] (Minecraft) [Dormant] test-mock-player joined the game
[13:27:06] [Server thread/INFO] (Minecraft) test-mock-player[embedded] logged in with entity id 716 at (0.0, 0.0, 0.0)
[13:27:06] [Server thread/INFO] (Minecraft) [Dormant] test-mock-player joined the game
[13:27:06] [Server thread/INFO] (Minecraft) test-mock-player[embedded] logged in with entity id 717 at (0.0, 0.0, 0.0)
[13:27:06] [Server thread/INFO] (Minecraft) [Dormant] test-mock-player joined the game
[13:27:06] [Server thread/INFO] (Minecraft) test-mock-player[embedded] logged in with entity id 718 at (0.0, 0.0, 0.0)
[13:27:06] [Server thread/INFO] (Minecraft) [Dormant] test-mock-player joined the game
[13:27:06] [Server thread/INFO] (Minecraft) test-mock-player[embedded] logged in with entity id 721 at (0.0, 0.0, 0.0)
[13:27:06] [Server thread/INFO] (Minecraft) [Dormant] test-mock-player joined the game
[13:27:06] [Server thread/INFO] (Minecraft) test-mock-player[embedded] logged in with entity id 727 at (0.0, 0.0, 0.0)
[13:27:06] [Server thread/INFO] (Minecraft) [Dormant] test-mock-player joined the game
[13:27:06] [Server thread/INFO] (powers) PERF-012 identical mixed AI: queries=24, cacheHits=12, inspections=348, legacyInspections=540, reductionPercent=35.56
[13:27:06] [Server thread/INFO] (Minecraft) test-mock-player[embedded] logged in with entity id 915 at (0.0, 0.0, 0.0)
[13:27:06] [Server thread/INFO] (Minecraft) [Dormant] test-mock-player joined the game
[13:27:06] [Server thread/INFO] (Minecraft) test-mock-player[embedded] logged in with entity id 916 at (0.0, 0.0, 0.0)
[13:27:06] [Server thread/INFO] (Minecraft) [Dormant] test-mock-player joined the game
[13:27:06] [Server thread/INFO] (Minecraft) test-mock-player[embedded] logged in with entity id 921 at (0.0, 0.0, 0.0)
[13:27:06] [Server thread/INFO] (Minecraft) [Dormant] test-mock-player joined the game
[13:27:06] [Server thread/INFO] (Minecraft) test-mock-player[embedded] logged in with entity id 925 at (0.0, 0.0, 0.0)
[13:27:06] [Server thread/INFO] (Minecraft) [Dormant] test-mock-player joined the game
[13:27:06] [Server thread/INFO] (Minecraft) test-mock-player[embedded] logged in with entity id 927 at (0.0, 0.0, 0.0)
[13:27:06] [Server thread/INFO] (Minecraft) [Dormant] test-mock-player joined the game
[13:27:06] [Server thread/INFO] (Minecraft) test-mock-player[embedded] logged in with entity id 937 at (0.0, 0.0, 0.0)
[13:27:06] [Server thread/INFO] (Minecraft) [Dormant] test-mock-player joined the game
[13:27:06] [Server thread/INFO] (Minecraft) test-mock-player[embedded] logged in with entity id 938 at (0.0, 0.0, 0.0)
[13:27:06] [Server thread/INFO] (Minecraft) [Dormant] test-mock-player joined the game
[13:27:06] [Server thread/INFO] (Minecraft) test-mock-player[embedded] logged in with entity id 939 at (0.0, 0.0, 0.0)
[13:27:06] [Server thread/INFO] (Minecraft) [Dormant] test-mock-player joined the game
[13:27:06] [Server thread/INFO] (Minecraft) test-mock-player[embedded] logged in with entity id 940 at (0.0, 0.0, 0.0)
[13:27:06] [Server thread/INFO] (Minecraft) [Dormant] test-mock-player joined the game
[13:27:06] [Server thread/INFO] (Minecraft) test-mock-player[embedded] logged in with entity id 942 at (0.0, 0.0, 0.0)
[13:27:06] [Server thread/INFO] (Minecraft) [Dormant] test-mock-player joined the game
[13:27:06] [Server thread/INFO] (Minecraft) <test-mock-player> shadow, use astral projection
[13:27:06] [Server thread/INFO] (Minecraft) <test-mock-player> shadow, use blight ground
[13:27:06] [Server thread/INFO] (Minecraft) <test-mock-player> shadow, use breezy bash
[13:27:06] [Server thread/INFO] (Minecraft) <test-mock-player> shadow, use call hollowed
[13:27:06] [Server thread/INFO] (Minecraft) <test-mock-player> shadow, use double health
[13:27:06] [Server thread/INFO] (Minecraft) <test-mock-player> shadow, stop double health
[13:27:06] [Server thread/INFO] (Minecraft) <test-mock-player> shadow, use energy beam
[13:27:06] [Server thread/INFO] (Minecraft) <test-mock-player> shadow, use energy drain
[13:27:06] [Server thread/INFO] (Minecraft) <test-mock-player> shadow, use fireball
[13:27:06] [Server thread/INFO] (Minecraft) <test-mock-player> shadow, use flight
[13:27:06] [Server thread/INFO] (Minecraft) <test-mock-player> shadow, stop flight
[13:27:06] [Server thread/INFO] (Minecraft) <test-mock-player> shadow, use forcefield
[13:27:06] [Server thread/INFO] (Minecraft) <test-mock-player> shadow, stop forcefield
[13:27:06] [Server thread/INFO] (Minecraft) <test-mock-player> shadow, use gravity displacement
[13:27:06] [Server thread/INFO] (Minecraft) <test-mock-player> shadow, use ice manipulation
[13:27:06] [Server thread/INFO] (Minecraft) <test-mock-player> shadow, use invisibility
[13:27:06] [Server thread/INFO] (Minecraft) <test-mock-player> shadow, stop invisibility
[13:27:06] [Server thread/INFO] (Minecraft) <test-mock-player> shadow, use lightning strike
[13:27:06] [Server thread/INFO] (Minecraft) <test-mock-player> shadow, use nightfall dominion
[13:27:06] [Server thread/INFO] (Minecraft) <test-mock-player> shadow, stop nightfall dominion
[13:27:06] [Server thread/INFO] (Minecraft) <test-mock-player> shadow, use plant healing acceleration
[13:27:06] [Server thread/INFO] (Minecraft) <test-mock-player> shadow, use size shift
[13:27:06] [Server thread/INFO] (Minecraft) <test-mock-player> shadow, stop size shift
[13:27:06] [Server thread/INFO] (Minecraft) <test-mock-player> shadow, use speed burst
[13:27:06] [Server thread/INFO] (Minecraft) <test-mock-player> shadow, use starfall
[13:27:06] [Server thread/INFO] (Minecraft) <test-mock-player> shadow, use super speed
[13:27:06] [Server thread/INFO] (Minecraft) <test-mock-player> shadow, stop super speed
[13:27:06] [Server thread/INFO] (Minecraft) <test-mock-player> shadow, use telekinesis
[13:27:06] [Server thread/INFO] (Minecraft) <test-mock-player> shadow, use thunderclap
[13:27:06] [Server thread/INFO] (Minecraft) <test-mock-player> shadow, use time freeze
[13:27:06] [Server thread/INFO] (Minecraft) <test-mock-player> shadow, stop time freeze
[13:27:06] [Server thread/INFO] (Minecraft) <test-mock-player> shadow, use time shift
[13:27:06] [Server thread/INFO] (Minecraft) <test-mock-player> shadow, use vessel possession
[13:27:06] [Server thread/INFO] (Minecraft) <test-mock-player> shadow, use void beam
[13:27:06] [Server thread/INFO] (Minecraft) test-mock-player[embedded] logged in with entity id 978 at (0.0, 0.0, 0.0)
[13:27:06] [Server thread/INFO] (Minecraft) [Dormant] test-mock-player joined the game
[13:27:06] [Server thread/INFO] (Minecraft) test-mock-player[embedded] logged in with entity id 979 at (0.0, 0.0, 0.0)
[13:27:06] [Server thread/INFO] (Minecraft) [Dormant] test-mock-player joined the game
[13:27:06] [Server thread/INFO] (Minecraft) test-mock-player[embedded] logged in with entity id 980 at (0.0, 0.0, 0.0)
[13:27:06] [Server thread/INFO] (Minecraft) [Dormant] test-mock-player joined the game
[13:27:06] [Server thread/INFO] (Minecraft) <test-mock-player> shadow, stay here
[13:27:06] [Server thread/INFO] (Minecraft) <test-mock-player> shadow, fight at far range
[13:27:06] [Server thread/INFO] (Minecraft) <test-mock-player> shadow, follow me
[13:27:06] [Server thread/INFO] (Minecraft) <test-mock-player> shadow, how does amethyst interfere with magic?
[13:27:06] [Server thread/INFO] (Minecraft) <test-mock-player> shadow, explain the darkness to me
[13:27:06] [Server thread/INFO] (Minecraft) <test-mock-player> shadow, use lightning strike
[13:27:06] [Server thread/INFO] (Minecraft) <test-mock-player> shadow, use energy beam
[13:27:06] [Server thread/INFO] (Minecraft) <test-mock-player> shadow, use lightning strike
[13:27:06] [Server thread/INFO] (Minecraft) <test-mock-player> shadow, use void beam
[13:27:06] [Server thread/INFO] (Minecraft) <test-mock-player> shadow, hide yourself
[13:27:06] [Server thread/INFO] (Minecraft) Named entity ShadowCompanionEntity['Shadow of test-mock-player'/981, l='ServerLevel[Test Level]', x=-8612771.75, y=41.00, z=-9534511.25] died: Shadow of test-mock-player died
[13:27:06] [Server thread/INFO] (Minecraft) test-mock-player[embedded] logged in with entity id 989 at (0.0, 0.0, 0.0)
[13:27:06] [Server thread/INFO] (Minecraft) [Dormant] test-mock-player joined the game
[13:27:06] [Server thread/INFO] (Minecraft) test-mock-player[embedded] logged in with entity id 990 at (0.0, 0.0, 0.0)
[13:27:06] [Server thread/INFO] (Minecraft) [Dormant] test-mock-player joined the game
[13:27:06] [Server thread/INFO] (Minecraft) test-mock-player[embedded] logged in with entity id 991 at (0.0, 0.0, 0.0)
[13:27:06] [Server thread/INFO] (Minecraft) [Dormant] test-mock-player joined the game
[13:27:06] [Server thread/INFO] (Minecraft) [++++++++++++++++++++++++++++++++++++++++++++++++++++++++++___+_+++++++___++_+++___ +__+__++++++++++_+++__++_                       ]
[13:27:07] [Server thread/INFO] (Minecraft) test-mock-player[embedded] logged in with entity id 996 at (0.0, 0.0, 0.0)
[13:27:07] [Server thread/INFO] (Minecraft) [Dormant] test-mock-player joined the game
[13:27:07] [Server thread/INFO] (Minecraft) test-mock-player[embedded] logged in with entity id 997 at (0.0, 0.0, 0.0)
[13:27:07] [Server thread/INFO] (Minecraft) [Dormant] test-mock-player joined the game
[13:27:07] [Server thread/INFO] (Minecraft) test-mock-player[embedded] logged in with entity id 998 at (0.0, 0.0, 0.0)
[13:27:07] [Server thread/INFO] (Minecraft) [Dormant] test-mock-player joined the game
[13:27:07] [Server thread/INFO] (Minecraft) [++++++++++++++++++++++++++++++++++++++++++++++++++++++++++__++_++++++++++++++++_+_ ++++++++++++++++++++__+++                       ]
[13:27:08] [Server thread/INFO] (Minecraft) [Dormant] test-mock-player has made the advancement [We Need to Go Deeper]
[13:27:08] [Server thread/INFO] (Minecraft) [++++++++++++++++++++++++++++++++++++++++++++++++++++++++++__++_++++++++++++++++_+_ ++++++++++++++++++++__+++                       ]
[13:27:08] [Server thread/INFO] (Minecraft) [++++++++++++++++++++++++++++++++++++++++++++++++++++++++++__+++++++++++++++++++++_ ++++++++++++++++++++__+++                       ]
[13:27:09] [Server thread/INFO] (Minecraft) [Dormant] test-mock-player has made the advancement [Monster Hunter]
[13:27:09] [Server thread/INFO] (Minecraft) [++++++++++++++++++++++++++++++++++++++++++++++++++++++++++__+++++++++++++++++++++_ ++++++++++++++++++++__+++                       ]
[13:27:10] [Server thread/INFO] (Minecraft) [++++++++++++++++++++++++++++++++++++++++++++++++++++++++++__++++++++++++++++++++++ ++++++++++++++++++++__+++                       ]
[13:27:10] [Server thread/INFO] (Minecraft) <test-mock-player> shadow, leave me
[13:27:10] [Server thread/INFO] (Minecraft) [++++++++++++++++++++++++++++++++++++++++++++++++++++++++++_+++++++++++++++++++++++ ++++++++++++++++++++__+++                       ]
[13:27:10] [Server thread/INFO] (Minecraft) [++++++++++++++++++++++++++++++++++++++++++++++++++++++++++_+++++++++++++++++++++++ ++++++++++++++++++++__+++                       ]
[13:27:11] [Server thread/INFO] (Minecraft) [++++++++++++++++++++++++++++++++++++++++++++++++++++++++++++++++++++++++++++++++++ ++++++++++++++++++++__+++                       ]
[13:27:11] [Server thread/INFO] (Minecraft) [++++++++++++++++++++++++++++++++++++++++++++++++++++++++++++++++++++++++++++++++++ ++++++++++++++++++++__+++                       ]
[13:27:11] [Server thread/INFO] (Minecraft) [++++++++++++++++++++++++++++++++++++++++++++++++++++++++++++++++++++++++++++++++++ ++++++++++++++++++++__+++                       ]
[13:27:11] [Server thread/INFO] (Minecraft) [++++++++++++++++++++++++++++++++++++++++++++++++++++++++++++++++++++++++++++++++++ ++++++++++++++++++++__+++                       ]
[13:27:11] [Server thread/INFO] (Minecraft) [++++++++++++++++++++++++++++++++++++++++++++++++++++++++++++++++++++++++++++++++++ ++++++++++++++++++++__+++                       ]
[13:27:11] [Server thread/INFO] (Minecraft) [++++++++++++++++++++++++++++++++++++++++++++++++++++++++++++++++++++++++++++++++++ ++++++++++++++++++++__+++                       ]
[13:27:11] [Server thread/INFO] (Minecraft) [++++++++++++++++++++++++++++++++++++++++++++++++++++++++++++++++++++++++++++++++++ ++++++++++++++++++++__+++                       ]
[13:27:11] [Server thread/INFO] (Minecraft) test-mock-player[embedded] logged in with entity id 2032 at (0.0, 0.0, 0.0)
[13:27:11] [Server thread/INFO] (Minecraft) [Dormant] test-mock-player joined the game
[13:27:11] [Server thread/INFO] (Minecraft) [++++++++++++++++++++++++++++++++++++++++++++++++++++++++++++++++++++++++++++++++++_++++++++++++++++++++__+++                       ]
[13:27:12] [Server thread/INFO] (Minecraft) [++++++++++++++++++++++++++++++++++++++++++++++++++++++++++++++++++++++++++++++++++_++++++++++++++++++++__+++                       ]
[13:27:12] [Server thread/INFO] (Minecraft) [++++++++++++++++++++++++++++++++++++++++++++++++++++++++++++++++++++++++++++++++++_++++++++++++++++++++__+++                       ]
[13:27:12] [Server thread/INFO] (Minecraft) [++++++++++++++++++++++++++++++++++++++++++++++++++++++++++++++++++++++++++++++++++_++++++++++++++++++++__+++                       ]
[13:27:12] [Server thread/INFO] (Minecraft) [++++++++++++++++++++++++++++++++++++++++++++++++++++++++++++++++++++++++++++++++++_++++++++++++++++++++__+++                       ]
[13:27:12] [Server thread/INFO] (Minecraft) [++++++++++++++++++++++++++++++++++++++++++++++++++++++++++++++++++++++++++++++++++_++++++++++++++++++++__+++                       ]
[13:27:12] [Server thread/INFO] (Minecraft) [++++++++++++++++++++++++++++++++++++++++++++++++++++++++++++++++++++++++++++++++++_++++++++++++++++++++__+++                       ]
[13:27:12] [Server thread/INFO] (Minecraft) [++++++++++++++++++++++++++++++++++++++++++++++++++++++++++++++++++++++++++++++++++_++++++++++++++++++++__+++                       ]
[13:27:12] [Server thread/INFO] (Minecraft) [++++++++++++++++++++++++++++++++++++++++++++++++++++++++++++++++++++++++++++++++++_++++++++++++++++++++__+++                       ]
[13:27:12] [Server thread/INFO] (Minecraft) [++++++++++++++++++++++++++++++++++++++++++++++++++++++++++++++++++++++++++++++++++_++++++++++++++++++++__+++                       ]
[13:27:12] [Server thread/INFO] (powers) powers_operator_audit action=catastrophic_ritual result=success actor=test-mock-player subject=world detail=begin
[13:27:12] [Server thread/INFO] (Minecraft) [++++++++++++++++++++++++++++++++++++++++++++++++++++++++++++++++++++++++++++++++++_++++++++++++++++++++__+++                       ]
[13:27:12] [Server thread/INFO] (Minecraft) [+++++++++++++++++++++++++++++++++++++++++++++++++++++++++++++++++++++++++++++++++++++++++++++++++++++++__+++                       ]
[13:27:13] [Server thread/INFO] (Minecraft) [+++++++++++++++++++++++++++++++++++++++++++++++++++++++++++++++++++++++++++++++++++++++++++++++++++++++__+++                       ]
[13:27:13] [Server thread/INFO] (Minecraft) [+++++++++++++++++++++++++++++++++++++++++++++++++++++++++++++++++++++++++++++++++++++++++++++++++++++++__+++                       ]
[13:27:13] [Server thread/INFO] (Minecraft) [+++++++++++++++++++++++++++++++++++++++++++++++++++++++++++++++++++++++++++++++++++++++++++++++++++++++__+++                       ]
[13:27:13] [Server thread/INFO] (Minecraft) [+++++++++++++++++++++++++++++++++++++++++++++++++++++++++++++++++++++++++++++++++++++++++++++++++++++++__+++                       ]
[13:27:13] [Server thread/INFO] (Minecraft) [+++++++++++++++++++++++++++++++++++++++++++++++++++++++++++++++++++++++++++++++++++++++++++++++++++++++__+++                       ]
[13:27:13] [Server thread/INFO] (Minecraft) [+++++++++++++++++++++++++++++++++++++++++++++++++++++++++++++++++++++++++++++++++++++++++++++++++++++++__+++                       ]
[13:27:13] [Server thread/INFO] (Minecraft) [+++++++++++++++++++++++++++++++++++++++++++++++++++++++++++++++++++++++++++++++++++++++++++++++++++++++__+++                       ]
[13:27:13] [Server thread/INFO] (Minecraft) [+++++++++++++++++++++++++++++++++++++++++++++++++++++++++++++++++++++++++++++++++++++++++++++++++++++++__+++                       ]
[13:27:13] [Server thread/INFO] (Minecraft) [+++++++++++++++++++++++++++++++++++++++++++++++++++++++++++++++++++++++++++++++++++++++++++++++++++++++__+++                       ]
[13:27:13] [Server thread/INFO] (Minecraft) [+++++++++++++++++++++++++++++++++++++++++++++++++++++++++++++++++++++++++++++++++++++++++++++++++++++++__+++                       ]
[13:27:13] [Server thread/INFO] (Minecraft) [+++++++++++++++++++++++++++++++++++++++++++++++++++++++++++++++++++++++++++++++++++++++++++++++++++++++__+++                       ]
[13:27:14] [Server thread/INFO] (Minecraft) [+++++++++++++++++++++++++++++++++++++++++++++++++++++++++++++++++++++++++++++++++++++++++++++++++++++++__+++                       ]
[13:27:14] [Server thread/INFO] (Minecraft) [+++++++++++++++++++++++++++++++++++++++++++++++++++++++++++++++++++++++++++++++++++++++++++++++++++++++__+++                       ]
[13:27:14] [Server thread/INFO] (Minecraft) [+++++++++++++++++++++++++++++++++++++++++++++++++++++++++++++++++++++++++++++++++++++++++++++++++++++++__+++                       ]
[13:27:14] [Server thread/INFO] (Minecraft) [+++++++++++++++++++++++++++++++++++++++++++++++++++++++++++++++++++++++++++++++++++++++++++++++++++++++__+++                       ]
[13:27:14] [Server thread/INFO] (Minecraft) [+++++++++++++++++++++++++++++++++++++++++++++++++++++++++++++++++++++++++++++++++++++++++++++++++++++++__+++                       ]
[13:27:14] [Server thread/INFO] (Minecraft) [+++++++++++++++++++++++++++++++++++++++++++++++++++++++++++++++++++++++++++++++++++++++++++++++++++++++__+++                       ]
[13:27:14] [Server thread/INFO] (Minecraft) [+++++++++++++++++++++++++++++++++++++++++++++++++++++++++++++++++++++++++++++++++++++++++++++++++++++++__+++                       ]
[13:27:14] [Server thread/INFO] (Minecraft) [+++++++++++++++++++++++++++++++++++++++++++++++++++++++++++++++++++++++++++++++++++++++++++++++++++++++__+++                       ]
[13:27:14] [Server thread/INFO] (Minecraft) [+++++++++++++++++++++++++++++++++++++++++++++++++++++++++++++++++++++++++++++++++++++++++++++++++++++++__+++                       ]
[13:27:14] [Server thread/INFO] (Minecraft) [+++++++++++++++++++++++++++++++++++++++++++++++++++++++++++++++++++++++++++++++++++++++++++++++++++++++__+++                       ]
[13:27:14] [Server thread/INFO] (Minecraft) [+++++++++++++++++++++++++++++++++++++++++++++++++++++++++++++++++++++++++++++++++++++++++++++++++++++++__+++                       ]
[13:27:14] [Server thread/INFO] (Minecraft) [+++++++++++++++++++++++++++++++++++++++++++++++++++++++++++++++++++++++++++++++++++++++++++++++++++++++__+++                       ]
[13:27:15] [Server thread/INFO] (Minecraft) [+++++++++++++++++++++++++++++++++++++++++++++++++++++++++++++++++++++++++++++++++++++++++++++++++++++++__+++                       ]
[13:27:15] [Server thread/INFO] (Minecraft) [+++++++++++++++++++++++++++++++++++++++++++++++++++++++++++++++++++++++++++++++++++++++++++++++++++++++__+++                       ]
[13:27:15] [Server thread/INFO] (Minecraft) [++++++++++++++++++++++++++++++++++++++++++++++++++++++++++++++++++++++++++++++++++++++++++++++++++++++++_+++                       ]
[13:27:15] [Server thread/INFO] (Minecraft) [++++++++++++++++++++++++++++++++++++++++++++++++++++++++++++++++++++++++++++++++++++++++++++++++++++++++_+++                       ]
[13:27:19] [Server thread/INFO] (Minecraft) Running test environment 'minecraft:default' batch 2 (8 tests)...
[13:27:19] [Server thread/INFO] (Minecraft) test-mock-player[embedded] logged in with entity id 2784 at (0.0, 0.0, 0.0)
[13:27:19] [Server thread/INFO] (Minecraft) [Dormant] test-mock-player joined the game
[13:27:19] [Server thread/INFO] (Minecraft) test-mock-player[embedded] logged in with entity id 2786 at (0.0, 0.0, 0.0)
[13:27:19] [Server thread/INFO] (Minecraft) [Dormant] test-mock-player joined the game
[13:27:19] [Server thread/INFO] (Minecraft) test-mock-player[embedded] logged in with entity id 2787 at (0.0, 0.0, 0.0)
[13:27:19] [Server thread/INFO] (Minecraft) [Dormant] test-mock-player joined the game
[13:27:19] [Server thread/INFO] (Minecraft) test-mock-player[embedded] logged in with entity id 2788 at (0.0, 0.0, 0.0)
[13:27:19] [Server thread/INFO] (Minecraft) [Dormant] test-mock-player joined the game
[13:27:19] [Server thread/INFO] (Minecraft) test-mock-player[embedded] logged in with entity id 2789 at (0.0, 0.0, 0.0)
[13:27:19] [Server thread/INFO] (Minecraft) [Dormant] test-mock-player joined the game
[13:27:19] [Server thread/INFO] (Minecraft) test-mock-player[embedded] logged in with entity id 2790 at (0.0, 0.0, 0.0)
[13:27:19] [Server thread/INFO] (Minecraft) [Dormant] test-mock-player joined the game
[13:27:19] [Server thread/INFO] (Minecraft) test-mock-player[embedded] logged in with entity id 2792 at (0.0, 0.0, 0.0)
[13:27:19] [Server thread/INFO] (Minecraft) [Dormant] test-mock-player joined the game
[13:27:19] [Server thread/INFO] (Minecraft) [+++++++++++++++++++++++++++++++++++++++++++++++++++++++++++++++++++++++++++++++++++++++++++++++++++++++++++++__+++_+               ]
[13:27:20] [Server thread/INFO] (Minecraft) Loaded 1605 recipes
[13:27:20] [Server thread/INFO] (Minecraft) Loaded 1713 advancements
[13:27:20] [Server thread/INFO] (powers) Published action registry revision 6 with 110 canonical keys and 2 aliases
[13:27:20] [Server thread/INFO] (powers) Loaded 14 Shadow knowledge entries
[13:27:21] [Server thread/INFO] (Minecraft) Loaded 1605 recipes
[13:27:21] [Server thread/INFO] (Minecraft) Loaded 1713 advancements
[13:27:21] [Server thread/INFO] (Minecraft) [+++++++++++++++++++++++++++++++++++++++++++++++++++++++++++++++++++++++++++++++++++++++++++++++++++++++++++++_++++_+               ]
[13:27:21] [Server thread/INFO] (Minecraft) [++++++++++++++++++++++++++++++++++++++++++++++++++++++++++++++++++++++++++++++++++++++++++++++++++++++++++++++++++_+               ]
[13:27:21] [Server thread/INFO] (Minecraft) Running test environment 'powers:fx_lod_isolated' batch 0 (1 tests)...
[13:27:22] [Server thread/INFO] (Minecraft) [++++++++++++++++++++++++++++++++++++++++++++++++++++++++++++++++++++++++++++++++++++++++++++++++++++++++++++++++++++               ]
[13:27:22] [Server thread/INFO] (Minecraft) test-mock-player[embedded] logged in with entity id 2802 at (0.0, 0.0, 0.0)
[13:27:22] [Server thread/INFO] (Minecraft) [Dormant] test-mock-player joined the game
[13:27:22] [Server thread/INFO] (Minecraft) test-mock-player[embedded] logged in with entity id 2803 at (0.0, 0.0, 0.0)
[13:27:22] [Server thread/INFO] (Minecraft) [Dormant] test-mock-player joined the game
[13:27:22] [Server thread/INFO] (Minecraft) test-mock-player[embedded] logged in with entity id 2804 at (0.0, 0.0, 0.0)
[13:27:22] [Server thread/INFO] (Minecraft) [Dormant] test-mock-player joined the game
[13:27:22] [Server thread/INFO] (Minecraft) Running test environment 'qa010_hostile:synthetic_reload' batch 0 (1 tests)...
[13:27:22] [Server thread/INFO] (Minecraft) test-mock-player[embedded] logged in with entity id 2805 at (0.0, 0.0, 0.0)
[13:27:22] [Server thread/INFO] (Minecraft) [Dormant] test-mock-player joined the game
[13:27:22] [Server thread/INFO] (Minecraft) Loaded 1605 recipes
[13:27:22] [Server thread/INFO] (Minecraft) Loaded 1713 advancements
[13:27:22] [Server thread/INFO] (powers) Published action registry revision 7 with 110 canonical keys and 2 aliases
[13:27:22] [Server thread/INFO] (powers) Loaded 14 Shadow knowledge entries
[13:27:23] [Server thread/INFO] (Minecraft) [+++++++++++++++++++++++++++++++++++++++++++++++++++++++++++++++++++++++++++++++++++++++++++++++++++++++++++++++++++++_             ]
[13:27:23] [Server thread/INFO] (Minecraft) [+++++++++++++++++++++++++++++++++++++++++++++++++++++++++++++++++++++++++++++++++++++++++++++++++++++++++++++++++++++_             ]
[13:27:23] [Server thread/INFO] (Minecraft) [+++++++++++++++++++++++++++++++++++++++++++++++++++++++++++++++++++++++++++++++++++++++++++++++++++++++++++++++++++++_             ]
[13:27:23] [Server thread/INFO] (Minecraft) [+++++++++++++++++++++++++++++++++++++++++++++++++++++++++++++++++++++++++++++++++++++++++++++++++++++++++++++++++++++_             ]
[13:27:23] [Server thread/INFO] (Minecraft) [+++++++++++++++++++++++++++++++++++++++++++++++++++++++++++++++++++++++++++++++++++++++++++++++++++++++++++++++++++++_             ]
[13:27:23] [Server thread/INFO] (Minecraft) [+++++++++++++++++++++++++++++++++++++++++++++++++++++++++++++++++++++++++++++++++++++++++++++++++++++++++++++++++++++_             ]
[13:27:23] [Server thread/INFO] (Minecraft) [+++++++++++++++++++++++++++++++++++++++++++++++++++++++++++++++++++++++++++++++++++++++++++++++++++++++++++++++++++++_             ]
[13:27:23] [Server thread/INFO] (Minecraft) [+++++++++++++++++++++++++++++++++++++++++++++++++++++++++++++++++++++++++++++++++++++++++++++++++++++++++++++++++++++_             ]
[13:27:24] [Server thread/INFO] (Minecraft) [+++++++++++++++++++++++++++++++++++++++++++++++++++++++++++++++++++++++++++++++++++++++++++++++++++++++++++++++++++++_             ]
[13:27:24] [Server thread/INFO] (Minecraft) [+++++++++++++++++++++++++++++++++++++++++++++++++++++++++++++++++++++++++++++++++++++++++++++++++++++++++++++++++++++_             ]
[13:27:24] [Server thread/INFO] (Minecraft) [+++++++++++++++++++++++++++++++++++++++++++++++++++++++++++++++++++++++++++++++++++++++++++++++++++++++++++++++++++++_             ]
[13:27:24] [Server thread/INFO] (Minecraft) Running test environment 'qa010_hostile:travel_graph' batch 0 (1 tests)...
[13:27:24] [Server thread/INFO] (Minecraft) test-mock-player[embedded] logged in with entity id 3031 at (0.0, 0.0, 0.0)
[13:27:24] [Server thread/INFO] (Minecraft) [Dormant] test-mock-player joined the game
[13:27:24] [Server thread/INFO] (Minecraft) [++++++++++++++++++++++++++++++++++++++++++++++++++++++++++++++++++++++++++++++++++++++++++++++++++++++++++++++++++++++_            ]
[13:27:24] [Server thread/INFO] (Minecraft) [++++++++++++++++++++++++++++++++++++++++++++++++++++++++++++++++++++++++++++++++++++++++++++++++++++++++++++++++++++++_            ]
[13:27:24] [Server thread/INFO] (Minecraft) [++++++++++++++++++++++++++++++++++++++++++++++++++++++++++++++++++++++++++++++++++++++++++++++++++++++++++++++++++++++_            ]
[13:27:24] [Server thread/INFO] (Minecraft) Running test environment 'powers:artifact_recents_isolated' batch 0 (1 tests)...
[13:27:24] [Server thread/INFO] (Minecraft) test-mock-player[embedded] logged in with entity id 3111 at (0.0, 0.0, 0.0)
[13:27:24] [Server thread/INFO] (Minecraft) [Dormant] test-mock-player joined the game
[13:27:24] [Server thread/INFO] (Minecraft) [+++++++++++++++++++++++++++++++++++++++++++++++++++++++++++++++++++++++++++++++++++++++++++++++++++++++++++++++++++++++_           ]
[13:27:24] [Server thread/INFO] (Minecraft) Running test environment 'powers:crystal_invalidation_isolated' batch 0 (1 tests)...
[13:27:24] [Server thread/INFO] (Minecraft) test-mock-player[embedded] logged in with entity id 3122 at (0.0, 0.0, 0.0)
[13:27:24] [Server thread/INFO] (Minecraft) [Dormant] test-mock-player joined the game
[13:27:24] [Server thread/INFO] (Minecraft) Running test environment 'powers:artifact_stale_cycle_isolated' batch 0 (1 tests)...
[13:27:24] [Server thread/INFO] (Minecraft) test-mock-player[embedded] logged in with entity id 3131 at (0.0, 0.0, 0.0)
[13:27:24] [Server thread/INFO] (Minecraft) [Dormant] test-mock-player joined the game
[13:27:24] [Server thread/INFO] (Minecraft) Running test environment 'powers:artifact_authority_isolated' batch 0 (1 tests)...
[13:27:24] [Server thread/INFO] (Minecraft) [++++++++++++++++++++++++++++++++++++++++++++++++++++++++++++++++++++++++++++++++++++++++++++++++++++++++++++++++++++++++++         ]
[13:27:24] [Server thread/INFO] (Minecraft) test-mock-player[embedded] logged in with entity id 3140 at (0.0, 0.0, 0.0)
[13:27:24] [Server thread/INFO] (Minecraft) [Dormant] test-mock-player joined the game
[13:27:24] [Server thread/INFO] (Minecraft) Running test environment 'qa010_hostile:isolated' batch 0 (7 tests)...
[13:27:24] [Server thread/INFO] (Minecraft) test-mock-player[embedded] logged in with entity id 3147 at (0.0, 0.0, 0.0)
[13:27:24] [Server thread/INFO] (Minecraft) [Dormant] test-mock-player joined the game
[13:27:24] [Server thread/INFO] (Minecraft) <test-mock-player> shadow, leave me
[13:27:24] [Server thread/INFO] (Minecraft) test-mock-player[embedded] logged in with entity id 3150 at (0.0, 0.0, 0.0)
[13:27:24] [Server thread/INFO] (Minecraft) [Dormant] test-mock-player joined the game
[13:27:24] [Server thread/INFO] (Minecraft) test-mock-player[embedded] logged in with entity id 3152 at (0.0, 0.0, 0.0)
[13:27:24] [Server thread/INFO] (Minecraft) [Dormant] test-mock-player joined the game
[13:27:25] [Server thread/INFO] (Minecraft) [Dormant] test-mock-player has made the advancement [We Need to Go Deeper]
[13:27:25] [Server thread/INFO] (Minecraft) test-mock-player[embedded] logged in with entity id 3155 at (0.0, 0.0, 0.0)
[13:27:25] [Server thread/INFO] (Minecraft) [Dormant] test-mock-player joined the game
[13:27:25] [Server thread/INFO] (Minecraft) test-mock-player[embedded] logged in with entity id 3156 at (0.0, 0.0, 0.0)
[13:27:25] [Server thread/INFO] (Minecraft) [Dormant] test-mock-player joined the game
[13:27:25] [Server thread/INFO] (Minecraft) test-mock-player[embedded] logged in with entity id 3163 at (0.0, 0.0, 0.0)
[13:27:25] [Server thread/INFO] (Minecraft) [Dormant] test-mock-player joined the game
[13:27:25] [Server thread/INFO] (Minecraft) [Dormant] test-mock-player has made the advancement [Monster Hunter]
[13:27:25] [Server thread/INFO] (Minecraft) test-mock-player[embedded] logged in with entity id 3169 at (0.0, 0.0, 0.0)
[13:27:25] [Server thread/INFO] (Minecraft) [Dormant] test-mock-player joined the game
[13:27:25] [Server thread/INFO] (Minecraft) test-mock-player[embedded] logged in with entity id 3170 at (0.0, 0.0, 0.0)
[13:27:25] [Server thread/INFO] (Minecraft) [Dormant] test-mock-player joined the game
[13:27:25] [Server thread/INFO] (Minecraft) [++++++++++++++++++++++++++++++++++++++++++++++++++++++++++++++++++++++++++++++++++++++++++++++++++++++++++++++++++++++++++++_++++_ ]
[13:27:25] [Server thread/INFO] (Minecraft) [++++++++++++++++++++++++++++++++++++++++++++++++++++++++++++++++++++++++++++++++++++++++++++++++++++++++++++++++++++++++++++_+++++ ]
[13:27:25] [Server thread/INFO] (Minecraft) [++++++++++++++++++++++++++++++++++++++++++++++++++++++++++++++++++++++++++++++++++++++++++++++++++++++++++++++++++++++++++++_+++++ ]
[13:27:26] [Server thread/INFO] (Minecraft) [Dormant] test-mock-player fell out of the world
[13:27:26] [Server thread/INFO] (Minecraft) [++++++++++++++++++++++++++++++++++++++++++++++++++++++++++++++++++++++++++++++++++++++++++++++++++++++++++++++++++++++++++++_+++++ ]
[13:27:26] [Server thread/INFO] (Minecraft) [++++++++++++++++++++++++++++++++++++++++++++++++++++++++++++++++++++++++++++++++++++++++++++++++++++++++++++++++++++++++++++_+++++ ]
[13:27:26] [Server thread/INFO] (Minecraft) [++++++++++++++++++++++++++++++++++++++++++++++++++++++++++++++++++++++++++++++++++++++++++++++++++++++++++++++++++++++++++++_+++++ ]
[13:27:26] [Server thread/INFO] (Minecraft) [++++++++++++++++++++++++++++++++++++++++++++++++++++++++++++++++++++++++++++++++++++++++++++++++++++++++++++++++++++++++++++_+++++ ]
[13:27:26] [Server thread/INFO] (Minecraft) Running test environment 'powers:artifact_stale_teleport_isolated' batch 0 (1 tests)...
[13:27:26] [Server thread/INFO] (Minecraft) [++++++++++++++++++++++++++++++++++++++++++++++++++++++++++++++++++++++++++++++++++++++++++++++++++++++++++++++++++++++++++++++++++ ]
[13:27:26] [Server thread/INFO] (Minecraft) test-mock-player[embedded] logged in with entity id 3278 at (0.0, 0.0, 0.0)
[13:27:26] [Server thread/INFO] (Minecraft) [Dormant] test-mock-player joined the game
[13:27:26] [Server thread/INFO] (Minecraft) [+++++++++++++++++++++++++++++++++++++++++++++++++++++++++++++++++++++++++++++++++++++++++++++++++++++++++++++++++++++++++++++++++++]
[13:27:26] [Server thread/INFO] (Minecraft) ========= 131 GAME TESTS COMPLETE IN 1.294 min ======================
[13:27:26] [Server thread/INFO] (Minecraft) All 131 required tests passed :)
[13:27:26] [Server thread/INFO] (Minecraft) ====================================================
[13:27:26] [Server thread/INFO] (Minecraft) Stopping server
[13:27:26] [Server thread/INFO] (Minecraft) Saving players
[13:27:26] [Server thread/INFO] (Minecraft) test-mock-player lost connection: Server closed
[13:27:26] [Server thread/INFO] (Minecraft) [Dormant] test-mock-player left the game
[13:27:26] [Server thread/INFO] (Minecraft) test-mock-player lost connection: Server closed
[13:27:26] [Server thread/INFO] (Minecraft) [Nightfall] test-mock-player left the game
[13:27:26] [Server thread/INFO] (Minecraft) test-mock-player lost connection: Server closed
[13:27:26] [Server thread/INFO] (Minecraft) [Dormant] test-mock-player left the game
[13:27:26] [Server thread/INFO] (Minecraft) test-mock-player lost connection: Server closed
[13:27:26] [Server thread/INFO] (Minecraft) [Dormant] test-mock-player left the game
[13:27:26] [Server thread/INFO] (Minecraft) test-mock-player lost connection: Server closed
[13:27:26] [Server thread/INFO] (Minecraft) [Dormant] test-mock-player left the game
[13:27:26] [Server thread/INFO] (Minecraft) test-mock-player lost connection: Server closed
[13:27:26] [Server thread/INFO] (Minecraft) [Dormant] test-mock-player left the game
[13:27:26] [Server thread/INFO] (Minecraft) test-mock-player lost connection: Server closed
[13:27:26] [Server thread/INFO] (Minecraft) [Dormant] test-mock-player left the game
[13:27:26] [Server thread/INFO] (Minecraft) test-mock-player lost connection: Server closed
[13:27:26] [Server thread/INFO] (Minecraft) [Dormant] test-mock-player left the game
[13:27:26] [Server thread/INFO] (Minecraft) test-mock-player lost connection: Server closed
[13:27:26] [Server thread/INFO] (Minecraft) [Unmarked] test-mock-player left the game
[13:27:26] [Server thread/INFO] (Minecraft) test-mock-player lost connection: Server closed
[13:27:26] [Server thread/INFO] (Minecraft) [Dormant] test-mock-player left the game
[13:27:26] [Server thread/INFO] (Minecraft) test-mock-player lost connection: Server closed
[13:27:26] [Server thread/INFO] (Minecraft) [Dormant] test-mock-player left the game
[13:27:26] [Server thread/INFO] (Minecraft) test-mock-player lost connection: Server closed
[13:27:26] [Server thread/INFO] (Minecraft) [Dormant] test-mock-player left the game
[13:27:26] [Server thread/INFO] (Minecraft) test-mock-player lost connection: Server closed
[13:27:26] [Server thread/INFO] (Minecraft) [Dormant] test-mock-player left the game
[13:27:26] [Server thread/INFO] (Minecraft) test-mock-player lost connection: Server closed
[13:27:26] [Server thread/INFO] (Minecraft) [Nightfall] test-mock-player left the game
[13:27:26] [Server thread/INFO] (Minecraft) test-mock-player lost connection: Server closed
[13:27:26] [Server thread/INFO] (Minecraft) [Dormant] test-mock-player left the game
[13:27:26] [Server thread/INFO] (Minecraft) test-mock-player lost connection: Server closed
[13:27:26] [Server thread/INFO] (Minecraft) [Dormant] test-mock-player left the game
[13:27:26] [Server thread/INFO] (Minecraft) test-mock-player lost connection: Server closed
[13:27:26] [Server thread/INFO] (Minecraft) [Dormant] test-mock-player left the game
[13:27:26] [Server thread/INFO] (Minecraft) test-mock-player lost connection: Server closed
[13:27:26] [Server thread/INFO] (Minecraft) [Dormant] test-mock-player left the game
[13:27:26] [Server thread/INFO] (Minecraft) test-mock-player lost connection: Server closed
[13:27:26] [Server thread/INFO] (Minecraft) [Dormant] test-mock-player left the game
[13:27:26] [Server thread/INFO] (Minecraft) test-mock-player lost connection: Server closed
[13:27:26] [Server thread/INFO] (Minecraft) [Nightfall] test-mock-player left the game
[13:27:26] [Server thread/INFO] (Minecraft) test-mock-player lost connection: Server closed
[13:27:26] [Server thread/INFO] (Minecraft) [Dormant] test-mock-player left the game
[13:27:26] [Server thread/INFO] (Minecraft) test-mock-player lost connection: Server closed
[13:27:26] [Server thread/INFO] (Minecraft) [Dormant] test-mock-player left the game
[13:27:26] [Server thread/INFO] (Minecraft) test-mock-player lost connection: Server closed
[13:27:26] [Server thread/INFO] (Minecraft) [Dormant] test-mock-player left the game
[13:27:26] [Server thread/INFO] (Minecraft) test-mock-player lost connection: Server closed
[13:27:26] [Server thread/INFO] (Minecraft) [Dormant] test-mock-player left the game
[13:27:26] [Server thread/INFO] (Minecraft) test-mock-player lost connection: Server closed
[13:27:26] [Server thread/INFO] (Minecraft) [Dormant] test-mock-player left the game
[13:27:26] [Server thread/INFO] (Minecraft) test-mock-player lost connection: Server closed
[13:27:26] [Server thread/INFO] (Minecraft) [Dormant] test-mock-player left the game
[13:27:26] [Server thread/INFO] (Minecraft) test-mock-player lost connection: Server closed
[13:27:26] [Server thread/INFO] (Minecraft) [Dormant] test-mock-player left the game
[13:27:26] [Server thread/INFO] (Minecraft) test-mock-player lost connection: Server closed
[13:27:26] [Server thread/INFO] (Minecraft) [Dormant] test-mock-player left the game
[13:27:26] [Server thread/INFO] (Minecraft) test-mock-player lost connection: Server closed
[13:27:26] [Server thread/INFO] (Minecraft) [Dormant] test-mock-player left the game
[13:27:26] [Server thread/INFO] (Minecraft) test-mock-player lost connection: Server closed
[13:27:26] [Server thread/INFO] (Minecraft) [Dormant] test-mock-player left the game
[13:27:26] [Server thread/INFO] (Minecraft) test-mock-player lost connection: Server closed
[13:27:26] [Server thread/INFO] (Minecraft) [Dormant] test-mock-player left the game
[13:27:26] [Server thread/INFO] (Minecraft) test-mock-player lost connection: Server closed
[13:27:26] [Server thread/INFO] (Minecraft) [Dormant] test-mock-player left the game
[13:27:26] [Server thread/INFO] (Minecraft) test-mock-player lost connection: Server closed
[13:27:26] [Server thread/INFO] (Minecraft) [Dormant] test-mock-player left the game
[13:27:26] [Server thread/INFO] (Minecraft) test-mock-player lost connection: Server closed
[13:27:26] [Server thread/INFO] (Minecraft) [Dormant] test-mock-player left the game
[13:27:26] [Server thread/INFO] (Minecraft) test-mock-player lost connection: Server closed
[13:27:26] [Server thread/INFO] (Minecraft) [Dormant] test-mock-player left the game
[13:27:26] [Server thread/INFO] (Minecraft) test-mock-player lost connection: Server closed
[13:27:26] [Server thread/INFO] (Minecraft) [Dormant] test-mock-player left the game
[13:27:26] [Server thread/INFO] (Minecraft) test-mock-player lost connection: Server closed
[13:27:26] [Server thread/INFO] (Minecraft) [Dormant] test-mock-player left the game
[13:27:26] [Server thread/INFO] (Minecraft) test-mock-player lost connection: Server closed
[13:27:26] [Server thread/INFO] (Minecraft) [Dormant] test-mock-player left the game
[13:27:26] [Server thread/INFO] (Minecraft) test-mock-player lost connection: Server closed
[13:27:26] [Server thread/INFO] (Minecraft) [Dormant] test-mock-player left the game
[13:27:26] [Server thread/INFO] (Minecraft) test-mock-player lost connection: Server closed
[13:27:26] [Server thread/INFO] (Minecraft) [Dormant] test-mock-player left the game
[13:27:26] [Server thread/INFO] (Minecraft) test-mock-player lost connection: Server closed
[13:27:26] [Server thread/INFO] (Minecraft) [Dormant] test-mock-player left the game
[13:27:26] [Server thread/INFO] (Minecraft) test-mock-player lost connection: Server closed
[13:27:26] [Server thread/INFO] (Minecraft) [Dormant] test-mock-player left the game
[13:27:26] [Server thread/INFO] (Minecraft) test-mock-player lost connection: Server closed
[13:27:26] [Server thread/INFO] (Minecraft) [Dormant] test-mock-player left the game
[13:27:26] [Server thread/INFO] (Minecraft) test-mock-player lost connection: Server closed
[13:27:26] [Server thread/INFO] (Minecraft) [Dormant] test-mock-player left the game
[13:27:26] [Server thread/INFO] (Minecraft) test-mock-player lost connection: Server closed
[13:27:26] [Server thread/INFO] (Minecraft) [Dormant] test-mock-player left the game
[13:27:26] [Server thread/INFO] (Minecraft) test-mock-player lost connection: Server closed
[13:27:26] [Server thread/INFO] (Minecraft) [Dormant] test-mock-player left the game
[13:27:26] [Server thread/INFO] (Minecraft) test-mock-player lost connection: Server closed
[13:27:26] [Server thread/INFO] (Minecraft) [Dormant] test-mock-player left the game
[13:27:26] [Server thread/INFO] (Minecraft) test-mock-player lost connection: Server closed
[13:27:26] [Server thread/INFO] (Minecraft) [Dormant] test-mock-player left the game
[13:27:26] [Server thread/INFO] (Minecraft) test-mock-player lost connection: Server closed
[13:27:26] [Server thread/INFO] (Minecraft) [Unmarked] test-mock-player left the game
[13:27:26] [Server thread/INFO] (Minecraft) test-mock-player lost connection: Server closed
[13:27:26] [Server thread/INFO] (Minecraft) [Unmarked] test-mock-player left the game
[13:27:26] [Server thread/INFO] (Minecraft) test-mock-player lost connection: Server closed
[13:27:26] [Server thread/INFO] (Minecraft) [Unmarked] test-mock-player left the game
[13:27:26] [Server thread/INFO] (Minecraft) test-mock-player lost connection: Server closed
[13:27:26] [Server thread/INFO] (Minecraft) [Dormant] test-mock-player left the game
[13:27:26] [Server thread/INFO] (Minecraft) test-mock-player lost connection: Server closed
[13:27:26] [Server thread/INFO] (Minecraft) [Dormant] test-mock-player left the game
[13:27:26] [Server thread/INFO] (Minecraft) test-mock-player lost connection: Server closed
[13:27:26] [Server thread/INFO] (Minecraft) [Dormant] test-mock-player left the game
[13:27:26] [Server thread/INFO] (Minecraft) test-mock-player lost connection: Server closed
[13:27:26] [Server thread/INFO] (Minecraft) [Dormant] test-mock-player left the game
[13:27:26] [Server thread/INFO] (Minecraft) test-mock-player lost connection: Server closed
[13:27:26] [Server thread/INFO] (Minecraft) [Dormant] test-mock-player left the game
[13:27:26] [Server thread/INFO] (Minecraft) test-mock-player lost connection: Server closed
[13:27:26] [Server thread/INFO] (Minecraft) [Dormant] test-mock-player left the game
[13:27:26] [Server thread/INFO] (Minecraft) test-mock-player lost connection: Server closed
[13:27:26] [Server thread/INFO] (Minecraft) [Dormant] test-mock-player left the game
[13:27:26] [Server thread/INFO] (Minecraft) test-mock-player lost connection: Server closed
[13:27:26] [Server thread/INFO] (Minecraft) [Dormant] test-mock-player left the game
[13:27:26] [Server thread/INFO] (Minecraft) test-mock-player lost connection: Server closed
[13:27:26] [Server thread/INFO] (Minecraft) [Dormant] test-mock-player left the game
[13:27:26] [Server thread/INFO] (Minecraft) test-mock-player lost connection: Server closed
[13:27:26] [Server thread/INFO] (Minecraft) [Dormant] test-mock-player left the game
[13:27:26] [Server thread/INFO] (Minecraft) test-mock-player lost connection: Server closed
[13:27:26] [Server thread/INFO] (Minecraft) [Nightfall] test-mock-player left the game
[13:27:26] [Server thread/INFO] (Minecraft) test-mock-player lost connection: Server closed
[13:27:26] [Server thread/INFO] (Minecraft) [Dormant] test-mock-player left the game
[13:27:26] [Server thread/INFO] (Minecraft) test-mock-player lost connection: Server closed
[13:27:26] [Server thread/INFO] (Minecraft) [Dormant] test-mock-player left the game
[13:27:26] [Server thread/INFO] (Minecraft) test-mock-player lost connection: Server closed
[13:27:26] [Server thread/INFO] (Minecraft) [Dormant] test-mock-player left the game
[13:27:26] [Server thread/INFO] (Minecraft) test-mock-player lost connection: Server closed
[13:27:26] [Server thread/INFO] (Minecraft) [Dormant] test-mock-player left the game
[13:27:26] [Server thread/INFO] (Minecraft) Saving worlds
[13:27:27] [Server thread/INFO] (Minecraft) Saving chunks for level 'ServerLevel[Test Level]'/minecraft:overworld
[13:27:28] [Server thread/INFO] (Minecraft) Saving chunks for level 'ServerLevel[Test Level]'/minecraft:the_end
[13:27:28] [Server thread/INFO] (Minecraft) Saving chunks for level 'ServerLevel[Test Level]'/powers:light_realm
[13:27:28] [Server thread/INFO] (Minecraft) Saving chunks for level 'ServerLevel[Test Level]'/powers:dark_realm
[13:27:28] [Server thread/INFO] (Minecraft) Saving chunks for level 'ServerLevel[Test Level]'/qa010_hostile:synthetic
[13:27:28] [Server thread/INFO] (Minecraft) Saving chunks for level 'ServerLevel[Test Level]'/minecraft:the_nether
[13:27:28] [Server thread/INFO] (Minecraft) ThreadedAnvilChunkStorage (world): All chunks are saved
[13:27:28] [Server thread/INFO] (Minecraft) ThreadedAnvilChunkStorage (DIM1): All chunks are saved
[13:27:28] [Server thread/INFO] (Minecraft) ThreadedAnvilChunkStorage (light_realm): All chunks are saved
[13:27:28] [Server thread/INFO] (Minecraft) ThreadedAnvilChunkStorage (dark_realm): All chunks are saved
[13:27:28] [Server thread/INFO] (Minecraft) ThreadedAnvilChunkStorage (synthetic): All chunks are saved
[13:27:28] [Server thread/INFO] (Minecraft) ThreadedAnvilChunkStorage (DIM-1): All chunks are saved
[13:27:28] [Server thread/INFO] (Minecraft) ThreadedAnvilChunkStorage: All dimensions are saved
[13:27:28] [Server thread/INFO] (Minecraft) Game test server shutting down

> Task :compileTestJava
> Task :processTestResources
> Task :testClasses
WARNING: A terminally deprecated method in sun.misc.Unsafe has been called
WARNING: sun.misc.Unsafe::objectFieldOffset has been called by org.joml.MemUtil$MemUtilUnsafe (file:<HOME>/.gradle/caches/modules-2/files-2.1/org.joml/joml/1.10.8/fc0a71dad90a2cf41d82a76156a0e700af8e4f8d/joml-1.10.8.jar)
WARNING: Please consider reporting this to the maintainers of class org.joml.MemUtil$MemUtilUnsafe
WARNING: sun.misc.Unsafe::objectFieldOffset will be removed in a future release
> Task :test

> Task :testPythonScripts
.........FF...................................................................................................................................[0012] [Server thread/INFO]: SoakClient left the game
.
======================================================================
FAIL: test_fresh_checksums_bind_every_owned_file (test_build_vfx011_review_ledger.Vfx011EvidenceTest.test_fresh_checksums_bind_every_owned_file)
----------------------------------------------------------------------
Traceback (most recent call last):
  File "<HOME>/Developer/Minecraft mods/POWERS/.worktrees/vfx-011-exact-visual-audit/scripts/tests/test_build_vfx011_review_ledger.py", line 306, in test_fresh_checksums_bind_every_owned_file
    self.assertEqual({path.relative_to(ROOT).as_posix() for path in owned}, set(bound))
    ~~~~~~~~~~~~~~~~^^^^^^^^^^^^^^^^^^^^^^^^^^^^^^^^^^^^^^^^^^^^^^^^^^^^^^^^^^^^^^^^^^^
AssertionError: Items in the first set but not the second:
'docs/verification/evidence/2026-08-24-vfx-011/logs/final-review-check-attempt2-clean-failed.log'
'docs/verification/evidence/2026-08-24-vfx-011/logs/final-review-check-attempt1-failed.log'

======================================================================
FAIL: test_fresh_client_command_receipt_proves_terminal_success_and_exact_binding (test_build_vfx011_review_ledger.Vfx011EvidenceTest.test_fresh_client_command_receipt_proves_terminal_success_and_exact_binding)
----------------------------------------------------------------------
Traceback (most recent call last):
  File "<HOME>/Developer/Minecraft mods/POWERS/.worktrees/vfx-011-exact-visual-audit/scripts/tests/test_build_vfx011_review_ledger.py", line 278, in test_fresh_client_command_receipt_proves_terminal_success_and_exact_binding
    self.assertEqual(
    ~~~~~~~~~~~~~~~~^
        "3376c8b97405e53804b12439b976e73874ff2ea0",
        ^^^^^^^^^^^^^^^^^^^^^^^^^^^^^^^^^^^^^^^^^^^
        receipt["implementationCommit"])
        ^^^^^^^^^^^^^^^^^^^^^^^^^^^^^^^^
AssertionError: '3376c8b97405e53804b12439b976e73874ff2ea0' != '44e3a7c58c6426f2cfa8f64e4cb5fabd29822279'
- 3376c8b97405e53804b12439b976e73874ff2ea0
+ 44e3a7c58c6426f2cfa8f64e4cb5fabd29822279


----------------------------------------------------------------------
Ran 143 tests in 19.577s

FAILED (failures=2)

> Task :testPythonScripts FAILED

FAILURE: Build failed with an exception.

* What went wrong:
Execution failed for task ':testPythonScripts' (registered in build file 'build.gradle').
> Process 'command 'python3'' finished with non-zero exit value 1

* Try:
> Run with --stacktrace option to get the stack trace.
> Run with --info or --debug option to get more log output.
> Run with --scan to get full insights from a Build Scan (powered by Develocity).
> Get more help at https://help.gradle.org.

BUILD FAILED in 2m 56s
19 actionable tasks: 19 executed
FINAL_REVIEW_CHECK_EXIT=1
