To honour the JVM settings for this build a single-use Daemon process will be forked. For more on this, please refer to https://docs.gradle.org/9.5.1/userguide/gradle_daemon.html#sec:disabling_the_daemon in the Gradle documentation.
Daemon will be stopped at the end of the build

> Configure project :
Fabric Loom: 1.17.19

> Task :auditJavaSources
> Task :auditNonItemAssets
> Task :compileJava
> Task :processResources
> Task :classes
> Task :compileClientJava
> Task :processClientResources
> Task :clientClasses
> Task :compileExampleExtensionJava
> Task :processExampleExtensionResources
> Task :exampleExtensionClasses
> Task :compileGametestJava
> Task :deleteGameTestRunDir
> Task :acceptGameTestEula
> Task :generateLog4jConfig
> Task :generateDLIConfig
> Task :configureLaunch
> Task :processGametestResources
> Task :gametestClasses

> Task :runGameTest
[17:00:33] [main/INFO] (FabricLoader/GameProvider) Loading Minecraft 26.2 with Fabric Loader 0.19.3
[17:00:33] [main/INFO] (FabricLoader/Mappings) Mappings not present!
[17:00:34] [main/INFO] (FabricLoader) Loading 45 mods:
	- fabric-api 0.156.0+26.2
	   |-- fabric-key-mapping-api-v1 2.0.5+e2bdee789e
	   |-- fabric-model-loading-api-v1 8.0.16+c80601bb9e
	   |-- fabric-renderer-api-v1 14.1.3+2b0d8a229e
	   |-- fabric-renderer-indigo 9.1.3+2b0d8a229e
	   |-- fabric-rendering-v1 25.3.2+515ac5339e
	   |-- fabric-screen-api-v1 5.1.0+48e3c0b09e
	   \-- fabric-sound-api-v1 2.0.5+11a26f319e
	- fabric-api-base 2.0.4+ece063239e
	- fabric-api-lookup-api-v1 2.0.17+11e1c9a39e
	- fabric-biome-api-v1 18.0.6+c7bd5b8e9e
	- fabric-block-api-v1 3.0.3+ec56b6019e
	- fabric-block-getter-api-v2 2.0.7+ec56b6019e
	- fabric-command-api-v2 3.1.0+00cb03469e
	- fabric-content-registries-v0 11.3.0+d0a699d09e
	- fabric-convention-tags-v2 4.7.0+1f023a9e9e
	- fabric-crash-report-info-v1 1.0.5+086d547a9e
	- fabric-creative-tab-api-v1 5.0.14+d871b99e9e
	- fabric-data-attachment-api-v1 2.2.18+515ac5339e
	- fabric-data-generation-api-v1 25.5.0+aed122aa9e
	- fabric-debug-api-v1 1.0.2+c792624d9e
	- fabric-dimensions-v1 5.1.11+515ac5339e
	- fabric-entity-events-v1 5.0.5+06488ac19e
	- fabric-events-interaction-v0 5.2.7+515ac5339e
	- fabric-game-rule-api-v1 4.0.8+46a6d00c9e
	- fabric-gametest-api-v1 4.0.21+4a7fa0819e
	- fabric-item-api-v1 14.4.0+49a69a7b9e
	- fabric-lifecycle-events-v1 4.1.3+4575b05f9e
	- fabric-loot-api-v3 3.0.17+06488ac19e
	- fabric-menu-api-v1 2.0.16+086d547a9e
	- fabric-message-api-v1 7.0.7+086d547a9e
	- fabric-networking-api-v1 6.3.3+72073ef09e
	- fabric-object-builder-api-v1 24.1.0+6fcd5f039e
	- fabric-particles-v1 5.0.18+d1756aa99e
	- fabric-permission-api-v1 1.0.4+536fad2f9e
	- fabric-recipe-api-v1 9.0.20+11e1c9a39e
	- fabric-registry-sync-v0 7.1.0+c7bd5b8e9e
	- fabric-rendering-fluids-v1 6.0.4+06488ac19e
	- fabric-resource-conditions-api-v1 6.1.0+10e9a28b9e
	- fabric-resource-loader-v0 3.3.20+4fc5413f9e
	- fabric-resource-loader-v1 2.0.13+9edec1269e
	- fabric-serialization-api-v1 2.0.4+11a26f319e
	- fabric-tag-api-v1 2.1.4+515ac5339e
	- fabric-transfer-api-v1 8.0.12+11dbb7d79e
	- fabric-transitive-access-wideners-v1 8.1.4+67c847259e
	- fabricloader 0.19.3
	- java 25
	- minecraft 26.2
	- mixinextras 0.5.4
	- powers 1.0.2
	- powers-example-extension 1.0.0
	- powers-gametest 1.0.0
[17:00:34] [main/INFO] (FabricLoader/Mixin) SpongePowered MIXIN Subsystem Version=0.8.7 Source=file:<HOME>/.gradle/caches/modules-2/files-2.1/net.fabricmc/sponge-mixin/0.17.3+mixin.0.8.7/41c4a3984a80f4679e759fb9f495587acc5cdac7/sponge-mixin-0.17.3+mixin.0.8.7.jar Service=Knot/Fabric Env=SERVER
[17:00:34] [main/INFO] (FabricLoader/Mixin) Compatibility level set to JAVA_25
[17:00:34] [main/INFO] (FabricLoader/MixinExtras|Service) Initializing MixinExtras via com.llamalad7.mixinextras.service.MixinExtrasServiceImpl(version=0.5.4).
[17:00:39] [main/INFO] (powers) POWERS config validation: revision=1; adjustments=0; retained=0; dropped=0
[17:00:39] [main/INFO] (powers) Loaded rank mazes: 28 light nodes, 28 darkness nodes
[17:00:39] [main/INFO] (powers) Magic collision kernel loaded: 64 actions, 2080 exhaustive interactions
[17:00:39] [main/INFO] (powers) POWERS framework initialized with 23 power(s)
[17:00:39] [main/INFO] (Minecraft) Environment: Environment[sessionHost=https://sessionserver.mojang.com, servicesHost=https://api.minecraftservices.com, profilesHost=https://api.mojang.com, name=PROD]
[17:00:39] [main/INFO] (FabricGameTestRunner) Starting test server
[17:00:40] [main/INFO] (Minecraft) Loaded 1605 recipes
[17:00:40] [main/INFO] (Minecraft) Loaded 1713 advancements
[17:00:40] [main/INFO] (powers) Staged 2 initial action aliases until extension registration
[17:00:40] [main/INFO] (powers) Loaded 14 Shadow knowledge entries
[17:00:40] [main/INFO] (BiomeModificationImpl) Applied 0 biome modifications to 0 of 69 new biomes in 1.598 ms
[17:00:40] [Server thread/INFO] (powers) Published action registry revision 2 with 110 canonical keys and 2 aliases
[17:00:41] [Server thread/INFO] (Minecraft) Selecting global world spawn...
[17:00:41] [Server thread/INFO] (Minecraft) Loading 0 persistent chunks...
[17:00:41] [Server thread/INFO] (Minecraft) Preparing spawn area: 100%
[17:00:41] [Server thread/INFO] (Minecraft) Time elapsed: 273 ms
[17:00:41] [Server thread/INFO] (Minecraft) Started game test server
[17:00:41] [Server thread/INFO] (Minecraft) 131 tests are now running at position 12102932, -59, 1474137!
[17:00:42] [Server thread/INFO] (Minecraft) Running test environment 'powers:packet_fault_matrix_isolated' batch 0 (1 tests)...
[17:00:42] [Server thread/INFO] (Minecraft) [                                                                                                                                   ]
[17:00:42] [Server thread/INFO] (Minecraft) [                                                                                                                                   ]
[17:00:42] [Server thread/INFO] (Minecraft) [                                                                                                                                   ]
[17:00:42] [Server thread/INFO] (Minecraft) [                                                                                                                                   ]
[17:00:42] [Server thread/INFO] (Minecraft) [                                                                                                                                   ]
[17:00:42] [Server thread/INFO] (Minecraft) test-mock-player[embedded] logged in with entity id 1 at (0.0, 0.0, 0.0)
[17:00:42] [Server thread/INFO] (Minecraft) [Dormant] test-mock-player joined the game
[17:00:42] [Server thread/INFO] (Minecraft) test-mock-player[embedded] logged in with entity id 2 at (0.0, 0.0, 0.0)
[17:00:42] [Server thread/INFO] (Minecraft) [Dormant] test-mock-player joined the game
[17:00:42] [Server thread/INFO] (Minecraft) test-mock-player[embedded] logged in with entity id 3 at (0.0, 0.0, 0.0)
[17:00:42] [Server thread/INFO] (Minecraft) [Dormant] test-mock-player joined the game
[17:00:42] [Server thread/INFO] (Minecraft) test-mock-player[embedded] logged in with entity id 4 at (0.0, 0.0, 0.0)
[17:00:42] [Server thread/INFO] (Minecraft) [Dormant] test-mock-player joined the game
[17:00:42] [Server thread/INFO] (Minecraft) test-mock-player[embedded] logged in with entity id 5 at (0.0, 0.0, 0.0)
[17:00:42] [Server thread/INFO] (Minecraft) [Dormant] test-mock-player joined the game
[17:00:42] [Server thread/INFO] (Minecraft) test-mock-player[embedded] logged in with entity id 6 at (0.0, 0.0, 0.0)
[17:00:42] [Server thread/INFO] (Minecraft) [Dormant] test-mock-player joined the game
[17:00:42] [Server thread/INFO] (Minecraft) [_                                                                                                                                  ]
[17:00:43] [Server thread/INFO] (Minecraft) test-mock-player lost connection: QA-009 production matrix complete
[17:00:43] [Server thread/INFO] (Minecraft) [Dormant] test-mock-player left the game
[17:00:43] [Server thread/INFO] (Minecraft) test-mock-player lost connection: QA-009 production matrix complete
[17:00:43] [Server thread/INFO] (Minecraft) [Dormant] test-mock-player left the game
[17:00:43] [Server thread/INFO] (Minecraft) test-mock-player lost connection: QA-009 production matrix complete
[17:00:43] [Server thread/INFO] (Minecraft) [Dormant] test-mock-player left the game
[17:00:43] [Server thread/INFO] (Minecraft) test-mock-player lost connection: QA-009 production matrix complete
[17:00:43] [Server thread/INFO] (Minecraft) [Dormant] test-mock-player left the game
[17:00:43] [Server thread/INFO] (Minecraft) test-mock-player lost connection: QA-009 production matrix complete
[17:00:43] [Server thread/INFO] (Minecraft) [Dormant] test-mock-player left the game
[17:00:43] [Server thread/INFO] (Minecraft) test-mock-player lost connection: QA-009 production matrix complete
[17:00:43] [Server thread/INFO] (Minecraft) [Dormant] test-mock-player left the game
[17:00:43] [Server thread/INFO] (Minecraft) [STDOUT]: QA009_PRODUCTION_MATRIX profile=delay150 serverObservedByTicks=10 authoritative=selected outbound=power-state-91 offered=101 dropped=0 duplicated=0 delayed=101 reordered=99 delivered=2 expired=0 maxQueue=101 maxAgeTicks=4 duplicateSideEffects=0
[17:00:43] [Server thread/INFO] (Minecraft) [STDOUT]: QA009_PRODUCTION_MATRIX profile=delay300 serverObservedByTicks=10 authoritative=selected outbound=power-state-91 offered=101 dropped=0 duplicated=0 delayed=101 reordered=99 delivered=2 expired=0 maxQueue=101 maxAgeTicks=7 duplicateSideEffects=0
[17:00:43] [Server thread/INFO] (Minecraft) [STDOUT]: QA009_PRODUCTION_MATRIX profile=loss1 serverObservedByTicks=10 authoritative=selected outbound=power-state-91 offered=251 dropped=3 duplicated=0 delayed=0 reordered=246 delivered=2 expired=0 maxQueue=248 maxAgeTicks=3 duplicateSideEffects=0
[17:00:43] [Server thread/INFO] (Minecraft) [STDOUT]: QA009_PRODUCTION_MATRIX profile=loss5 serverObservedByTicks=10 authoritative=selected outbound=power-state-91 offered=251 dropped=13 duplicated=0 delayed=0 reordered=236 delivered=2 expired=0 maxQueue=238 maxAgeTicks=3 duplicateSideEffects=0
[17:00:43] [Server thread/INFO] (Minecraft) [STDOUT]: QA009_PRODUCTION_MATRIX profile=duplicate serverObservedByTicks=10 authoritative=selected outbound=power-state-91 offered=101 dropped=0 duplicated=101 delayed=0 reordered=198 delivered=2 expired=0 maxQueue=202 maxAgeTicks=3 duplicateSideEffects=0
[17:00:43] [Server thread/INFO] (Minecraft) [STDOUT]: QA009_PRODUCTION_MATRIX profile=reorder serverObservedByTicks=10 authoritative=selected outbound=power-state-91 offered=101 dropped=0 duplicated=0 delayed=68 reordered=99 delivered=2 expired=0 maxQueue=101 maxAgeTicks=2 duplicateSideEffects=0
[17:00:43] [Server thread/INFO] (Minecraft) Running test environment 'powers:crystal_invalidation_isolated' batch 0 (1 tests)...
[17:00:43] [Server thread/INFO] (Minecraft) [+                                                                                                                                  ]
[17:00:43] [Server thread/INFO] (Minecraft) test-mock-player[embedded] logged in with entity id 7 at (0.0, 0.0, 0.0)
[17:00:43] [Server thread/INFO] (Minecraft) [Dormant] test-mock-player joined the game
[17:00:43] [Server thread/INFO] (Minecraft) Running test environment 'qa010_hostile:travel_graph' batch 0 (1 tests)...
[17:00:43] [Server thread/INFO] (Minecraft) test-mock-player[embedded] logged in with entity id 8 at (0.0, 0.0, 0.0)
[17:00:43] [Server thread/INFO] (Minecraft) [Dormant] test-mock-player joined the game
[17:00:43] [Server thread/INFO] (Minecraft) [++_                                                                                                                                ]
[17:00:43] [Server thread/INFO] (Minecraft) [++_                                                                                                                                ]
[17:00:43] [Server thread/INFO] (Minecraft) [++_                                                                                                                                ]
[17:00:43] [Server thread/INFO] (Minecraft) [++_                                                                                                                                ]
[17:00:43] [Server thread/INFO] (Minecraft) Running test environment 'powers:invasion_isolated' batch 0 (1 tests)...
[17:00:43] [Server thread/INFO] (Minecraft) [+++                                                                                                                                ]
[17:00:43] [Server thread/INFO] (Minecraft) test-mock-player[embedded] logged in with entity id 115 at (0.0, 0.0, 0.0)
[17:00:43] [Server thread/INFO] (Minecraft) [Dormant] test-mock-player joined the game
[17:00:43] [Server thread/INFO] (Minecraft) [+++_                                                                                                                               ]
[17:00:43] [Server thread/INFO] (Minecraft) [+++_                                                                                                                               ]
[17:00:43] [Server thread/INFO] (Minecraft) [+++_                                                                                                                               ]
[17:00:43] [Server thread/INFO] (Minecraft) [+++_                                                                                                                               ]
[17:00:43] [Server thread/INFO] (Minecraft) [+++_                                                                                                                               ]
[17:00:43] [Server thread/INFO] (Minecraft) [+++_                                                                                                                               ]
[17:00:43] [Server thread/INFO] (Minecraft) [+++_                                                                                                                               ]
[17:00:44] [Server thread/INFO] (Minecraft) [+++_                                                                                                                               ]
[17:00:44] [Server thread/INFO] (Minecraft) [+++_                                                                                                                               ]
[17:00:44] [Server thread/INFO] (Minecraft) [+++_                                                                                                                               ]
[17:00:44] [Server thread/INFO] (Minecraft) [+++_                                                                                                                               ]
[17:00:44] [Server thread/INFO] (Minecraft) [+++_                                                                                                                               ]
[17:00:44] [Server thread/INFO] (Minecraft) [+++_                                                                                                                               ]
[17:00:44] [Server thread/INFO] (Minecraft) [+++_                                                                                                                               ]
[17:00:44] [Server thread/INFO] (Minecraft) [+++_                                                                                                                               ]
[17:00:44] [Server thread/INFO] (Minecraft) [+++_                                                                                                                               ]
[17:00:44] [Server thread/INFO] (Minecraft) [+++_                                                                                                                               ]
[17:00:44] [Server thread/INFO] (Minecraft) [+++_                                                                                                                               ]
[17:00:44] [Server thread/INFO] (Minecraft) [+++_                                                                                                                               ]
[17:00:44] [Server thread/INFO] (Minecraft) [+++_                                                                                                                               ]
[17:00:44] [Server thread/INFO] (Minecraft) [+++_                                                                                                                               ]
[17:00:44] [Server thread/INFO] (Minecraft) Running test environment 'powers:artifact_authority_isolated' batch 0 (1 tests)...
[17:00:44] [Server thread/INFO] (Minecraft) [++++                                                                                                                               ]
[17:00:44] [Server thread/INFO] (Minecraft) test-mock-player[embedded] logged in with entity id 173 at (0.0, 0.0, 0.0)
[17:00:44] [Server thread/INFO] (Minecraft) [Dormant] test-mock-player joined the game
[17:00:44] [Server thread/INFO] (Minecraft) Running test environment 'powers:fx_lod_isolated' batch 0 (1 tests)...
[17:00:44] [Server thread/INFO] (Minecraft) [+++++                                                                                                                              ]
[17:00:44] [Server thread/INFO] (Minecraft) test-mock-player[embedded] logged in with entity id 177 at (0.0, 0.0, 0.0)
[17:00:44] [Server thread/INFO] (Minecraft) [Dormant] test-mock-player joined the game
[17:00:44] [Server thread/INFO] (Minecraft) test-mock-player[embedded] logged in with entity id 178 at (0.0, 0.0, 0.0)
[17:00:44] [Server thread/INFO] (Minecraft) [Dormant] test-mock-player joined the game
[17:00:44] [Server thread/INFO] (Minecraft) test-mock-player[embedded] logged in with entity id 179 at (0.0, 0.0, 0.0)
[17:00:44] [Server thread/INFO] (Minecraft) [Dormant] test-mock-player joined the game
[17:00:44] [Server thread/INFO] (Minecraft) Running test environment 'powers:artifact_stale_cycle_isolated' batch 0 (1 tests)...
[17:00:44] [Server thread/INFO] (Minecraft) test-mock-player[embedded] logged in with entity id 182 at (0.0, 0.0, 0.0)
[17:00:44] [Server thread/INFO] (Minecraft) [Dormant] test-mock-player joined the game
[17:00:44] [Server thread/INFO] (Minecraft) Running test environment 'powers:artifact_recents_isolated' batch 0 (1 tests)...
[17:00:44] [Server thread/INFO] (Minecraft) [+++++++                                                                                                                            ]
[17:00:44] [Server thread/INFO] (Minecraft) test-mock-player[embedded] logged in with entity id 185 at (0.0, 0.0, 0.0)
[17:00:44] [Server thread/INFO] (Minecraft) [Dormant] test-mock-player joined the game
[17:00:44] [Server thread/INFO] (Minecraft) Running test environment 'powers:vfx_gallery' batch 0 (1 tests)...
[17:00:44] [Server thread/INFO] (Minecraft) test-mock-player[embedded] logged in with entity id 187 at (0.0, 0.0, 0.0)
[17:00:44] [Server thread/INFO] (Minecraft) [Dormant] test-mock-player joined the game
[17:00:44] [Server thread/INFO] (Minecraft) Running test environment 'powers:packet_fault_isolated' batch 0 (4 tests)...
[17:00:44] [Server thread/INFO] (Minecraft) test-mock-player[embedded] logged in with entity id 201 at (0.0, 0.0, 0.0)
[17:00:44] [Server thread/INFO] (Minecraft) [Dormant] test-mock-player joined the game
[17:00:44] [Server thread/INFO] (Minecraft) [+++++++++_+++                                                                                                                      ]
[17:00:44] [Server thread/INFO] (Minecraft) [+++++++++_+++                                                                                                                      ]
[17:00:44] [Server thread/INFO] (Minecraft) [+++++++++_+++                                                                                                                      ]
[17:00:44] [Server thread/INFO] (Minecraft) test-mock-player[embedded] logged in with entity id 240 at (0.0, 0.0, 0.0)
[17:00:44] [Server thread/INFO] (Minecraft) [Dormant] test-mock-player joined the game
[17:00:44] [Server thread/INFO] (Minecraft) test-mock-player[embedded] logged in with entity id 245 at (0.0, 0.0, 0.0)
[17:00:44] [Server thread/INFO] (Minecraft) [Dormant] test-mock-player joined the game
[17:00:44] [Server thread/INFO] (Minecraft) [+++++++++_+++                                                                                                                      ]
[17:00:44] [Server thread/INFO] (Minecraft) [Dormant] test-mock-player has made the advancement [We Need to Go Deeper]
[17:00:44] [Server thread/INFO] (Minecraft) test-mock-player[embedded] logged in with entity id 275 at (0.0, 0.0, 0.0)
[17:00:44] [Server thread/INFO] (Minecraft) [Dormant] test-mock-player joined the game
[17:00:44] [Server thread/INFO] (Minecraft) test-mock-player[embedded] logged in with entity id 280 at (0.0, 0.0, 0.0)
[17:00:44] [Server thread/INFO] (Minecraft) [Dormant] test-mock-player joined the game
[17:00:44] [Server thread/INFO] (Minecraft) test-mock-player lost connection: QA-009 disconnect lifecycle
[17:00:44] [Server thread/INFO] (Minecraft) [Dormant] test-mock-player left the game
[17:00:44] [Server thread/INFO] (Minecraft) test-mock-player[embedded] logged in with entity id 285 at (0.0, 0.0, 0.0)
[17:00:44] [Server thread/INFO] (Minecraft) [Dormant] test-mock-player joined the game
[17:00:44] [Server thread/INFO] (Minecraft) [+++++++++_+++                                                                                                                      ]
[17:00:44] [Server thread/INFO] (Minecraft) [+++++++++_+++                                                                                                                      ]
[17:00:45] [Server thread/INFO] (Minecraft) [+++++++++_+++                                                                                                                      ]
[17:00:45] [Server thread/INFO] (Minecraft) [+++++++++_+++                                                                                                                      ]
[17:00:45] [Server thread/INFO] (Minecraft) [+++++++++_+++                                                                                                                      ]
[17:00:45] [Server thread/INFO] (Minecraft) [+++++++++_+++                                                                                                                      ]
[17:00:45] [Server thread/INFO] (Minecraft) [+++++++++_+++                                                                                                                      ]
[17:00:45] [Server thread/INFO] (Minecraft) [+++++++++_+++                                                                                                                      ]
[17:00:45] [Server thread/INFO] (Minecraft) [+++++++++_+++                                                                                                                      ]
[17:00:45] [Server thread/INFO] (Minecraft) [+++++++++_+++                                                                                                                      ]
[17:00:45] [Server thread/INFO] (Minecraft) [+++++++++_+++                                                                                                                      ]
[17:00:45] [Server thread/INFO] (Minecraft) [+++++++++_+++                                                                                                                      ]
[17:00:45] [Server thread/INFO] (Minecraft) [+++++++++_+++                                                                                                                      ]
[17:00:45] [Server thread/INFO] (Minecraft) [+++++++++_+++                                                                                                                      ]
[17:00:45] [Server thread/INFO] (Minecraft) [+++++++++_+++                                                                                                                      ]
[17:00:45] [Server thread/INFO] (Minecraft) [+++++++++_+++                                                                                                                      ]
[17:00:45] [Server thread/INFO] (Minecraft) [+++++++++_+++                                                                                                                      ]
[17:00:45] [Server thread/INFO] (Minecraft) [+++++++++_+++                                                                                                                      ]
[17:00:45] [Server thread/INFO] (Minecraft) [+++++++++_+++                                                                                                                      ]
[17:00:45] [Server thread/INFO] (Minecraft) [+++++++++_+++                                                                                                                      ]
[17:00:45] [Server thread/INFO] (Minecraft) [+++++++++_+++                                                                                                                      ]
[17:00:45] [Server thread/INFO] (Minecraft) [+++++++++_+++                                                                                                                      ]
[17:00:45] [Server thread/INFO] (Minecraft) [+++++++++_+++                                                                                                                      ]
[17:00:45] [Server thread/INFO] (Minecraft) [+++++++++_+++                                                                                                                      ]
[17:00:45] [Server thread/INFO] (Minecraft) [+++++++++_+++                                                                                                                      ]
[17:00:45] [Server thread/INFO] (Minecraft) [+++++++++_+++                                                                                                                      ]
[17:00:45] [Server thread/INFO] (Minecraft) [+++++++++_+++                                                                                                                      ]
[17:00:45] [Server thread/INFO] (Minecraft) [+++++++++_+++                                                                                                                      ]
[17:00:45] [Server thread/INFO] (Minecraft) [+++++++++_+++                                                                                                                      ]
[17:00:45] [Server thread/INFO] (Minecraft) [+++++++++_+++                                                                                                                      ]
[17:00:45] [Server thread/INFO] (Minecraft) Running test environment 'qa010_hostile:synthetic_reload' batch 0 (1 tests)...
[17:00:45] [Server thread/INFO] (Minecraft) [+++++++++++++                                                                                                                      ]
[17:00:45] [Server thread/INFO] (Minecraft) test-mock-player[embedded] logged in with entity id 426 at (0.0, 0.0, 0.0)
[17:00:45] [Server thread/INFO] (Minecraft) [Dormant] test-mock-player joined the game
[17:00:46] [Server thread/INFO] (Minecraft) Loaded 1605 recipes
[17:00:46] [Server thread/INFO] (Minecraft) Loaded 1713 advancements
[17:00:46] [Server thread/INFO] (powers) Published action registry revision 3 with 110 canonical keys and 2 aliases
[17:00:46] [Server thread/INFO] (powers) Loaded 14 Shadow knowledge entries
[17:00:46] [Server thread/INFO] (Minecraft) [+++++++++++++_                                                                                                                     ]
[17:00:46] [Server thread/INFO] (Minecraft) [+++++++++++++_                                                                                                                     ]
[17:00:46] [Server thread/INFO] (Minecraft) [+++++++++++++_                                                                                                                     ]
[17:00:46] [Server thread/INFO] (Minecraft) [+++++++++++++_                                                                                                                     ]
[17:00:46] [Server thread/INFO] (Minecraft) [+++++++++++++_                                                                                                                     ]
[17:00:46] [Server thread/INFO] (Minecraft) [+++++++++++++_                                                                                                                     ]
[17:00:46] [Server thread/INFO] (Minecraft) [+++++++++++++_                                                                                                                     ]
[17:00:46] [Server thread/INFO] (Minecraft) [+++++++++++++_                                                                                                                     ]
[17:00:47] [Server thread/INFO] (Minecraft) [+++++++++++++_                                                                                                                     ]
[17:00:47] [Server thread/INFO] (Minecraft) [+++++++++++++_                                                                                                                     ]
[17:00:47] [Server thread/INFO] (Minecraft) [+++++++++++++_                                                                                                                     ]
[17:00:47] [Server thread/INFO] (Minecraft) Running test environment 'minecraft:default' batch 0 (50 tests)...
[17:00:47] [Server thread/INFO] (Minecraft) test-mock-player[embedded] logged in with entity id 641 at (0.0, 0.0, 0.0)
[17:00:47] [Server thread/INFO] (Minecraft) [Dormant] test-mock-player joined the game
[17:00:47] [Server thread/INFO] (Minecraft) test-mock-player[embedded] logged in with entity id 642 at (0.0, 0.0, 0.0)
[17:00:47] [Server thread/INFO] (Minecraft) [Dormant] test-mock-player joined the game
[17:00:47] [Server thread/INFO] (Minecraft) test-mock-player[embedded] logged in with entity id 646 at (0.0, 0.0, 0.0)
[17:00:47] [Server thread/INFO] (Minecraft) [Dormant] test-mock-player joined the game
[17:00:47] [Server thread/INFO] (Minecraft) Named entity PowerTestActor['Test_5d1c514d'/647, l='ServerLevel[Test Level]', x=12102935.50, y=-56.00, z=1474179.50] died: Test_5d1c514d died
[17:00:47] [Server thread/INFO] (Minecraft) test-mock-player[embedded] logged in with entity id 650 at (0.0, 0.0, 0.0)
[17:00:47] [Server thread/INFO] (Minecraft) [Dormant] test-mock-player joined the game
[17:00:47] [Server thread/INFO] (Minecraft) Named entity FirstVessel['The First Vessel'/652, l='ServerLevel[Test Level]', x=12102965.50, y=-56.00, z=1474175.50] died: death.attack.powers.celestial_ruin
[17:00:47] [Server thread/INFO] (Minecraft) test-mock-player[embedded] logged in with entity id 655 at (0.0, 0.0, 0.0)
[17:00:47] [Server thread/INFO] (Minecraft) [Dormant] test-mock-player joined the game
[17:00:47] [Server thread/INFO] (Minecraft) test-mock-player[embedded] logged in with entity id 657 at (0.0, 0.0, 0.0)
[17:00:47] [Server thread/INFO] (Minecraft) [Dormant] test-mock-player joined the game
[17:00:47] [Server thread/INFO] (Minecraft) test-mock-player[embedded] logged in with entity id 659 at (0.0, 0.0, 0.0)
[17:00:47] [Server thread/INFO] (Minecraft) [Dormant] test-mock-player joined the game
[17:00:47] [Server thread/INFO] (Minecraft) test-mock-player[embedded] logged in with entity id 661 at (0.0, 0.0, 0.0)
[17:00:47] [Server thread/INFO] (Minecraft) [Dormant] test-mock-player joined the game
[17:00:47] [Server thread/INFO] (Minecraft) test-mock-player[embedded] logged in with entity id 662 at (0.0, 0.0, 0.0)
[17:00:47] [Server thread/INFO] (Minecraft) [Dormant] test-mock-player joined the game
[17:00:47] [Server thread/INFO] (Minecraft) test-mock-player[embedded] logged in with entity id 663 at (0.0, 0.0, 0.0)
[17:00:47] [Server thread/INFO] (Minecraft) [Dormant] test-mock-player joined the game
[17:00:47] [Server thread/INFO] (Minecraft) test-mock-player[embedded] logged in with entity id 664 at (0.0, 0.0, 0.0)
[17:00:47] [Server thread/INFO] (Minecraft) [Dormant] test-mock-player joined the game
[17:00:47] [Server thread/INFO] (Minecraft) test-mock-player[embedded] logged in with entity id 666 at (0.0, 0.0, 0.0)
[17:00:47] [Server thread/INFO] (Minecraft) [Dormant] test-mock-player joined the game
[17:00:47] [Server thread/INFO] (Minecraft) test-mock-player[embedded] logged in with entity id 669 at (0.0, 0.0, 0.0)
[17:00:47] [Server thread/INFO] (Minecraft) [Dormant] test-mock-player joined the game
[17:00:47] [Server thread/INFO] (Minecraft) test-mock-player[embedded] logged in with entity id 670 at (0.0, 0.0, 0.0)
[17:00:47] [Server thread/INFO] (Minecraft) [Dormant] test-mock-player joined the game
[17:00:48] [Server thread/INFO] (Minecraft) test-mock-player[embedded] logged in with entity id 673 at (0.0, 0.0, 0.0)
[17:00:48] [Server thread/INFO] (Minecraft) [Dormant] test-mock-player joined the game
[17:00:48] [Server thread/INFO] (Minecraft) test-mock-player[embedded] logged in with entity id 674 at (0.0, 0.0, 0.0)
[17:00:48] [Server thread/INFO] (Minecraft) [Dormant] test-mock-player joined the game
[17:00:48] [Server thread/INFO] (Minecraft) [Dormant] test-mock-player has made the advancement [We Need to Go Deeper]
[17:00:48] [Server thread/INFO] (Minecraft) test-mock-player[embedded] logged in with entity id 677 at (0.0, 0.0, 0.0)
[17:00:48] [Server thread/INFO] (Minecraft) [Dormant] test-mock-player joined the game
[17:00:48] [Server thread/INFO] (Minecraft) test-mock-player[embedded] logged in with entity id 678 at (0.0, 0.0, 0.0)
[17:00:48] [Server thread/INFO] (Minecraft) [Dormant] test-mock-player joined the game
[17:00:48] [Server thread/INFO] (Minecraft) test-mock-player[embedded] logged in with entity id 679 at (0.0, 0.0, 0.0)
[17:00:48] [Server thread/INFO] (Minecraft) [Dormant] test-mock-player joined the game
[17:00:48] [Server thread/INFO] (Minecraft) test-mock-player[embedded] logged in with entity id 680 at (0.0, 0.0, 0.0)
[17:00:48] [Server thread/INFO] (Minecraft) [Dormant] test-mock-player joined the game
[17:00:48] [Server thread/INFO] (powers) powers_operator_audit action=consent_override result=success actor=test-mock-player subject=test-mock-player detail=teleport
[17:00:48] [Server thread/INFO] (powers) powers_operator_audit action=consent_override result=success actor=test-mock-player subject=test-mock-player detail=locator
[17:00:48] [Server thread/INFO] (powers) powers_operator_audit action=consent_override result=success actor=test-mock-player subject=test-mock-player detail=companion
[17:00:48] [Server thread/INFO] (powers) powers_operator_audit action=consent_override result=success actor=test-mock-player subject=test-mock-player detail=dreamwalk
[17:00:48] [Server thread/INFO] (powers) powers_operator_audit action=consent_override result=success actor=test-mock-player subject=test-mock-player detail=possession
[17:00:48] [Server thread/INFO] (Minecraft) test-mock-player[embedded] logged in with entity id 681 at (0.0, 0.0, 0.0)
[17:00:48] [Server thread/INFO] (Minecraft) [Dormant] test-mock-player joined the game
[17:00:48] [Server thread/INFO] (powers) powers_operator_audit action=consent_override result=denied actor=test-mock-player subject=test-mock-player detail=deny_energy
[17:00:48] [Server thread/INFO] (powers) powers_operator_audit action=consent_override result=success actor=test-mock-player subject=test-mock-player detail=teleport
[17:00:48] [Server thread/INFO] (Minecraft) test-mock-player[embedded] logged in with entity id 682 at (0.0, 0.0, 0.0)
[17:00:48] [Server thread/INFO] (Minecraft) [Dormant] test-mock-player joined the game
[17:00:48] [Server thread/INFO] (Minecraft) test-mock-player[embedded] logged in with entity id 683 at (0.0, 0.0, 0.0)
[17:00:48] [Server thread/INFO] (Minecraft) [Dormant] test-mock-player joined the game
[17:00:48] [Server thread/INFO] (Minecraft) test-mock-player[embedded] logged in with entity id 684 at (0.0, 0.0, 0.0)
[17:00:48] [Server thread/INFO] (Minecraft) [Dormant] test-mock-player joined the game
[17:00:48] [Server thread/INFO] (Minecraft) test-mock-player[embedded] logged in with entity id 685 at (0.0, 0.0, 0.0)
[17:00:48] [Server thread/INFO] (Minecraft) [Dormant] test-mock-player joined the game
[17:00:48] [Server thread/INFO] (Minecraft) test-mock-player[embedded] logged in with entity id 688 at (0.0, 0.0, 0.0)
[17:00:48] [Server thread/INFO] (Minecraft) [Dormant] test-mock-player joined the game
[17:00:48] [Server thread/INFO] (Minecraft) test-mock-player[embedded] logged in with entity id 689 at (0.0, 0.0, 0.0)
[17:00:48] [Server thread/INFO] (Minecraft) [Dormant] test-mock-player joined the game
[17:00:48] [Server thread/INFO] (Minecraft) test-mock-player[embedded] logged in with entity id 690 at (0.0, 0.0, 0.0)
[17:00:48] [Server thread/INFO] (Minecraft) [Dormant] test-mock-player joined the game
[17:00:48] [Server thread/INFO] (Minecraft) test-mock-player[embedded] logged in with entity id 696 at (0.0, 0.0, 0.0)
[17:00:48] [Server thread/INFO] (Minecraft) [Dormant] test-mock-player joined the game
[17:00:48] [Server thread/INFO] (Minecraft) test-mock-player[embedded] logged in with entity id 697 at (0.0, 0.0, 0.0)
[17:00:48] [Server thread/INFO] (Minecraft) [Dormant] test-mock-player joined the game
[17:00:48] [Server thread/INFO] (Minecraft) test-mock-player[embedded] logged in with entity id 707 at (0.0, 0.0, 0.0)
[17:00:48] [Server thread/INFO] (Minecraft) [Dormant] test-mock-player joined the game
[17:00:48] [Server thread/INFO] (Minecraft) test-mock-player[embedded] logged in with entity id 709 at (0.0, 0.0, 0.0)
[17:00:48] [Server thread/INFO] (Minecraft) [Dormant] test-mock-player joined the game
[17:00:48] [Server thread/INFO] (Minecraft) test-mock-player[embedded] logged in with entity id 711 at (0.0, 0.0, 0.0)
[17:00:48] [Server thread/INFO] (Minecraft) [Dormant] test-mock-player joined the game
[17:00:48] [Server thread/INFO] (Minecraft) <test-mock-player> shadow, hide yourself
[17:00:48] [Server thread/INFO] (Minecraft) <test-mock-player> shadow, leave me
[17:00:48] [Server thread/INFO] (Minecraft) test-mock-player[embedded] logged in with entity id 715 at (0.0, 0.0, 0.0)
[17:00:48] [Server thread/INFO] (Minecraft) [Dormant] test-mock-player joined the game
[17:00:48] [Server thread/INFO] (Minecraft) test-mock-player[embedded] logged in with entity id 716 at (0.0, 0.0, 0.0)
[17:00:48] [Server thread/INFO] (Minecraft) [Dormant] test-mock-player joined the game
[17:00:48] [Server thread/INFO] (Minecraft) test-mock-player[embedded] logged in with entity id 717 at (0.0, 0.0, 0.0)
[17:00:48] [Server thread/INFO] (Minecraft) [Dormant] test-mock-player joined the game
[17:00:48] [Server thread/INFO] (Minecraft) [Dormant] test-mock-player died
[17:00:48] [Server thread/INFO] (Minecraft) [Dormant] test-mock-player died
[17:00:48] [Server thread/INFO] (Minecraft) <test-mock-player> shadow, hide yourself
[17:00:48] [Server thread/INFO] (Minecraft) Named entity ShadowCompanionEntity['Shadow of test-mock-player'/710, l='ServerLevel[Test Level]', x=12102952.49, y=-56.00, z=1474240.92] died: Shadow of test-mock-player died
[17:00:48] [Server thread/INFO] (Minecraft) test-mock-player[embedded] logged in with entity id 721 at (0.0, 0.0, 0.0)
[17:00:48] [Server thread/INFO] (Minecraft) [Dormant] test-mock-player joined the game
[17:00:48] [Server thread/INFO] (Minecraft) test-mock-player[embedded] logged in with entity id 726 at (0.0, 0.0, 0.0)
[17:00:48] [Server thread/INFO] (Minecraft) [Dormant] test-mock-player joined the game
[17:00:48] [Server thread/INFO] (Minecraft) test-mock-player[embedded] logged in with entity id 727 at (0.0, 0.0, 0.0)
[17:00:48] [Server thread/INFO] (Minecraft) [Dormant] test-mock-player joined the game
[17:00:48] [Server thread/INFO] (Minecraft) test-mock-player[embedded] logged in with entity id 728 at (0.0, 0.0, 0.0)
[17:00:48] [Server thread/INFO] (Minecraft) [Dormant] test-mock-player joined the game
[17:00:48] [Server thread/INFO] (Minecraft) test-mock-player[embedded] logged in with entity id 730 at (0.0, 0.0, 0.0)
[17:00:48] [Server thread/INFO] (Minecraft) [Dormant] test-mock-player joined the game
[17:00:48] [Server thread/INFO] (Minecraft) test-mock-player[embedded] logged in with entity id 732 at (0.0, 0.0, 0.0)
[17:00:48] [Server thread/INFO] (Minecraft) [Dormant] test-mock-player joined the game
[17:00:48] [Server thread/INFO] (Minecraft) test-mock-player[embedded] logged in with entity id 735 at (0.0, 0.0, 0.0)
[17:00:48] [Server thread/INFO] (Minecraft) [Dormant] test-mock-player joined the game
[17:00:48] [Server thread/INFO] (Minecraft) [++++++++++++++++++++++++++__++_+++++++_++++++++++_+++_++_++_+_+_                                                                   ]
[17:00:49] [Server thread/INFO] (Minecraft) [Dormant] test-mock-player has made the advancement [We Need to Go Deeper]
[17:00:49] [Server thread/INFO] (Minecraft) [++++++++++++++++++++++++++__++_+++++++_++++++++++_+++_++_++_+_++                                                                   ]
[17:00:49] [Server thread/INFO] (Minecraft) [++++++++++++++++++++++++++__++++++++++_++++++++++_+++++++++_++++                                                                   ]
[17:00:50] [Server thread/INFO] (Minecraft) [++++++++++++++++++++++++++__++++++++++_++++++++++_++++++++++++++                                                                   ]
[17:00:50] [Server thread/INFO] (Minecraft) [++++++++++++++++++++++++++__+++++++++++++++++++++_++++++++++++++                                                                   ]
[17:00:50] [Server thread/INFO] (Minecraft) <test-mock-player> shadow, hide yourself
[17:00:50] [Server thread/INFO] (Minecraft) <test-mock-player> shadow, leave me
[17:00:50] [Server thread/INFO] (Minecraft) [++++++++++++++++++++++++++_+++++++++++++++++++++++++++++++++++++                                                                   ]
[17:00:50] [Server thread/INFO] (Minecraft) [++++++++++++++++++++++++++_+++++++++++++++++++++++++++++++++++++                                                                   ]
[17:01:34] [Server thread/INFO] (Minecraft) Running test environment 'minecraft:default' batch 1 (50 tests)...
[17:01:34] [Server thread/INFO] (Minecraft) [++++++++++++++++++++++++++++++++++++++++++++++++++++++++++++++++                                                                   ]
[17:01:35] [Server thread/INFO] (Minecraft) test-mock-player[embedded] logged in with entity id 1045 at (0.0, 0.0, 0.0)
[17:01:35] [Server thread/INFO] (Minecraft) [Dormant] test-mock-player joined the game
[17:01:35] [Server thread/INFO] (Minecraft) test-mock-player[embedded] logged in with entity id 1048 at (0.0, 0.0, 0.0)
[17:01:35] [Server thread/INFO] (Minecraft) [Dormant] test-mock-player joined the game
[17:01:35] [Server thread/INFO] (Minecraft) test-mock-player[embedded] logged in with entity id 1051 at (0.0, 0.0, 0.0)
[17:01:35] [Server thread/INFO] (Minecraft) [Dormant] test-mock-player joined the game
[17:01:35] [Server thread/INFO] (Minecraft) test-mock-player[embedded] logged in with entity id 1054 at (0.0, 0.0, 0.0)
[17:01:35] [Server thread/INFO] (Minecraft) [Dormant] test-mock-player joined the game
[17:01:35] [Server thread/INFO] (Minecraft) test-mock-player[embedded] logged in with entity id 1055 at (0.0, 0.0, 0.0)
[17:01:35] [Server thread/INFO] (Minecraft) [Dormant] test-mock-player joined the game
[17:01:35] [Server thread/INFO] (Minecraft) test-mock-player[embedded] logged in with entity id 1056 at (0.0, 0.0, 0.0)
[17:01:35] [Server thread/INFO] (Minecraft) [Dormant] test-mock-player joined the game
[17:01:35] [Server thread/INFO] (Minecraft) test-mock-player[embedded] logged in with entity id 1058 at (0.0, 0.0, 0.0)
[17:01:35] [Server thread/INFO] (Minecraft) [Dormant] test-mock-player joined the game
[17:01:35] [Server thread/INFO] (Minecraft) test-mock-player[embedded] logged in with entity id 1059 at (0.0, 0.0, 0.0)
[17:01:35] [Server thread/INFO] (Minecraft) [Dormant] test-mock-player joined the game
[17:01:35] [Server thread/INFO] (Minecraft) test-mock-player[embedded] logged in with entity id 1064 at (0.0, 0.0, 0.0)
[17:01:35] [Server thread/INFO] (Minecraft) [Dormant] test-mock-player joined the game
[17:01:35] [Server thread/INFO] (Minecraft) test-mock-player[embedded] logged in with entity id 1065 at (0.0, 0.0, 0.0)
[17:01:35] [Server thread/INFO] (Minecraft) [Dormant] test-mock-player joined the game
[17:01:35] [Server thread/INFO] (Minecraft) test-mock-player[embedded] logged in with entity id 1066 at (0.0, 0.0, 0.0)
[17:01:35] [Server thread/INFO] (Minecraft) [Dormant] test-mock-player joined the game
[17:01:35] [Server thread/INFO] (Minecraft) test-mock-player[embedded] logged in with entity id 1073 at (0.0, 0.0, 0.0)
[17:01:35] [Server thread/INFO] (Minecraft) [Dormant] test-mock-player joined the game
[17:01:35] [Server thread/INFO] (Minecraft) test-mock-player[embedded] logged in with entity id 1074 at (0.0, 0.0, 0.0)
[17:01:35] [Server thread/INFO] (Minecraft) [Dormant] test-mock-player joined the game
[17:01:35] [Server thread/INFO] (Minecraft) test-mock-player[embedded] logged in with entity id 1076 at (0.0, 0.0, 0.0)
[17:01:35] [Server thread/INFO] (Minecraft) [Dormant] test-mock-player joined the game
[17:01:35] [Server thread/INFO] (Minecraft) test-mock-player[embedded] logged in with entity id 1077 at (0.0, 0.0, 0.0)
[17:01:35] [Server thread/INFO] (Minecraft) [Dormant] test-mock-player joined the game
[17:01:35] [Server thread/INFO] (Minecraft) test-mock-player[embedded] logged in with entity id 1079 at (0.0, 0.0, 0.0)
[17:01:35] [Server thread/INFO] (Minecraft) [Dormant] test-mock-player joined the game
[17:01:35] [Server thread/INFO] (Minecraft) test-mock-player[embedded] logged in with entity id 1080 at (0.0, 0.0, 0.0)
[17:01:35] [Server thread/INFO] (Minecraft) [Dormant] test-mock-player joined the game
[17:01:35] [Server thread/INFO] (Minecraft) test-mock-player[embedded] logged in with entity id 1081 at (0.0, 0.0, 0.0)
[17:01:35] [Server thread/INFO] (Minecraft) [Dormant] test-mock-player joined the game
[17:01:35] [Server thread/INFO] (Minecraft) test-mock-player[embedded] logged in with entity id 1082 at (0.0, 0.0, 0.0)
[17:01:35] [Server thread/INFO] (Minecraft) [Dormant] test-mock-player joined the game
[17:01:35] [Server thread/INFO] (Minecraft) test-mock-player[embedded] logged in with entity id 1084 at (0.0, 0.0, 0.0)
[17:01:35] [Server thread/INFO] (Minecraft) [Dormant] test-mock-player joined the game
[17:01:35] [Server thread/INFO] (Minecraft) test-mock-player[embedded] logged in with entity id 1088 at (0.0, 0.0, 0.0)
[17:01:35] [Server thread/INFO] (Minecraft) [Dormant] test-mock-player joined the game
[17:01:35] [Server thread/INFO] (Minecraft) Named entity PowerTestActor['Target_thunderclap'/1091, l='ServerLevel[Test Level]', x=12103204.50, y=-55.00, z=1474587.50] died: Target_thunderclap was consumed by ancient power
[17:01:35] [Server thread/INFO] (Minecraft) test-mock-player[embedded] logged in with entity id 1103 at (0.0, 0.0, 0.0)
[17:01:35] [Server thread/INFO] (Minecraft) [Dormant] test-mock-player joined the game
[17:01:35] [Server thread/INFO] (Minecraft) test-mock-player[embedded] logged in with entity id 1104 at (0.0, 0.0, 0.0)
[17:01:35] [Server thread/INFO] (Minecraft) [Dormant] test-mock-player joined the game
[17:01:35] [Server thread/INFO] (Minecraft) test-mock-player[embedded] logged in with entity id 1105 at (0.0, 0.0, 0.0)
[17:01:35] [Server thread/INFO] (Minecraft) [Dormant] test-mock-player joined the game
[17:01:35] [Server thread/INFO] (Minecraft) test-mock-player[embedded] logged in with entity id 1106 at (0.0, 0.0, 0.0)
[17:01:35] [Server thread/INFO] (Minecraft) [Dormant] test-mock-player joined the game
[17:01:35] [Server thread/INFO] (Minecraft) test-mock-player[embedded] logged in with entity id 1107 at (0.0, 0.0, 0.0)
[17:01:35] [Server thread/INFO] (Minecraft) [Dormant] test-mock-player joined the game
[17:01:35] [Server thread/INFO] (Minecraft) test-mock-player[embedded] logged in with entity id 1108 at (0.0, 0.0, 0.0)
[17:01:35] [Server thread/INFO] (Minecraft) [Dormant] test-mock-player joined the game
[17:01:35] [Server thread/INFO] (Minecraft) test-mock-player[embedded] logged in with entity id 1109 at (0.0, 0.0, 0.0)
[17:01:35] [Server thread/INFO] (Minecraft) [Dormant] test-mock-player joined the game
[17:01:35] [Server thread/INFO] (Minecraft) test-mock-player[embedded] logged in with entity id 1110 at (0.0, 0.0, 0.0)
[17:01:35] [Server thread/INFO] (Minecraft) [Dormant] test-mock-player joined the game
[17:01:35] [Server thread/INFO] (Minecraft) test-mock-player[embedded] logged in with entity id 1111 at (0.0, 0.0, 0.0)
[17:01:35] [Server thread/INFO] (Minecraft) [Dormant] test-mock-player joined the game
[17:01:35] [Server thread/INFO] (Minecraft) test-mock-player[embedded] logged in with entity id 1112 at (0.0, 0.0, 0.0)
[17:01:35] [Server thread/INFO] (Minecraft) [Dormant] test-mock-player joined the game
[17:01:35] [Server thread/INFO] (Minecraft) test-mock-player[embedded] logged in with entity id 1113 at (0.0, 0.0, 0.0)
[17:01:35] [Server thread/INFO] (Minecraft) [Dormant] test-mock-player joined the game
[17:01:35] [Server thread/INFO] (Minecraft) test-mock-player[embedded] logged in with entity id 1114 at (0.0, 0.0, 0.0)
[17:01:35] [Server thread/INFO] (Minecraft) [Dormant] test-mock-player joined the game
[17:01:35] [Server thread/INFO] (Minecraft) test-mock-player[embedded] logged in with entity id 1259 at (0.0, 0.0, 0.0)
[17:01:35] [Server thread/INFO] (Minecraft) [Dormant] test-mock-player joined the game
[17:01:35] [Server thread/INFO] (Minecraft) test-mock-player[embedded] logged in with entity id 1265 at (0.0, 0.0, 0.0)
[17:01:35] [Server thread/INFO] (Minecraft) [Dormant] test-mock-player joined the game
[17:01:35] [Server thread/INFO] (powers) PERF-012 identical mixed AI: queries=24, cacheHits=12, inspections=348, legacyInspections=540, reductionPercent=35.56
[17:01:35] [Server thread/INFO] (Minecraft) test-mock-player[embedded] logged in with entity id 1311 at (0.0, 0.0, 0.0)
[17:01:35] [Server thread/INFO] (Minecraft) [Dormant] test-mock-player joined the game
[17:01:35] [Server thread/INFO] (Minecraft) test-mock-player[embedded] logged in with entity id 1312 at (0.0, 0.0, 0.0)
[17:01:35] [Server thread/INFO] (Minecraft) [Dormant] test-mock-player joined the game
[17:01:35] [Server thread/INFO] (Minecraft) test-mock-player[embedded] logged in with entity id 1317 at (0.0, 0.0, 0.0)
[17:01:35] [Server thread/INFO] (Minecraft) [Dormant] test-mock-player joined the game
[17:01:35] [Server thread/INFO] (Minecraft) test-mock-player[embedded] logged in with entity id 1321 at (0.0, 0.0, 0.0)
[17:01:35] [Server thread/INFO] (Minecraft) [Dormant] test-mock-player joined the game
[17:01:35] [Server thread/INFO] (Minecraft) test-mock-player[embedded] logged in with entity id 1323 at (0.0, 0.0, 0.0)
[17:01:35] [Server thread/INFO] (Minecraft) [Dormant] test-mock-player joined the game
[17:01:35] [Server thread/INFO] (Minecraft) test-mock-player[embedded] logged in with entity id 1333 at (0.0, 0.0, 0.0)
[17:01:35] [Server thread/INFO] (Minecraft) [Dormant] test-mock-player joined the game
[17:01:35] [Server thread/INFO] (Minecraft) test-mock-player[embedded] logged in with entity id 1334 at (0.0, 0.0, 0.0)
[17:01:35] [Server thread/INFO] (Minecraft) [Dormant] test-mock-player joined the game
[17:01:35] [Server thread/INFO] (Minecraft) test-mock-player[embedded] logged in with entity id 1335 at (0.0, 0.0, 0.0)
[17:01:35] [Server thread/INFO] (Minecraft) [Dormant] test-mock-player joined the game
[17:01:35] [Server thread/INFO] (Minecraft) test-mock-player[embedded] logged in with entity id 1336 at (0.0, 0.0, 0.0)
[17:01:35] [Server thread/INFO] (Minecraft) [Dormant] test-mock-player joined the game
[17:01:35] [Server thread/INFO] (Minecraft) test-mock-player[embedded] logged in with entity id 1338 at (0.0, 0.0, 0.0)
[17:01:35] [Server thread/INFO] (Minecraft) [Dormant] test-mock-player joined the game
[17:01:35] [Server thread/INFO] (Minecraft) <test-mock-player> shadow, use astral projection
[17:01:35] [Server thread/INFO] (Minecraft) <test-mock-player> shadow, use blight ground
[17:01:35] [Server thread/INFO] (Minecraft) <test-mock-player> shadow, use breezy bash
[17:01:35] [Server thread/INFO] (Minecraft) <test-mock-player> shadow, use call hollowed
[17:01:35] [Server thread/INFO] (Minecraft) <test-mock-player> shadow, use double health
[17:01:35] [Server thread/INFO] (Minecraft) <test-mock-player> shadow, stop double health
[17:01:35] [Server thread/INFO] (Minecraft) <test-mock-player> shadow, use energy beam
[17:01:35] [Server thread/INFO] (Minecraft) <test-mock-player> shadow, use energy drain
[17:01:35] [Server thread/INFO] (Minecraft) <test-mock-player> shadow, use fireball
[17:01:35] [Server thread/INFO] (Minecraft) <test-mock-player> shadow, use flight
[17:01:35] [Server thread/INFO] (Minecraft) <test-mock-player> shadow, stop flight
[17:01:35] [Server thread/INFO] (Minecraft) <test-mock-player> shadow, use forcefield
[17:01:35] [Server thread/INFO] (Minecraft) <test-mock-player> shadow, stop forcefield
[17:01:35] [Server thread/INFO] (Minecraft) <test-mock-player> shadow, use gravity displacement
[17:01:35] [Server thread/INFO] (Minecraft) <test-mock-player> shadow, use ice manipulation
[17:01:35] [Server thread/INFO] (Minecraft) <test-mock-player> shadow, use invisibility
[17:01:35] [Server thread/INFO] (Minecraft) <test-mock-player> shadow, stop invisibility
[17:01:35] [Server thread/INFO] (Minecraft) <test-mock-player> shadow, use lightning strike
[17:01:35] [Server thread/INFO] (Minecraft) <test-mock-player> shadow, use nightfall dominion
[17:01:35] [Server thread/INFO] (Minecraft) <test-mock-player> shadow, stop nightfall dominion
[17:01:35] [Server thread/INFO] (Minecraft) <test-mock-player> shadow, use plant healing acceleration
[17:01:35] [Server thread/INFO] (Minecraft) <test-mock-player> shadow, use size shift
[17:01:35] [Server thread/INFO] (Minecraft) <test-mock-player> shadow, stop size shift
[17:01:35] [Server thread/INFO] (Minecraft) <test-mock-player> shadow, use speed burst
[17:01:35] [Server thread/INFO] (Minecraft) <test-mock-player> shadow, use starfall
[17:01:35] [Server thread/INFO] (Minecraft) <test-mock-player> shadow, use super speed
[17:01:35] [Server thread/INFO] (Minecraft) <test-mock-player> shadow, stop super speed
[17:01:35] [Server thread/INFO] (Minecraft) <test-mock-player> shadow, use telekinesis
[17:01:35] [Server thread/INFO] (Minecraft) <test-mock-player> shadow, use thunderclap
[17:01:35] [Server thread/INFO] (Minecraft) <test-mock-player> shadow, use time freeze
[17:01:35] [Server thread/INFO] (Minecraft) <test-mock-player> shadow, stop time freeze
[17:01:35] [Server thread/INFO] (Minecraft) <test-mock-player> shadow, use time shift
[17:01:35] [Server thread/INFO] (Minecraft) <test-mock-player> shadow, use vessel possession
[17:01:35] [Server thread/INFO] (Minecraft) <test-mock-player> shadow, use void beam
[17:01:35] [Server thread/INFO] (Minecraft) test-mock-player[embedded] logged in with entity id 1374 at (0.0, 0.0, 0.0)
[17:01:35] [Server thread/INFO] (Minecraft) [Dormant] test-mock-player joined the game
[17:01:35] [Server thread/INFO] (Minecraft) test-mock-player[embedded] logged in with entity id 1375 at (0.0, 0.0, 0.0)
[17:01:35] [Server thread/INFO] (Minecraft) [Dormant] test-mock-player joined the game
[17:01:35] [Server thread/INFO] (Minecraft) test-mock-player[embedded] logged in with entity id 1376 at (0.0, 0.0, 0.0)
[17:01:35] [Server thread/INFO] (Minecraft) [Dormant] test-mock-player joined the game
[17:01:35] [Server thread/INFO] (Minecraft) <test-mock-player> shadow, stay here
[17:01:35] [Server thread/INFO] (Minecraft) <test-mock-player> shadow, fight at far range
[17:01:35] [Server thread/INFO] (Minecraft) <test-mock-player> shadow, follow me
[17:01:35] [Server thread/INFO] (Minecraft) <test-mock-player> shadow, how does amethyst interfere with magic?
[17:01:35] [Server thread/INFO] (Minecraft) <test-mock-player> shadow, explain the darkness to me
[17:01:35] [Server thread/INFO] (Minecraft) <test-mock-player> shadow, use lightning strike
[17:01:35] [Server thread/INFO] (Minecraft) <test-mock-player> shadow, use energy beam
[17:01:35] [Server thread/INFO] (Minecraft) <test-mock-player> shadow, use lightning strike
[17:01:35] [Server thread/INFO] (Minecraft) <test-mock-player> shadow, use void beam
[17:01:35] [Server thread/INFO] (Minecraft) <test-mock-player> shadow, hide yourself
[17:01:35] [Server thread/INFO] (Minecraft) Named entity ShadowCompanionEntity['Shadow of test-mock-player'/1377, l='ServerLevel[Test Level]', x=12103042.25, y=41.00, z=1475497.75] died: Shadow of test-mock-player died
[17:01:35] [Server thread/INFO] (Minecraft) test-mock-player[embedded] logged in with entity id 1385 at (0.0, 0.0, 0.0)
[17:01:35] [Server thread/INFO] (Minecraft) [Dormant] test-mock-player joined the game
[17:01:35] [Server thread/INFO] (Minecraft) test-mock-player[embedded] logged in with entity id 1386 at (0.0, 0.0, 0.0)
[17:01:35] [Server thread/INFO] (Minecraft) [Dormant] test-mock-player joined the game
[17:01:35] [Server thread/INFO] (Minecraft) test-mock-player[embedded] logged in with entity id 1387 at (0.0, 0.0, 0.0)
[17:01:35] [Server thread/INFO] (Minecraft) [Dormant] test-mock-player joined the game
[17:01:35] [Server thread/INFO] (Minecraft) test-mock-player[embedded] logged in with entity id 1390 at (0.0, 0.0, 0.0)
[17:01:35] [Server thread/INFO] (Minecraft) [Dormant] test-mock-player joined the game
[17:01:35] [Server thread/INFO] (Minecraft) test-mock-player[embedded] logged in with entity id 1391 at (0.0, 0.0, 0.0)
[17:01:35] [Server thread/INFO] (Minecraft) [Dormant] test-mock-player joined the game
[17:01:35] [Server thread/INFO] (Minecraft) test-mock-player[embedded] logged in with entity id 1392 at (0.0, 0.0, 0.0)
[17:01:35] [Server thread/INFO] (Minecraft) [Dormant] test-mock-player joined the game
[17:01:36] [Server thread/INFO] (Minecraft) test-mock-player[embedded] logged in with entity id 1814 at (0.0, 0.0, 0.0)
[17:01:36] [Server thread/INFO] (Minecraft) [Dormant] test-mock-player joined the game
[17:01:36] [Server thread/INFO] (Minecraft) [++++++++++++++++++++++++++++++++++++++++++++++++++++++++++++++++__++++__++++__++++_+_ +++++++++++++++++++++++__+++                 ]
[17:01:36] [Server thread/INFO] (Minecraft) [++++++++++++++++++++++++++++++++++++++++++++++++++++++++++++++++_+++++_+++++++++++_+_ +++++++++++++++++++++++__+++                 ]
[17:01:37] [Server thread/INFO] (Minecraft) [++++++++++++++++++++++++++++++++++++++++++++++++++++++++++++++++++++++_+++++++++++_+_ +++++++++++++++++++++++__+++                 ]
[17:01:37] [Server thread/INFO] (Minecraft) [++++++++++++++++++++++++++++++++++++++++++++++++++++++++++++++++++++++_+++++++++++++_ +++++++++++++++++++++++__+++                 ]
[17:01:37] [Server thread/INFO] (Minecraft) [++++++++++++++++++++++++++++++++++++++++++++++++++++++++++++++++++++++_++++++++++++++ +++++++++++++++++++++++__+++                 ]
[17:01:38] [Server thread/INFO] (Minecraft) [++++++++++++++++++++++++++++++++++++++++++++++++++++++++++++++++++++++_++++++++++++++ +++++++++++++++++++++++__+++                 ]
[17:01:38] [Server thread/INFO] (Minecraft) [++++++++++++++++++++++++++++++++++++++++++++++++++++++++++++++++++++++_++++++++++++++ +++++++++++++++++++++++__+++                 ]
[17:01:38] [Server thread/INFO] (Minecraft) [+++++++++++++++++++++++++++++++++++++++++++++++++++++++++++++++++++++++++++++++++++++ +++++++++++++++++++++++__+++                 ]
[17:01:38] [Server thread/INFO] (Minecraft) [+++++++++++++++++++++++++++++++++++++++++++++++++++++++++++++++++++++++++++++++++++++ +++++++++++++++++++++++__+++                 ]
[17:01:39] [Server thread/INFO] (Minecraft) [+++++++++++++++++++++++++++++++++++++++++++++++++++++++++++++++++++++++++++++++++++++ +++++++++++++++++++++++__+++                 ]
[17:01:39] [Server thread/INFO] (Minecraft) [+++++++++++++++++++++++++++++++++++++++++++++++++++++++++++++++++++++++++++++++++++++ +++++++++++++++++++++++__+++                 ]
[17:01:39] [Server thread/INFO] (Minecraft) [+++++++++++++++++++++++++++++++++++++++++++++++++++++++++++++++++++++++++++++++++++++ +++++++++++++++++++++++__+++                 ]
[17:01:39] [Server thread/INFO] (Minecraft) [+++++++++++++++++++++++++++++++++++++++++++++++++++++++++++++++++++++++++++++++++++++ +++++++++++++++++++++++__+++                 ]
[17:01:39] [Server thread/INFO] (Minecraft) [+++++++++++++++++++++++++++++++++++++++++++++++++++++++++++++++++++++++++++++++++++++ +++++++++++++++++++++++__+++                 ]
[17:01:39] [Server thread/INFO] (Minecraft) [+++++++++++++++++++++++++++++++++++++++++++++++++++++++++++++++++++++++++++++++++++++ +++++++++++++++++++++++__+++                 ]
[17:01:39] [Server thread/INFO] (Minecraft) test-mock-player[embedded] logged in with entity id 2300 at (0.0, 0.0, 0.0)
[17:01:39] [Server thread/INFO] (Minecraft) [Dormant] test-mock-player joined the game
[17:01:39] [Server thread/INFO] (Minecraft) [+++++++++++++++++++++++++++++++++++++++++++++++++++++++++++++++++++++++++++++++++++++_+++++++++++++++++++++++__+++                 ]
[17:01:39] [Server thread/INFO] (Minecraft) [+++++++++++++++++++++++++++++++++++++++++++++++++++++++++++++++++++++++++++++++++++++_+++++++++++++++++++++++__+++                 ]
[17:01:40] [Server thread/INFO] (Minecraft) [+++++++++++++++++++++++++++++++++++++++++++++++++++++++++++++++++++++++++++++++++++++_+++++++++++++++++++++++__+++                 ]
[17:01:40] [Server thread/INFO] (Minecraft) [+++++++++++++++++++++++++++++++++++++++++++++++++++++++++++++++++++++++++++++++++++++_+++++++++++++++++++++++__+++                 ]
[17:01:40] [Server thread/INFO] (Minecraft) [+++++++++++++++++++++++++++++++++++++++++++++++++++++++++++++++++++++++++++++++++++++_+++++++++++++++++++++++__+++                 ]
[17:01:40] [Server thread/INFO] (Minecraft) [+++++++++++++++++++++++++++++++++++++++++++++++++++++++++++++++++++++++++++++++++++++_+++++++++++++++++++++++__+++                 ]
[17:01:40] [Server thread/INFO] (Minecraft) [+++++++++++++++++++++++++++++++++++++++++++++++++++++++++++++++++++++++++++++++++++++_+++++++++++++++++++++++__+++                 ]
[17:01:40] [Server thread/INFO] (Minecraft) [+++++++++++++++++++++++++++++++++++++++++++++++++++++++++++++++++++++++++++++++++++++_+++++++++++++++++++++++__+++                 ]
[17:01:40] [Server thread/INFO] (Minecraft) [+++++++++++++++++++++++++++++++++++++++++++++++++++++++++++++++++++++++++++++++++++++_+++++++++++++++++++++++__+++                 ]
[17:01:40] [Server thread/INFO] (Minecraft) [+++++++++++++++++++++++++++++++++++++++++++++++++++++++++++++++++++++++++++++++++++++_+++++++++++++++++++++++__+++                 ]
[17:01:40] [Server thread/INFO] (powers) powers_operator_audit action=catastrophic_ritual result=success actor=test-mock-player subject=world detail=begin
[17:01:40] [Server thread/INFO] (Minecraft) [+++++++++++++++++++++++++++++++++++++++++++++++++++++++++++++++++++++++++++++++++++++++++++++++++++++++++++++__+++                 ]
[17:01:41] [Server thread/INFO] (Minecraft) [+++++++++++++++++++++++++++++++++++++++++++++++++++++++++++++++++++++++++++++++++++++++++++++++++++++++++++++__+++                 ]
[17:01:41] [Server thread/INFO] (Minecraft) [+++++++++++++++++++++++++++++++++++++++++++++++++++++++++++++++++++++++++++++++++++++++++++++++++++++++++++++__+++                 ]
[17:01:41] [Server thread/INFO] (Minecraft) [+++++++++++++++++++++++++++++++++++++++++++++++++++++++++++++++++++++++++++++++++++++++++++++++++++++++++++++__+++                 ]
[17:01:41] [Server thread/INFO] (Minecraft) [+++++++++++++++++++++++++++++++++++++++++++++++++++++++++++++++++++++++++++++++++++++++++++++++++++++++++++++__+++                 ]
[17:01:41] [Server thread/INFO] (Minecraft) [+++++++++++++++++++++++++++++++++++++++++++++++++++++++++++++++++++++++++++++++++++++++++++++++++++++++++++++__+++                 ]
[17:01:41] [Server thread/INFO] (Minecraft) [+++++++++++++++++++++++++++++++++++++++++++++++++++++++++++++++++++++++++++++++++++++++++++++++++++++++++++++__+++                 ]
[17:01:41] [Server thread/INFO] (Minecraft) [+++++++++++++++++++++++++++++++++++++++++++++++++++++++++++++++++++++++++++++++++++++++++++++++++++++++++++++__+++                 ]
[17:01:41] [Server thread/INFO] (Minecraft) [+++++++++++++++++++++++++++++++++++++++++++++++++++++++++++++++++++++++++++++++++++++++++++++++++++++++++++++__+++                 ]
[17:01:42] [Server thread/INFO] (Minecraft) [+++++++++++++++++++++++++++++++++++++++++++++++++++++++++++++++++++++++++++++++++++++++++++++++++++++++++++++__+++                 ]
[17:01:42] [Server thread/INFO] (Minecraft) [+++++++++++++++++++++++++++++++++++++++++++++++++++++++++++++++++++++++++++++++++++++++++++++++++++++++++++++__+++                 ]
[17:01:42] [Server thread/INFO] (Minecraft) [+++++++++++++++++++++++++++++++++++++++++++++++++++++++++++++++++++++++++++++++++++++++++++++++++++++++++++++__+++                 ]
[17:01:42] [Server thread/INFO] (Minecraft) [+++++++++++++++++++++++++++++++++++++++++++++++++++++++++++++++++++++++++++++++++++++++++++++++++++++++++++++__+++                 ]
[17:01:42] [Server thread/INFO] (Minecraft) [+++++++++++++++++++++++++++++++++++++++++++++++++++++++++++++++++++++++++++++++++++++++++++++++++++++++++++++__+++                 ]
[17:01:42] [Server thread/INFO] (Minecraft) [+++++++++++++++++++++++++++++++++++++++++++++++++++++++++++++++++++++++++++++++++++++++++++++++++++++++++++++__+++                 ]
[17:01:42] [Server thread/INFO] (Minecraft) [+++++++++++++++++++++++++++++++++++++++++++++++++++++++++++++++++++++++++++++++++++++++++++++++++++++++++++++__+++                 ]
[17:01:42] [Server thread/INFO] (Minecraft) [+++++++++++++++++++++++++++++++++++++++++++++++++++++++++++++++++++++++++++++++++++++++++++++++++++++++++++++__+++                 ]
[17:01:42] [Server thread/INFO] (Minecraft) [+++++++++++++++++++++++++++++++++++++++++++++++++++++++++++++++++++++++++++++++++++++++++++++++++++++++++++++__+++                 ]
[17:01:42] [Server thread/INFO] (Minecraft) [+++++++++++++++++++++++++++++++++++++++++++++++++++++++++++++++++++++++++++++++++++++++++++++++++++++++++++++__+++                 ]
[17:01:42] [Server thread/INFO] (Minecraft) [+++++++++++++++++++++++++++++++++++++++++++++++++++++++++++++++++++++++++++++++++++++++++++++++++++++++++++++__+++                 ]
[17:01:43] [Server thread/INFO] (Minecraft) [+++++++++++++++++++++++++++++++++++++++++++++++++++++++++++++++++++++++++++++++++++++++++++++++++++++++++++++__+++                 ]
[17:01:43] [Server thread/INFO] (Minecraft) [+++++++++++++++++++++++++++++++++++++++++++++++++++++++++++++++++++++++++++++++++++++++++++++++++++++++++++++__+++                 ]
[17:01:43] [Server thread/INFO] (Minecraft) [+++++++++++++++++++++++++++++++++++++++++++++++++++++++++++++++++++++++++++++++++++++++++++++++++++++++++++++__+++                 ]
[17:01:43] [Server thread/INFO] (Minecraft) [+++++++++++++++++++++++++++++++++++++++++++++++++++++++++++++++++++++++++++++++++++++++++++++++++++++++++++++__+++                 ]
[17:01:43] [Server thread/INFO] (Minecraft) [+++++++++++++++++++++++++++++++++++++++++++++++++++++++++++++++++++++++++++++++++++++++++++++++++++++++++++++__+++                 ]
[17:01:43] [Server thread/INFO] (Minecraft) [+++++++++++++++++++++++++++++++++++++++++++++++++++++++++++++++++++++++++++++++++++++++++++++++++++++++++++++__+++                 ]
[17:01:43] [Server thread/INFO] (Minecraft) [+++++++++++++++++++++++++++++++++++++++++++++++++++++++++++++++++++++++++++++++++++++++++++++++++++++++++++++__+++                 ]
[17:01:43] [Server thread/INFO] (Minecraft) [++++++++++++++++++++++++++++++++++++++++++++++++++++++++++++++++++++++++++++++++++++++++++++++++++++++++++++++_+++                 ]
[17:01:48] [Server thread/INFO] (Minecraft) Running test environment 'minecraft:default' batch 2 (8 tests)...
[17:01:49] [Server thread/INFO] (Minecraft) test-mock-player[embedded] logged in with entity id 2973 at (0.0, 0.0, 0.0)
[17:01:49] [Server thread/INFO] (Minecraft) [Dormant] test-mock-player joined the game
[17:01:49] [Server thread/INFO] (Minecraft) test-mock-player[embedded] logged in with entity id 2974 at (0.0, 0.0, 0.0)
[17:01:49] [Server thread/INFO] (Minecraft) [Dormant] test-mock-player joined the game
[17:01:49] [Server thread/INFO] (Minecraft) test-mock-player[embedded] logged in with entity id 2976 at (0.0, 0.0, 0.0)
[17:01:49] [Server thread/INFO] (Minecraft) [Dormant] test-mock-player joined the game
[17:01:49] [Server thread/INFO] (Minecraft) test-mock-player[embedded] logged in with entity id 2978 at (0.0, 0.0, 0.0)
[17:01:49] [Server thread/INFO] (Minecraft) [Dormant] test-mock-player joined the game
[17:01:49] [Server thread/INFO] (Minecraft) test-mock-player[embedded] logged in with entity id 2980 at (0.0, 0.0, 0.0)
[17:01:49] [Server thread/INFO] (Minecraft) [Dormant] test-mock-player joined the game
[17:01:49] [Server thread/INFO] (Minecraft) test-mock-player[embedded] logged in with entity id 2981 at (0.0, 0.0, 0.0)
[17:01:49] [Server thread/INFO] (Minecraft) [Dormant] test-mock-player joined the game
[17:01:49] [Server thread/INFO] (Minecraft) test-mock-player[embedded] logged in with entity id 2982 at (0.0, 0.0, 0.0)
[17:01:49] [Server thread/INFO] (Minecraft) [Dormant] test-mock-player joined the game
[17:01:49] [Server thread/INFO] (Minecraft) [++++++++++++++++++++++++++++++++++++++++++++++++++++++++++++++++++++++++++++++++++++++++++++++++++++++++++++++++++_+___+++         ]
[17:01:49] [Server thread/INFO] (Minecraft) Loaded 1605 recipes
[17:01:49] [Server thread/INFO] (Minecraft) Loaded 1713 advancements
[17:01:49] [Server thread/INFO] (powers) Published action registry revision 7 with 110 canonical keys and 2 aliases
[17:01:49] [Server thread/INFO] (powers) Loaded 14 Shadow knowledge entries
[17:01:50] [Server thread/INFO] (Minecraft) Loaded 1605 recipes
[17:01:50] [Server thread/INFO] (Minecraft) Loaded 1713 advancements
[17:01:51] [Server thread/INFO] (Minecraft) [++++++++++++++++++++++++++++++++++++++++++++++++++++++++++++++++++++++++++++++++++++++++++++++++++++++++++++++++++_+_+++++         ]
[17:01:51] [Server thread/INFO] (Minecraft) [++++++++++++++++++++++++++++++++++++++++++++++++++++++++++++++++++++++++++++++++++++++++++++++++++++++++++++++++++++_+++++         ]
[17:01:51] [Server thread/INFO] (Minecraft) Running test environment 'qa010_hostile:isolated' batch 0 (7 tests)...
[17:01:51] [Server thread/INFO] (Minecraft) test-mock-player[embedded] logged in with entity id 2983 at (0.0, 0.0, 0.0)
[17:01:51] [Server thread/INFO] (Minecraft) [Dormant] test-mock-player joined the game
[17:01:51] [Server thread/INFO] (Minecraft) test-mock-player[embedded] logged in with entity id 2984 at (0.0, 0.0, 0.0)
[17:01:51] [Server thread/INFO] (Minecraft) [Dormant] test-mock-player joined the game
[17:01:51] [Server thread/INFO] (Minecraft) test-mock-player[embedded] logged in with entity id 2989 at (0.0, 0.0, 0.0)
[17:01:51] [Server thread/INFO] (Minecraft) [Dormant] test-mock-player joined the game
[17:01:51] [Server thread/INFO] (Minecraft) [Dormant] test-mock-player has made the advancement [Monster Hunter]
[17:01:51] [Server thread/INFO] (Minecraft) test-mock-player[embedded] logged in with entity id 2994 at (0.0, 0.0, 0.0)
[17:01:51] [Server thread/INFO] (Minecraft) [Dormant] test-mock-player joined the game
[17:01:51] [Server thread/INFO] (Minecraft) test-mock-player[embedded] logged in with entity id 2995 at (0.0, 0.0, 0.0)
[17:01:51] [Server thread/INFO] (Minecraft) [Dormant] test-mock-player joined the game
[17:01:51] [Server thread/INFO] (Minecraft) test-mock-player[embedded] logged in with entity id 2997 at (0.0, 0.0, 0.0)
[17:01:51] [Server thread/INFO] (Minecraft) [Dormant] test-mock-player joined the game
[17:01:52] [Server thread/INFO] (Minecraft) [Dormant] test-mock-player has made the advancement [We Need to Go Deeper]
[17:01:52] [Server thread/INFO] (Minecraft) test-mock-player[embedded] logged in with entity id 3000 at (0.0, 0.0, 0.0)
[17:01:52] [Server thread/INFO] (Minecraft) [Dormant] test-mock-player joined the game
[17:01:52] [Server thread/INFO] (Minecraft) <test-mock-player> shadow, leave me
[17:01:52] [Server thread/INFO] (Minecraft) test-mock-player[embedded] logged in with entity id 3003 at (0.0, 0.0, 0.0)
[17:01:52] [Server thread/INFO] (Minecraft) [Dormant] test-mock-player joined the game
[17:01:52] [Server thread/INFO] (Minecraft) [+++++++++++++++++++++++++++++++++++++++++++++++++++++++++++++++++++++++++++++++++++++++++++++++++++++++++++++++++++++++++++++_+_+  ]
[17:01:52] [Server thread/INFO] (Minecraft) [+++++++++++++++++++++++++++++++++++++++++++++++++++++++++++++++++++++++++++++++++++++++++++++++++++++++++++++++++++++++++++++++_+  ]
[17:01:52] [Server thread/INFO] (Minecraft) [+++++++++++++++++++++++++++++++++++++++++++++++++++++++++++++++++++++++++++++++++++++++++++++++++++++++++++++++++++++++++++++++_+  ]
[17:01:52] [Server thread/INFO] (Minecraft) [Dormant] test-mock-player fell out of the world
[17:01:52] [Server thread/INFO] (Minecraft) [+++++++++++++++++++++++++++++++++++++++++++++++++++++++++++++++++++++++++++++++++++++++++++++++++++++++++++++++++++++++++++++++_+  ]
[17:01:52] [Server thread/INFO] (Minecraft) [+++++++++++++++++++++++++++++++++++++++++++++++++++++++++++++++++++++++++++++++++++++++++++++++++++++++++++++++++++++++++++++++_+  ]
[17:01:52] [Server thread/INFO] (Minecraft) [+++++++++++++++++++++++++++++++++++++++++++++++++++++++++++++++++++++++++++++++++++++++++++++++++++++++++++++++++++++++++++++++_+  ]
[17:01:53] [Server thread/INFO] (Minecraft) [+++++++++++++++++++++++++++++++++++++++++++++++++++++++++++++++++++++++++++++++++++++++++++++++++++++++++++++++++++++++++++++++_+  ]
[17:01:53] [Server thread/INFO] (Minecraft) Running test environment 'powers:ritual_isolated' batch 0 (1 tests)...
[17:01:53] [Server thread/INFO] (Minecraft) [+++++++++++++++++++++++++++++++++++++++++++++++++++++++++++++++++++++++++++++++++++++++++++++++++++++++++++++++++++++++++++++++++  ]
[17:01:53] [Server thread/INFO] (Minecraft) test-mock-player[embedded] logged in with entity id 3114 at (0.0, 0.0, 0.0)
[17:01:53] [Server thread/INFO] (Minecraft) [Dormant] test-mock-player joined the game
[17:01:53] [Server thread/INFO] (Minecraft) [+++++++++++++++++++++++++++++++++++++++++++++++++++++++++++++++++++++++++++++++++++++++++++++++++++++++++++++++++++++++++++++++++_ ]
[17:01:53] [Server thread/INFO] (Minecraft) Running test environment 'powers:artifact_stale_teleport_isolated' batch 0 (1 tests)...
[17:01:53] [Server thread/INFO] (Minecraft) test-mock-player[embedded] logged in with entity id 3118 at (0.0, 0.0, 0.0)
[17:01:53] [Server thread/INFO] (Minecraft) [Dormant] test-mock-player joined the game
[17:01:53] [Server thread/INFO] (Minecraft) [+++++++++++++++++++++++++++++++++++++++++++++++++++++++++++++++++++++++++++++++++++++++++++++++++++++++++++++++++++++++++++++++++++]
[17:01:53] [Server thread/INFO] (Minecraft) ========= 131 GAME TESTS COMPLETE IN 1.198 min ======================
[17:01:53] [Server thread/INFO] (Minecraft) All 131 required tests passed :)
[17:01:53] [Server thread/INFO] (Minecraft) ====================================================
[17:01:53] [Server thread/INFO] (Minecraft) Stopping server
[17:01:53] [Server thread/INFO] (Minecraft) Saving players
[17:01:53] [Server thread/INFO] (Minecraft) test-mock-player lost connection: Server closed
[17:01:53] [Server thread/INFO] (Minecraft) [Dormant] test-mock-player left the game
[17:01:53] [Server thread/INFO] (Minecraft) test-mock-player lost connection: Server closed
[17:01:53] [Server thread/INFO] (Minecraft) [Dormant] test-mock-player left the game
[17:01:53] [Server thread/INFO] (Minecraft) test-mock-player lost connection: Server closed
[17:01:53] [Server thread/INFO] (Minecraft) [Dormant] test-mock-player left the game
[17:01:53] [Server thread/INFO] (Minecraft) test-mock-player lost connection: Server closed
[17:01:53] [Server thread/INFO] (Minecraft) [Dormant] test-mock-player left the game
[17:01:53] [Server thread/INFO] (Minecraft) test-mock-player lost connection: Server closed
[17:01:53] [Server thread/INFO] (Minecraft) [Nightfall] test-mock-player left the game
[17:01:53] [Server thread/INFO] (Minecraft) test-mock-player lost connection: Server closed
[17:01:53] [Server thread/INFO] (Minecraft) [Nightfall] test-mock-player left the game
[17:01:53] [Server thread/INFO] (Minecraft) test-mock-player lost connection: Server closed
[17:01:53] [Server thread/INFO] (Minecraft) [Dormant] test-mock-player left the game
[17:01:53] [Server thread/INFO] (Minecraft) test-mock-player lost connection: Server closed
[17:01:53] [Server thread/INFO] (Minecraft) [Dormant] test-mock-player left the game
[17:01:53] [Server thread/INFO] (Minecraft) test-mock-player lost connection: Server closed
[17:01:53] [Server thread/INFO] (Minecraft) [Dormant] test-mock-player left the game
[17:01:53] [Server thread/INFO] (Minecraft) test-mock-player lost connection: Server closed
[17:01:53] [Server thread/INFO] (Minecraft) [Dormant] test-mock-player left the game
[17:01:53] [Server thread/INFO] (Minecraft) test-mock-player lost connection: Server closed
[17:01:53] [Server thread/INFO] (Minecraft) [Dormant] test-mock-player left the game
[17:01:53] [Server thread/INFO] (Minecraft) test-mock-player lost connection: Server closed
[17:01:53] [Server thread/INFO] (Minecraft) [Dormant] test-mock-player left the game
[17:01:53] [Server thread/INFO] (Minecraft) test-mock-player lost connection: Server closed
[17:01:53] [Server thread/INFO] (Minecraft) [Dormant] test-mock-player left the game
[17:01:53] [Server thread/INFO] (Minecraft) test-mock-player lost connection: Server closed
[17:01:53] [Server thread/INFO] (Minecraft) [Dormant] test-mock-player left the game
[17:01:53] [Server thread/INFO] (Minecraft) test-mock-player lost connection: Server closed
[17:01:53] [Server thread/INFO] (Minecraft) [Dormant] test-mock-player left the game
[17:01:53] [Server thread/INFO] (Minecraft) test-mock-player lost connection: Server closed
[17:01:53] [Server thread/INFO] (Minecraft) [Dormant] test-mock-player left the game
[17:01:53] [Server thread/INFO] (Minecraft) test-mock-player lost connection: Server closed
[17:01:53] [Server thread/INFO] (Minecraft) [Dormant] test-mock-player left the game
[17:01:53] [Server thread/INFO] (Minecraft) test-mock-player lost connection: Server closed
[17:01:53] [Server thread/INFO] (Minecraft) [Dormant] test-mock-player left the game
[17:01:53] [Server thread/INFO] (Minecraft) test-mock-player lost connection: Server closed
[17:01:53] [Server thread/INFO] (Minecraft) [Dormant] test-mock-player left the game
[17:01:53] [Server thread/INFO] (Minecraft) test-mock-player lost connection: Server closed
[17:01:53] [Server thread/INFO] (Minecraft) [Dormant] test-mock-player left the game
[17:01:53] [Server thread/INFO] (Minecraft) test-mock-player lost connection: Server closed
[17:01:53] [Server thread/INFO] (Minecraft) [Dormant] test-mock-player left the game
[17:01:53] [Server thread/INFO] (Minecraft) test-mock-player lost connection: Server closed
[17:01:53] [Server thread/INFO] (Minecraft) [Dormant] test-mock-player left the game
[17:01:53] [Server thread/INFO] (Minecraft) test-mock-player lost connection: Server closed
[17:01:53] [Server thread/INFO] (Minecraft) [Dormant] test-mock-player left the game
[17:01:53] [Server thread/INFO] (Minecraft) test-mock-player lost connection: Server closed
[17:01:53] [Server thread/INFO] (Minecraft) [Dormant] test-mock-player left the game
[17:01:53] [Server thread/INFO] (Minecraft) test-mock-player lost connection: Server closed
[17:01:53] [Server thread/INFO] (Minecraft) [Unmarked] test-mock-player left the game
[17:01:53] [Server thread/INFO] (Minecraft) test-mock-player lost connection: Server closed
[17:01:53] [Server thread/INFO] (Minecraft) [Dormant] test-mock-player left the game
[17:01:53] [Server thread/INFO] (Minecraft) test-mock-player lost connection: Server closed
[17:01:53] [Server thread/INFO] (Minecraft) [Dormant] test-mock-player left the game
[17:01:53] [Server thread/INFO] (Minecraft) test-mock-player lost connection: Server closed
[17:01:53] [Server thread/INFO] (Minecraft) [Dormant] test-mock-player left the game
[17:01:53] [Server thread/INFO] (Minecraft) test-mock-player lost connection: Server closed
[17:01:53] [Server thread/INFO] (Minecraft) [Dormant] test-mock-player left the game
[17:01:53] [Server thread/INFO] (Minecraft) test-mock-player lost connection: Server closed
[17:01:53] [Server thread/INFO] (Minecraft) [Nightfall] test-mock-player left the game
[17:01:53] [Server thread/INFO] (Minecraft) test-mock-player lost connection: Server closed
[17:01:53] [Server thread/INFO] (Minecraft) [Dormant] test-mock-player left the game
[17:01:53] [Server thread/INFO] (Minecraft) test-mock-player lost connection: Server closed
[17:01:53] [Server thread/INFO] (Minecraft) [Dormant] test-mock-player left the game
[17:01:53] [Server thread/INFO] (Minecraft) test-mock-player lost connection: Server closed
[17:01:53] [Server thread/INFO] (Minecraft) [Dormant] test-mock-player left the game
[17:01:53] [Server thread/INFO] (Minecraft) test-mock-player lost connection: Server closed
[17:01:53] [Server thread/INFO] (Minecraft) [Dormant] test-mock-player left the game
[17:01:53] [Server thread/INFO] (Minecraft) test-mock-player lost connection: Server closed
[17:01:53] [Server thread/INFO] (Minecraft) [Dormant] test-mock-player left the game
[17:01:53] [Server thread/INFO] (Minecraft) test-mock-player lost connection: Server closed
[17:01:53] [Server thread/INFO] (Minecraft) [Dormant] test-mock-player left the game
[17:01:53] [Server thread/INFO] (Minecraft) test-mock-player lost connection: Server closed
[17:01:53] [Server thread/INFO] (Minecraft) [Dormant] test-mock-player left the game
[17:01:53] [Server thread/INFO] (Minecraft) test-mock-player lost connection: Server closed
[17:01:53] [Server thread/INFO] (Minecraft) [Dormant] test-mock-player left the game
[17:01:53] [Server thread/INFO] (Minecraft) test-mock-player lost connection: Server closed
[17:01:53] [Server thread/INFO] (Minecraft) [Dormant] test-mock-player left the game
[17:01:53] [Server thread/INFO] (Minecraft) test-mock-player lost connection: Server closed
[17:01:53] [Server thread/INFO] (Minecraft) [Dormant] test-mock-player left the game
[17:01:53] [Server thread/INFO] (Minecraft) test-mock-player lost connection: Server closed
[17:01:53] [Server thread/INFO] (Minecraft) [Dormant] test-mock-player left the game
[17:01:53] [Server thread/INFO] (Minecraft) test-mock-player lost connection: Server closed
[17:01:53] [Server thread/INFO] (Minecraft) [Dormant] test-mock-player left the game
[17:01:53] [Server thread/INFO] (Minecraft) test-mock-player lost connection: Server closed
[17:01:53] [Server thread/INFO] (Minecraft) [Dormant] test-mock-player left the game
[17:01:53] [Server thread/INFO] (Minecraft) test-mock-player lost connection: Server closed
[17:01:53] [Server thread/INFO] (Minecraft) [Dormant] test-mock-player left the game
[17:01:53] [Server thread/INFO] (Minecraft) test-mock-player lost connection: Server closed
[17:01:53] [Server thread/INFO] (Minecraft) [Dormant] test-mock-player left the game
[17:01:53] [Server thread/INFO] (Minecraft) test-mock-player lost connection: Server closed
[17:01:53] [Server thread/INFO] (Minecraft) [Dormant] test-mock-player left the game
[17:01:53] [Server thread/INFO] (Minecraft) test-mock-player lost connection: Server closed
[17:01:53] [Server thread/INFO] (Minecraft) [Dormant] test-mock-player left the game
[17:01:53] [Server thread/INFO] (Minecraft) test-mock-player lost connection: Server closed
[17:01:53] [Server thread/INFO] (Minecraft) [Dormant] test-mock-player left the game
[17:01:53] [Server thread/INFO] (Minecraft) test-mock-player lost connection: Server closed
[17:01:53] [Server thread/INFO] (Minecraft) [Dormant] test-mock-player left the game
[17:01:53] [Server thread/INFO] (Minecraft) test-mock-player lost connection: Server closed
[17:01:53] [Server thread/INFO] (Minecraft) [Dormant] test-mock-player left the game
[17:01:53] [Server thread/INFO] (Minecraft) test-mock-player lost connection: Server closed
[17:01:53] [Server thread/INFO] (Minecraft) [Dormant] test-mock-player left the game
[17:01:53] [Server thread/INFO] (Minecraft) test-mock-player lost connection: Server closed
[17:01:53] [Server thread/INFO] (Minecraft) [Dormant] test-mock-player left the game
[17:01:53] [Server thread/INFO] (Minecraft) test-mock-player lost connection: Server closed
[17:01:53] [Server thread/INFO] (Minecraft) [Unmarked] test-mock-player left the game
[17:01:53] [Server thread/INFO] (Minecraft) test-mock-player lost connection: Server closed
[17:01:53] [Server thread/INFO] (Minecraft) [Unmarked] test-mock-player left the game
[17:01:53] [Server thread/INFO] (Minecraft) test-mock-player lost connection: Server closed
[17:01:53] [Server thread/INFO] (Minecraft) [Unmarked] test-mock-player left the game
[17:01:53] [Server thread/INFO] (Minecraft) test-mock-player lost connection: Server closed
[17:01:53] [Server thread/INFO] (Minecraft) [Dormant] test-mock-player left the game
[17:01:53] [Server thread/INFO] (Minecraft) test-mock-player lost connection: Server closed
[17:01:53] [Server thread/INFO] (Minecraft) [Dormant] test-mock-player left the game
[17:01:53] [Server thread/INFO] (Minecraft) test-mock-player lost connection: Server closed
[17:01:53] [Server thread/INFO] (Minecraft) [Dormant] test-mock-player left the game
[17:01:53] [Server thread/INFO] (Minecraft) test-mock-player lost connection: Server closed
[17:01:53] [Server thread/INFO] (Minecraft) [Dormant] test-mock-player left the game
[17:01:53] [Server thread/INFO] (Minecraft) test-mock-player lost connection: Server closed
[17:01:53] [Server thread/INFO] (Minecraft) [Dormant] test-mock-player left the game
[17:01:53] [Server thread/INFO] (Minecraft) test-mock-player lost connection: Server closed
[17:01:53] [Server thread/INFO] (Minecraft) [Dormant] test-mock-player left the game
[17:01:53] [Server thread/INFO] (Minecraft) test-mock-player lost connection: Server closed
[17:01:53] [Server thread/INFO] (Minecraft) [Dormant] test-mock-player left the game
[17:01:53] [Server thread/INFO] (Minecraft) test-mock-player lost connection: Server closed
[17:01:53] [Server thread/INFO] (Minecraft) [Dormant] test-mock-player left the game
[17:01:53] [Server thread/INFO] (Minecraft) test-mock-player lost connection: Server closed
[17:01:53] [Server thread/INFO] (Minecraft) [Dormant] test-mock-player left the game
[17:01:53] [Server thread/INFO] (Minecraft) test-mock-player lost connection: Server closed
[17:01:53] [Server thread/INFO] (Minecraft) [Unmarked] test-mock-player left the game
[17:01:53] [Server thread/INFO] (Minecraft) test-mock-player lost connection: Server closed
[17:01:53] [Server thread/INFO] (Minecraft) [Dormant] test-mock-player left the game
[17:01:53] [Server thread/INFO] (Minecraft) Saving worlds
[17:01:54] [Server thread/INFO] (Minecraft) Saving chunks for level 'ServerLevel[Test Level]'/minecraft:overworld
[17:01:55] [Server thread/INFO] (Minecraft) Saving chunks for level 'ServerLevel[Test Level]'/minecraft:the_end
[17:01:55] [Server thread/INFO] (Minecraft) Saving chunks for level 'ServerLevel[Test Level]'/qa010_hostile:synthetic
[17:01:55] [Server thread/INFO] (Minecraft) Saving chunks for level 'ServerLevel[Test Level]'/minecraft:the_nether
[17:01:55] [Server thread/INFO] (Minecraft) Saving chunks for level 'ServerLevel[Test Level]'/powers:dark_realm
[17:01:55] [Server thread/INFO] (Minecraft) Saving chunks for level 'ServerLevel[Test Level]'/powers:light_realm
[17:01:55] [Server thread/INFO] (Minecraft) ThreadedAnvilChunkStorage (world): All chunks are saved
[17:01:55] [Server thread/INFO] (Minecraft) ThreadedAnvilChunkStorage (DIM1): All chunks are saved
[17:01:55] [Server thread/INFO] (Minecraft) ThreadedAnvilChunkStorage (synthetic): All chunks are saved
[17:01:55] [Server thread/INFO] (Minecraft) ThreadedAnvilChunkStorage (DIM-1): All chunks are saved
[17:01:55] [Server thread/INFO] (Minecraft) ThreadedAnvilChunkStorage (dark_realm): All chunks are saved
[17:01:55] [Server thread/INFO] (Minecraft) ThreadedAnvilChunkStorage (light_realm): All chunks are saved
[17:01:55] [Server thread/INFO] (Minecraft) ThreadedAnvilChunkStorage: All dimensions are saved
[17:01:56] [Server thread/INFO] (Minecraft) Game test server shutting down

> Task :compileTestJava
> Task :processTestResources
> Task :testClasses
WARNING: A terminally deprecated method in sun.misc.Unsafe has been called
WARNING: sun.misc.Unsafe::objectFieldOffset has been called by org.joml.MemUtil$MemUtilUnsafe (file:<HOME>/.gradle/caches/modules-2/files-2.1/org.joml/joml/1.10.8/fc0a71dad90a2cf41d82a76156a0e700af8e4f8d/joml-1.10.8.jar)
WARNING: Please consider reporting this to the maintainers of class org.joml.MemUtil$MemUtilUnsafe
WARNING: sun.misc.Unsafe::objectFieldOffset will be removed in a future release
> Task :test

> Task :testPythonScripts
..............................................................................................................................................[0012] [Server thread/INFO]: SoakClient left the game
.
----------------------------------------------------------------------
Ran 143 tests in 18.741s

OK

> Task :validateAccessWidener NO-SOURCE

> Task :validatePowerResources
POWERS resource validation passed

> Task :verifyItemDocs
> Task :verifyMagicDocs
> Task :verifyRankDocs
> Task :verifyVfxAssetAudit
> Task :check

BUILD SUCCESSFUL in 3m 4s
24 actionable tasks: 24 executed
VFX011_HEARTBEAT_CHECK_EXIT=0
