To honour the JVM settings for this build a single-use Daemon process will be forked. For more on this, please refer to https://docs.gradle.org/9.5.1/userguide/gradle_daemon.html#sec:disabling_the_daemon in the Gradle documentation.
Daemon will be stopped at the end of the build

> Configure project :
Fabric Loom: 1.17.19

> Task :auditJavaSources
> Task :auditNonItemAssets
> Task :compileJava
> Task :processResources
> Task :classes
> Task :compileClientJava
> Task :processClientResources
> Task :clientClasses
> Task :compileExampleExtensionJava
> Task :processExampleExtensionResources
> Task :exampleExtensionClasses
> Task :compileGametestJava
> Task :deleteGameTestRunDir UP-TO-DATE
> Task :acceptGameTestEula
> Task :generateLog4jConfig
> Task :generateDLIConfig
> Task :configureLaunch
> Task :processGametestResources
> Task :gametestClasses

> Task :runGameTest
[13:24:01] [main/INFO] (FabricLoader/GameProvider) Loading Minecraft 26.2 with Fabric Loader 0.19.3
[13:24:01] [main/INFO] (FabricLoader/Mappings) Mappings not present!
[13:24:01] [main/INFO] (FabricLoader) Loading 45 mods:
	- fabric-api 0.156.0+26.2
	   |-- fabric-key-mapping-api-v1 2.0.5+e2bdee789e
	   |-- fabric-model-loading-api-v1 8.0.16+c80601bb9e
	   |-- fabric-renderer-api-v1 14.1.3+2b0d8a229e
	   |-- fabric-renderer-indigo 9.1.3+2b0d8a229e
	   |-- fabric-rendering-v1 25.3.2+515ac5339e
	   |-- fabric-screen-api-v1 5.1.0+48e3c0b09e
	   \-- fabric-sound-api-v1 2.0.5+11a26f319e
	- fabric-api-base 2.0.4+ece063239e
	- fabric-api-lookup-api-v1 2.0.17+11e1c9a39e
	- fabric-biome-api-v1 18.0.6+c7bd5b8e9e
	- fabric-block-api-v1 3.0.3+ec56b6019e
	- fabric-block-getter-api-v2 2.0.7+ec56b6019e
	- fabric-command-api-v2 3.1.0+00cb03469e
	- fabric-content-registries-v0 11.3.0+d0a699d09e
	- fabric-convention-tags-v2 4.7.0+1f023a9e9e
	- fabric-crash-report-info-v1 1.0.5+086d547a9e
	- fabric-creative-tab-api-v1 5.0.14+d871b99e9e
	- fabric-data-attachment-api-v1 2.2.18+515ac5339e
	- fabric-data-generation-api-v1 25.5.0+aed122aa9e
	- fabric-debug-api-v1 1.0.2+c792624d9e
	- fabric-dimensions-v1 5.1.11+515ac5339e
	- fabric-entity-events-v1 5.0.5+06488ac19e
	- fabric-events-interaction-v0 5.2.7+515ac5339e
	- fabric-game-rule-api-v1 4.0.8+46a6d00c9e
	- fabric-gametest-api-v1 4.0.21+4a7fa0819e
	- fabric-item-api-v1 14.4.0+49a69a7b9e
	- fabric-lifecycle-events-v1 4.1.3+4575b05f9e
	- fabric-loot-api-v3 3.0.17+06488ac19e
	- fabric-menu-api-v1 2.0.16+086d547a9e
	- fabric-message-api-v1 7.0.7+086d547a9e
	- fabric-networking-api-v1 6.3.3+72073ef09e
	- fabric-object-builder-api-v1 24.1.0+6fcd5f039e
	- fabric-particles-v1 5.0.18+d1756aa99e
	- fabric-permission-api-v1 1.0.4+536fad2f9e
	- fabric-recipe-api-v1 9.0.20+11e1c9a39e
	- fabric-registry-sync-v0 7.1.0+c7bd5b8e9e
	- fabric-rendering-fluids-v1 6.0.4+06488ac19e
	- fabric-resource-conditions-api-v1 6.1.0+10e9a28b9e
	- fabric-resource-loader-v0 3.3.20+4fc5413f9e
	- fabric-resource-loader-v1 2.0.13+9edec1269e
	- fabric-serialization-api-v1 2.0.4+11a26f319e
	- fabric-tag-api-v1 2.1.4+515ac5339e
	- fabric-transfer-api-v1 8.0.12+11dbb7d79e
	- fabric-transitive-access-wideners-v1 8.1.4+67c847259e
	- fabricloader 0.19.3
	- java 25
	- minecraft 26.2
	- mixinextras 0.5.4
	- powers 1.0.2
	- powers-example-extension 1.0.0
	- powers-gametest 1.0.0
[13:24:01] [main/INFO] (FabricLoader/Mixin) SpongePowered MIXIN Subsystem Version=0.8.7 Source=file:<HOME>/.gradle/caches/modules-2/files-2.1/net.fabricmc/sponge-mixin/0.17.3+mixin.0.8.7/41c4a3984a80f4679e759fb9f495587acc5cdac7/sponge-mixin-0.17.3+mixin.0.8.7.jar Service=Knot/Fabric Env=SERVER
[13:24:01] [main/INFO] (FabricLoader/Mixin) Compatibility level set to JAVA_25
[13:24:02] [main/INFO] (FabricLoader/MixinExtras|Service) Initializing MixinExtras via com.llamalad7.mixinextras.service.MixinExtrasServiceImpl(version=0.5.4).
[13:24:06] [main/INFO] (powers) Loaded rank mazes: 28 light nodes, 28 darkness nodes
[13:24:06] [main/INFO] (powers) Magic collision kernel loaded: 64 actions, 2080 exhaustive interactions
[13:24:06] [main/INFO] (powers) POWERS framework initialized with 23 power(s)
[13:24:07] [main/INFO] (Minecraft) Environment: Environment[sessionHost=https://sessionserver.mojang.com, servicesHost=https://api.minecraftservices.com, profilesHost=https://api.mojang.com, name=PROD]
[13:24:07] [main/INFO] (FabricGameTestRunner) Starting test server
[13:24:08] [main/INFO] (Minecraft) Loaded 1605 recipes
[13:24:08] [main/INFO] (Minecraft) Loaded 1713 advancements
[13:24:08] [main/INFO] (powers) Staged 2 initial action aliases until extension registration
[13:24:08] [main/INFO] (powers) Loaded 14 Shadow knowledge entries
[13:24:08] [main/INFO] (BiomeModificationImpl) Applied 0 biome modifications to 0 of 69 new biomes in 1.037 ms
[13:24:08] [Server thread/INFO] (powers) Published action registry revision 2 with 110 canonical keys and 2 aliases
[13:24:08] [Server thread/INFO] (Minecraft) Selecting global world spawn...
[13:24:08] [Server thread/INFO] (Minecraft) Loading 0 persistent chunks...
[13:24:08] [Server thread/INFO] (Minecraft) Preparing spawn area: 100%
[13:24:08] [Server thread/INFO] (Minecraft) Time elapsed: 289 ms
[13:24:08] [Server thread/INFO] (Minecraft) Started game test server
[13:24:08] [Server thread/INFO] (Minecraft) 131 tests are now running at position 1761582, -59, -3306411!
[13:24:09] [Server thread/INFO] (Minecraft) Running test environment 'powers:artifact_recents_isolated' batch 0 (1 tests)...
[13:24:09] [Server thread/INFO] (Minecraft) test-mock-player[embedded] logged in with entity id 1 at (0.0, 0.0, 0.0)
[13:24:09] [Server thread/INFO] (Minecraft) [Dormant] test-mock-player joined the game
[13:24:09] [Server thread/INFO] (Minecraft) Running test environment 'powers:packet_fault_matrix_isolated' batch 0 (1 tests)...
[13:24:09] [Server thread/INFO] (Minecraft) [+                                                                                                                                  ]
[13:24:09] [Server thread/INFO] (Minecraft) [+                                                                                                                                  ]
[13:24:09] [Server thread/INFO] (Minecraft) [+                                                                                                                                  ]
[13:24:09] [Server thread/INFO] (Minecraft) test-mock-player[embedded] logged in with entity id 2 at (0.0, 0.0, 0.0)
[13:24:09] [Server thread/INFO] (Minecraft) [Dormant] test-mock-player joined the game
[13:24:09] [Server thread/INFO] (Minecraft) test-mock-player[embedded] logged in with entity id 3 at (0.0, 0.0, 0.0)
[13:24:09] [Server thread/INFO] (Minecraft) [Dormant] test-mock-player joined the game
[13:24:09] [Server thread/INFO] (Minecraft) test-mock-player[embedded] logged in with entity id 4 at (0.0, 0.0, 0.0)
[13:24:09] [Server thread/INFO] (Minecraft) [Dormant] test-mock-player joined the game
[13:24:09] [Server thread/INFO] (Minecraft) test-mock-player[embedded] logged in with entity id 5 at (0.0, 0.0, 0.0)
[13:24:09] [Server thread/INFO] (Minecraft) [Dormant] test-mock-player joined the game
[13:24:09] [Server thread/INFO] (Minecraft) test-mock-player[embedded] logged in with entity id 6 at (0.0, 0.0, 0.0)
[13:24:09] [Server thread/INFO] (Minecraft) [Dormant] test-mock-player joined the game
[13:24:09] [Server thread/INFO] (Minecraft) test-mock-player[embedded] logged in with entity id 7 at (0.0, 0.0, 0.0)
[13:24:09] [Server thread/INFO] (Minecraft) [Dormant] test-mock-player joined the game
[13:24:09] [Server thread/INFO] (Minecraft) [+_                                                                                                                                 ]
[13:24:10] [Server thread/INFO] (Minecraft) test-mock-player lost connection: QA-009 production matrix complete
[13:24:10] [Server thread/INFO] (Minecraft) [Dormant] test-mock-player left the game
[13:24:10] [Server thread/INFO] (Minecraft) test-mock-player lost connection: QA-009 production matrix complete
[13:24:10] [Server thread/INFO] (Minecraft) [Dormant] test-mock-player left the game
[13:24:10] [Server thread/INFO] (Minecraft) test-mock-player lost connection: QA-009 production matrix complete
[13:24:10] [Server thread/INFO] (Minecraft) [Dormant] test-mock-player left the game
[13:24:10] [Server thread/INFO] (Minecraft) test-mock-player lost connection: QA-009 production matrix complete
[13:24:10] [Server thread/INFO] (Minecraft) [Dormant] test-mock-player left the game
[13:24:10] [Server thread/INFO] (Minecraft) test-mock-player lost connection: QA-009 production matrix complete
[13:24:10] [Server thread/INFO] (Minecraft) [Dormant] test-mock-player left the game
[13:24:10] [Server thread/INFO] (Minecraft) test-mock-player lost connection: QA-009 production matrix complete
[13:24:10] [Server thread/INFO] (Minecraft) [Dormant] test-mock-player left the game
[13:24:10] [Server thread/INFO] (Minecraft) [STDOUT]: QA009_PRODUCTION_MATRIX profile=delay150 serverObservedByTicks=10 authoritative=selected outbound=power-state-91 offered=101 dropped=0 duplicated=0 delayed=101 reordered=99 delivered=2 expired=0 maxQueue=101 maxAgeTicks=4 duplicateSideEffects=0
[13:24:10] [Server thread/INFO] (Minecraft) [STDOUT]: QA009_PRODUCTION_MATRIX profile=delay300 serverObservedByTicks=10 authoritative=selected outbound=power-state-91 offered=101 dropped=0 duplicated=0 delayed=101 reordered=99 delivered=2 expired=0 maxQueue=101 maxAgeTicks=7 duplicateSideEffects=0
[13:24:10] [Server thread/INFO] (Minecraft) [STDOUT]: QA009_PRODUCTION_MATRIX profile=loss1 serverObservedByTicks=10 authoritative=selected outbound=power-state-91 offered=251 dropped=2 duplicated=0 delayed=0 reordered=247 delivered=2 expired=0 maxQueue=249 maxAgeTicks=3 duplicateSideEffects=0
[13:24:10] [Server thread/INFO] (Minecraft) [STDOUT]: QA009_PRODUCTION_MATRIX profile=loss5 serverObservedByTicks=10 authoritative=selected outbound=power-state-91 offered=251 dropped=8 duplicated=0 delayed=0 reordered=241 delivered=2 expired=0 maxQueue=243 maxAgeTicks=3 duplicateSideEffects=0
[13:24:10] [Server thread/INFO] (Minecraft) [STDOUT]: QA009_PRODUCTION_MATRIX profile=duplicate serverObservedByTicks=10 authoritative=selected outbound=power-state-91 offered=101 dropped=0 duplicated=101 delayed=0 reordered=198 delivered=2 expired=0 maxQueue=202 maxAgeTicks=3 duplicateSideEffects=0
[13:24:10] [Server thread/INFO] (Minecraft) [STDOUT]: QA009_PRODUCTION_MATRIX profile=reorder serverObservedByTicks=10 authoritative=selected outbound=power-state-91 offered=101 dropped=0 duplicated=0 delayed=68 reordered=99 delivered=2 expired=0 maxQueue=101 maxAgeTicks=2 duplicateSideEffects=0
[13:24:10] [Server thread/INFO] (Minecraft) Running test environment 'powers:artifact_authority_isolated' batch 0 (1 tests)...
[13:24:10] [Server thread/INFO] (Minecraft) test-mock-player[embedded] logged in with entity id 9 at (0.0, 0.0, 0.0)
[13:24:10] [Server thread/INFO] (Minecraft) [Dormant] test-mock-player joined the game
[13:24:10] [Server thread/INFO] (Minecraft) [++_                                                                                                                                ]
[13:24:10] [Server thread/INFO] (Minecraft) Running test environment 'qa010_hostile:travel_graph' batch 0 (1 tests)...
[13:24:10] [Server thread/INFO] (Minecraft) test-mock-player[embedded] logged in with entity id 13 at (0.0, 0.0, 0.0)
[13:24:10] [Server thread/INFO] (Minecraft) [Dormant] test-mock-player joined the game
[13:24:10] [Server thread/INFO] (Minecraft) [+++_                                                                                                                               ]
[13:24:10] [Server thread/INFO] (Minecraft) [+++_                                                                                                                               ]
[13:24:10] [Server thread/INFO] (Minecraft) [+++_                                                                                                                               ]
[13:24:10] [Server thread/INFO] (Minecraft) Running test environment 'powers:fx_lod_isolated' batch 0 (1 tests)...
[13:24:10] [Server thread/INFO] (Minecraft) [++++                                                                                                                               ]
[13:24:10] [Server thread/INFO] (Minecraft) test-mock-player[embedded] logged in with entity id 97 at (0.0, 0.0, 0.0)
[13:24:10] [Server thread/INFO] (Minecraft) [Dormant] test-mock-player joined the game
[13:24:10] [Server thread/INFO] (Minecraft) test-mock-player[embedded] logged in with entity id 98 at (0.0, 0.0, 0.0)
[13:24:10] [Server thread/INFO] (Minecraft) [Dormant] test-mock-player joined the game
[13:24:10] [Server thread/INFO] (Minecraft) test-mock-player[embedded] logged in with entity id 99 at (0.0, 0.0, 0.0)
[13:24:10] [Server thread/INFO] (Minecraft) [Dormant] test-mock-player joined the game
[13:24:10] [Server thread/INFO] (Minecraft) Running test environment 'qa010_hostile:isolated' batch 0 (7 tests)...
[13:24:10] [Server thread/INFO] (Minecraft) test-mock-player[embedded] logged in with entity id 102 at (0.0, 0.0, 0.0)
[13:24:10] [Server thread/INFO] (Minecraft) [Dormant] test-mock-player joined the game
[13:24:10] [Server thread/INFO] (Minecraft) test-mock-player[embedded] logged in with entity id 105 at (0.0, 0.0, 0.0)
[13:24:10] [Server thread/INFO] (Minecraft) [Dormant] test-mock-player joined the game
[13:24:10] [Server thread/INFO] (Minecraft) test-mock-player[embedded] logged in with entity id 110 at (0.0, 0.0, 0.0)
[13:24:10] [Server thread/INFO] (Minecraft) [Dormant] test-mock-player joined the game
[13:24:10] [Server thread/INFO] (Minecraft) [Dormant] test-mock-player has made the advancement [Monster Hunter]
[13:24:10] [Server thread/INFO] (Minecraft) test-mock-player[embedded] logged in with entity id 115 at (0.0, 0.0, 0.0)
[13:24:10] [Server thread/INFO] (Minecraft) [Dormant] test-mock-player joined the game
[13:24:10] [Server thread/INFO] (Minecraft) test-mock-player[embedded] logged in with entity id 116 at (0.0, 0.0, 0.0)
[13:24:10] [Server thread/INFO] (Minecraft) [Dormant] test-mock-player joined the game
[13:24:10] [Server thread/INFO] (Minecraft) test-mock-player[embedded] logged in with entity id 118 at (0.0, 0.0, 0.0)
[13:24:10] [Server thread/INFO] (Minecraft) [Dormant] test-mock-player joined the game
[13:24:10] [Server thread/INFO] (Minecraft) <test-mock-player> shadow, leave me
[13:24:10] [Server thread/INFO] (Minecraft) test-mock-player[embedded] logged in with entity id 121 at (0.0, 0.0, 0.0)
[13:24:10] [Server thread/INFO] (Minecraft) [Dormant] test-mock-player joined the game
[13:24:10] [Server thread/INFO] (Minecraft) test-mock-player[embedded] logged in with entity id 123 at (0.0, 0.0, 0.0)
[13:24:10] [Server thread/INFO] (Minecraft) [Dormant] test-mock-player joined the game
[13:24:11] [Server thread/INFO] (Minecraft) [Dormant] test-mock-player has made the advancement [We Need to Go Deeper]
[13:24:11] [Server thread/INFO] (Minecraft) [++++++++++_+                                                                                                                       ]
[13:24:11] [Server thread/INFO] (Minecraft) [++++++++++_+                                                                                                                       ]
[13:24:12] [Server thread/INFO] (Minecraft) [++++++++++_+                                                                                                                       ]
[13:24:12] [Server thread/INFO] (Minecraft) [Dormant] test-mock-player fell out of the world
[13:24:12] [Server thread/INFO] (Minecraft) [++++++++++_+                                                                                                                       ]
[13:24:12] [Server thread/INFO] (Minecraft) [++++++++++_+                                                                                                                       ]
[13:24:12] [Server thread/INFO] (Minecraft) [++++++++++_+                                                                                                                       ]
[13:24:12] [Server thread/INFO] (Minecraft) [++++++++++_+                                                                                                                       ]
[13:24:12] [Server thread/INFO] (Minecraft) Running test environment 'qa010_hostile:synthetic_reload' batch 0 (1 tests)...
[13:24:12] [Server thread/INFO] (Minecraft) test-mock-player[embedded] logged in with entity id 258 at (0.0, 0.0, 0.0)
[13:24:12] [Server thread/INFO] (Minecraft) [Dormant] test-mock-player joined the game
[13:24:12] [Server thread/INFO] (Minecraft) Loaded 1605 recipes
[13:24:12] [Server thread/INFO] (Minecraft) Loaded 1713 advancements
[13:24:12] [Server thread/INFO] (powers) Published action registry revision 3 with 110 canonical keys and 2 aliases
[13:24:12] [Server thread/INFO] (powers) Loaded 14 Shadow knowledge entries
[13:24:12] [Server thread/INFO] (Minecraft) [++++++++++++_                                                                                                                      ]
[13:24:13] [Server thread/INFO] (Minecraft) [++++++++++++_                                                                                                                      ]
[13:24:13] [Server thread/INFO] (Minecraft) [++++++++++++_                                                                                                                      ]
[13:24:13] [Server thread/INFO] (Minecraft) [++++++++++++_                                                                                                                      ]
[13:24:13] [Server thread/INFO] (Minecraft) [++++++++++++_                                                                                                                      ]
[13:24:13] [Server thread/INFO] (Minecraft) [++++++++++++_                                                                                                                      ]
[13:24:13] [Server thread/INFO] (Minecraft) [++++++++++++_                                                                                                                      ]
[13:24:13] [Server thread/INFO] (Minecraft) [++++++++++++_                                                                                                                      ]
[13:24:13] [Server thread/INFO] (Minecraft) [++++++++++++_                                                                                                                      ]
[13:24:13] [Server thread/INFO] (Minecraft) [++++++++++++_                                                                                                                      ]
[13:24:13] [Server thread/INFO] (Minecraft) [++++++++++++_                                                                                                                      ]
[13:24:13] [Server thread/INFO] (Minecraft) Running test environment 'powers:invasion_isolated' batch 0 (1 tests)...
[13:24:13] [Server thread/INFO] (Minecraft) test-mock-player[embedded] logged in with entity id 495 at (0.0, 0.0, 0.0)
[13:24:13] [Server thread/INFO] (Minecraft) [Dormant] test-mock-player joined the game
[13:24:13] [Server thread/INFO] (Minecraft) [+++++++++++++_                                                                                                                     ]
[13:24:13] [Server thread/INFO] (Minecraft) [+++++++++++++_                                                                                                                     ]
[13:24:13] [Server thread/INFO] (Minecraft) [+++++++++++++_                                                                                                                     ]
[13:24:13] [Server thread/INFO] (Minecraft) [+++++++++++++_                                                                                                                     ]
[13:24:13] [Server thread/INFO] (Minecraft) [+++++++++++++_                                                                                                                     ]
[13:24:13] [Server thread/INFO] (Minecraft) [+++++++++++++_                                                                                                                     ]
[13:24:13] [Server thread/INFO] (Minecraft) [+++++++++++++_                                                                                                                     ]
[13:24:13] [Server thread/INFO] (Minecraft) [+++++++++++++_                                                                                                                     ]
[13:24:13] [Server thread/INFO] (Minecraft) [+++++++++++++_                                                                                                                     ]
[13:24:14] [Server thread/INFO] (Minecraft) [+++++++++++++_                                                                                                                     ]
[13:24:14] [Server thread/INFO] (Minecraft) [+++++++++++++_                                                                                                                     ]
[13:24:14] [Server thread/INFO] (Minecraft) [+++++++++++++_                                                                                                                     ]
[13:24:14] [Server thread/INFO] (Minecraft) [+++++++++++++_                                                                                                                     ]
[13:24:14] [Server thread/INFO] (Minecraft) [+++++++++++++_                                                                                                                     ]
[13:24:14] [Server thread/INFO] (Minecraft) [+++++++++++++_                                                                                                                     ]
[13:24:14] [Server thread/INFO] (Minecraft) [+++++++++++++_                                                                                                                     ]
[13:24:14] [Server thread/INFO] (Minecraft) [+++++++++++++_                                                                                                                     ]
[13:24:14] [Server thread/INFO] (Minecraft) [+++++++++++++_                                                                                                                     ]
[13:24:14] [Server thread/INFO] (Minecraft) [+++++++++++++_                                                                                                                     ]
[13:24:14] [Server thread/INFO] (Minecraft) [+++++++++++++_                                                                                                                     ]
[13:24:14] [Server thread/INFO] (Minecraft) [+++++++++++++_                                                                                                                     ]
[13:24:14] [Server thread/INFO] (Minecraft) Running test environment 'powers:ritual_isolated' batch 0 (1 tests)...
[13:24:14] [Server thread/INFO] (Minecraft) [++++++++++++++                                                                                                                     ]
[13:24:14] [Server thread/INFO] (Minecraft) test-mock-player[embedded] logged in with entity id 531 at (0.0, 0.0, 0.0)
[13:24:14] [Server thread/INFO] (Minecraft) [Dormant] test-mock-player joined the game
[13:24:14] [Server thread/ERROR] (TestAnnotationLocator) Failed to invoke test method

java.lang.reflect.InvocationTargetException
	at java.base/jdk.internal.reflect.DirectMethodHandleAccessor.invoke(DirectMethodHandleAccessor.java:119)
	at java.base/java.lang.reflect.Method.invoke(Method.java:565)
	at knot//net.fabricmc.fabric.impl.gametest.TestAnnotationLocator$TestMethod.lambda$testFunction$0(TestAnnotationLocator.java:144)
	at knot//net.minecraft.gametest.framework.FunctionGameTestInstance.run(FunctionGameTestInstance.java:32)
	at knot//net.minecraft.gametest.framework.GameTestInfo.startTest(GameTestInfo.java:177)
	at knot//net.minecraft.gametest.framework.GameTestInfo.tickInternal(GameTestInfo.java:137)
	at knot//net.minecraft.gametest.framework.GameTestInfo.tick(GameTestInfo.java:120)
	at knot//net.minecraft.gametest.framework.GameTestTicker.lambda$tick$0(GameTestTicker.java:56)
	at java.base/java.util.concurrent.CopyOnWriteArrayList.forEach(CopyOnWriteArrayList.java:905)
	at knot//net.minecraft.gametest.framework.GameTestTicker.tick(GameTestTicker.java:56)
	at knot//net.minecraft.server.MinecraftServer.tickChildren(MinecraftServer.java:1156)
	at knot//net.minecraft.server.MinecraftServer.tickServer(MinecraftServer.java:1001)
	at knot//net.minecraft.gametest.framework.GameTestServer.tickServer(GameTestServer.java:228)
	at knot//net.minecraft.server.MinecraftServer.processPacketsAndTick(MinecraftServer.java:1034)
	at knot//net.minecraft.server.MinecraftServer.runServer(MinecraftServer.java:773)
	at knot//net.minecraft.server.MinecraftServer.lambda$spin$0(MinecraftServer.java:320)
	at java.base/java.lang.Thread.run(Thread.java:1474)
Caused by: net.minecraft.gametest.framework.GameTestAssertException: Augury did not enter its authored ritual channel on tick 0
	at knot//net.minecraft.gametest.framework.GameTestHelper.assertionException(GameTestHelper.java:95)
	at knot//net.minecraft.gametest.framework.GameTestHelper.assertTrue(GameTestHelper.java:1108)
	at knot//net.minecraft.gametest.framework.GameTestHelper.assertTrue(GameTestHelper.java:1113)
	at knot//com.powers.gametest.PowersGameTests.auguryCompletesAsAnUnrankedPracticalRitual(PowersGameTests.java:1368)
	at java.base/jdk.internal.reflect.DirectMethodHandleAccessor.invoke(DirectMethodHandleAccessor.java:104)
	... 16 more
[13:24:14] [Server thread/ERROR] (Minecraft) powers-gametest:powers_game_tests_augury_completes_as_an_unranked_practical_ritual failed at 1761672, -59, -3306394! Augury did not enter its authored ritual channel on tick 0
[13:24:14] [Server thread/INFO] (Minecraft) Running test environment 'powers:artifact_stale_cycle_isolated' batch 0 (1 tests)...
[13:24:14] [Server thread/INFO] (Minecraft) test-mock-player[embedded] logged in with entity id 532 at (0.0, 0.0, 0.0)
[13:24:14] [Server thread/INFO] (Minecraft) [Dormant] test-mock-player joined the game
[13:24:14] [Server thread/INFO] (Minecraft) Running test environment 'powers:vfx_gallery' batch 0 (1 tests)...
[13:24:14] [Server thread/INFO] (Minecraft) test-mock-player[embedded] logged in with entity id 535 at (0.0, 0.0, 0.0)
[13:24:14] [Server thread/INFO] (Minecraft) [Dormant] test-mock-player joined the game
[13:24:14] [Server thread/INFO] (Minecraft) Running test environment 'minecraft:default' batch 0 (50 tests)...
[13:24:14] [Server thread/INFO] (Minecraft) test-mock-player[embedded] logged in with entity id 549 at (0.0, 0.0, 0.0)
[13:24:14] [Server thread/INFO] (Minecraft) [Dormant] test-mock-player joined the game
[13:24:14] [Server thread/INFO] (Minecraft) test-mock-player[embedded] logged in with entity id 552 at (0.0, 0.0, 0.0)
[13:24:14] [Server thread/INFO] (Minecraft) [Dormant] test-mock-player joined the game
[13:24:14] [Server thread/INFO] (Minecraft) test-mock-player[embedded] logged in with entity id 553 at (0.0, 0.0, 0.0)
[13:24:14] [Server thread/INFO] (Minecraft) [Dormant] test-mock-player joined the game
[13:24:14] [Server thread/INFO] (Minecraft) test-mock-player[embedded] logged in with entity id 554 at (0.0, 0.0, 0.0)
[13:24:14] [Server thread/INFO] (Minecraft) [Dormant] test-mock-player joined the game
[13:24:14] [Server thread/INFO] (Minecraft) test-mock-player[embedded] logged in with entity id 560 at (0.0, 0.0, 0.0)
[13:24:14] [Server thread/INFO] (Minecraft) [Dormant] test-mock-player joined the game
[13:24:14] [Server thread/INFO] (Minecraft) test-mock-player[embedded] logged in with entity id 561 at (0.0, 0.0, 0.0)
[13:24:14] [Server thread/INFO] (Minecraft) [Dormant] test-mock-player joined the game
[13:24:14] [Server thread/INFO] (Minecraft) test-mock-player[embedded] logged in with entity id 567 at (0.0, 0.0, 0.0)
[13:24:14] [Server thread/INFO] (Minecraft) [Dormant] test-mock-player joined the game
[13:24:14] [Server thread/INFO] (Minecraft) test-mock-player[embedded] logged in with entity id 569 at (0.0, 0.0, 0.0)
[13:24:14] [Server thread/INFO] (Minecraft) [Dormant] test-mock-player joined the game
[13:24:14] [Server thread/INFO] (Minecraft) test-mock-player[embedded] logged in with entity id 571 at (0.0, 0.0, 0.0)
[13:24:14] [Server thread/INFO] (Minecraft) [Dormant] test-mock-player joined the game
[13:24:14] [Server thread/INFO] (Minecraft) <test-mock-player> shadow, hide yourself
[13:24:14] [Server thread/INFO] (Minecraft) <test-mock-player> shadow, leave me
[13:24:14] [Server thread/INFO] (Minecraft) test-mock-player[embedded] logged in with entity id 575 at (0.0, 0.0, 0.0)
[13:24:14] [Server thread/INFO] (Minecraft) [Dormant] test-mock-player joined the game
[13:24:14] [Server thread/INFO] (Minecraft) test-mock-player[embedded] logged in with entity id 576 at (0.0, 0.0, 0.0)
[13:24:14] [Server thread/INFO] (Minecraft) [Dormant] test-mock-player joined the game
[13:24:14] [Server thread/INFO] (Minecraft) test-mock-player[embedded] logged in with entity id 577 at (0.0, 0.0, 0.0)
[13:24:14] [Server thread/INFO] (Minecraft) [Dormant] test-mock-player joined the game
[13:24:14] [Server thread/INFO] (Minecraft) test-mock-player[embedded] logged in with entity id 578 at (0.0, 0.0, 0.0)
[13:24:14] [Server thread/INFO] (Minecraft) [Dormant] test-mock-player joined the game
[13:24:14] [Server thread/INFO] (Minecraft) test-mock-player[embedded] logged in with entity id 583 at (0.0, 0.0, 0.0)
[13:24:14] [Server thread/INFO] (Minecraft) [Dormant] test-mock-player joined the game
[13:24:14] [Server thread/INFO] (Minecraft) test-mock-player[embedded] logged in with entity id 584 at (0.0, 0.0, 0.0)
[13:24:14] [Server thread/INFO] (Minecraft) [Dormant] test-mock-player joined the game
[13:24:14] [Server thread/INFO] (Minecraft) test-mock-player[embedded] logged in with entity id 585 at (0.0, 0.0, 0.0)
[13:24:14] [Server thread/INFO] (Minecraft) [Dormant] test-mock-player joined the game
[13:24:14] [Server thread/INFO] (Minecraft) test-mock-player[embedded] logged in with entity id 587 at (0.0, 0.0, 0.0)
[13:24:14] [Server thread/INFO] (Minecraft) [Dormant] test-mock-player joined the game
[13:24:14] [Server thread/INFO] (Minecraft) test-mock-player[embedded] logged in with entity id 589 at (0.0, 0.0, 0.0)
[13:24:14] [Server thread/INFO] (Minecraft) [Dormant] test-mock-player joined the game
[13:24:14] [Server thread/INFO] (Minecraft) test-mock-player[embedded] logged in with entity id 592 at (0.0, 0.0, 0.0)
[13:24:14] [Server thread/INFO] (Minecraft) [Dormant] test-mock-player joined the game
[13:24:14] [Server thread/INFO] (Minecraft) test-mock-player[embedded] logged in with entity id 594 at (0.0, 0.0, 0.0)
[13:24:14] [Server thread/INFO] (Minecraft) [Dormant] test-mock-player joined the game
[13:24:14] [Server thread/INFO] (Minecraft) test-mock-player[embedded] logged in with entity id 596 at (0.0, 0.0, 0.0)
[13:24:14] [Server thread/INFO] (Minecraft) [Dormant] test-mock-player joined the game
[13:24:14] [Server thread/INFO] (Minecraft) test-mock-player[embedded] logged in with entity id 597 at (0.0, 0.0, 0.0)
[13:24:14] [Server thread/INFO] (Minecraft) [Dormant] test-mock-player joined the game
[13:24:14] [Server thread/INFO] (Minecraft) test-mock-player[embedded] logged in with entity id 598 at (0.0, 0.0, 0.0)
[13:24:14] [Server thread/INFO] (Minecraft) [Dormant] test-mock-player joined the game
[13:24:14] [Server thread/INFO] (Minecraft) <test-mock-player> shadow, hide yourself
[13:24:14] [Server thread/INFO] (Minecraft) Named entity ShadowCompanionEntity['Shadow of test-mock-player'/570, l='ServerLevel[Test Level]', x=1761662.28, y=-56.00, z=-3306358.23] died: Shadow of test-mock-player died
[13:24:14] [Server thread/INFO] (Minecraft) test-mock-player[embedded] logged in with entity id 603 at (0.0, 0.0, 0.0)
[13:24:14] [Server thread/INFO] (Minecraft) [Dormant] test-mock-player joined the game
[13:24:14] [Server thread/INFO] (Minecraft) test-mock-player[embedded] logged in with entity id 606 at (0.0, 0.0, 0.0)
[13:24:14] [Server thread/INFO] (Minecraft) [Dormant] test-mock-player joined the game
[13:24:14] [Server thread/INFO] (Minecraft) test-mock-player[embedded] logged in with entity id 609 at (0.0, 0.0, 0.0)
[13:24:14] [Server thread/INFO] (Minecraft) [Dormant] test-mock-player joined the game
[13:24:14] [Server thread/INFO] (Minecraft) test-mock-player[embedded] logged in with entity id 610 at (0.0, 0.0, 0.0)
[13:24:14] [Server thread/INFO] (Minecraft) [Dormant] test-mock-player joined the game
[13:24:14] [Server thread/INFO] (Minecraft) test-mock-player[embedded] logged in with entity id 615 at (0.0, 0.0, 0.0)
[13:24:14] [Server thread/INFO] (Minecraft) [Dormant] test-mock-player joined the game
[13:24:14] [Server thread/INFO] (Minecraft) test-mock-player[embedded] logged in with entity id 616 at (0.0, 0.0, 0.0)
[13:24:14] [Server thread/INFO] (Minecraft) [Dormant] test-mock-player joined the game
[13:24:14] [Server thread/INFO] (Minecraft) test-mock-player[embedded] logged in with entity id 620 at (0.0, 0.0, 0.0)
[13:24:14] [Server thread/INFO] (Minecraft) [Dormant] test-mock-player joined the game
[13:24:14] [Server thread/INFO] (Minecraft) Named entity PowerTestActor['Test_2a534fdc'/621, l='ServerLevel[Test Level]', x=1761600.50, y=-56.00, z=-3306283.50] died: Test_2a534fdc died
[13:24:14] [Server thread/INFO] (Minecraft) test-mock-player[embedded] logged in with entity id 624 at (0.0, 0.0, 0.0)
[13:24:14] [Server thread/INFO] (Minecraft) [Dormant] test-mock-player joined the game
[13:24:14] [Server thread/INFO] (Minecraft) Named entity FirstVessel['The First Vessel'/626, l='ServerLevel[Test Level]', x=1761630.50, y=-56.00, z=-3306287.50] died: death.attack.powers.celestial_ruin
[13:24:14] [Server thread/INFO] (Minecraft) test-mock-player[embedded] logged in with entity id 630 at (0.0, 0.0, 0.0)
[13:24:14] [Server thread/INFO] (Minecraft) [Dormant] test-mock-player joined the game
[13:24:14] [Server thread/INFO] (Minecraft) test-mock-player[embedded] logged in with entity id 632 at (0.0, 0.0, 0.0)
[13:24:14] [Server thread/INFO] (Minecraft) [Dormant] test-mock-player joined the game
[13:24:14] [Server thread/INFO] (Minecraft) test-mock-player[embedded] logged in with entity id 634 at (0.0, 0.0, 0.0)
[13:24:14] [Server thread/INFO] (Minecraft) [Dormant] test-mock-player joined the game
[13:24:14] [Server thread/INFO] (Minecraft) test-mock-player[embedded] logged in with entity id 636 at (0.0, 0.0, 0.0)
[13:24:14] [Server thread/INFO] (Minecraft) [Dormant] test-mock-player joined the game
[13:24:14] [Server thread/INFO] (Minecraft) test-mock-player[embedded] logged in with entity id 637 at (0.0, 0.0, 0.0)
[13:24:14] [Server thread/INFO] (Minecraft) [Dormant] test-mock-player joined the game
[13:24:14] [Server thread/INFO] (Minecraft) test-mock-player[embedded] logged in with entity id 640 at (0.0, 0.0, 0.0)
[13:24:14] [Server thread/INFO] (Minecraft) [Dormant] test-mock-player joined the game
[13:24:14] [Server thread/INFO] (Minecraft) test-mock-player[embedded] logged in with entity id 641 at (0.0, 0.0, 0.0)
[13:24:14] [Server thread/INFO] (Minecraft) [Dormant] test-mock-player joined the game
[13:24:14] [Server thread/INFO] (Minecraft) test-mock-player[embedded] logged in with entity id 643 at (0.0, 0.0, 0.0)
[13:24:14] [Server thread/INFO] (Minecraft) [Dormant] test-mock-player joined the game
[13:24:14] [Server thread/INFO] (Minecraft) [Dormant] test-mock-player died
[13:24:14] [Server thread/INFO] (Minecraft) [Dormant] test-mock-player died
[13:24:15] [Server thread/INFO] (Minecraft) [++++++++++++++X+++_++++++++++_+++_++_++_+_+__ ++++__+++++++++++++++                                                                ]
[13:24:15] [Server thread/INFO] (Minecraft) test-mock-player[embedded] logged in with entity id 666 at (0.0, 0.0, 0.0)
[13:24:15] [Server thread/INFO] (Minecraft) [Dormant] test-mock-player joined the game
[13:24:15] [Server thread/INFO] (Minecraft) [++++++++++++++X+++_++++++++++_+++_++_++_+_++_+++++__+++++++++++++++                                                                ]
[13:24:15] [Server thread/INFO] (Minecraft) [++++++++++++++X+++_++++++++++_+++++++++_++++_+++++_++++++++++++++++                                                                ]
[13:24:15] [Server thread/INFO] (Minecraft) [++++++++++++++X+++_++++++++++_++++++++++++++++++++_++++++++++++++++                                                                ]
[13:24:15] [Server thread/INFO] (Minecraft) [++++++++++++++X++++++++++++++_++++++++++++++++++++_++++++++++++++++                                                                ]
[13:24:15] [Server thread/INFO] (Minecraft) <test-mock-player> shadow, hide yourself
[13:24:15] [Server thread/INFO] (Minecraft) [++++++++++++++X+++++++++++++++++++++++++++++++++++_++++++++++++++++                                                                ]
[13:24:15] [Server thread/INFO] (Minecraft) [++++++++++++++X+++++++++++++++++++++++++++++++++++_++++++++++++++++                                                                ]
[13:24:15] [Server thread/INFO] (Minecraft) [++++++++++++++X+++++++++++++++++++++++++++++++++++_++++++++++++++++                                                                ]
[13:25:04] [Server thread/INFO] (Minecraft) Running test environment 'minecraft:default' batch 1 (50 tests)...
[13:25:04] [Server thread/INFO] (Minecraft) test-mock-player[embedded] logged in with entity id 940 at (0.0, 0.0, 0.0)
[13:25:04] [Server thread/INFO] (Minecraft) [Dormant] test-mock-player joined the game
[13:25:04] [Server thread/INFO] (Minecraft) test-mock-player[embedded] logged in with entity id 941 at (0.0, 0.0, 0.0)
[13:25:04] [Server thread/INFO] (Minecraft) [Dormant] test-mock-player joined the game
[13:25:04] [Server thread/INFO] (Minecraft) test-mock-player[embedded] logged in with entity id 944 at (0.0, 0.0, 0.0)
[13:25:04] [Server thread/INFO] (Minecraft) [Dormant] test-mock-player joined the game
[13:25:04] [Server thread/INFO] (Minecraft) test-mock-player[embedded] logged in with entity id 945 at (0.0, 0.0, 0.0)
[13:25:04] [Server thread/INFO] (Minecraft) [Dormant] test-mock-player joined the game
[13:25:04] [Server thread/INFO] (Minecraft) [Dormant] test-mock-player has made the advancement [We Need to Go Deeper]
[13:25:04] [Server thread/INFO] (Minecraft) test-mock-player[embedded] logged in with entity id 948 at (0.0, 0.0, 0.0)
[13:25:04] [Server thread/INFO] (Minecraft) [Dormant] test-mock-player joined the game
[13:25:04] [Server thread/INFO] (Minecraft) test-mock-player[embedded] logged in with entity id 949 at (0.0, 0.0, 0.0)
[13:25:04] [Server thread/INFO] (Minecraft) [Dormant] test-mock-player joined the game
[13:25:04] [Server thread/INFO] (Minecraft) test-mock-player[embedded] logged in with entity id 950 at (0.0, 0.0, 0.0)
[13:25:05] [Server thread/INFO] (Minecraft) [Dormant] test-mock-player joined the game
[13:25:05] [Server thread/INFO] (Minecraft) test-mock-player[embedded] logged in with entity id 951 at (0.0, 0.0, 0.0)
[13:25:05] [Server thread/INFO] (Minecraft) [Dormant] test-mock-player joined the game
[13:25:05] [Server thread/INFO] (powers) powers_operator_audit action=consent_override result=success actor=test-mock-player subject=test-mock-player detail=teleport
[13:25:05] [Server thread/INFO] (powers) powers_operator_audit action=consent_override result=success actor=test-mock-player subject=test-mock-player detail=locator
[13:25:05] [Server thread/INFO] (powers) powers_operator_audit action=consent_override result=success actor=test-mock-player subject=test-mock-player detail=companion
[13:25:05] [Server thread/INFO] (powers) powers_operator_audit action=consent_override result=success actor=test-mock-player subject=test-mock-player detail=dreamwalk
[13:25:05] [Server thread/INFO] (powers) powers_operator_audit action=consent_override result=success actor=test-mock-player subject=test-mock-player detail=possession
[13:25:05] [Server thread/INFO] (Minecraft) test-mock-player[embedded] logged in with entity id 952 at (0.0, 0.0, 0.0)
[13:25:05] [Server thread/INFO] (Minecraft) [Dormant] test-mock-player joined the game
[13:25:05] [Server thread/INFO] (powers) powers_operator_audit action=consent_override result=denied actor=test-mock-player subject=test-mock-player detail=deny_energy
[13:25:05] [Server thread/INFO] (powers) powers_operator_audit action=consent_override result=success actor=test-mock-player subject=test-mock-player detail=teleport
[13:25:05] [Server thread/INFO] (Minecraft) test-mock-player[embedded] logged in with entity id 953 at (0.0, 0.0, 0.0)
[13:25:05] [Server thread/INFO] (Minecraft) [Dormant] test-mock-player joined the game
[13:25:05] [Server thread/INFO] (Minecraft) test-mock-player[embedded] logged in with entity id 954 at (0.0, 0.0, 0.0)
[13:25:05] [Server thread/INFO] (Minecraft) [Dormant] test-mock-player joined the game
[13:25:05] [Server thread/INFO] (Minecraft) test-mock-player[embedded] logged in with entity id 955 at (0.0, 0.0, 0.0)
[13:25:05] [Server thread/INFO] (Minecraft) [Dormant] test-mock-player joined the game
[13:25:05] [Server thread/INFO] (Minecraft) test-mock-player[embedded] logged in with entity id 956 at (0.0, 0.0, 0.0)
[13:25:05] [Server thread/INFO] (Minecraft) [Dormant] test-mock-player joined the game
[13:25:05] [Server thread/INFO] (Minecraft) test-mock-player[embedded] logged in with entity id 958 at (0.0, 0.0, 0.0)
[13:25:05] [Server thread/INFO] (Minecraft) [Dormant] test-mock-player joined the game
[13:25:05] [Server thread/INFO] (Minecraft) test-mock-player[embedded] logged in with entity id 962 at (0.0, 0.0, 0.0)
[13:25:05] [Server thread/INFO] (Minecraft) [Dormant] test-mock-player joined the game
[13:25:05] [Server thread/INFO] (Minecraft) test-mock-player[embedded] logged in with entity id 963 at (0.0, 0.0, 0.0)
[13:25:05] [Server thread/INFO] (Minecraft) [Dormant] test-mock-player joined the game
[13:25:05] [Server thread/INFO] (Minecraft) test-mock-player[embedded] logged in with entity id 964 at (0.0, 0.0, 0.0)
[13:25:05] [Server thread/INFO] (Minecraft) [Dormant] test-mock-player joined the game
[13:25:05] [Server thread/INFO] (Minecraft) test-mock-player[embedded] logged in with entity id 971 at (0.0, 0.0, 0.0)
[13:25:05] [Server thread/INFO] (Minecraft) [Dormant] test-mock-player joined the game
[13:25:05] [Server thread/INFO] (Minecraft) test-mock-player[embedded] logged in with entity id 972 at (0.0, 0.0, 0.0)
[13:25:05] [Server thread/INFO] (Minecraft) [Dormant] test-mock-player joined the game
[13:25:05] [Server thread/INFO] (Minecraft) test-mock-player[embedded] logged in with entity id 974 at (0.0, 0.0, 0.0)
[13:25:05] [Server thread/INFO] (Minecraft) [Dormant] test-mock-player joined the game
[13:25:05] [Server thread/INFO] (Minecraft) test-mock-player[embedded] logged in with entity id 975 at (0.0, 0.0, 0.0)
[13:25:05] [Server thread/INFO] (Minecraft) [Dormant] test-mock-player joined the game
[13:25:05] [Server thread/INFO] (Minecraft) test-mock-player[embedded] logged in with entity id 977 at (0.0, 0.0, 0.0)
[13:25:05] [Server thread/INFO] (Minecraft) [Dormant] test-mock-player joined the game
[13:25:05] [Server thread/INFO] (Minecraft) test-mock-player[embedded] logged in with entity id 978 at (0.0, 0.0, 0.0)
[13:25:05] [Server thread/INFO] (Minecraft) [Dormant] test-mock-player joined the game
[13:25:05] [Server thread/INFO] (Minecraft) test-mock-player[embedded] logged in with entity id 979 at (0.0, 0.0, 0.0)
[13:25:05] [Server thread/INFO] (Minecraft) [Dormant] test-mock-player joined the game
[13:25:05] [Server thread/INFO] (Minecraft) test-mock-player[embedded] logged in with entity id 980 at (0.0, 0.0, 0.0)
[13:25:05] [Server thread/INFO] (Minecraft) [Dormant] test-mock-player joined the game
[13:25:05] [Server thread/INFO] (Minecraft) Named entity PowerTestActor['Target_thunderclap'/983, l='ServerLevel[Test Level]', x=1762661.50, y=-55.00, z=-3305960.50] died: Target_thunderclap was consumed by ancient power
[13:25:05] [Server thread/INFO] (Minecraft) test-mock-player[embedded] logged in with entity id 995 at (0.0, 0.0, 0.0)
[13:25:05] [Server thread/INFO] (Minecraft) [Dormant] test-mock-player joined the game
[13:25:05] [Server thread/INFO] (Minecraft) test-mock-player[embedded] logged in with entity id 996 at (0.0, 0.0, 0.0)
[13:25:05] [Server thread/INFO] (Minecraft) [Dormant] test-mock-player joined the game
[13:25:05] [Server thread/INFO] (Minecraft) test-mock-player[embedded] logged in with entity id 997 at (0.0, 0.0, 0.0)
[13:25:05] [Server thread/INFO] (Minecraft) [Dormant] test-mock-player joined the game
[13:25:05] [Server thread/INFO] (Minecraft) test-mock-player[embedded] logged in with entity id 998 at (0.0, 0.0, 0.0)
[13:25:05] [Server thread/INFO] (Minecraft) [Dormant] test-mock-player joined the game
[13:25:05] [Server thread/INFO] (Minecraft) test-mock-player[embedded] logged in with entity id 999 at (0.0, 0.0, 0.0)
[13:25:05] [Server thread/INFO] (Minecraft) [Dormant] test-mock-player joined the game
[13:25:05] [Server thread/INFO] (Minecraft) test-mock-player[embedded] logged in with entity id 1000 at (0.0, 0.0, 0.0)
[13:25:05] [Server thread/INFO] (Minecraft) [Dormant] test-mock-player joined the game
[13:25:05] [Server thread/INFO] (Minecraft) test-mock-player[embedded] logged in with entity id 1001 at (0.0, 0.0, 0.0)
[13:25:05] [Server thread/INFO] (Minecraft) [Dormant] test-mock-player joined the game
[13:25:05] [Server thread/INFO] (Minecraft) test-mock-player[embedded] logged in with entity id 1002 at (0.0, 0.0, 0.0)
[13:25:05] [Server thread/INFO] (Minecraft) [Dormant] test-mock-player joined the game
[13:25:05] [Server thread/INFO] (Minecraft) test-mock-player[embedded] logged in with entity id 1003 at (0.0, 0.0, 0.0)
[13:25:05] [Server thread/INFO] (Minecraft) [Dormant] test-mock-player joined the game
[13:25:05] [Server thread/INFO] (Minecraft) test-mock-player[embedded] logged in with entity id 1004 at (0.0, 0.0, 0.0)
[13:25:05] [Server thread/INFO] (Minecraft) [Dormant] test-mock-player joined the game
[13:25:05] [Server thread/INFO] (Minecraft) test-mock-player[embedded] logged in with entity id 1005 at (0.0, 0.0, 0.0)
[13:25:05] [Server thread/INFO] (Minecraft) [Dormant] test-mock-player joined the game
[13:25:05] [Server thread/INFO] (Minecraft) test-mock-player[embedded] logged in with entity id 1006 at (0.0, 0.0, 0.0)
[13:25:05] [Server thread/INFO] (Minecraft) [Dormant] test-mock-player joined the game
[13:25:05] [Server thread/INFO] (Minecraft) test-mock-player[embedded] logged in with entity id 1009 at (0.0, 0.0, 0.0)
[13:25:05] [Server thread/INFO] (Minecraft) [Dormant] test-mock-player joined the game
[13:25:05] [Server thread/INFO] (Minecraft) test-mock-player[embedded] logged in with entity id 1015 at (0.0, 0.0, 0.0)
[13:25:05] [Server thread/INFO] (Minecraft) [Dormant] test-mock-player joined the game
[13:25:05] [Server thread/INFO] (powers) PERF-012 identical mixed AI: queries=24, cacheHits=12, inspections=348, legacyInspections=540, reductionPercent=35.56
[13:25:05] [Server thread/INFO] (Minecraft) test-mock-player[embedded] logged in with entity id 1203 at (0.0, 0.0, 0.0)
[13:25:05] [Server thread/INFO] (Minecraft) [Dormant] test-mock-player joined the game
[13:25:05] [Server thread/INFO] (Minecraft) test-mock-player[embedded] logged in with entity id 1204 at (0.0, 0.0, 0.0)
[13:25:05] [Server thread/INFO] (Minecraft) [Dormant] test-mock-player joined the game
[13:25:05] [Server thread/INFO] (Minecraft) test-mock-player[embedded] logged in with entity id 1209 at (0.0, 0.0, 0.0)
[13:25:05] [Server thread/INFO] (Minecraft) [Dormant] test-mock-player joined the game
[13:25:05] [Server thread/INFO] (Minecraft) test-mock-player[embedded] logged in with entity id 1213 at (0.0, 0.0, 0.0)
[13:25:05] [Server thread/INFO] (Minecraft) [Dormant] test-mock-player joined the game
[13:25:05] [Server thread/INFO] (Minecraft) test-mock-player[embedded] logged in with entity id 1215 at (0.0, 0.0, 0.0)
[13:25:05] [Server thread/INFO] (Minecraft) [Dormant] test-mock-player joined the game
[13:25:05] [Server thread/INFO] (Minecraft) test-mock-player[embedded] logged in with entity id 1225 at (0.0, 0.0, 0.0)
[13:25:05] [Server thread/INFO] (Minecraft) [Dormant] test-mock-player joined the game
[13:25:05] [Server thread/INFO] (Minecraft) test-mock-player[embedded] logged in with entity id 1226 at (0.0, 0.0, 0.0)
[13:25:05] [Server thread/INFO] (Minecraft) [Dormant] test-mock-player joined the game
[13:25:05] [Server thread/INFO] (Minecraft) test-mock-player[embedded] logged in with entity id 1227 at (0.0, 0.0, 0.0)
[13:25:05] [Server thread/INFO] (Minecraft) [Dormant] test-mock-player joined the game
[13:25:05] [Server thread/INFO] (Minecraft) test-mock-player[embedded] logged in with entity id 1228 at (0.0, 0.0, 0.0)
[13:25:05] [Server thread/INFO] (Minecraft) [Dormant] test-mock-player joined the game
[13:25:05] [Server thread/INFO] (Minecraft) test-mock-player[embedded] logged in with entity id 1230 at (0.0, 0.0, 0.0)
[13:25:05] [Server thread/INFO] (Minecraft) [Dormant] test-mock-player joined the game
[13:25:05] [Server thread/INFO] (Minecraft) <test-mock-player> shadow, use astral projection
[13:25:05] [Server thread/INFO] (Minecraft) <test-mock-player> shadow, use blight ground
[13:25:05] [Server thread/INFO] (Minecraft) <test-mock-player> shadow, use breezy bash
[13:25:05] [Server thread/INFO] (Minecraft) <test-mock-player> shadow, use call hollowed
[13:25:05] [Server thread/INFO] (Minecraft) <test-mock-player> shadow, use double health
[13:25:05] [Server thread/INFO] (Minecraft) <test-mock-player> shadow, stop double health
[13:25:05] [Server thread/INFO] (Minecraft) <test-mock-player> shadow, use energy beam
[13:25:05] [Server thread/INFO] (Minecraft) <test-mock-player> shadow, use energy drain
[13:25:05] [Server thread/INFO] (Minecraft) <test-mock-player> shadow, use fireball
[13:25:05] [Server thread/INFO] (Minecraft) <test-mock-player> shadow, use flight
[13:25:05] [Server thread/INFO] (Minecraft) <test-mock-player> shadow, stop flight
[13:25:05] [Server thread/INFO] (Minecraft) <test-mock-player> shadow, use forcefield
[13:25:05] [Server thread/INFO] (Minecraft) <test-mock-player> shadow, stop forcefield
[13:25:05] [Server thread/INFO] (Minecraft) <test-mock-player> shadow, use gravity displacement
[13:25:05] [Server thread/INFO] (Minecraft) <test-mock-player> shadow, use ice manipulation
[13:25:05] [Server thread/INFO] (Minecraft) <test-mock-player> shadow, use invisibility
[13:25:05] [Server thread/INFO] (Minecraft) <test-mock-player> shadow, stop invisibility
[13:25:05] [Server thread/INFO] (Minecraft) <test-mock-player> shadow, use lightning strike
[13:25:05] [Server thread/INFO] (Minecraft) <test-mock-player> shadow, use nightfall dominion
[13:25:05] [Server thread/INFO] (Minecraft) <test-mock-player> shadow, stop nightfall dominion
[13:25:05] [Server thread/INFO] (Minecraft) <test-mock-player> shadow, use plant healing acceleration
[13:25:05] [Server thread/INFO] (Minecraft) <test-mock-player> shadow, use size shift
[13:25:05] [Server thread/INFO] (Minecraft) <test-mock-player> shadow, stop size shift
[13:25:05] [Server thread/INFO] (Minecraft) <test-mock-player> shadow, use speed burst
[13:25:05] [Server thread/INFO] (Minecraft) <test-mock-player> shadow, use starfall
[13:25:05] [Server thread/INFO] (Minecraft) <test-mock-player> shadow, use super speed
[13:25:05] [Server thread/INFO] (Minecraft) <test-mock-player> shadow, stop super speed
[13:25:05] [Server thread/INFO] (Minecraft) <test-mock-player> shadow, use telekinesis
[13:25:05] [Server thread/INFO] (Minecraft) <test-mock-player> shadow, use thunderclap
[13:25:05] [Server thread/INFO] (Minecraft) <test-mock-player> shadow, use time freeze
[13:25:05] [Server thread/INFO] (Minecraft) <test-mock-player> shadow, stop time freeze
[13:25:05] [Server thread/INFO] (Minecraft) <test-mock-player> shadow, use time shift
[13:25:05] [Server thread/INFO] (Minecraft) <test-mock-player> shadow, use vessel possession
[13:25:05] [Server thread/INFO] (Minecraft) <test-mock-player> shadow, use void beam
[13:25:05] [Server thread/INFO] (Minecraft) test-mock-player[embedded] logged in with entity id 1266 at (0.0, 0.0, 0.0)
[13:25:05] [Server thread/INFO] (Minecraft) [Dormant] test-mock-player joined the game
[13:25:05] [Server thread/INFO] (Minecraft) test-mock-player[embedded] logged in with entity id 1267 at (0.0, 0.0, 0.0)
[13:25:05] [Server thread/INFO] (Minecraft) [Dormant] test-mock-player joined the game
[13:25:05] [Server thread/INFO] (Minecraft) test-mock-player[embedded] logged in with entity id 1268 at (0.0, 0.0, 0.0)
[13:25:05] [Server thread/INFO] (Minecraft) [Dormant] test-mock-player joined the game
[13:25:05] [Server thread/INFO] (Minecraft) <test-mock-player> shadow, stay here
[13:25:05] [Server thread/INFO] (Minecraft) <test-mock-player> shadow, fight at far range
[13:25:05] [Server thread/INFO] (Minecraft) <test-mock-player> shadow, follow me
[13:25:05] [Server thread/INFO] (Minecraft) <test-mock-player> shadow, how does amethyst interfere with magic?
[13:25:05] [Server thread/INFO] (Minecraft) <test-mock-player> shadow, explain the darkness to me
[13:25:05] [Server thread/INFO] (Minecraft) <test-mock-player> shadow, use lightning strike
[13:25:05] [Server thread/INFO] (Minecraft) <test-mock-player> shadow, use energy beam
[13:25:05] [Server thread/INFO] (Minecraft) <test-mock-player> shadow, use lightning strike
[13:25:05] [Server thread/INFO] (Minecraft) <test-mock-player> shadow, use void beam
[13:25:05] [Server thread/INFO] (Minecraft) <test-mock-player> shadow, hide yourself
[13:25:05] [Server thread/INFO] (Minecraft) Named entity ShadowCompanionEntity['Shadow of test-mock-player'/1269, l='ServerLevel[Test Level]', x=1762339.25, y=41.00, z=-3305304.25] died: Shadow of test-mock-player died
[13:25:05] [Server thread/INFO] (Minecraft) test-mock-player[embedded] logged in with entity id 1277 at (0.0, 0.0, 0.0)
[13:25:05] [Server thread/INFO] (Minecraft) [Dormant] test-mock-player joined the game
[13:25:05] [Server thread/INFO] (Minecraft) test-mock-player[embedded] logged in with entity id 1278 at (0.0, 0.0, 0.0)
[13:25:05] [Server thread/INFO] (Minecraft) [Dormant] test-mock-player joined the game
[13:25:05] [Server thread/INFO] (Minecraft) test-mock-player[embedded] logged in with entity id 1279 at (0.0, 0.0, 0.0)
[13:25:05] [Server thread/INFO] (Minecraft) [Dormant] test-mock-player joined the game
[13:25:05] [Server thread/INFO] (Minecraft) test-mock-player[embedded] logged in with entity id 1284 at (0.0, 0.0, 0.0)
[13:25:05] [Server thread/INFO] (Minecraft) [Dormant] test-mock-player joined the game
[13:25:05] [Server thread/INFO] (Minecraft) test-mock-player[embedded] logged in with entity id 1285 at (0.0, 0.0, 0.0)
[13:25:05] [Server thread/INFO] (Minecraft) [Dormant] test-mock-player joined the game
[13:25:05] [Server thread/INFO] (Minecraft) test-mock-player[embedded] logged in with entity id 1286 at (0.0, 0.0, 0.0)
[13:25:05] [Server thread/INFO] (Minecraft) [Dormant] test-mock-player joined the game
[13:25:06] [Server thread/INFO] (Minecraft) [++++++++++++++X++++++++++++++++++++++++++++++++++++++++++++++++++++__++_+++++++__+++++++_+_ ++++++++++++++++++++__+++              ]
[13:25:06] [Server thread/INFO] (Minecraft) [Dormant] test-mock-player has made the advancement [We Need to Go Deeper]
[13:25:06] [Server thread/INFO] (Minecraft) [++++++++++++++X++++++++++++++++++++++++++++++++++++++++++++++++++++__++_++++++++++++++++_+_ ++++++++++++++++++++__+++              ]
[13:25:06] [Server thread/INFO] (Minecraft) [++++++++++++++X++++++++++++++++++++++++++++++++++++++++++++++++++++__+++++++++++++++++++_+_ ++++++++++++++++++++__+++              ]
[13:25:07] [Server thread/INFO] (Minecraft) [++++++++++++++X++++++++++++++++++++++++++++++++++++++++++++++++++++__+++++++++++++++++++++_ ++++++++++++++++++++__+++              ]
[13:25:07] [Server thread/INFO] (Minecraft) [++++++++++++++X++++++++++++++++++++++++++++++++++++++++++++++++++++__++++++++++++++++++++++ ++++++++++++++++++++__+++              ]
[13:25:07] [Server thread/INFO] (Minecraft) <test-mock-player> shadow, leave me
[13:25:08] [Server thread/INFO] (Minecraft) [++++++++++++++X++++++++++++++++++++++++++++++++++++++++++++++++++++_+++++++++++++++++++++++ ++++++++++++++++++++__+++              ]
[13:25:08] [Server thread/INFO] (Minecraft) [++++++++++++++X++++++++++++++++++++++++++++++++++++++++++++++++++++_+++++++++++++++++++++++ ++++++++++++++++++++__+++              ]
[13:25:08] [Server thread/INFO] (Minecraft) [++++++++++++++X++++++++++++++++++++++++++++++++++++++++++++++++++++++++++++++++++++++++++++ ++++++++++++++++++++__+++              ]
[13:25:08] [Server thread/INFO] (Minecraft) [++++++++++++++X++++++++++++++++++++++++++++++++++++++++++++++++++++++++++++++++++++++++++++ ++++++++++++++++++++__+++              ]
[13:25:08] [Server thread/INFO] (Minecraft) [++++++++++++++X++++++++++++++++++++++++++++++++++++++++++++++++++++++++++++++++++++++++++++ ++++++++++++++++++++__+++              ]
[13:25:08] [Server thread/INFO] (Minecraft) [++++++++++++++X++++++++++++++++++++++++++++++++++++++++++++++++++++++++++++++++++++++++++++ ++++++++++++++++++++__+++              ]
[13:25:09] [Server thread/INFO] (Minecraft) [++++++++++++++X++++++++++++++++++++++++++++++++++++++++++++++++++++++++++++++++++++++++++++ ++++++++++++++++++++__+++              ]
[13:25:09] [Server thread/INFO] (Minecraft) [++++++++++++++X++++++++++++++++++++++++++++++++++++++++++++++++++++++++++++++++++++++++++++ ++++++++++++++++++++__+++              ]
[13:25:09] [Server thread/INFO] (Minecraft) [++++++++++++++X++++++++++++++++++++++++++++++++++++++++++++++++++++++++++++++++++++++++++++ ++++++++++++++++++++__+++              ]
[13:25:09] [Server thread/INFO] (Minecraft) [++++++++++++++X++++++++++++++++++++++++++++++++++++++++++++++++++++++++++++++++++++++++++++ ++++++++++++++++++++__+++              ]
[13:25:09] [Server thread/INFO] (Minecraft) test-mock-player[embedded] logged in with entity id 2265 at (0.0, 0.0, 0.0)
[13:25:09] [Server thread/INFO] (Minecraft) [Dormant] test-mock-player joined the game
[13:25:09] [Server thread/INFO] (Minecraft) [++++++++++++++X++++++++++++++++++++++++++++++++++++++++++++++++++++++++++++++++++++++++++++_++++++++++++++++++++__+++              ]
[13:25:09] [Server thread/INFO] (Minecraft) [++++++++++++++X++++++++++++++++++++++++++++++++++++++++++++++++++++++++++++++++++++++++++++_++++++++++++++++++++__+++              ]
[13:25:09] [Server thread/INFO] (Minecraft) [++++++++++++++X++++++++++++++++++++++++++++++++++++++++++++++++++++++++++++++++++++++++++++_++++++++++++++++++++__+++              ]
[13:25:09] [Server thread/INFO] (Minecraft) [++++++++++++++X++++++++++++++++++++++++++++++++++++++++++++++++++++++++++++++++++++++++++++_++++++++++++++++++++__+++              ]
[13:25:10] [Server thread/INFO] (Minecraft) [++++++++++++++X++++++++++++++++++++++++++++++++++++++++++++++++++++++++++++++++++++++++++++_++++++++++++++++++++__+++              ]
[13:25:10] [Server thread/INFO] (Minecraft) [++++++++++++++X++++++++++++++++++++++++++++++++++++++++++++++++++++++++++++++++++++++++++++_++++++++++++++++++++__+++              ]
[13:25:10] [Server thread/INFO] (Minecraft) [++++++++++++++X++++++++++++++++++++++++++++++++++++++++++++++++++++++++++++++++++++++++++++_++++++++++++++++++++__+++              ]
[13:25:10] [Server thread/INFO] (Minecraft) [++++++++++++++X++++++++++++++++++++++++++++++++++++++++++++++++++++++++++++++++++++++++++++_++++++++++++++++++++__+++              ]
[13:25:10] [Server thread/INFO] (Minecraft) [++++++++++++++X++++++++++++++++++++++++++++++++++++++++++++++++++++++++++++++++++++++++++++_++++++++++++++++++++__+++              ]
[13:25:10] [Server thread/INFO] (Minecraft) [++++++++++++++X++++++++++++++++++++++++++++++++++++++++++++++++++++++++++++++++++++++++++++_++++++++++++++++++++__+++              ]
[13:25:10] [Server thread/INFO] (powers) powers_operator_audit action=catastrophic_ritual result=success actor=test-mock-player subject=world detail=begin
[13:25:10] [Server thread/INFO] (Minecraft) [++++++++++++++X++++++++++++++++++++++++++++++++++++++++++++++++++++++++++++++++++++++++++++_++++++++++++++++++++__+++              ]
[13:25:10] [Server thread/INFO] (Minecraft) [++++++++++++++X+++++++++++++++++++++++++++++++++++++++++++++++++++++++++++++++++++++++++++++++++++++++++++++++++__+++              ]
[13:25:11] [Server thread/INFO] (Minecraft) [++++++++++++++X+++++++++++++++++++++++++++++++++++++++++++++++++++++++++++++++++++++++++++++++++++++++++++++++++__+++              ]
[13:25:11] [Server thread/INFO] (Minecraft) [++++++++++++++X+++++++++++++++++++++++++++++++++++++++++++++++++++++++++++++++++++++++++++++++++++++++++++++++++__+++              ]
[13:25:11] [Server thread/INFO] (Minecraft) [++++++++++++++X+++++++++++++++++++++++++++++++++++++++++++++++++++++++++++++++++++++++++++++++++++++++++++++++++__+++              ]
[13:25:11] [Server thread/INFO] (Minecraft) [++++++++++++++X+++++++++++++++++++++++++++++++++++++++++++++++++++++++++++++++++++++++++++++++++++++++++++++++++__+++              ]
[13:25:11] [Server thread/INFO] (Minecraft) [++++++++++++++X+++++++++++++++++++++++++++++++++++++++++++++++++++++++++++++++++++++++++++++++++++++++++++++++++__+++              ]
[13:25:11] [Server thread/INFO] (Minecraft) [++++++++++++++X+++++++++++++++++++++++++++++++++++++++++++++++++++++++++++++++++++++++++++++++++++++++++++++++++__+++              ]
[13:25:11] [Server thread/INFO] (Minecraft) [++++++++++++++X+++++++++++++++++++++++++++++++++++++++++++++++++++++++++++++++++++++++++++++++++++++++++++++++++__+++              ]
[13:25:11] [Server thread/INFO] (Minecraft) [++++++++++++++X+++++++++++++++++++++++++++++++++++++++++++++++++++++++++++++++++++++++++++++++++++++++++++++++++__+++              ]
[13:25:11] [Server thread/INFO] (Minecraft) [++++++++++++++X+++++++++++++++++++++++++++++++++++++++++++++++++++++++++++++++++++++++++++++++++++++++++++++++++__+++              ]
[13:25:11] [Server thread/INFO] (Minecraft) [++++++++++++++X+++++++++++++++++++++++++++++++++++++++++++++++++++++++++++++++++++++++++++++++++++++++++++++++++__+++              ]
[13:25:12] [Server thread/INFO] (Minecraft) [++++++++++++++X+++++++++++++++++++++++++++++++++++++++++++++++++++++++++++++++++++++++++++++++++++++++++++++++++__+++              ]
[13:25:12] [Server thread/INFO] (Minecraft) [++++++++++++++X+++++++++++++++++++++++++++++++++++++++++++++++++++++++++++++++++++++++++++++++++++++++++++++++++__+++              ]
[13:25:12] [Server thread/INFO] (Minecraft) [++++++++++++++X+++++++++++++++++++++++++++++++++++++++++++++++++++++++++++++++++++++++++++++++++++++++++++++++++__+++              ]
[13:25:12] [Server thread/INFO] (Minecraft) [++++++++++++++X+++++++++++++++++++++++++++++++++++++++++++++++++++++++++++++++++++++++++++++++++++++++++++++++++__+++              ]
[13:25:12] [Server thread/INFO] (Minecraft) [++++++++++++++X+++++++++++++++++++++++++++++++++++++++++++++++++++++++++++++++++++++++++++++++++++++++++++++++++__+++              ]
[13:25:12] [Server thread/INFO] (Minecraft) [++++++++++++++X+++++++++++++++++++++++++++++++++++++++++++++++++++++++++++++++++++++++++++++++++++++++++++++++++__+++              ]
[13:25:12] [Server thread/INFO] (Minecraft) [++++++++++++++X+++++++++++++++++++++++++++++++++++++++++++++++++++++++++++++++++++++++++++++++++++++++++++++++++__+++              ]
[13:25:12] [Server thread/INFO] (Minecraft) [++++++++++++++X+++++++++++++++++++++++++++++++++++++++++++++++++++++++++++++++++++++++++++++++++++++++++++++++++__+++              ]
[13:25:12] [Server thread/INFO] (Minecraft) [++++++++++++++X+++++++++++++++++++++++++++++++++++++++++++++++++++++++++++++++++++++++++++++++++++++++++++++++++__+++              ]
[13:25:12] [Server thread/INFO] (Minecraft) [++++++++++++++X+++++++++++++++++++++++++++++++++++++++++++++++++++++++++++++++++++++++++++++++++++++++++++++++++__+++              ]
[13:25:12] [Server thread/INFO] (Minecraft) [++++++++++++++X+++++++++++++++++++++++++++++++++++++++++++++++++++++++++++++++++++++++++++++++++++++++++++++++++__+++              ]
[13:25:13] [Server thread/INFO] (Minecraft) [++++++++++++++X+++++++++++++++++++++++++++++++++++++++++++++++++++++++++++++++++++++++++++++++++++++++++++++++++__+++              ]
[13:25:13] [Server thread/INFO] (Minecraft) [++++++++++++++X+++++++++++++++++++++++++++++++++++++++++++++++++++++++++++++++++++++++++++++++++++++++++++++++++__+++              ]
[13:25:13] [Server thread/INFO] (Minecraft) [++++++++++++++X+++++++++++++++++++++++++++++++++++++++++++++++++++++++++++++++++++++++++++++++++++++++++++++++++__+++              ]
[13:25:13] [Server thread/INFO] (Minecraft) [++++++++++++++X+++++++++++++++++++++++++++++++++++++++++++++++++++++++++++++++++++++++++++++++++++++++++++++++++__+++              ]
[13:25:13] [Server thread/INFO] (Minecraft) [++++++++++++++X++++++++++++++++++++++++++++++++++++++++++++++++++++++++++++++++++++++++++++++++++++++++++++++++++_+++              ]
[13:25:18] [Server thread/INFO] (Minecraft) Running test environment 'minecraft:default' batch 2 (8 tests)...
[13:25:18] [Server thread/INFO] (Minecraft) test-mock-player[embedded] logged in with entity id 2972 at (0.0, 0.0, 0.0)
[13:25:18] [Server thread/INFO] (Minecraft) [Dormant] test-mock-player joined the game
[13:25:18] [Server thread/INFO] (Minecraft) test-mock-player[embedded] logged in with entity id 2974 at (0.0, 0.0, 0.0)
[13:25:18] [Server thread/INFO] (Minecraft) [Dormant] test-mock-player joined the game
[13:25:18] [Server thread/INFO] (Minecraft) test-mock-player[embedded] logged in with entity id 2975 at (0.0, 0.0, 0.0)
[13:25:18] [Server thread/INFO] (Minecraft) [Dormant] test-mock-player joined the game
[13:25:18] [Server thread/INFO] (Minecraft) test-mock-player[embedded] logged in with entity id 2976 at (0.0, 0.0, 0.0)
[13:25:18] [Server thread/INFO] (Minecraft) [Dormant] test-mock-player joined the game
[13:25:18] [Server thread/INFO] (Minecraft) test-mock-player[embedded] logged in with entity id 2977 at (0.0, 0.0, 0.0)
[13:25:18] [Server thread/INFO] (Minecraft) [Dormant] test-mock-player joined the game
[13:25:18] [Server thread/INFO] (Minecraft) test-mock-player[embedded] logged in with entity id 2978 at (0.0, 0.0, 0.0)
[13:25:18] [Server thread/INFO] (Minecraft) [Dormant] test-mock-player joined the game
[13:25:18] [Server thread/INFO] (Minecraft) test-mock-player[embedded] logged in with entity id 2980 at (0.0, 0.0, 0.0)
[13:25:18] [Server thread/INFO] (Minecraft) [Dormant] test-mock-player joined the game
[13:25:18] [Server thread/INFO] (Minecraft) [++++++++++++++X+++++++++++++++++++++++++++++++++++++++++++++++++++++++++++++++++++++++++++++++++++++++++++++++++++++++_+++___      ]
[13:25:19] [Server thread/INFO] (Minecraft) Loaded 1605 recipes
[13:25:19] [Server thread/INFO] (Minecraft) Loaded 1713 advancements
[13:25:19] [Server thread/INFO] (powers) Published action registry revision 7 with 110 canonical keys and 2 aliases
[13:25:19] [Server thread/INFO] (powers) Loaded 14 Shadow knowledge entries
[13:25:20] [Server thread/INFO] (Minecraft) Loaded 1605 recipes
[13:25:20] [Server thread/INFO] (Minecraft) Loaded 1713 advancements
[13:25:21] [Server thread/INFO] (Minecraft) [++++++++++++++X+++++++++++++++++++++++++++++++++++++++++++++++++++++++++++++++++++++++++++++++++++++++++++++++++++++++_++++_+      ]
[13:25:21] [Server thread/INFO] (Minecraft) [++++++++++++++X++++++++++++++++++++++++++++++++++++++++++++++++++++++++++++++++++++++++++++++++++++++++++++++++++++++++++++_+      ]
[13:25:21] [Server thread/INFO] (Minecraft) Running test environment 'powers:crystal_invalidation_isolated' batch 0 (1 tests)...
[13:25:21] [Server thread/INFO] (Minecraft) test-mock-player[embedded] logged in with entity id 2988 at (0.0, 0.0, 0.0)
[13:25:21] [Server thread/INFO] (Minecraft) [Dormant] test-mock-player joined the game
[13:25:21] [Server thread/INFO] (Minecraft) [++++++++++++++X++++++++++++++++++++++++++++++++++++++++++++++++++++++++++++++++++++++++++++++++++++++++++++++++++++++++++++++_     ]
[13:25:21] [Server thread/INFO] (Minecraft) Running test environment 'powers:packet_fault_isolated' batch 0 (4 tests)...
[13:25:21] [Server thread/INFO] (Minecraft) test-mock-player[embedded] logged in with entity id 2989 at (0.0, 0.0, 0.0)
[13:25:21] [Server thread/INFO] (Minecraft) [Dormant] test-mock-player joined the game
[13:25:21] [Server thread/INFO] (Minecraft) [++++++++++++++X++++++++++++++++++++++++++++++++++++++++++++++++++++++++++++++++++++++++++++++++++++++++++++++++++++++++++++++++++_ ]
[13:25:21] [Server thread/INFO] (Minecraft) [++++++++++++++X++++++++++++++++++++++++++++++++++++++++++++++++++++++++++++++++++++++++++++++++++++++++++++++++++++++++++++++++++_ ]
[13:25:22] [Server thread/INFO] (Minecraft) [++++++++++++++X++++++++++++++++++++++++++++++++++++++++++++++++++++++++++++++++++++++++++++++++++++++++++++++++++++++++++++++++++_ ]
[13:25:22] [Server thread/INFO] (Minecraft) test-mock-player[embedded] logged in with entity id 3029 at (0.0, 0.0, 0.0)
[13:25:22] [Server thread/INFO] (Minecraft) [Dormant] test-mock-player joined the game
[13:25:22] [Server thread/INFO] (Minecraft) test-mock-player[embedded] logged in with entity id 3034 at (0.0, 0.0, 0.0)
[13:25:22] [Server thread/INFO] (Minecraft) [Dormant] test-mock-player joined the game
[13:25:22] [Server thread/INFO] (Minecraft) [Dormant] test-mock-player has made the advancement [We Need to Go Deeper]
[13:25:22] [Server thread/INFO] (Minecraft) [++++++++++++++X++++++++++++++++++++++++++++++++++++++++++++++++++++++++++++++++++++++++++++++++++++++++++++++++++++++++++++++++++_ ]
[13:25:22] [Server thread/INFO] (Minecraft) test-mock-player[embedded] logged in with entity id 3057 at (0.0, 0.0, 0.0)
[13:25:22] [Server thread/INFO] (Minecraft) [Dormant] test-mock-player joined the game
[13:25:22] [Server thread/INFO] (Minecraft) test-mock-player[embedded] logged in with entity id 3063 at (0.0, 0.0, 0.0)
[13:25:22] [Server thread/INFO] (Minecraft) [Dormant] test-mock-player joined the game
[13:25:22] [Server thread/INFO] (Minecraft) test-mock-player lost connection: QA-009 disconnect lifecycle
[13:25:22] [Server thread/INFO] (Minecraft) [Dormant] test-mock-player left the game
[13:25:22] [Server thread/INFO] (Minecraft) test-mock-player[embedded] logged in with entity id 3068 at (0.0, 0.0, 0.0)
[13:25:22] [Server thread/INFO] (Minecraft) [Dormant] test-mock-player joined the game
[13:25:22] [Server thread/INFO] (Minecraft) [++++++++++++++X++++++++++++++++++++++++++++++++++++++++++++++++++++++++++++++++++++++++++++++++++++++++++++++++++++++++++++++++++_ ]
[13:25:22] [Server thread/INFO] (Minecraft) [++++++++++++++X++++++++++++++++++++++++++++++++++++++++++++++++++++++++++++++++++++++++++++++++++++++++++++++++++++++++++++++++++_ ]
[13:25:22] [Server thread/INFO] (Minecraft) [++++++++++++++X++++++++++++++++++++++++++++++++++++++++++++++++++++++++++++++++++++++++++++++++++++++++++++++++++++++++++++++++++_ ]
[13:25:22] [Server thread/INFO] (Minecraft) [++++++++++++++X++++++++++++++++++++++++++++++++++++++++++++++++++++++++++++++++++++++++++++++++++++++++++++++++++++++++++++++++++_ ]
[13:25:22] [Server thread/INFO] (Minecraft) [++++++++++++++X++++++++++++++++++++++++++++++++++++++++++++++++++++++++++++++++++++++++++++++++++++++++++++++++++++++++++++++++++_ ]
[13:25:22] [Server thread/INFO] (Minecraft) [++++++++++++++X++++++++++++++++++++++++++++++++++++++++++++++++++++++++++++++++++++++++++++++++++++++++++++++++++++++++++++++++++_ ]
[13:25:22] [Server thread/INFO] (Minecraft) [++++++++++++++X++++++++++++++++++++++++++++++++++++++++++++++++++++++++++++++++++++++++++++++++++++++++++++++++++++++++++++++++++_ ]
[13:25:22] [Server thread/INFO] (Minecraft) [++++++++++++++X++++++++++++++++++++++++++++++++++++++++++++++++++++++++++++++++++++++++++++++++++++++++++++++++++++++++++++++++++_ ]
[13:25:22] [Server thread/INFO] (Minecraft) [++++++++++++++X++++++++++++++++++++++++++++++++++++++++++++++++++++++++++++++++++++++++++++++++++++++++++++++++++++++++++++++++++_ ]
[13:25:22] [Server thread/INFO] (Minecraft) [++++++++++++++X++++++++++++++++++++++++++++++++++++++++++++++++++++++++++++++++++++++++++++++++++++++++++++++++++++++++++++++++++_ ]
[13:25:23] [Server thread/INFO] (Minecraft) [++++++++++++++X++++++++++++++++++++++++++++++++++++++++++++++++++++++++++++++++++++++++++++++++++++++++++++++++++++++++++++++++++_ ]
[13:25:23] [Server thread/INFO] (Minecraft) [++++++++++++++X++++++++++++++++++++++++++++++++++++++++++++++++++++++++++++++++++++++++++++++++++++++++++++++++++++++++++++++++++_ ]
[13:25:23] [Server thread/INFO] (Minecraft) [++++++++++++++X++++++++++++++++++++++++++++++++++++++++++++++++++++++++++++++++++++++++++++++++++++++++++++++++++++++++++++++++++_ ]
[13:25:23] [Server thread/INFO] (Minecraft) [++++++++++++++X++++++++++++++++++++++++++++++++++++++++++++++++++++++++++++++++++++++++++++++++++++++++++++++++++++++++++++++++++_ ]
[13:25:23] [Server thread/INFO] (Minecraft) [++++++++++++++X++++++++++++++++++++++++++++++++++++++++++++++++++++++++++++++++++++++++++++++++++++++++++++++++++++++++++++++++++_ ]
[13:25:23] [Server thread/INFO] (Minecraft) [++++++++++++++X++++++++++++++++++++++++++++++++++++++++++++++++++++++++++++++++++++++++++++++++++++++++++++++++++++++++++++++++++_ ]
[13:25:23] [Server thread/INFO] (Minecraft) [++++++++++++++X++++++++++++++++++++++++++++++++++++++++++++++++++++++++++++++++++++++++++++++++++++++++++++++++++++++++++++++++++_ ]
[13:25:23] [Server thread/INFO] (Minecraft) [++++++++++++++X++++++++++++++++++++++++++++++++++++++++++++++++++++++++++++++++++++++++++++++++++++++++++++++++++++++++++++++++++_ ]
[13:25:23] [Server thread/INFO] (Minecraft) [++++++++++++++X++++++++++++++++++++++++++++++++++++++++++++++++++++++++++++++++++++++++++++++++++++++++++++++++++++++++++++++++++_ ]
[13:25:23] [Server thread/INFO] (Minecraft) [++++++++++++++X++++++++++++++++++++++++++++++++++++++++++++++++++++++++++++++++++++++++++++++++++++++++++++++++++++++++++++++++++_ ]
[13:25:23] [Server thread/INFO] (Minecraft) [++++++++++++++X++++++++++++++++++++++++++++++++++++++++++++++++++++++++++++++++++++++++++++++++++++++++++++++++++++++++++++++++++_ ]
[13:25:24] [Server thread/INFO] (Minecraft) [++++++++++++++X++++++++++++++++++++++++++++++++++++++++++++++++++++++++++++++++++++++++++++++++++++++++++++++++++++++++++++++++++_ ]
[13:25:24] [Server thread/INFO] (Minecraft) [++++++++++++++X++++++++++++++++++++++++++++++++++++++++++++++++++++++++++++++++++++++++++++++++++++++++++++++++++++++++++++++++++_ ]
[13:25:24] [Server thread/INFO] (Minecraft) [++++++++++++++X++++++++++++++++++++++++++++++++++++++++++++++++++++++++++++++++++++++++++++++++++++++++++++++++++++++++++++++++++_ ]
[13:25:24] [Server thread/INFO] (Minecraft) [++++++++++++++X++++++++++++++++++++++++++++++++++++++++++++++++++++++++++++++++++++++++++++++++++++++++++++++++++++++++++++++++++_ ]
[13:25:24] [Server thread/INFO] (Minecraft) [++++++++++++++X++++++++++++++++++++++++++++++++++++++++++++++++++++++++++++++++++++++++++++++++++++++++++++++++++++++++++++++++++_ ]
[13:25:24] [Server thread/INFO] (Minecraft) [++++++++++++++X++++++++++++++++++++++++++++++++++++++++++++++++++++++++++++++++++++++++++++++++++++++++++++++++++++++++++++++++++_ ]
[13:25:24] [Server thread/INFO] (Minecraft) [++++++++++++++X++++++++++++++++++++++++++++++++++++++++++++++++++++++++++++++++++++++++++++++++++++++++++++++++++++++++++++++++++_ ]
[13:25:24] [Server thread/INFO] (Minecraft) [++++++++++++++X++++++++++++++++++++++++++++++++++++++++++++++++++++++++++++++++++++++++++++++++++++++++++++++++++++++++++++++++++_ ]
[13:25:24] [Server thread/INFO] (Minecraft) [++++++++++++++X++++++++++++++++++++++++++++++++++++++++++++++++++++++++++++++++++++++++++++++++++++++++++++++++++++++++++++++++++_ ]
[13:25:24] [Server thread/INFO] (Minecraft) Running test environment 'powers:artifact_stale_teleport_isolated' batch 0 (1 tests)...
[13:25:24] [Server thread/INFO] (Minecraft) test-mock-player[embedded] logged in with entity id 3173 at (0.0, 0.0, 0.0)
[13:25:24] [Server thread/INFO] (Minecraft) [Dormant] test-mock-player joined the game
[13:25:24] [Server thread/INFO] (Minecraft) [++++++++++++++X++++++++++++++++++++++++++++++++++++++++++++++++++++++++++++++++++++++++++++++++++++++++++++++++++++++++++++++++++++]
[13:25:24] [Server thread/INFO] (Minecraft) ========= 131 GAME TESTS COMPLETE IN 1.269 min ======================
[13:25:24] [Server thread/INFO] (Minecraft) 1 required tests failed :(
[13:25:24] [Server thread/INFO] (Minecraft)    - powers-gametest:powers_game_tests_augury_completes_as_an_unranked_practical_ritual: Augury did not enter its authored ritual channel on tick 0
[13:25:24] [Server thread/INFO] (Minecraft) ====================================================
[13:25:24] [Server thread/INFO] (Minecraft) Stopping server
[13:25:24] [Server thread/INFO] (Minecraft) Saving players
[13:25:25] [Server thread/INFO] (Minecraft) test-mock-player lost connection: Server closed
[13:25:25] [Server thread/INFO] (Minecraft) [Nightfall] test-mock-player left the game
[13:25:25] [Server thread/INFO] (Minecraft) test-mock-player lost connection: Server closed
[13:25:25] [Server thread/INFO] (Minecraft) [Dormant] test-mock-player left the game
[13:25:25] [Server thread/INFO] (Minecraft) test-mock-player lost connection: Server closed
[13:25:25] [Server thread/INFO] (Minecraft) [Dormant] test-mock-player left the game
[13:25:25] [Server thread/INFO] (Minecraft) test-mock-player lost connection: Server closed
[13:25:25] [Server thread/INFO] (Minecraft) [Dormant] test-mock-player left the game
[13:25:25] [Server thread/INFO] (Minecraft) test-mock-player lost connection: Server closed
[13:25:25] [Server thread/INFO] (Minecraft) [Dormant] test-mock-player left the game
[13:25:25] [Server thread/INFO] (Minecraft) test-mock-player lost connection: Server closed
[13:25:25] [Server thread/INFO] (Minecraft) [Dormant] test-mock-player left the game
[13:25:25] [Server thread/INFO] (Minecraft) test-mock-player lost connection: Server closed
[13:25:25] [Server thread/INFO] (Minecraft) [Dormant] test-mock-player left the game
[13:25:25] [Server thread/INFO] (Minecraft) test-mock-player lost connection: Server closed
[13:25:25] [Server thread/INFO] (Minecraft) [Dormant] test-mock-player left the game
[13:25:25] [Server thread/INFO] (Minecraft) test-mock-player lost connection: Server closed
[13:25:25] [Server thread/INFO] (Minecraft) [Dormant] test-mock-player left the game
[13:25:25] [Server thread/INFO] (Minecraft) test-mock-player lost connection: Server closed
[13:25:25] [Server thread/INFO] (Minecraft) [Dormant] test-mock-player left the game
[13:25:25] [Server thread/INFO] (Minecraft) test-mock-player lost connection: Server closed
[13:25:25] [Server thread/INFO] (Minecraft) [Dormant] test-mock-player left the game
[13:25:25] [Server thread/INFO] (Minecraft) test-mock-player lost connection: Server closed
[13:25:25] [Server thread/INFO] (Minecraft) [Dormant] test-mock-player left the game
[13:25:25] [Server thread/INFO] (Minecraft) test-mock-player lost connection: Server closed
[13:25:25] [Server thread/INFO] (Minecraft) [Dormant] test-mock-player left the game
[13:25:25] [Server thread/INFO] (Minecraft) test-mock-player lost connection: Server closed
[13:25:25] [Server thread/INFO] (Minecraft) [Unmarked] test-mock-player left the game
[13:25:25] [Server thread/INFO] (Minecraft) test-mock-player lost connection: Server closed
[13:25:25] [Server thread/INFO] (Minecraft) [Unmarked] test-mock-player left the game
[13:25:25] [Server thread/INFO] (Minecraft) test-mock-player lost connection: Server closed
[13:25:25] [Server thread/INFO] (Minecraft) [Dormant] test-mock-player left the game
[13:25:25] [Server thread/INFO] (Minecraft) test-mock-player lost connection: Server closed
[13:25:25] [Server thread/INFO] (Minecraft) [Dormant] test-mock-player left the game
[13:25:25] [Server thread/INFO] (Minecraft) test-mock-player lost connection: Server closed
[13:25:25] [Server thread/INFO] (Minecraft) [Dormant] test-mock-player left the game
[13:25:25] [Server thread/INFO] (Minecraft) test-mock-player lost connection: Server closed
[13:25:25] [Server thread/INFO] (Minecraft) [Unmarked] test-mock-player left the game
[13:25:25] [Server thread/INFO] (Minecraft) test-mock-player lost connection: Server closed
[13:25:25] [Server thread/INFO] (Minecraft) [Dormant] test-mock-player left the game
[13:25:25] [Server thread/INFO] (Minecraft) test-mock-player lost connection: Server closed
[13:25:25] [Server thread/INFO] (Minecraft) [Dormant] test-mock-player left the game
[13:25:25] [Server thread/INFO] (Minecraft) test-mock-player lost connection: Server closed
[13:25:25] [Server thread/INFO] (Minecraft) [Dormant] test-mock-player left the game
[13:25:25] [Server thread/INFO] (Minecraft) test-mock-player lost connection: Server closed
[13:25:25] [Server thread/INFO] (Minecraft) [Dormant] test-mock-player left the game
[13:25:25] [Server thread/INFO] (Minecraft) test-mock-player lost connection: Server closed
[13:25:25] [Server thread/INFO] (Minecraft) [Dormant] test-mock-player left the game
[13:25:25] [Server thread/INFO] (Minecraft) test-mock-player lost connection: Server closed
[13:25:25] [Server thread/INFO] (Minecraft) [Dormant] test-mock-player left the game
[13:25:25] [Server thread/INFO] (Minecraft) test-mock-player lost connection: Server closed
[13:25:25] [Server thread/INFO] (Minecraft) [Dormant] test-mock-player left the game
[13:25:25] [Server thread/INFO] (Minecraft) test-mock-player lost connection: Server closed
[13:25:25] [Server thread/INFO] (Minecraft) [Dormant] test-mock-player left the game
[13:25:25] [Server thread/INFO] (Minecraft) test-mock-player lost connection: Server closed
[13:25:25] [Server thread/INFO] (Minecraft) [Dormant] test-mock-player left the game
[13:25:25] [Server thread/INFO] (Minecraft) test-mock-player lost connection: Server closed
[13:25:25] [Server thread/INFO] (Minecraft) [Dormant] test-mock-player left the game
[13:25:25] [Server thread/INFO] (Minecraft) test-mock-player lost connection: Server closed
[13:25:25] [Server thread/INFO] (Minecraft) [Nightfall] test-mock-player left the game
[13:25:25] [Server thread/INFO] (Minecraft) test-mock-player lost connection: Server closed
[13:25:25] [Server thread/INFO] (Minecraft) [Unmarked] test-mock-player left the game
[13:25:25] [Server thread/INFO] (Minecraft) test-mock-player lost connection: Server closed
[13:25:25] [Server thread/INFO] (Minecraft) [Dormant] test-mock-player left the game
[13:25:25] [Server thread/INFO] (Minecraft) test-mock-player lost connection: Server closed
[13:25:25] [Server thread/INFO] (Minecraft) [Dormant] test-mock-player left the game
[13:25:25] [Server thread/INFO] (Minecraft) test-mock-player lost connection: Server closed
[13:25:25] [Server thread/INFO] (Minecraft) [Dormant] test-mock-player left the game
[13:25:25] [Server thread/INFO] (Minecraft) test-mock-player lost connection: Server closed
[13:25:25] [Server thread/INFO] (Minecraft) [Dormant] test-mock-player left the game
[13:25:25] [Server thread/INFO] (Minecraft) test-mock-player lost connection: Server closed
[13:25:25] [Server thread/INFO] (Minecraft) [Dormant] test-mock-player left the game
[13:25:25] [Server thread/INFO] (Minecraft) test-mock-player lost connection: Server closed
[13:25:25] [Server thread/INFO] (Minecraft) [Dormant] test-mock-player left the game
[13:25:25] [Server thread/INFO] (Minecraft) test-mock-player lost connection: Server closed
[13:25:25] [Server thread/INFO] (Minecraft) [Dormant] test-mock-player left the game
[13:25:25] [Server thread/INFO] (Minecraft) test-mock-player lost connection: Server closed
[13:25:25] [Server thread/INFO] (Minecraft) [Dormant] test-mock-player left the game
[13:25:25] [Server thread/INFO] (Minecraft) test-mock-player lost connection: Server closed
[13:25:25] [Server thread/INFO] (Minecraft) [Dormant] test-mock-player left the game
[13:25:25] [Server thread/INFO] (Minecraft) test-mock-player lost connection: Server closed
[13:25:25] [Server thread/INFO] (Minecraft) [Dormant] test-mock-player left the game
[13:25:25] [Server thread/INFO] (Minecraft) test-mock-player lost connection: Server closed
[13:25:25] [Server thread/INFO] (Minecraft) [Dormant] test-mock-player left the game
[13:25:25] [Server thread/INFO] (Minecraft) test-mock-player lost connection: Server closed
[13:25:25] [Server thread/INFO] (Minecraft) [Dormant] test-mock-player left the game
[13:25:25] [Server thread/INFO] (Minecraft) test-mock-player lost connection: Server closed
[13:25:25] [Server thread/INFO] (Minecraft) [Dormant] test-mock-player left the game
[13:25:25] [Server thread/INFO] (Minecraft) test-mock-player lost connection: Server closed
[13:25:25] [Server thread/INFO] (Minecraft) [Dormant] test-mock-player left the game
[13:25:25] [Server thread/INFO] (Minecraft) test-mock-player lost connection: Server closed
[13:25:25] [Server thread/INFO] (Minecraft) [Dormant] test-mock-player left the game
[13:25:25] [Server thread/INFO] (Minecraft) test-mock-player lost connection: Server closed
[13:25:25] [Server thread/INFO] (Minecraft) [Dormant] test-mock-player left the game
[13:25:25] [Server thread/INFO] (Minecraft) test-mock-player lost connection: Server closed
[13:25:25] [Server thread/INFO] (Minecraft) [Dormant] test-mock-player left the game
[13:25:25] [Server thread/INFO] (Minecraft) test-mock-player lost connection: Server closed
[13:25:25] [Server thread/INFO] (Minecraft) [Dormant] test-mock-player left the game
[13:25:25] [Server thread/INFO] (Minecraft) test-mock-player lost connection: Server closed
[13:25:25] [Server thread/INFO] (Minecraft) [Dormant] test-mock-player left the game
[13:25:25] [Server thread/INFO] (Minecraft) test-mock-player lost connection: Server closed
[13:25:25] [Server thread/INFO] (Minecraft) [Dormant] test-mock-player left the game
[13:25:25] [Server thread/INFO] (Minecraft) test-mock-player lost connection: Server closed
[13:25:25] [Server thread/INFO] (Minecraft) [Dormant] test-mock-player left the game
[13:25:25] [Server thread/INFO] (Minecraft) test-mock-player lost connection: Server closed
[13:25:25] [Server thread/INFO] (Minecraft) [Dormant] test-mock-player left the game
[13:25:25] [Server thread/INFO] (Minecraft) test-mock-player lost connection: Server closed
[13:25:25] [Server thread/INFO] (Minecraft) [Dormant] test-mock-player left the game
[13:25:25] [Server thread/INFO] (Minecraft) test-mock-player lost connection: Server closed
[13:25:25] [Server thread/INFO] (Minecraft) [Unmarked] test-mock-player left the game
[13:25:25] [Server thread/INFO] (Minecraft) test-mock-player lost connection: Server closed
[13:25:25] [Server thread/INFO] (Minecraft) [Unmarked] test-mock-player left the game
[13:25:25] [Server thread/INFO] (Minecraft) test-mock-player lost connection: Server closed
[13:25:25] [Server thread/INFO] (Minecraft) [Unmarked] test-mock-player left the game
[13:25:25] [Server thread/INFO] (Minecraft) test-mock-player lost connection: Server closed
[13:25:25] [Server thread/INFO] (Minecraft) [Dormant] test-mock-player left the game
[13:25:25] [Server thread/INFO] (Minecraft) test-mock-player lost connection: Server closed
[13:25:25] [Server thread/INFO] (Minecraft) [Dormant] test-mock-player left the game
[13:25:25] [Server thread/INFO] (Minecraft) test-mock-player lost connection: Server closed
[13:25:25] [Server thread/INFO] (Minecraft) [Dormant] test-mock-player left the game
[13:25:25] [Server thread/INFO] (Minecraft) test-mock-player lost connection: Server closed
[13:25:25] [Server thread/INFO] (Minecraft) [Dormant] test-mock-player left the game
[13:25:25] [Server thread/INFO] (Minecraft) test-mock-player lost connection: Server closed
[13:25:25] [Server thread/INFO] (Minecraft) [Dormant] test-mock-player left the game
[13:25:25] [Server thread/INFO] (Minecraft) test-mock-player lost connection: Server closed
[13:25:25] [Server thread/INFO] (Minecraft) [Dormant] test-mock-player left the game
[13:25:25] [Server thread/INFO] (Minecraft) test-mock-player lost connection: Server closed
[13:25:25] [Server thread/INFO] (Minecraft) [Nightfall] test-mock-player left the game
[13:25:25] [Server thread/INFO] (Minecraft) test-mock-player lost connection: Server closed
[13:25:25] [Server thread/INFO] (Minecraft) [Dormant] test-mock-player left the game
[13:25:25] [Server thread/INFO] (Minecraft) test-mock-player lost connection: Server closed
[13:25:25] [Server thread/INFO] (Minecraft) [Dormant] test-mock-player left the game
[13:25:25] [Server thread/INFO] (Minecraft) Saving worlds
[13:25:26] [Server thread/INFO] (Minecraft) Saving chunks for level 'ServerLevel[Test Level]'/minecraft:overworld
[13:25:27] [Server thread/INFO] (Minecraft) Saving chunks for level 'ServerLevel[Test Level]'/minecraft:the_nether
[13:25:27] [Server thread/INFO] (Minecraft) Saving chunks for level 'ServerLevel[Test Level]'/qa010_hostile:synthetic
[13:25:27] [Server thread/INFO] (Minecraft) Saving chunks for level 'ServerLevel[Test Level]'/powers:dark_realm
[13:25:27] [Server thread/INFO] (Minecraft) Saving chunks for level 'ServerLevel[Test Level]'/powers:light_realm
[13:25:27] [Server thread/INFO] (Minecraft) Saving chunks for level 'ServerLevel[Test Level]'/minecraft:the_end
[13:25:27] [Server thread/INFO] (Minecraft) ThreadedAnvilChunkStorage (world): All chunks are saved
[13:25:27] [Server thread/INFO] (Minecraft) ThreadedAnvilChunkStorage (DIM-1): All chunks are saved
[13:25:27] [Server thread/INFO] (Minecraft) ThreadedAnvilChunkStorage (synthetic): All chunks are saved
[13:25:27] [Server thread/INFO] (Minecraft) ThreadedAnvilChunkStorage (dark_realm): All chunks are saved
[13:25:27] [Server thread/INFO] (Minecraft) ThreadedAnvilChunkStorage (light_realm): All chunks are saved
[13:25:27] [Server thread/INFO] (Minecraft) ThreadedAnvilChunkStorage (DIM1): All chunks are saved
[13:25:27] [Server thread/INFO] (Minecraft) ThreadedAnvilChunkStorage: All dimensions are saved
[13:25:27] [Server thread/INFO] (Minecraft) Game test server shutting down

> Task :runGameTest FAILED

FAILURE: Build failed with an exception.

* What went wrong:
Execution failed for task ':runGameTest' (registered by plugin 'fabric-loom').
> Process 'command '/opt/homebrew/Cellar/openjdk@25/25.0.4/libexec/openjdk.jdk/Contents/Home/bin/java'' finished with non-zero exit value 1

* Try:
> Run with --stacktrace option to get the stack trace.
> Run with --info or --debug option to get more log output.
> Run with --scan to get full insights from a Build Scan (powered by Develocity).
> Get more help at https://help.gradle.org.

BUILD FAILED in 1m 39s
15 actionable tasks: 14 executed, 1 up-to-date
FINAL_REVIEW_CHECK_EXIT=1
