To honour the JVM settings for this build a single-use Daemon process will be forked. For more on this, please refer to https://docs.gradle.org/9.5.1/userguide/gradle_daemon.html#sec:disabling_the_daemon in the Gradle documentation.
Daemon will be stopped at the end of the build

> Configure project :
Fabric Loom: 1.17.19

> Task :auditJavaSources
> Task :auditNonItemAssets
> Task :compileJava
> Task :processResources
> Task :classes
> Task :compileClientJava
> Task :processClientResources
> Task :clientClasses
> Task :compileExampleExtensionJava
> Task :processExampleExtensionResources
> Task :exampleExtensionClasses
> Task :compileGametestJava
> Task :deleteGameTestRunDir
> Task :acceptGameTestEula
> Task :generateLog4jConfig
> Task :generateDLIConfig
> Task :configureLaunch
> Task :processGametestResources
> Task :gametestClasses

> Task :runGameTest
[11:38:04] [main/INFO] (FabricLoader/GameProvider) Loading Minecraft 26.2 with Fabric Loader 0.19.3
[11:38:04] [main/INFO] (FabricLoader/Mappings) Mappings not present!
[11:38:04] [main/INFO] (FabricLoader) Loading 45 mods:
	- fabric-api 0.156.0+26.2
	   |-- fabric-key-mapping-api-v1 2.0.5+e2bdee789e
	   |-- fabric-model-loading-api-v1 8.0.16+c80601bb9e
	   |-- fabric-renderer-api-v1 14.1.3+2b0d8a229e
	   |-- fabric-renderer-indigo 9.1.3+2b0d8a229e
	   |-- fabric-rendering-v1 25.3.2+515ac5339e
	   |-- fabric-screen-api-v1 5.1.0+48e3c0b09e
	   \-- fabric-sound-api-v1 2.0.5+11a26f319e
	- fabric-api-base 2.0.4+ece063239e
	- fabric-api-lookup-api-v1 2.0.17+11e1c9a39e
	- fabric-biome-api-v1 18.0.6+c7bd5b8e9e
	- fabric-block-api-v1 3.0.3+ec56b6019e
	- fabric-block-getter-api-v2 2.0.7+ec56b6019e
	- fabric-command-api-v2 3.1.0+00cb03469e
	- fabric-content-registries-v0 11.3.0+d0a699d09e
	- fabric-convention-tags-v2 4.7.0+1f023a9e9e
	- fabric-crash-report-info-v1 1.0.5+086d547a9e
	- fabric-creative-tab-api-v1 5.0.14+d871b99e9e
	- fabric-data-attachment-api-v1 2.2.18+515ac5339e
	- fabric-data-generation-api-v1 25.5.0+aed122aa9e
	- fabric-debug-api-v1 1.0.2+c792624d9e
	- fabric-dimensions-v1 5.1.11+515ac5339e
	- fabric-entity-events-v1 5.0.5+06488ac19e
	- fabric-events-interaction-v0 5.2.7+515ac5339e
	- fabric-game-rule-api-v1 4.0.8+46a6d00c9e
	- fabric-gametest-api-v1 4.0.21+4a7fa0819e
	- fabric-item-api-v1 14.4.0+49a69a7b9e
	- fabric-lifecycle-events-v1 4.1.3+4575b05f9e
	- fabric-loot-api-v3 3.0.17+06488ac19e
	- fabric-menu-api-v1 2.0.16+086d547a9e
	- fabric-message-api-v1 7.0.7+086d547a9e
	- fabric-networking-api-v1 6.3.3+72073ef09e
	- fabric-object-builder-api-v1 24.1.0+6fcd5f039e
	- fabric-particles-v1 5.0.18+d1756aa99e
	- fabric-permission-api-v1 1.0.4+536fad2f9e
	- fabric-recipe-api-v1 9.0.20+11e1c9a39e
	- fabric-registry-sync-v0 7.1.0+c7bd5b8e9e
	- fabric-rendering-fluids-v1 6.0.4+06488ac19e
	- fabric-resource-conditions-api-v1 6.1.0+10e9a28b9e
	- fabric-resource-loader-v0 3.3.20+4fc5413f9e
	- fabric-resource-loader-v1 2.0.13+9edec1269e
	- fabric-serialization-api-v1 2.0.4+11a26f319e
	- fabric-tag-api-v1 2.1.4+515ac5339e
	- fabric-transfer-api-v1 8.0.12+11dbb7d79e
	- fabric-transitive-access-wideners-v1 8.1.4+67c847259e
	- fabricloader 0.19.3
	- java 25
	- minecraft 26.2
	- mixinextras 0.5.4
	- powers 1.0.2
	- powers-example-extension 1.0.0
	- powers-gametest 1.0.0
[11:38:04] [main/INFO] (FabricLoader/Mixin) SpongePowered MIXIN Subsystem Version=0.8.7 Source=file:<HOME>/.gradle/caches/modules-2/files-2.1/net.fabricmc/sponge-mixin/0.17.3+mixin.0.8.7/41c4a3984a80f4679e759fb9f495587acc5cdac7/sponge-mixin-0.17.3+mixin.0.8.7.jar Service=Knot/Fabric Env=SERVER
[11:38:04] [main/INFO] (FabricLoader/Mixin) Compatibility level set to JAVA_25
[11:38:04] [main/INFO] (FabricLoader/MixinExtras|Service) Initializing MixinExtras via com.llamalad7.mixinextras.service.MixinExtrasServiceImpl(version=0.5.4).
[11:38:08] [main/INFO] (powers) POWERS config validation: revision=1; adjustments=0; retained=0; dropped=0
[11:38:08] [main/INFO] (powers) Loaded rank mazes: 28 light nodes, 28 darkness nodes
[11:38:08] [main/INFO] (powers) Magic collision kernel loaded: 64 actions, 2080 exhaustive interactions
[11:38:08] [main/INFO] (powers) POWERS framework initialized with 23 power(s)
[11:38:08] [main/INFO] (Minecraft) Environment: Environment[sessionHost=https://sessionserver.mojang.com, servicesHost=https://api.minecraftservices.com, profilesHost=https://api.mojang.com, name=PROD]
[11:38:08] [main/INFO] (FabricGameTestRunner) Starting test server
[11:38:09] [main/INFO] (Minecraft) Loaded 1605 recipes
[11:38:09] [main/INFO] (Minecraft) Loaded 1713 advancements
[11:38:09] [main/INFO] (powers) Staged 2 initial action aliases until extension registration
[11:38:09] [main/INFO] (powers) Loaded 14 Shadow knowledge entries
[11:38:10] [main/INFO] (BiomeModificationImpl) Applied 0 biome modifications to 0 of 69 new biomes in 791.0 μs
[11:38:10] [Server thread/INFO] (powers) Published action registry revision 2 with 110 canonical keys and 2 aliases
[11:38:10] [Server thread/INFO] (Minecraft) Selecting global world spawn...
[11:38:10] [Server thread/INFO] (Minecraft) Loading 0 persistent chunks...
[11:38:10] [Server thread/INFO] (Minecraft) Preparing spawn area: 100%
[11:38:10] [Server thread/INFO] (Minecraft) Time elapsed: 282 ms
[11:38:10] [Server thread/INFO] (Minecraft) Started game test server
[11:38:10] [Server thread/INFO] (Minecraft) 131 tests are now running at position 1647257, -59, 3561957!
[11:38:11] [Server thread/INFO] (Minecraft) Running test environment 'powers:artifact_stale_cycle_isolated' batch 0 (1 tests)...
[11:38:11] [Server thread/INFO] (Minecraft) test-mock-player[embedded] logged in with entity id 1 at (0.0, 0.0, 0.0)
[11:38:11] [Server thread/INFO] (Minecraft) [Dormant] test-mock-player joined the game
[11:38:11] [Server thread/INFO] (Minecraft) Running test environment 'qa010_hostile:synthetic_reload' batch 0 (1 tests)...
[11:38:11] [Server thread/INFO] (Minecraft) [+                                                                                                                                  ]
[11:38:11] [Server thread/INFO] (Minecraft) test-mock-player[embedded] logged in with entity id 2 at (0.0, 0.0, 0.0)
[11:38:11] [Server thread/INFO] (Minecraft) [Dormant] test-mock-player joined the game
[11:38:11] [Server thread/INFO] (Minecraft) Loaded 1605 recipes
[11:38:11] [Server thread/INFO] (Minecraft) Loaded 1713 advancements
[11:38:11] [Server thread/INFO] (powers) Published action registry revision 3 with 110 canonical keys and 2 aliases
[11:38:11] [Server thread/INFO] (powers) Loaded 14 Shadow knowledge entries
[11:38:12] [Server thread/INFO] (Minecraft) [+_                                                                                                                                 ]
[11:38:12] [Server thread/INFO] (Minecraft) [+_                                                                                                                                 ]
[11:38:12] [Server thread/INFO] (Minecraft) [+_                                                                                                                                 ]
[11:38:12] [Server thread/INFO] (Minecraft) [+_                                                                                                                                 ]
[11:38:12] [Server thread/INFO] (Minecraft) [+_                                                                                                                                 ]
[11:38:12] [Server thread/INFO] (Minecraft) [+_                                                                                                                                 ]
[11:38:12] [Server thread/INFO] (Minecraft) [+_                                                                                                                                 ]
[11:38:12] [Server thread/INFO] (Minecraft) [+_                                                                                                                                 ]
[11:38:12] [Server thread/INFO] (Minecraft) [+_                                                                                                                                 ]
[11:38:13] [Server thread/INFO] (Minecraft) [+_                                                                                                                                 ]
[11:38:13] [Server thread/INFO] (Minecraft) [+_                                                                                                                                 ]
[11:38:13] [Server thread/INFO] (Minecraft) Running test environment 'powers:ritual_isolated' batch 0 (1 tests)...
[11:38:13] [Server thread/INFO] (Minecraft) test-mock-player[embedded] logged in with entity id 226 at (0.0, 0.0, 0.0)
[11:38:13] [Server thread/INFO] (Minecraft) [Dormant] test-mock-player joined the game
[11:38:13] [Server thread/INFO] (Minecraft) [++_                                                                                                                                ]
[11:38:13] [Server thread/INFO] (Minecraft) [++_                                                                                                                                ]
[11:38:13] [Server thread/INFO] (Minecraft) Running test environment 'qa010_hostile:travel_graph' batch 0 (1 tests)...
[11:38:13] [Server thread/INFO] (Minecraft) test-mock-player[embedded] logged in with entity id 233 at (0.0, 0.0, 0.0)
[11:38:13] [Server thread/INFO] (Minecraft) [Dormant] test-mock-player joined the game
[11:38:13] [Server thread/INFO] (Minecraft) [+++_                                                                                                                               ]
[11:38:13] [Server thread/INFO] (Minecraft) [+++_                                                                                                                               ]
[11:38:13] [Server thread/INFO] (Minecraft) [+++_                                                                                                                               ]
[11:38:13] [Server thread/INFO] (Minecraft) Running test environment 'powers:artifact_authority_isolated' batch 0 (1 tests)...
[11:38:13] [Server thread/INFO] (Minecraft) [++++                                                                                                                               ]
[11:38:13] [Server thread/INFO] (Minecraft) test-mock-player[embedded] logged in with entity id 324 at (0.0, 0.0, 0.0)
[11:38:13] [Server thread/INFO] (Minecraft) [Dormant] test-mock-player joined the game
[11:38:13] [Server thread/INFO] (Minecraft) Running test environment 'powers:vfx_gallery' batch 0 (1 tests)...
[11:38:13] [Server thread/INFO] (Minecraft) [+++++                                                                                                                              ]
[11:38:13] [Server thread/INFO] (Minecraft) test-mock-player[embedded] logged in with entity id 348 at (0.0, 0.0, 0.0)
[11:38:13] [Server thread/INFO] (Minecraft) [Dormant] test-mock-player joined the game
[11:38:13] [Server thread/INFO] (Minecraft) Running test environment 'powers:artifact_stale_teleport_isolated' batch 0 (1 tests)...
[11:38:13] [Server thread/INFO] (Minecraft) test-mock-player[embedded] logged in with entity id 361 at (0.0, 0.0, 0.0)
[11:38:13] [Server thread/INFO] (Minecraft) [Dormant] test-mock-player joined the game
[11:38:13] [Server thread/INFO] (Minecraft) [++++++_                                                                                                                            ]
[11:38:13] [Server thread/ERROR] (Minecraft) powers-gametest:action_submission_packet_game_tests_stale_teleport_does_not_migrate_raw_selection_or_consume_travel_lane failed at 1647347, -59, 3561957! Stale teleport changed action state or energy on tick 2
[11:38:13] [Server thread/INFO] (Minecraft) Running test environment 'minecraft:default' batch 0 (50 tests)...
[11:38:13] [Server thread/INFO] (Minecraft) test-mock-player[embedded] logged in with entity id 374 at (0.0, 0.0, 0.0)
[11:38:13] [Server thread/INFO] (Minecraft) [Dormant] test-mock-player joined the game
[11:38:13] [Server thread/INFO] (Minecraft) test-mock-player[embedded] logged in with entity id 377 at (0.0, 0.0, 0.0)
[11:38:13] [Server thread/INFO] (Minecraft) [Dormant] test-mock-player joined the game
[11:38:13] [Server thread/INFO] (Minecraft) test-mock-player[embedded] logged in with entity id 378 at (0.0, 0.0, 0.0)
[11:38:13] [Server thread/INFO] (Minecraft) [Dormant] test-mock-player joined the game
[11:38:13] [Server thread/INFO] (Minecraft) test-mock-player[embedded] logged in with entity id 382 at (0.0, 0.0, 0.0)
[11:38:13] [Server thread/INFO] (Minecraft) [Dormant] test-mock-player joined the game
[11:38:13] [Server thread/INFO] (Minecraft) Named entity PowerTestActor['Test_a741d00a'/383, l='ServerLevel[Test Level]', x=1647290.50, y=-56.00, z=3561982.50] died: Test_a741d00a died
[11:38:13] [Server thread/INFO] (Minecraft) test-mock-player[embedded] logged in with entity id 386 at (0.0, 0.0, 0.0)
[11:38:13] [Server thread/INFO] (Minecraft) [Dormant] test-mock-player joined the game
[11:38:13] [Server thread/INFO] (Minecraft) Named entity FirstVessel['The First Vessel'/388, l='ServerLevel[Test Level]', x=1647320.50, y=-56.00, z=3561978.50] died: death.attack.powers.celestial_ruin
[11:38:13] [Server thread/INFO] (Minecraft) test-mock-player[embedded] logged in with entity id 391 at (0.0, 0.0, 0.0)
[11:38:13] [Server thread/INFO] (Minecraft) [Dormant] test-mock-player joined the game
[11:38:13] [Server thread/INFO] (Minecraft) test-mock-player[embedded] logged in with entity id 393 at (0.0, 0.0, 0.0)
[11:38:13] [Server thread/INFO] (Minecraft) [Dormant] test-mock-player joined the game
[11:38:13] [Server thread/INFO] (Minecraft) test-mock-player[embedded] logged in with entity id 395 at (0.0, 0.0, 0.0)
[11:38:13] [Server thread/INFO] (Minecraft) [Dormant] test-mock-player joined the game
[11:38:13] [Server thread/INFO] (Minecraft) test-mock-player[embedded] logged in with entity id 397 at (0.0, 0.0, 0.0)
[11:38:13] [Server thread/INFO] (Minecraft) [Dormant] test-mock-player joined the game
[11:38:13] [Server thread/INFO] (Minecraft) test-mock-player[embedded] logged in with entity id 398 at (0.0, 0.0, 0.0)
[11:38:13] [Server thread/INFO] (Minecraft) [Dormant] test-mock-player joined the game
[11:38:13] [Server thread/INFO] (Minecraft) test-mock-player[embedded] logged in with entity id 399 at (0.0, 0.0, 0.0)
[11:38:13] [Server thread/INFO] (Minecraft) [Dormant] test-mock-player joined the game
[11:38:13] [Server thread/INFO] (Minecraft) test-mock-player[embedded] logged in with entity id 400 at (0.0, 0.0, 0.0)
[11:38:13] [Server thread/INFO] (Minecraft) [Dormant] test-mock-player joined the game
[11:38:13] [Server thread/INFO] (Minecraft) test-mock-player[embedded] logged in with entity id 402 at (0.0, 0.0, 0.0)
[11:38:13] [Server thread/INFO] (Minecraft) [Dormant] test-mock-player joined the game
[11:38:13] [Server thread/INFO] (Minecraft) test-mock-player[embedded] logged in with entity id 405 at (0.0, 0.0, 0.0)
[11:38:13] [Server thread/INFO] (Minecraft) [Dormant] test-mock-player joined the game
[11:38:13] [Server thread/INFO] (Minecraft) test-mock-player[embedded] logged in with entity id 406 at (0.0, 0.0, 0.0)
[11:38:13] [Server thread/INFO] (Minecraft) [Dormant] test-mock-player joined the game
[11:38:14] [Server thread/INFO] (Minecraft) test-mock-player[embedded] logged in with entity id 409 at (0.0, 0.0, 0.0)
[11:38:14] [Server thread/INFO] (Minecraft) [Dormant] test-mock-player joined the game
[11:38:14] [Server thread/INFO] (Minecraft) test-mock-player[embedded] logged in with entity id 410 at (0.0, 0.0, 0.0)
[11:38:14] [Server thread/INFO] (Minecraft) [Dormant] test-mock-player joined the game
[11:38:14] [Server thread/INFO] (Minecraft) [Dormant] test-mock-player has made the advancement [We Need to Go Deeper]
[11:38:14] [Server thread/INFO] (Minecraft) test-mock-player[embedded] logged in with entity id 413 at (0.0, 0.0, 0.0)
[11:38:14] [Server thread/INFO] (Minecraft) [Dormant] test-mock-player joined the game
[11:38:14] [Server thread/INFO] (Minecraft) test-mock-player[embedded] logged in with entity id 414 at (0.0, 0.0, 0.0)
[11:38:14] [Server thread/INFO] (Minecraft) [Dormant] test-mock-player joined the game
[11:38:14] [Server thread/INFO] (Minecraft) test-mock-player[embedded] logged in with entity id 415 at (0.0, 0.0, 0.0)
[11:38:14] [Server thread/INFO] (Minecraft) [Dormant] test-mock-player joined the game
[11:38:14] [Server thread/INFO] (Minecraft) test-mock-player[embedded] logged in with entity id 416 at (0.0, 0.0, 0.0)
[11:38:14] [Server thread/INFO] (Minecraft) [Dormant] test-mock-player joined the game
[11:38:14] [Server thread/INFO] (powers) powers_operator_audit action=consent_override result=success actor=test-mock-player subject=test-mock-player detail=teleport
[11:38:14] [Server thread/INFO] (powers) powers_operator_audit action=consent_override result=success actor=test-mock-player subject=test-mock-player detail=locator
[11:38:14] [Server thread/INFO] (powers) powers_operator_audit action=consent_override result=success actor=test-mock-player subject=test-mock-player detail=companion
[11:38:14] [Server thread/INFO] (powers) powers_operator_audit action=consent_override result=success actor=test-mock-player subject=test-mock-player detail=dreamwalk
[11:38:14] [Server thread/INFO] (powers) powers_operator_audit action=consent_override result=success actor=test-mock-player subject=test-mock-player detail=possession
[11:38:14] [Server thread/INFO] (Minecraft) test-mock-player[embedded] logged in with entity id 417 at (0.0, 0.0, 0.0)
[11:38:14] [Server thread/INFO] (Minecraft) [Dormant] test-mock-player joined the game
[11:38:14] [Server thread/INFO] (powers) powers_operator_audit action=consent_override result=denied actor=test-mock-player subject=test-mock-player detail=deny_energy
[11:38:14] [Server thread/INFO] (powers) powers_operator_audit action=consent_override result=success actor=test-mock-player subject=test-mock-player detail=teleport
[11:38:14] [Server thread/INFO] (Minecraft) test-mock-player[embedded] logged in with entity id 418 at (0.0, 0.0, 0.0)
[11:38:14] [Server thread/INFO] (Minecraft) [Dormant] test-mock-player joined the game
[11:38:14] [Server thread/INFO] (Minecraft) test-mock-player[embedded] logged in with entity id 419 at (0.0, 0.0, 0.0)
[11:38:14] [Server thread/INFO] (Minecraft) [Dormant] test-mock-player joined the game
[11:38:14] [Server thread/INFO] (Minecraft) test-mock-player[embedded] logged in with entity id 420 at (0.0, 0.0, 0.0)
[11:38:14] [Server thread/INFO] (Minecraft) [Dormant] test-mock-player joined the game
[11:38:14] [Server thread/INFO] (Minecraft) test-mock-player[embedded] logged in with entity id 421 at (0.0, 0.0, 0.0)
[11:38:14] [Server thread/INFO] (Minecraft) [Dormant] test-mock-player joined the game
[11:38:14] [Server thread/INFO] (Minecraft) test-mock-player[embedded] logged in with entity id 422 at (0.0, 0.0, 0.0)
[11:38:14] [Server thread/INFO] (Minecraft) [Dormant] test-mock-player joined the game
[11:38:14] [Server thread/INFO] (Minecraft) test-mock-player[embedded] logged in with entity id 423 at (0.0, 0.0, 0.0)
[11:38:14] [Server thread/INFO] (Minecraft) [Dormant] test-mock-player joined the game
[11:38:14] [Server thread/INFO] (Minecraft) test-mock-player[embedded] logged in with entity id 429 at (0.0, 0.0, 0.0)
[11:38:14] [Server thread/INFO] (Minecraft) [Dormant] test-mock-player joined the game
[11:38:14] [Server thread/INFO] (Minecraft) test-mock-player[embedded] logged in with entity id 430 at (0.0, 0.0, 0.0)
[11:38:14] [Server thread/INFO] (Minecraft) [Dormant] test-mock-player joined the game
[11:38:14] [Server thread/INFO] (Minecraft) [Dormant] test-mock-player died
[11:38:14] [Server thread/INFO] (Minecraft) [Dormant] test-mock-player died
[11:38:14] [Server thread/INFO] (Minecraft) test-mock-player[embedded] logged in with entity id 443 at (0.0, 0.0, 0.0)
[11:38:14] [Server thread/INFO] (Minecraft) [Dormant] test-mock-player joined the game
[11:38:14] [Server thread/INFO] (Minecraft) test-mock-player[embedded] logged in with entity id 445 at (0.0, 0.0, 0.0)
[11:38:14] [Server thread/INFO] (Minecraft) [Dormant] test-mock-player joined the game
[11:38:14] [Server thread/INFO] (Minecraft) test-mock-player[embedded] logged in with entity id 447 at (0.0, 0.0, 0.0)
[11:38:14] [Server thread/INFO] (Minecraft) [Dormant] test-mock-player joined the game
[11:38:14] [Server thread/INFO] (Minecraft) <test-mock-player> shadow, hide yourself
[11:38:14] [Server thread/INFO] (Minecraft) <test-mock-player> shadow, leave me
[11:38:14] [Server thread/INFO] (Minecraft) test-mock-player[embedded] logged in with entity id 451 at (0.0, 0.0, 0.0)
[11:38:14] [Server thread/INFO] (Minecraft) [Dormant] test-mock-player joined the game
[11:38:14] [Server thread/INFO] (Minecraft) test-mock-player[embedded] logged in with entity id 452 at (0.0, 0.0, 0.0)
[11:38:14] [Server thread/INFO] (Minecraft) [Dormant] test-mock-player joined the game
[11:38:14] [Server thread/INFO] (Minecraft) test-mock-player[embedded] logged in with entity id 453 at (0.0, 0.0, 0.0)
[11:38:14] [Server thread/INFO] (Minecraft) [Dormant] test-mock-player joined the game
[11:38:14] [Server thread/INFO] (Minecraft) test-mock-player[embedded] logged in with entity id 454 at (0.0, 0.0, 0.0)
[11:38:14] [Server thread/INFO] (Minecraft) [Dormant] test-mock-player joined the game
[11:38:14] [Server thread/INFO] (Minecraft) test-mock-player[embedded] logged in with entity id 459 at (0.0, 0.0, 0.0)
[11:38:14] [Server thread/INFO] (Minecraft) [Dormant] test-mock-player joined the game
[11:38:14] [Server thread/INFO] (Minecraft) test-mock-player[embedded] logged in with entity id 460 at (0.0, 0.0, 0.0)
[11:38:14] [Server thread/INFO] (Minecraft) [Dormant] test-mock-player joined the game
[11:38:14] [Server thread/INFO] (Minecraft) test-mock-player[embedded] logged in with entity id 461 at (0.0, 0.0, 0.0)
[11:38:14] [Server thread/INFO] (Minecraft) [Dormant] test-mock-player joined the game
[11:38:14] [Server thread/INFO] (Minecraft) test-mock-player[embedded] logged in with entity id 463 at (0.0, 0.0, 0.0)
[11:38:14] [Server thread/INFO] (Minecraft) [Dormant] test-mock-player joined the game
[11:38:14] [Server thread/INFO] (Minecraft) test-mock-player[embedded] logged in with entity id 465 at (0.0, 0.0, 0.0)
[11:38:14] [Server thread/INFO] (Minecraft) [Dormant] test-mock-player joined the game
[11:38:14] [Server thread/INFO] (Minecraft) test-mock-player[embedded] logged in with entity id 468 at (0.0, 0.0, 0.0)
[11:38:14] [Server thread/INFO] (Minecraft) [Dormant] test-mock-player joined the game
[11:38:14] [Server thread/INFO] (Minecraft) <test-mock-player> shadow, hide yourself
[11:38:14] [Server thread/INFO] (Minecraft) Named entity ShadowCompanionEntity['Shadow of test-mock-player'/446, l='ServerLevel[Test Level]', x=1647292.30, y=-56.00, z=3562043.78] died: Shadow of test-mock-player died
[11:38:15] [Server thread/INFO] (Minecraft) [++++++X+_+++++++++++__++_+++++++++++++++++_+++_++_++_+_++                                                                          ]
[11:38:15] [Server thread/INFO] (Minecraft) [Dormant] test-mock-player has made the advancement [We Need to Go Deeper]
[11:38:15] [Server thread/INFO] (Minecraft) [++++++X+_+++++++++++__++_+++++++++++++++++_+++_++_++_+_++                                                                          ]
[11:38:15] [Server thread/INFO] (Minecraft) [++++++X+_+++++++++++__++++++++++++++++++++_++++++++++++++                                                                          ]
[11:38:15] [Server thread/INFO] (Minecraft) [++++++X+++++++++++++__++++++++++++++++++++_++++++++++++++                                                                          ]
[11:38:16] [Server thread/INFO] (Minecraft) [++++++X+++++++++++++__++++++++++++++++++++_++++++++++++++                                                                          ]
[11:38:16] [Server thread/INFO] (Minecraft) <test-mock-player> shadow, hide yourself
[11:38:16] [Server thread/INFO] (Minecraft) <test-mock-player> shadow, leave me
[11:38:16] [Server thread/INFO] (Minecraft) [++++++X+++++++++++++_++++++++++++++++++++++++++++++++++++                                                                          ]
[11:38:16] [Server thread/INFO] (Minecraft) [++++++X+++++++++++++_++++++++++++++++++++++++++++++++++++                                                                          ]
[11:39:07] [Server thread/INFO] (Minecraft) Running test environment 'minecraft:default' batch 1 (50 tests)...
[11:39:08] [Server thread/WARN] (Minecraft) Can't keep up! Is the server overloaded? Running 29867ms or 597 ticks behind
[11:39:08] [Server thread/INFO] (Minecraft) test-mock-player[embedded] logged in with entity id 760 at (0.0, 0.0, 0.0)
[11:39:08] [Server thread/INFO] (Minecraft) [Dormant] test-mock-player joined the game
[11:39:08] [Server thread/INFO] (Minecraft) test-mock-player[embedded] logged in with entity id 763 at (0.0, 0.0, 0.0)
[11:39:08] [Server thread/INFO] (Minecraft) [Dormant] test-mock-player joined the game
[11:39:08] [Server thread/INFO] (Minecraft) test-mock-player[embedded] logged in with entity id 766 at (0.0, 0.0, 0.0)
[11:39:08] [Server thread/INFO] (Minecraft) [Dormant] test-mock-player joined the game
[11:39:08] [Server thread/INFO] (Minecraft) test-mock-player[embedded] logged in with entity id 769 at (0.0, 0.0, 0.0)
[11:39:08] [Server thread/INFO] (Minecraft) [Dormant] test-mock-player joined the game
[11:39:08] [Server thread/INFO] (Minecraft) test-mock-player[embedded] logged in with entity id 770 at (0.0, 0.0, 0.0)
[11:39:08] [Server thread/INFO] (Minecraft) [Dormant] test-mock-player joined the game
[11:39:08] [Server thread/INFO] (Minecraft) test-mock-player[embedded] logged in with entity id 771 at (0.0, 0.0, 0.0)
[11:39:08] [Server thread/INFO] (Minecraft) [Dormant] test-mock-player joined the game
[11:39:08] [Server thread/INFO] (Minecraft) test-mock-player[embedded] logged in with entity id 773 at (0.0, 0.0, 0.0)
[11:39:08] [Server thread/INFO] (Minecraft) [Dormant] test-mock-player joined the game
[11:39:08] [Server thread/INFO] (Minecraft) test-mock-player[embedded] logged in with entity id 774 at (0.0, 0.0, 0.0)
[11:39:08] [Server thread/INFO] (Minecraft) [Dormant] test-mock-player joined the game
[11:39:08] [Server thread/INFO] (Minecraft) test-mock-player[embedded] logged in with entity id 779 at (0.0, 0.0, 0.0)
[11:39:08] [Server thread/INFO] (Minecraft) [Dormant] test-mock-player joined the game
[11:39:08] [Server thread/INFO] (Minecraft) test-mock-player[embedded] logged in with entity id 780 at (0.0, 0.0, 0.0)
[11:39:08] [Server thread/INFO] (Minecraft) [Dormant] test-mock-player joined the game
[11:39:08] [Server thread/INFO] (Minecraft) test-mock-player[embedded] logged in with entity id 781 at (0.0, 0.0, 0.0)
[11:39:08] [Server thread/INFO] (Minecraft) [Dormant] test-mock-player joined the game
[11:39:08] [Server thread/INFO] (Minecraft) test-mock-player[embedded] logged in with entity id 788 at (0.0, 0.0, 0.0)
[11:39:08] [Server thread/INFO] (Minecraft) [Dormant] test-mock-player joined the game
[11:39:08] [Server thread/INFO] (Minecraft) test-mock-player[embedded] logged in with entity id 789 at (0.0, 0.0, 0.0)
[11:39:08] [Server thread/INFO] (Minecraft) [Dormant] test-mock-player joined the game
[11:39:08] [Server thread/INFO] (Minecraft) test-mock-player[embedded] logged in with entity id 791 at (0.0, 0.0, 0.0)
[11:39:08] [Server thread/INFO] (Minecraft) [Dormant] test-mock-player joined the game
[11:39:08] [Server thread/INFO] (Minecraft) test-mock-player[embedded] logged in with entity id 792 at (0.0, 0.0, 0.0)
[11:39:08] [Server thread/INFO] (Minecraft) [Dormant] test-mock-player joined the game
[11:39:08] [Server thread/INFO] (Minecraft) test-mock-player[embedded] logged in with entity id 794 at (0.0, 0.0, 0.0)
[11:39:08] [Server thread/INFO] (Minecraft) [Dormant] test-mock-player joined the game
[11:39:08] [Server thread/INFO] (Minecraft) test-mock-player[embedded] logged in with entity id 795 at (0.0, 0.0, 0.0)
[11:39:08] [Server thread/INFO] (Minecraft) [Dormant] test-mock-player joined the game
[11:39:08] [Server thread/INFO] (Minecraft) test-mock-player[embedded] logged in with entity id 796 at (0.0, 0.0, 0.0)
[11:39:08] [Server thread/INFO] (Minecraft) [Dormant] test-mock-player joined the game
[11:39:08] [Server thread/INFO] (Minecraft) test-mock-player[embedded] logged in with entity id 797 at (0.0, 0.0, 0.0)
[11:39:08] [Server thread/INFO] (Minecraft) [Dormant] test-mock-player joined the game
[11:39:08] [Server thread/INFO] (Minecraft) test-mock-player[embedded] logged in with entity id 799 at (0.0, 0.0, 0.0)
[11:39:08] [Server thread/INFO] (Minecraft) [Dormant] test-mock-player joined the game
[11:39:08] [Server thread/INFO] (Minecraft) test-mock-player[embedded] logged in with entity id 803 at (0.0, 0.0, 0.0)
[11:39:08] [Server thread/INFO] (Minecraft) [Dormant] test-mock-player joined the game
[11:39:08] [Server thread/INFO] (Minecraft) Named entity PowerTestActor['Target_thunderclap'/806, l='ServerLevel[Test Level]', x=1647798.50, y=-55.00, z=3562390.50] died: Target_thunderclap was consumed by ancient power
[11:39:08] [Server thread/INFO] (Minecraft) test-mock-player[embedded] logged in with entity id 818 at (0.0, 0.0, 0.0)
[11:39:08] [Server thread/INFO] (Minecraft) [Dormant] test-mock-player joined the game
[11:39:08] [Server thread/INFO] (Minecraft) test-mock-player[embedded] logged in with entity id 819 at (0.0, 0.0, 0.0)
[11:39:08] [Server thread/INFO] (Minecraft) [Dormant] test-mock-player joined the game
[11:39:08] [Server thread/INFO] (Minecraft) test-mock-player[embedded] logged in with entity id 820 at (0.0, 0.0, 0.0)
[11:39:08] [Server thread/INFO] (Minecraft) [Dormant] test-mock-player joined the game
[11:39:08] [Server thread/INFO] (Minecraft) test-mock-player[embedded] logged in with entity id 821 at (0.0, 0.0, 0.0)
[11:39:08] [Server thread/INFO] (Minecraft) [Dormant] test-mock-player joined the game
[11:39:08] [Server thread/INFO] (Minecraft) test-mock-player[embedded] logged in with entity id 822 at (0.0, 0.0, 0.0)
[11:39:08] [Server thread/INFO] (Minecraft) [Dormant] test-mock-player joined the game
[11:39:08] [Server thread/INFO] (Minecraft) test-mock-player[embedded] logged in with entity id 823 at (0.0, 0.0, 0.0)
[11:39:08] [Server thread/INFO] (Minecraft) [Dormant] test-mock-player joined the game
[11:39:08] [Server thread/INFO] (Minecraft) test-mock-player[embedded] logged in with entity id 824 at (0.0, 0.0, 0.0)
[11:39:08] [Server thread/INFO] (Minecraft) [Dormant] test-mock-player joined the game
[11:39:08] [Server thread/INFO] (Minecraft) test-mock-player[embedded] logged in with entity id 825 at (0.0, 0.0, 0.0)
[11:39:08] [Server thread/INFO] (Minecraft) [Dormant] test-mock-player joined the game
[11:39:08] [Server thread/INFO] (Minecraft) test-mock-player[embedded] logged in with entity id 826 at (0.0, 0.0, 0.0)
[11:39:08] [Server thread/INFO] (Minecraft) [Dormant] test-mock-player joined the game
[11:39:08] [Server thread/INFO] (Minecraft) test-mock-player[embedded] logged in with entity id 827 at (0.0, 0.0, 0.0)
[11:39:08] [Server thread/INFO] (Minecraft) [Dormant] test-mock-player joined the game
[11:39:08] [Server thread/INFO] (Minecraft) test-mock-player[embedded] logged in with entity id 828 at (0.0, 0.0, 0.0)
[11:39:08] [Server thread/INFO] (Minecraft) [Dormant] test-mock-player joined the game
[11:39:08] [Server thread/INFO] (Minecraft) test-mock-player[embedded] logged in with entity id 829 at (0.0, 0.0, 0.0)
[11:39:08] [Server thread/INFO] (Minecraft) [Dormant] test-mock-player joined the game
[11:39:08] [Server thread/INFO] (Minecraft) test-mock-player[embedded] logged in with entity id 832 at (0.0, 0.0, 0.0)
[11:39:08] [Server thread/INFO] (Minecraft) [Dormant] test-mock-player joined the game
[11:39:08] [Server thread/INFO] (Minecraft) test-mock-player[embedded] logged in with entity id 980 at (0.0, 0.0, 0.0)
[11:39:08] [Server thread/INFO] (Minecraft) [Dormant] test-mock-player joined the game
[11:39:08] [Server thread/INFO] (powers) PERF-012 identical mixed AI: queries=24, cacheHits=12, inspections=348, legacyInspections=540, reductionPercent=35.56
[11:39:08] [Server thread/INFO] (Minecraft) test-mock-player[embedded] logged in with entity id 1026 at (0.0, 0.0, 0.0)
[11:39:08] [Server thread/INFO] (Minecraft) [Dormant] test-mock-player joined the game
[11:39:08] [Server thread/INFO] (Minecraft) test-mock-player[embedded] logged in with entity id 1027 at (0.0, 0.0, 0.0)
[11:39:08] [Server thread/INFO] (Minecraft) [Dormant] test-mock-player joined the game
[11:39:08] [Server thread/INFO] (Minecraft) test-mock-player[embedded] logged in with entity id 1032 at (0.0, 0.0, 0.0)
[11:39:08] [Server thread/INFO] (Minecraft) [Dormant] test-mock-player joined the game
[11:39:08] [Server thread/INFO] (Minecraft) test-mock-player[embedded] logged in with entity id 1036 at (0.0, 0.0, 0.0)
[11:39:08] [Server thread/INFO] (Minecraft) [Dormant] test-mock-player joined the game
[11:39:08] [Server thread/INFO] (Minecraft) test-mock-player[embedded] logged in with entity id 1038 at (0.0, 0.0, 0.0)
[11:39:08] [Server thread/INFO] (Minecraft) [Dormant] test-mock-player joined the game
[11:39:08] [Server thread/INFO] (Minecraft) test-mock-player[embedded] logged in with entity id 1048 at (0.0, 0.0, 0.0)
[11:39:08] [Server thread/INFO] (Minecraft) [Dormant] test-mock-player joined the game
[11:39:08] [Server thread/INFO] (Minecraft) test-mock-player[embedded] logged in with entity id 1049 at (0.0, 0.0, 0.0)
[11:39:08] [Server thread/INFO] (Minecraft) [Dormant] test-mock-player joined the game
[11:39:08] [Server thread/INFO] (Minecraft) test-mock-player[embedded] logged in with entity id 1050 at (0.0, 0.0, 0.0)
[11:39:08] [Server thread/INFO] (Minecraft) [Dormant] test-mock-player joined the game
[11:39:08] [Server thread/INFO] (Minecraft) test-mock-player[embedded] logged in with entity id 1051 at (0.0, 0.0, 0.0)
[11:39:08] [Server thread/INFO] (Minecraft) [Dormant] test-mock-player joined the game
[11:39:08] [Server thread/INFO] (Minecraft) test-mock-player[embedded] logged in with entity id 1053 at (0.0, 0.0, 0.0)
[11:39:08] [Server thread/INFO] (Minecraft) [Dormant] test-mock-player joined the game
[11:39:08] [Server thread/INFO] (Minecraft) <test-mock-player> shadow, use astral projection
[11:39:08] [Server thread/INFO] (Minecraft) <test-mock-player> shadow, use blight ground
[11:39:08] [Server thread/INFO] (Minecraft) <test-mock-player> shadow, use breezy bash
[11:39:08] [Server thread/INFO] (Minecraft) <test-mock-player> shadow, use call hollowed
[11:39:08] [Server thread/INFO] (Minecraft) <test-mock-player> shadow, use double health
[11:39:08] [Server thread/INFO] (Minecraft) <test-mock-player> shadow, stop double health
[11:39:08] [Server thread/INFO] (Minecraft) <test-mock-player> shadow, use energy beam
[11:39:08] [Server thread/INFO] (Minecraft) <test-mock-player> shadow, use energy drain
[11:39:08] [Server thread/INFO] (Minecraft) <test-mock-player> shadow, use fireball
[11:39:08] [Server thread/INFO] (Minecraft) <test-mock-player> shadow, use flight
[11:39:08] [Server thread/INFO] (Minecraft) <test-mock-player> shadow, stop flight
[11:39:08] [Server thread/INFO] (Minecraft) <test-mock-player> shadow, use forcefield
[11:39:08] [Server thread/INFO] (Minecraft) <test-mock-player> shadow, stop forcefield
[11:39:08] [Server thread/INFO] (Minecraft) <test-mock-player> shadow, use gravity displacement
[11:39:08] [Server thread/INFO] (Minecraft) <test-mock-player> shadow, use ice manipulation
[11:39:08] [Server thread/INFO] (Minecraft) <test-mock-player> shadow, use invisibility
[11:39:08] [Server thread/INFO] (Minecraft) <test-mock-player> shadow, stop invisibility
[11:39:08] [Server thread/INFO] (Minecraft) <test-mock-player> shadow, use lightning strike
[11:39:08] [Server thread/INFO] (Minecraft) <test-mock-player> shadow, use nightfall dominion
[11:39:08] [Server thread/INFO] (Minecraft) <test-mock-player> shadow, stop nightfall dominion
[11:39:08] [Server thread/INFO] (Minecraft) <test-mock-player> shadow, use plant healing acceleration
[11:39:08] [Server thread/INFO] (Minecraft) <test-mock-player> shadow, use size shift
[11:39:08] [Server thread/INFO] (Minecraft) <test-mock-player> shadow, stop size shift
[11:39:08] [Server thread/INFO] (Minecraft) <test-mock-player> shadow, use speed burst
[11:39:08] [Server thread/INFO] (Minecraft) <test-mock-player> shadow, use starfall
[11:39:08] [Server thread/INFO] (Minecraft) <test-mock-player> shadow, use super speed
[11:39:08] [Server thread/INFO] (Minecraft) <test-mock-player> shadow, stop super speed
[11:39:08] [Server thread/INFO] (Minecraft) <test-mock-player> shadow, use telekinesis
[11:39:08] [Server thread/INFO] (Minecraft) <test-mock-player> shadow, use thunderclap
[11:39:08] [Server thread/INFO] (Minecraft) <test-mock-player> shadow, use time freeze
[11:39:08] [Server thread/INFO] (Minecraft) <test-mock-player> shadow, stop time freeze
[11:39:08] [Server thread/INFO] (Minecraft) <test-mock-player> shadow, use time shift
[11:39:08] [Server thread/INFO] (Minecraft) <test-mock-player> shadow, use vessel possession
[11:39:08] [Server thread/INFO] (Minecraft) <test-mock-player> shadow, use void beam
[11:39:08] [Server thread/INFO] (Minecraft) test-mock-player[embedded] logged in with entity id 1089 at (0.0, 0.0, 0.0)
[11:39:08] [Server thread/INFO] (Minecraft) [Dormant] test-mock-player joined the game
[11:39:08] [Server thread/INFO] (Minecraft) test-mock-player[embedded] logged in with entity id 1090 at (0.0, 0.0, 0.0)
[11:39:08] [Server thread/INFO] (Minecraft) [Dormant] test-mock-player joined the game
[11:39:08] [Server thread/INFO] (Minecraft) test-mock-player[embedded] logged in with entity id 1091 at (0.0, 0.0, 0.0)
[11:39:08] [Server thread/INFO] (Minecraft) [Dormant] test-mock-player joined the game
[11:39:08] [Server thread/INFO] (Minecraft) <test-mock-player> shadow, stay here
[11:39:08] [Server thread/INFO] (Minecraft) <test-mock-player> shadow, fight at far range
[11:39:08] [Server thread/INFO] (Minecraft) <test-mock-player> shadow, follow me
[11:39:08] [Server thread/INFO] (Minecraft) <test-mock-player> shadow, how does amethyst interfere with magic?
[11:39:08] [Server thread/INFO] (Minecraft) <test-mock-player> shadow, explain the darkness to me
[11:39:08] [Server thread/INFO] (Minecraft) <test-mock-player> shadow, use lightning strike
[11:39:08] [Server thread/INFO] (Minecraft) <test-mock-player> shadow, use energy beam
[11:39:08] [Server thread/INFO] (Minecraft) <test-mock-player> shadow, use lightning strike
[11:39:08] [Server thread/INFO] (Minecraft) <test-mock-player> shadow, use void beam
[11:39:08] [Server thread/INFO] (Minecraft) <test-mock-player> shadow, hide yourself
[11:39:08] [Server thread/INFO] (Minecraft) Named entity ShadowCompanionEntity['Shadow of test-mock-player'/1092, l='ServerLevel[Test Level]', x=1647476.25, y=41.00, z=3563300.75] died: Shadow of test-mock-player died
[11:39:08] [Server thread/INFO] (Minecraft) test-mock-player[embedded] logged in with entity id 1100 at (0.0, 0.0, 0.0)
[11:39:08] [Server thread/INFO] (Minecraft) [Dormant] test-mock-player joined the game
[11:39:08] [Server thread/INFO] (Minecraft) test-mock-player[embedded] logged in with entity id 1101 at (0.0, 0.0, 0.0)
[11:39:08] [Server thread/INFO] (Minecraft) [Dormant] test-mock-player joined the game
[11:39:08] [Server thread/INFO] (Minecraft) test-mock-player[embedded] logged in with entity id 1102 at (0.0, 0.0, 0.0)
[11:39:08] [Server thread/INFO] (Minecraft) [Dormant] test-mock-player joined the game
[11:39:08] [Server thread/INFO] (Minecraft) test-mock-player[embedded] logged in with entity id 1105 at (0.0, 0.0, 0.0)
[11:39:08] [Server thread/INFO] (Minecraft) [Dormant] test-mock-player joined the game
[11:39:08] [Server thread/INFO] (Minecraft) test-mock-player[embedded] logged in with entity id 1106 at (0.0, 0.0, 0.0)
[11:39:08] [Server thread/INFO] (Minecraft) [Dormant] test-mock-player joined the game
[11:39:08] [Server thread/INFO] (Minecraft) test-mock-player[embedded] logged in with entity id 1107 at (0.0, 0.0, 0.0)
[11:39:08] [Server thread/INFO] (Minecraft) [Dormant] test-mock-player joined the game
[11:39:09] [Server thread/INFO] (Minecraft) [++++++X++++++++++++++++++++++++++++++++++++++++++++++++++_ ++++__++++___+++_+_ ++++_+++_++++++++++++++__+++                        ]
[11:39:09] [Server thread/INFO] (Minecraft) test-mock-player[embedded] logged in with entity id 1526 at (0.0, 0.0, 0.0)
[11:39:09] [Server thread/INFO] (Minecraft) [Dormant] test-mock-player joined the game
[11:39:09] [Server thread/INFO] (Minecraft) [++++++X++++++++++++++++++++++++++++++++++++++++++++++++++_+++++__++++++++++_+_ +++++++++++++++++++++++__+++                        ]
[11:39:09] [Server thread/INFO] (Minecraft) [++++++X++++++++++++++++++++++++++++++++++++++++++++++++++_+++++_+++++++++++_+_ +++++++++++++++++++++++__+++                        ]
[11:39:10] [Server thread/INFO] (Minecraft) [++++++X++++++++++++++++++++++++++++++++++++++++++++++++++++++++_+++++++++++++_ +++++++++++++++++++++++__+++                        ]
[11:39:10] [Server thread/INFO] (Minecraft) [++++++X++++++++++++++++++++++++++++++++++++++++++++++++++++++++_+++++++++++++_ +++++++++++++++++++++++__+++                        ]
[11:39:10] [Server thread/INFO] (Minecraft) [++++++X++++++++++++++++++++++++++++++++++++++++++++++++++++++++_++++++++++++++ +++++++++++++++++++++++__+++                        ]
[11:39:10] [Server thread/INFO] (Minecraft) [++++++X++++++++++++++++++++++++++++++++++++++++++++++++++++++++_++++++++++++++ +++++++++++++++++++++++__+++                        ]
[11:39:11] [Server thread/INFO] (Minecraft) [++++++X++++++++++++++++++++++++++++++++++++++++++++++++++++++++_++++++++++++++ +++++++++++++++++++++++__+++                        ]
[11:39:11] [Server thread/INFO] (Minecraft) [++++++X+++++++++++++++++++++++++++++++++++++++++++++++++++++++++++++++++++++++ +++++++++++++++++++++++__+++                        ]
[11:39:11] [Server thread/INFO] (Minecraft) [++++++X+++++++++++++++++++++++++++++++++++++++++++++++++++++++++++++++++++++++ +++++++++++++++++++++++__+++                        ]
[11:39:11] [Server thread/INFO] (Minecraft) [++++++X+++++++++++++++++++++++++++++++++++++++++++++++++++++++++++++++++++++++ +++++++++++++++++++++++__+++                        ]
[11:39:12] [Server thread/INFO] (Minecraft) [++++++X+++++++++++++++++++++++++++++++++++++++++++++++++++++++++++++++++++++++ +++++++++++++++++++++++__+++                        ]
[11:39:12] [Server thread/INFO] (Minecraft) [++++++X+++++++++++++++++++++++++++++++++++++++++++++++++++++++++++++++++++++++ +++++++++++++++++++++++__+++                        ]
[11:39:12] [Server thread/INFO] (Minecraft) [++++++X+++++++++++++++++++++++++++++++++++++++++++++++++++++++++++++++++++++++ +++++++++++++++++++++++__+++                        ]
[11:39:12] [Server thread/INFO] (Minecraft) [++++++X+++++++++++++++++++++++++++++++++++++++++++++++++++++++++++++++++++++++ +++++++++++++++++++++++__+++                        ]
[11:39:12] [Server thread/INFO] (Minecraft) test-mock-player[embedded] logged in with entity id 2089 at (0.0, 0.0, 0.0)
[11:39:12] [Server thread/INFO] (Minecraft) [Dormant] test-mock-player joined the game
[11:39:12] [Server thread/INFO] (Minecraft) [++++++X+++++++++++++++++++++++++++++++++++++++++++++++++++++++++++++++++++++++_+++++++++++++++++++++++__+++                        ]
[11:39:12] [Server thread/INFO] (Minecraft) [++++++X+++++++++++++++++++++++++++++++++++++++++++++++++++++++++++++++++++++++_+++++++++++++++++++++++__+++                        ]
[11:39:12] [Server thread/INFO] (Minecraft) [++++++X+++++++++++++++++++++++++++++++++++++++++++++++++++++++++++++++++++++++_+++++++++++++++++++++++__+++                        ]
[11:39:12] [Server thread/INFO] (Minecraft) [++++++X+++++++++++++++++++++++++++++++++++++++++++++++++++++++++++++++++++++++_+++++++++++++++++++++++__+++                        ]
[11:39:13] [Server thread/INFO] (Minecraft) [++++++X+++++++++++++++++++++++++++++++++++++++++++++++++++++++++++++++++++++++_+++++++++++++++++++++++__+++                        ]
[11:39:13] [Server thread/INFO] (Minecraft) [++++++X+++++++++++++++++++++++++++++++++++++++++++++++++++++++++++++++++++++++_+++++++++++++++++++++++__+++                        ]
[11:39:13] [Server thread/INFO] (Minecraft) [++++++X+++++++++++++++++++++++++++++++++++++++++++++++++++++++++++++++++++++++_+++++++++++++++++++++++__+++                        ]
[11:39:13] [Server thread/INFO] (Minecraft) [++++++X+++++++++++++++++++++++++++++++++++++++++++++++++++++++++++++++++++++++_+++++++++++++++++++++++__+++                        ]
[11:39:13] [Server thread/INFO] (Minecraft) [++++++X+++++++++++++++++++++++++++++++++++++++++++++++++++++++++++++++++++++++_+++++++++++++++++++++++__+++                        ]
[11:39:13] [Server thread/INFO] (Minecraft) [++++++X+++++++++++++++++++++++++++++++++++++++++++++++++++++++++++++++++++++++_+++++++++++++++++++++++__+++                        ]
[11:39:13] [Server thread/INFO] (powers) powers_operator_audit action=catastrophic_ritual result=success actor=test-mock-player subject=world detail=begin
[11:39:13] [Server thread/INFO] (Minecraft) [++++++X+++++++++++++++++++++++++++++++++++++++++++++++++++++++++++++++++++++++_+++++++++++++++++++++++__+++                        ]
[11:39:13] [Server thread/INFO] (Minecraft) [++++++X+++++++++++++++++++++++++++++++++++++++++++++++++++++++++++++++++++++++++++++++++++++++++++++++__+++                        ]
[11:39:13] [Server thread/INFO] (Minecraft) [++++++X+++++++++++++++++++++++++++++++++++++++++++++++++++++++++++++++++++++++++++++++++++++++++++++++__+++                        ]
[11:39:13] [Server thread/INFO] (Minecraft) [++++++X+++++++++++++++++++++++++++++++++++++++++++++++++++++++++++++++++++++++++++++++++++++++++++++++__+++                        ]
[11:39:13] [Server thread/INFO] (Minecraft) [++++++X+++++++++++++++++++++++++++++++++++++++++++++++++++++++++++++++++++++++++++++++++++++++++++++++__+++                        ]
[11:39:13] [Server thread/INFO] (Minecraft) [++++++X+++++++++++++++++++++++++++++++++++++++++++++++++++++++++++++++++++++++++++++++++++++++++++++++__+++                        ]
[11:39:13] [Server thread/INFO] (Minecraft) [++++++X+++++++++++++++++++++++++++++++++++++++++++++++++++++++++++++++++++++++++++++++++++++++++++++++__+++                        ]
[11:39:13] [Server thread/INFO] (Minecraft) [++++++X+++++++++++++++++++++++++++++++++++++++++++++++++++++++++++++++++++++++++++++++++++++++++++++++__+++                        ]
[11:39:13] [Server thread/INFO] (Minecraft) [++++++X+++++++++++++++++++++++++++++++++++++++++++++++++++++++++++++++++++++++++++++++++++++++++++++++__+++                        ]
[11:39:13] [Server thread/INFO] (Minecraft) [++++++X+++++++++++++++++++++++++++++++++++++++++++++++++++++++++++++++++++++++++++++++++++++++++++++++__+++                        ]
[11:39:13] [Server thread/INFO] (Minecraft) [++++++X+++++++++++++++++++++++++++++++++++++++++++++++++++++++++++++++++++++++++++++++++++++++++++++++__+++                        ]
[11:39:13] [Server thread/INFO] (Minecraft) [++++++X+++++++++++++++++++++++++++++++++++++++++++++++++++++++++++++++++++++++++++++++++++++++++++++++__+++                        ]
[11:39:14] [Server thread/INFO] (Minecraft) [++++++X+++++++++++++++++++++++++++++++++++++++++++++++++++++++++++++++++++++++++++++++++++++++++++++++__+++                        ]
[11:39:14] [Server thread/INFO] (Minecraft) [++++++X+++++++++++++++++++++++++++++++++++++++++++++++++++++++++++++++++++++++++++++++++++++++++++++++__+++                        ]
[11:39:14] [Server thread/INFO] (Minecraft) [++++++X+++++++++++++++++++++++++++++++++++++++++++++++++++++++++++++++++++++++++++++++++++++++++++++++__+++                        ]
[11:39:14] [Server thread/INFO] (Minecraft) [++++++X+++++++++++++++++++++++++++++++++++++++++++++++++++++++++++++++++++++++++++++++++++++++++++++++__+++                        ]
[11:39:14] [Server thread/INFO] (Minecraft) [++++++X+++++++++++++++++++++++++++++++++++++++++++++++++++++++++++++++++++++++++++++++++++++++++++++++__+++                        ]
[11:39:14] [Server thread/INFO] (Minecraft) [++++++X+++++++++++++++++++++++++++++++++++++++++++++++++++++++++++++++++++++++++++++++++++++++++++++++__+++                        ]
[11:39:14] [Server thread/INFO] (Minecraft) [++++++X+++++++++++++++++++++++++++++++++++++++++++++++++++++++++++++++++++++++++++++++++++++++++++++++__+++                        ]
[11:39:14] [Server thread/INFO] (Minecraft) [++++++X+++++++++++++++++++++++++++++++++++++++++++++++++++++++++++++++++++++++++++++++++++++++++++++++__+++                        ]
[11:39:14] [Server thread/INFO] (Minecraft) [++++++X+++++++++++++++++++++++++++++++++++++++++++++++++++++++++++++++++++++++++++++++++++++++++++++++__+++                        ]
[11:39:14] [Server thread/INFO] (Minecraft) [++++++X+++++++++++++++++++++++++++++++++++++++++++++++++++++++++++++++++++++++++++++++++++++++++++++++__+++                        ]
[11:39:15] [Server thread/INFO] (Minecraft) [++++++X+++++++++++++++++++++++++++++++++++++++++++++++++++++++++++++++++++++++++++++++++++++++++++++++__+++                        ]
[11:39:15] [Server thread/INFO] (Minecraft) [++++++X+++++++++++++++++++++++++++++++++++++++++++++++++++++++++++++++++++++++++++++++++++++++++++++++__+++                        ]
[11:39:15] [Server thread/INFO] (Minecraft) [++++++X+++++++++++++++++++++++++++++++++++++++++++++++++++++++++++++++++++++++++++++++++++++++++++++++__+++                        ]
[11:39:15] [Server thread/INFO] (Minecraft) [++++++X+++++++++++++++++++++++++++++++++++++++++++++++++++++++++++++++++++++++++++++++++++++++++++++++__+++                        ]
[11:39:15] [Server thread/INFO] (Minecraft) [++++++X+++++++++++++++++++++++++++++++++++++++++++++++++++++++++++++++++++++++++++++++++++++++++++++++__+++                        ]
[11:39:15] [Server thread/INFO] (Minecraft) [++++++X++++++++++++++++++++++++++++++++++++++++++++++++++++++++++++++++++++++++++++++++++++++++++++++++_+++                        ]
[11:39:15] [Server thread/INFO] (Minecraft) [++++++X++++++++++++++++++++++++++++++++++++++++++++++++++++++++++++++++++++++++++++++++++++++++++++++++_+++                        ]
[11:39:21] [Server thread/INFO] (Minecraft) Running test environment 'minecraft:default' batch 2 (8 tests)...
[11:39:21] [Server thread/INFO] (Minecraft) test-mock-player[embedded] logged in with entity id 2864 at (0.0, 0.0, 0.0)
[11:39:21] [Server thread/INFO] (Minecraft) [Dormant] test-mock-player joined the game
[11:39:21] [Server thread/INFO] (Minecraft) test-mock-player[embedded] logged in with entity id 2866 at (0.0, 0.0, 0.0)
[11:39:21] [Server thread/INFO] (Minecraft) [Dormant] test-mock-player joined the game
[11:39:21] [Server thread/INFO] (Minecraft) test-mock-player[embedded] logged in with entity id 2867 at (0.0, 0.0, 0.0)
[11:39:21] [Server thread/INFO] (Minecraft) [Dormant] test-mock-player joined the game
[11:39:21] [Server thread/INFO] (Minecraft) test-mock-player[embedded] logged in with entity id 2869 at (0.0, 0.0, 0.0)
[11:39:21] [Server thread/INFO] (Minecraft) [Dormant] test-mock-player joined the game
[11:39:21] [Server thread/INFO] (Minecraft) test-mock-player[embedded] logged in with entity id 2871 at (0.0, 0.0, 0.0)
[11:39:21] [Server thread/INFO] (Minecraft) [Dormant] test-mock-player joined the game
[11:39:21] [Server thread/INFO] (Minecraft) test-mock-player[embedded] logged in with entity id 2872 at (0.0, 0.0, 0.0)
[11:39:21] [Server thread/INFO] (Minecraft) [Dormant] test-mock-player joined the game
[11:39:21] [Server thread/INFO] (Minecraft) test-mock-player[embedded] logged in with entity id 2873 at (0.0, 0.0, 0.0)
[11:39:21] [Server thread/INFO] (Minecraft) [Dormant] test-mock-player joined the game
[11:39:22] [Server thread/INFO] (Minecraft) Loaded 1605 recipes
[11:39:22] [Server thread/INFO] (Minecraft) Loaded 1713 advancements
[11:39:22] [Server thread/INFO] (powers) Published action registry revision 7 with 110 canonical keys and 2 aliases
[11:39:22] [Server thread/INFO] (powers) Loaded 14 Shadow knowledge entries
[11:39:23] [Server thread/INFO] (Minecraft) Loaded 1605 recipes
[11:39:23] [Server thread/INFO] (Minecraft) Loaded 1713 advancements
[11:39:23] [Server thread/INFO] (Minecraft) [++++++X+++++++++++++++++++++++++++++++++++++++++++++++++++++++++++++++++++++++++++++++++++++++++++++++++++++_+_++++                ]
[11:39:23] [Server thread/INFO] (Minecraft) [++++++X+++++++++++++++++++++++++++++++++++++++++++++++++++++++++++++++++++++++++++++++++++++++++++++++++++++_+_++++                ]
[11:39:23] [Server thread/INFO] (Minecraft) [++++++X+++++++++++++++++++++++++++++++++++++++++++++++++++++++++++++++++++++++++++++++++++++++++++++++++++++++_++++                ]
[11:39:24] [Server thread/INFO] (Minecraft) Running test environment 'powers:crystal_invalidation_isolated' batch 0 (1 tests)...
[11:39:24] [Server thread/INFO] (Minecraft) test-mock-player[embedded] logged in with entity id 2880 at (0.0, 0.0, 0.0)
[11:39:24] [Server thread/INFO] (Minecraft) [Dormant] test-mock-player joined the game
[11:39:24] [Server thread/INFO] (Minecraft) Running test environment 'powers:packet_fault_matrix_isolated' batch 0 (1 tests)...
[11:39:24] [Server thread/INFO] (Minecraft) [++++++X+++++++++++++++++++++++++++++++++++++++++++++++++++++++++++++++++++++++++++++++++++++++++++++++++++++++++++++               ]
[11:39:24] [Server thread/INFO] (Minecraft) test-mock-player[embedded] logged in with entity id 2881 at (0.0, 0.0, 0.0)
[11:39:24] [Server thread/INFO] (Minecraft) [Dormant] test-mock-player joined the game
[11:39:24] [Server thread/INFO] (Minecraft) test-mock-player[embedded] logged in with entity id 2882 at (0.0, 0.0, 0.0)
[11:39:24] [Server thread/INFO] (Minecraft) [Dormant] test-mock-player joined the game
[11:39:24] [Server thread/INFO] (Minecraft) test-mock-player[embedded] logged in with entity id 2883 at (0.0, 0.0, 0.0)
[11:39:24] [Server thread/INFO] (Minecraft) [Dormant] test-mock-player joined the game
[11:39:24] [Server thread/INFO] (Minecraft) test-mock-player[embedded] logged in with entity id 2884 at (0.0, 0.0, 0.0)
[11:39:24] [Server thread/INFO] (Minecraft) [Dormant] test-mock-player joined the game
[11:39:24] [Server thread/INFO] (Minecraft) test-mock-player[embedded] logged in with entity id 2885 at (0.0, 0.0, 0.0)
[11:39:24] [Server thread/INFO] (Minecraft) [Dormant] test-mock-player joined the game
[11:39:24] [Server thread/INFO] (Minecraft) test-mock-player[embedded] logged in with entity id 2886 at (0.0, 0.0, 0.0)
[11:39:24] [Server thread/INFO] (Minecraft) [Dormant] test-mock-player joined the game
[11:39:24] [Server thread/INFO] (Minecraft) test-mock-player lost connection: QA-009 production matrix complete
[11:39:24] [Server thread/INFO] (Minecraft) [Dormant] test-mock-player left the game
[11:39:24] [Server thread/INFO] (Minecraft) test-mock-player lost connection: QA-009 production matrix complete
[11:39:24] [Server thread/INFO] (Minecraft) [Dormant] test-mock-player left the game
[11:39:24] [Server thread/INFO] (Minecraft) test-mock-player lost connection: QA-009 production matrix complete
[11:39:24] [Server thread/INFO] (Minecraft) [Dormant] test-mock-player left the game
[11:39:24] [Server thread/INFO] (Minecraft) test-mock-player lost connection: QA-009 production matrix complete
[11:39:24] [Server thread/INFO] (Minecraft) [Dormant] test-mock-player left the game
[11:39:24] [Server thread/INFO] (Minecraft) test-mock-player lost connection: QA-009 production matrix complete
[11:39:24] [Server thread/INFO] (Minecraft) [Dormant] test-mock-player left the game
[11:39:24] [Server thread/INFO] (Minecraft) test-mock-player lost connection: QA-009 production matrix complete
[11:39:24] [Server thread/INFO] (Minecraft) [Dormant] test-mock-player left the game
[11:39:24] [Server thread/INFO] (Minecraft) [STDOUT]: QA009_PRODUCTION_MATRIX profile=delay150 serverObservedByTicks=10 authoritative=selected outbound=power-state-91 offered=101 dropped=0 duplicated=0 delayed=101 reordered=99 delivered=2 expired=0 maxQueue=101 maxAgeTicks=4 duplicateSideEffects=0
[11:39:24] [Server thread/INFO] (Minecraft) [STDOUT]: QA009_PRODUCTION_MATRIX profile=delay300 serverObservedByTicks=10 authoritative=selected outbound=power-state-91 offered=101 dropped=0 duplicated=0 delayed=101 reordered=99 delivered=2 expired=0 maxQueue=101 maxAgeTicks=7 duplicateSideEffects=0
[11:39:24] [Server thread/INFO] (Minecraft) [STDOUT]: QA009_PRODUCTION_MATRIX profile=loss1 serverObservedByTicks=10 authoritative=selected outbound=power-state-91 offered=251 dropped=2 duplicated=0 delayed=0 reordered=247 delivered=2 expired=0 maxQueue=249 maxAgeTicks=3 duplicateSideEffects=0
[11:39:24] [Server thread/INFO] (Minecraft) [STDOUT]: QA009_PRODUCTION_MATRIX profile=loss5 serverObservedByTicks=10 authoritative=selected outbound=power-state-91 offered=251 dropped=11 duplicated=0 delayed=0 reordered=238 delivered=2 expired=0 maxQueue=240 maxAgeTicks=3 duplicateSideEffects=0
[11:39:24] [Server thread/INFO] (Minecraft) [STDOUT]: QA009_PRODUCTION_MATRIX profile=duplicate serverObservedByTicks=10 authoritative=selected outbound=power-state-91 offered=101 dropped=0 duplicated=101 delayed=0 reordered=198 delivered=2 expired=0 maxQueue=202 maxAgeTicks=3 duplicateSideEffects=0
[11:39:24] [Server thread/INFO] (Minecraft) [STDOUT]: QA009_PRODUCTION_MATRIX profile=reorder serverObservedByTicks=10 authoritative=selected outbound=power-state-91 offered=101 dropped=0 duplicated=0 delayed=68 reordered=99 delivered=2 expired=0 maxQueue=101 maxAgeTicks=2 duplicateSideEffects=0
[11:39:24] [Server thread/INFO] (Minecraft) Running test environment 'powers:packet_fault_isolated' batch 0 (4 tests)...
[11:39:24] [Server thread/INFO] (Minecraft) test-mock-player[embedded] logged in with entity id 2890 at (0.0, 0.0, 0.0)
[11:39:24] [Server thread/INFO] (Minecraft) [Dormant] test-mock-player joined the game
[11:39:24] [Server thread/INFO] (Minecraft) [++++++X++++++++++++++++++++++++++++++++++++++++++++++++++++++++++++++++++++++++++++++++++++++++++++++++++++++++++++++_+++          ]
[11:39:24] [Server thread/INFO] (Minecraft) [++++++X++++++++++++++++++++++++++++++++++++++++++++++++++++++++++++++++++++++++++++++++++++++++++++++++++++++++++++++_+++          ]
[11:39:24] [Server thread/INFO] (Minecraft) [++++++X++++++++++++++++++++++++++++++++++++++++++++++++++++++++++++++++++++++++++++++++++++++++++++++++++++++++++++++_+++          ]
[11:39:24] [Server thread/INFO] (Minecraft) test-mock-player[embedded] logged in with entity id 2929 at (0.0, 0.0, 0.0)
[11:39:24] [Server thread/INFO] (Minecraft) [Dormant] test-mock-player joined the game
[11:39:24] [Server thread/INFO] (Minecraft) test-mock-player[embedded] logged in with entity id 2934 at (0.0, 0.0, 0.0)
[11:39:24] [Server thread/INFO] (Minecraft) [Dormant] test-mock-player joined the game
[11:39:24] [Server thread/INFO] (Minecraft) [++++++X++++++++++++++++++++++++++++++++++++++++++++++++++++++++++++++++++++++++++++++++++++++++++++++++++++++++++++++_+++          ]
[11:39:24] [Server thread/INFO] (Minecraft) [Dormant] test-mock-player has made the advancement [We Need to Go Deeper]
[11:39:24] [Server thread/INFO] (Minecraft) test-mock-player[embedded] logged in with entity id 2958 at (0.0, 0.0, 0.0)
[11:39:24] [Server thread/INFO] (Minecraft) [Dormant] test-mock-player joined the game
[11:39:24] [Server thread/INFO] (Minecraft) test-mock-player[embedded] logged in with entity id 2963 at (0.0, 0.0, 0.0)
[11:39:24] [Server thread/INFO] (Minecraft) [Dormant] test-mock-player joined the game
[11:39:24] [Server thread/INFO] (Minecraft) test-mock-player lost connection: QA-009 disconnect lifecycle
[11:39:24] [Server thread/INFO] (Minecraft) [Dormant] test-mock-player left the game
[11:39:24] [Server thread/INFO] (Minecraft) test-mock-player[embedded] logged in with entity id 2968 at (0.0, 0.0, 0.0)
[11:39:24] [Server thread/INFO] (Minecraft) [Dormant] test-mock-player joined the game
[11:39:24] [Server thread/INFO] (Minecraft) [++++++X++++++++++++++++++++++++++++++++++++++++++++++++++++++++++++++++++++++++++++++++++++++++++++++++++++++++++++++_+++          ]
[11:39:24] [Server thread/INFO] (Minecraft) [++++++X++++++++++++++++++++++++++++++++++++++++++++++++++++++++++++++++++++++++++++++++++++++++++++++++++++++++++++++_+++          ]
[11:39:24] [Server thread/INFO] (Minecraft) [++++++X++++++++++++++++++++++++++++++++++++++++++++++++++++++++++++++++++++++++++++++++++++++++++++++++++++++++++++++_+++          ]
[11:39:24] [Server thread/INFO] (Minecraft) [++++++X++++++++++++++++++++++++++++++++++++++++++++++++++++++++++++++++++++++++++++++++++++++++++++++++++++++++++++++_+++          ]
[11:39:25] [Server thread/INFO] (Minecraft) [++++++X++++++++++++++++++++++++++++++++++++++++++++++++++++++++++++++++++++++++++++++++++++++++++++++++++++++++++++++_+++          ]
[11:39:25] [Server thread/INFO] (Minecraft) [++++++X++++++++++++++++++++++++++++++++++++++++++++++++++++++++++++++++++++++++++++++++++++++++++++++++++++++++++++++_+++          ]
[11:39:25] [Server thread/INFO] (Minecraft) [++++++X++++++++++++++++++++++++++++++++++++++++++++++++++++++++++++++++++++++++++++++++++++++++++++++++++++++++++++++_+++          ]
[11:39:25] [Server thread/INFO] (Minecraft) [++++++X++++++++++++++++++++++++++++++++++++++++++++++++++++++++++++++++++++++++++++++++++++++++++++++++++++++++++++++_+++          ]
[11:39:25] [Server thread/INFO] (Minecraft) [++++++X++++++++++++++++++++++++++++++++++++++++++++++++++++++++++++++++++++++++++++++++++++++++++++++++++++++++++++++_+++          ]
[11:39:25] [Server thread/INFO] (Minecraft) [++++++X++++++++++++++++++++++++++++++++++++++++++++++++++++++++++++++++++++++++++++++++++++++++++++++++++++++++++++++_+++          ]
[11:39:25] [Server thread/INFO] (Minecraft) [++++++X++++++++++++++++++++++++++++++++++++++++++++++++++++++++++++++++++++++++++++++++++++++++++++++++++++++++++++++_+++          ]
[11:39:25] [Server thread/INFO] (Minecraft) [++++++X++++++++++++++++++++++++++++++++++++++++++++++++++++++++++++++++++++++++++++++++++++++++++++++++++++++++++++++_+++          ]
[11:39:25] [Server thread/INFO] (Minecraft) [++++++X++++++++++++++++++++++++++++++++++++++++++++++++++++++++++++++++++++++++++++++++++++++++++++++++++++++++++++++_+++          ]
[11:39:25] [Server thread/INFO] (Minecraft) [++++++X++++++++++++++++++++++++++++++++++++++++++++++++++++++++++++++++++++++++++++++++++++++++++++++++++++++++++++++_+++          ]
[11:39:25] [Server thread/INFO] (Minecraft) [++++++X++++++++++++++++++++++++++++++++++++++++++++++++++++++++++++++++++++++++++++++++++++++++++++++++++++++++++++++_+++          ]
[11:39:25] [Server thread/INFO] (Minecraft) [++++++X++++++++++++++++++++++++++++++++++++++++++++++++++++++++++++++++++++++++++++++++++++++++++++++++++++++++++++++_+++          ]
[11:39:25] [Server thread/INFO] (Minecraft) [++++++X++++++++++++++++++++++++++++++++++++++++++++++++++++++++++++++++++++++++++++++++++++++++++++++++++++++++++++++_+++          ]
[11:39:25] [Server thread/INFO] (Minecraft) [++++++X++++++++++++++++++++++++++++++++++++++++++++++++++++++++++++++++++++++++++++++++++++++++++++++++++++++++++++++_+++          ]
[11:39:26] [Server thread/INFO] (Minecraft) [++++++X++++++++++++++++++++++++++++++++++++++++++++++++++++++++++++++++++++++++++++++++++++++++++++++++++++++++++++++_+++          ]
[11:39:26] [Server thread/INFO] (Minecraft) [++++++X++++++++++++++++++++++++++++++++++++++++++++++++++++++++++++++++++++++++++++++++++++++++++++++++++++++++++++++_+++          ]
[11:39:26] [Server thread/INFO] (Minecraft) [++++++X++++++++++++++++++++++++++++++++++++++++++++++++++++++++++++++++++++++++++++++++++++++++++++++++++++++++++++++_+++          ]
[11:39:26] [Server thread/INFO] (Minecraft) [++++++X++++++++++++++++++++++++++++++++++++++++++++++++++++++++++++++++++++++++++++++++++++++++++++++++++++++++++++++_+++          ]
[11:39:26] [Server thread/INFO] (Minecraft) [++++++X++++++++++++++++++++++++++++++++++++++++++++++++++++++++++++++++++++++++++++++++++++++++++++++++++++++++++++++_+++          ]
[11:39:26] [Server thread/INFO] (Minecraft) [++++++X++++++++++++++++++++++++++++++++++++++++++++++++++++++++++++++++++++++++++++++++++++++++++++++++++++++++++++++_+++          ]
[11:39:26] [Server thread/INFO] (Minecraft) [++++++X++++++++++++++++++++++++++++++++++++++++++++++++++++++++++++++++++++++++++++++++++++++++++++++++++++++++++++++_+++          ]
[11:39:26] [Server thread/INFO] (Minecraft) [++++++X++++++++++++++++++++++++++++++++++++++++++++++++++++++++++++++++++++++++++++++++++++++++++++++++++++++++++++++_+++          ]
[11:39:26] [Server thread/INFO] (Minecraft) [++++++X++++++++++++++++++++++++++++++++++++++++++++++++++++++++++++++++++++++++++++++++++++++++++++++++++++++++++++++_+++          ]
[11:39:26] [Server thread/INFO] (Minecraft) [++++++X++++++++++++++++++++++++++++++++++++++++++++++++++++++++++++++++++++++++++++++++++++++++++++++++++++++++++++++_+++          ]
[11:39:26] [Server thread/INFO] (Minecraft) [++++++X++++++++++++++++++++++++++++++++++++++++++++++++++++++++++++++++++++++++++++++++++++++++++++++++++++++++++++++_+++          ]
[11:39:26] [Server thread/INFO] (Minecraft) [++++++X++++++++++++++++++++++++++++++++++++++++++++++++++++++++++++++++++++++++++++++++++++++++++++++++++++++++++++++_+++          ]
[11:39:27] [Server thread/INFO] (Minecraft) Running test environment 'powers:fx_lod_isolated' batch 0 (1 tests)...
[11:39:27] [Server thread/INFO] (Minecraft) test-mock-player[embedded] logged in with entity id 3144 at (0.0, 0.0, 0.0)
[11:39:27] [Server thread/INFO] (Minecraft) [Dormant] test-mock-player joined the game
[11:39:27] [Server thread/INFO] (Minecraft) test-mock-player[embedded] logged in with entity id 3145 at (0.0, 0.0, 0.0)
[11:39:27] [Server thread/INFO] (Minecraft) [Dormant] test-mock-player joined the game
[11:39:27] [Server thread/INFO] (Minecraft) test-mock-player[embedded] logged in with entity id 3146 at (0.0, 0.0, 0.0)
[11:39:27] [Server thread/INFO] (Minecraft) [Dormant] test-mock-player joined the game
[11:39:27] [Server thread/INFO] (Minecraft) Running test environment 'qa010_hostile:isolated' batch 0 (7 tests)...
[11:39:27] [Server thread/INFO] (Minecraft) [++++++X+++++++++++++++++++++++++++++++++++++++++++++++++++++++++++++++++++++++++++++++++++++++++++++++++++++++++++++++++++         ]
[11:39:27] [Server thread/INFO] (Minecraft) test-mock-player[embedded] logged in with entity id 3147 at (0.0, 0.0, 0.0)
[11:39:27] [Server thread/INFO] (Minecraft) [Dormant] test-mock-player joined the game
[11:39:27] [Server thread/INFO] (Minecraft) <test-mock-player> shadow, leave me
[11:39:27] [Server thread/INFO] (Minecraft) test-mock-player[embedded] logged in with entity id 3150 at (0.0, 0.0, 0.0)
[11:39:27] [Server thread/INFO] (Minecraft) [Dormant] test-mock-player joined the game
[11:39:27] [Server thread/INFO] (Minecraft) test-mock-player[embedded] logged in with entity id 3152 at (0.0, 0.0, 0.0)
[11:39:27] [Server thread/INFO] (Minecraft) [Dormant] test-mock-player joined the game
[11:39:27] [Server thread/INFO] (Minecraft) [Dormant] test-mock-player has made the advancement [We Need to Go Deeper]
[11:39:27] [Server thread/INFO] (Minecraft) test-mock-player[embedded] logged in with entity id 3155 at (0.0, 0.0, 0.0)
[11:39:27] [Server thread/INFO] (Minecraft) [Dormant] test-mock-player joined the game
[11:39:27] [Server thread/INFO] (Minecraft) test-mock-player[embedded] logged in with entity id 3156 at (0.0, 0.0, 0.0)
[11:39:27] [Server thread/INFO] (Minecraft) [Dormant] test-mock-player joined the game
[11:39:27] [Server thread/INFO] (Minecraft) test-mock-player[embedded] logged in with entity id 3161 at (0.0, 0.0, 0.0)
[11:39:27] [Server thread/INFO] (Minecraft) [Dormant] test-mock-player joined the game
[11:39:27] [Server thread/INFO] (Minecraft) [Dormant] test-mock-player has made the advancement [Monster Hunter]
[11:39:27] [Server thread/INFO] (Minecraft) test-mock-player[embedded] logged in with entity id 3170 at (0.0, 0.0, 0.0)
[11:39:27] [Server thread/INFO] (Minecraft) [Dormant] test-mock-player joined the game
[11:39:27] [Server thread/INFO] (Minecraft) test-mock-player[embedded] logged in with entity id 3171 at (0.0, 0.0, 0.0)
[11:39:27] [Server thread/INFO] (Minecraft) [Dormant] test-mock-player joined the game
[11:39:27] [Server thread/INFO] (Minecraft) [++++++X++++++++++++++++++++++++++++++++++++++++++++++++++++++++++++++++++++++++++++++++++++++++++++++++++++++++++++++++++++_+++++  ]
[11:39:27] [Server thread/INFO] (Minecraft) [++++++X++++++++++++++++++++++++++++++++++++++++++++++++++++++++++++++++++++++++++++++++++++++++++++++++++++++++++++++++++++_+++++  ]
[11:39:27] [Server thread/INFO] (Minecraft) [Dormant] test-mock-player fell out of the world
[11:39:28] [Server thread/INFO] (Minecraft) [++++++X++++++++++++++++++++++++++++++++++++++++++++++++++++++++++++++++++++++++++++++++++++++++++++++++++++++++++++++++++++_+++++  ]
[11:39:28] [Server thread/INFO] (Minecraft) [++++++X++++++++++++++++++++++++++++++++++++++++++++++++++++++++++++++++++++++++++++++++++++++++++++++++++++++++++++++++++++_+++++  ]
[11:39:28] [Server thread/INFO] (Minecraft) [++++++X++++++++++++++++++++++++++++++++++++++++++++++++++++++++++++++++++++++++++++++++++++++++++++++++++++++++++++++++++++_+++++  ]
[11:39:28] [Server thread/INFO] (Minecraft) [++++++X++++++++++++++++++++++++++++++++++++++++++++++++++++++++++++++++++++++++++++++++++++++++++++++++++++++++++++++++++++_+++++  ]
[11:39:28] [Server thread/INFO] (Minecraft) [++++++X++++++++++++++++++++++++++++++++++++++++++++++++++++++++++++++++++++++++++++++++++++++++++++++++++++++++++++++++++++_+++++  ]
[11:39:28] [Server thread/INFO] (Minecraft) Running test environment 'powers:artifact_recents_isolated' batch 0 (1 tests)...
[11:39:28] [Server thread/INFO] (Minecraft) test-mock-player[embedded] logged in with entity id 3294 at (0.0, 0.0, 0.0)
[11:39:28] [Server thread/INFO] (Minecraft) [Dormant] test-mock-player joined the game
[11:39:28] [Server thread/INFO] (Minecraft) Running test environment 'powers:invasion_isolated' batch 0 (1 tests)...
[11:39:28] [Server thread/INFO] (Minecraft) test-mock-player[embedded] logged in with entity id 3295 at (0.0, 0.0, 0.0)
[11:39:28] [Server thread/INFO] (Minecraft) [Dormant] test-mock-player joined the game
[11:39:28] [Server thread/INFO] (Minecraft) [++++++X+++++++++++++++++++++++++++++++++++++++++++++++++++++++++++++++++++++++++++++++++++++++++++++++++++++++++++++++++++++++++++_]
[11:39:28] [Server thread/INFO] (Minecraft) [++++++X+++++++++++++++++++++++++++++++++++++++++++++++++++++++++++++++++++++++++++++++++++++++++++++++++++++++++++++++++++++++++++_]
[11:39:28] [Server thread/INFO] (Minecraft) [++++++X+++++++++++++++++++++++++++++++++++++++++++++++++++++++++++++++++++++++++++++++++++++++++++++++++++++++++++++++++++++++++++_]
[11:39:28] [Server thread/INFO] (Minecraft) [++++++X+++++++++++++++++++++++++++++++++++++++++++++++++++++++++++++++++++++++++++++++++++++++++++++++++++++++++++++++++++++++++++_]
[11:39:28] [Server thread/INFO] (Minecraft) [++++++X+++++++++++++++++++++++++++++++++++++++++++++++++++++++++++++++++++++++++++++++++++++++++++++++++++++++++++++++++++++++++++_]
[11:39:28] [Server thread/INFO] (Minecraft) [++++++X+++++++++++++++++++++++++++++++++++++++++++++++++++++++++++++++++++++++++++++++++++++++++++++++++++++++++++++++++++++++++++_]
[11:39:28] [Server thread/INFO] (Minecraft) [++++++X+++++++++++++++++++++++++++++++++++++++++++++++++++++++++++++++++++++++++++++++++++++++++++++++++++++++++++++++++++++++++++_]
[11:39:28] [Server thread/INFO] (Minecraft) [++++++X+++++++++++++++++++++++++++++++++++++++++++++++++++++++++++++++++++++++++++++++++++++++++++++++++++++++++++++++++++++++++++_]
[11:39:29] [Server thread/INFO] (Minecraft) [++++++X+++++++++++++++++++++++++++++++++++++++++++++++++++++++++++++++++++++++++++++++++++++++++++++++++++++++++++++++++++++++++++_]
[11:39:29] [Server thread/INFO] (Minecraft) [++++++X+++++++++++++++++++++++++++++++++++++++++++++++++++++++++++++++++++++++++++++++++++++++++++++++++++++++++++++++++++++++++++_]
[11:39:29] [Server thread/INFO] (Minecraft) [++++++X+++++++++++++++++++++++++++++++++++++++++++++++++++++++++++++++++++++++++++++++++++++++++++++++++++++++++++++++++++++++++++_]
[11:39:29] [Server thread/INFO] (Minecraft) [++++++X+++++++++++++++++++++++++++++++++++++++++++++++++++++++++++++++++++++++++++++++++++++++++++++++++++++++++++++++++++++++++++_]
[11:39:29] [Server thread/INFO] (Minecraft) [++++++X+++++++++++++++++++++++++++++++++++++++++++++++++++++++++++++++++++++++++++++++++++++++++++++++++++++++++++++++++++++++++++_]
[11:39:29] [Server thread/INFO] (Minecraft) [++++++X+++++++++++++++++++++++++++++++++++++++++++++++++++++++++++++++++++++++++++++++++++++++++++++++++++++++++++++++++++++++++++_]
[11:39:29] [Server thread/INFO] (Minecraft) [++++++X+++++++++++++++++++++++++++++++++++++++++++++++++++++++++++++++++++++++++++++++++++++++++++++++++++++++++++++++++++++++++++_]
[11:39:29] [Server thread/INFO] (Minecraft) [++++++X+++++++++++++++++++++++++++++++++++++++++++++++++++++++++++++++++++++++++++++++++++++++++++++++++++++++++++++++++++++++++++_]
[11:39:29] [Server thread/INFO] (Minecraft) [++++++X+++++++++++++++++++++++++++++++++++++++++++++++++++++++++++++++++++++++++++++++++++++++++++++++++++++++++++++++++++++++++++_]
[11:39:29] [Server thread/INFO] (Minecraft) [++++++X+++++++++++++++++++++++++++++++++++++++++++++++++++++++++++++++++++++++++++++++++++++++++++++++++++++++++++++++++++++++++++_]
[11:39:29] [Server thread/INFO] (Minecraft) [++++++X+++++++++++++++++++++++++++++++++++++++++++++++++++++++++++++++++++++++++++++++++++++++++++++++++++++++++++++++++++++++++++_]
[11:39:29] [Server thread/INFO] (Minecraft) [++++++X+++++++++++++++++++++++++++++++++++++++++++++++++++++++++++++++++++++++++++++++++++++++++++++++++++++++++++++++++++++++++++_]
[11:39:29] [Server thread/INFO] (Minecraft) [++++++X+++++++++++++++++++++++++++++++++++++++++++++++++++++++++++++++++++++++++++++++++++++++++++++++++++++++++++++++++++++++++++_]
[11:39:29] [Server thread/ERROR] (Minecraft) powers-gametest:living_force_game_tests_opposed_living_force_opens_abounded_faction_invasion failed at 1647287, -59, 3563499! Nearby Darkness never manifested a Hollowed patrol on tick 420
[11:39:29] [Server thread/INFO] (Minecraft) [++++++X+++++++++++++++++++++++++++++++++++++++++++++++++++++++++++++++++++++++++++++++++++++++++++++++++++++++++++++++++++++++++++X]
[11:39:29] [Server thread/INFO] (Minecraft) ========= 131 GAME TESTS COMPLETE IN 1.323 min ======================
[11:39:29] [Server thread/INFO] (Minecraft) 2 required tests failed :(
[11:39:29] [Server thread/INFO] (Minecraft)    - powers-gametest:action_submission_packet_game_tests_stale_teleport_does_not_migrate_raw_selection_or_consume_travel_lane: Stale teleport changed action state or energy on tick 2
[11:39:29] [Server thread/INFO] (Minecraft)    - powers-gametest:living_force_game_tests_opposed_living_force_opens_abounded_faction_invasion: Nearby Darkness never manifested a Hollowed patrol on tick 420
[11:39:29] [Server thread/INFO] (Minecraft) ====================================================
[11:39:29] [Server thread/INFO] (Minecraft) Stopping server
[11:39:29] [Server thread/INFO] (Minecraft) Saving players
[11:39:30] [Server thread/INFO] (Minecraft) test-mock-player lost connection: Server closed
[11:39:30] [Server thread/INFO] (Minecraft) [Nightfall] test-mock-player left the game
[11:39:30] [Server thread/INFO] (Minecraft) test-mock-player lost connection: Server closed
[11:39:30] [Server thread/INFO] (Minecraft) [Dormant] test-mock-player left the game
[11:39:30] [Server thread/INFO] (Minecraft) test-mock-player lost connection: Server closed
[11:39:30] [Server thread/INFO] (Minecraft) [Nightfall] test-mock-player left the game
[11:39:30] [Server thread/INFO] (Minecraft) test-mock-player lost connection: Server closed
[11:39:30] [Server thread/INFO] (Minecraft) [Nightfall] test-mock-player left the game
[11:39:30] [Server thread/INFO] (Minecraft) test-mock-player lost connection: Server closed
[11:39:30] [Server thread/INFO] (Minecraft) [Dormant] test-mock-player left the game
[11:39:30] [Server thread/INFO] (Minecraft) test-mock-player lost connection: Server closed
[11:39:30] [Server thread/INFO] (Minecraft) [Dormant] test-mock-player left the game
[11:39:30] [Server thread/INFO] (Minecraft) test-mock-player lost connection: Server closed
[11:39:30] [Server thread/INFO] (Minecraft) [Dormant] test-mock-player left the game
[11:39:30] [Server thread/INFO] (Minecraft) test-mock-player lost connection: Server closed
[11:39:30] [Server thread/INFO] (Minecraft) [Dormant] test-mock-player left the game
[11:39:30] [Server thread/INFO] (Minecraft) test-mock-player lost connection: Server closed
[11:39:30] [Server thread/INFO] (Minecraft) [Dormant] test-mock-player left the game
[11:39:30] [Server thread/INFO] (Minecraft) test-mock-player lost connection: Server closed
[11:39:30] [Server thread/INFO] (Minecraft) [Dormant] test-mock-player left the game
[11:39:30] [Server thread/INFO] (Minecraft) test-mock-player lost connection: Server closed
[11:39:30] [Server thread/INFO] (Minecraft) [Dormant] test-mock-player left the game
[11:39:30] [Server thread/INFO] (Minecraft) test-mock-player lost connection: Server closed
[11:39:30] [Server thread/INFO] (Minecraft) [Dormant] test-mock-player left the game
[11:39:30] [Server thread/INFO] (Minecraft) test-mock-player lost connection: Server closed
[11:39:30] [Server thread/INFO] (Minecraft) [Dormant] test-mock-player left the game
[11:39:30] [Server thread/INFO] (Minecraft) test-mock-player lost connection: Server closed
[11:39:30] [Server thread/INFO] (Minecraft) [Dormant] test-mock-player left the game
[11:39:30] [Server thread/INFO] (Minecraft) test-mock-player lost connection: Server closed
[11:39:30] [Server thread/INFO] (Minecraft) [Dormant] test-mock-player left the game
[11:39:30] [Server thread/INFO] (Minecraft) test-mock-player lost connection: Server closed
[11:39:30] [Server thread/INFO] (Minecraft) [Dormant] test-mock-player left the game
[11:39:30] [Server thread/INFO] (Minecraft) test-mock-player lost connection: Server closed
[11:39:30] [Server thread/INFO] (Minecraft) [Dormant] test-mock-player left the game
[11:39:30] [Server thread/INFO] (Minecraft) test-mock-player lost connection: Server closed
[11:39:30] [Server thread/INFO] (Minecraft) [Dormant] test-mock-player left the game
[11:39:30] [Server thread/INFO] (Minecraft) test-mock-player lost connection: Server closed
[11:39:30] [Server thread/INFO] (Minecraft) [Dormant] test-mock-player left the game
[11:39:30] [Server thread/INFO] (Minecraft) test-mock-player lost connection: Server closed
[11:39:30] [Server thread/INFO] (Minecraft) [Unmarked] test-mock-player left the game
[11:39:30] [Server thread/INFO] (Minecraft) test-mock-player lost connection: Server closed
[11:39:30] [Server thread/INFO] (Minecraft) [Unmarked] test-mock-player left the game
[11:39:30] [Server thread/INFO] (Minecraft) test-mock-player lost connection: Server closed
[11:39:30] [Server thread/INFO] (Minecraft) [Dormant] test-mock-player left the game
[11:39:30] [Server thread/INFO] (Minecraft) test-mock-player lost connection: Server closed
[11:39:30] [Server thread/INFO] (Minecraft) [Dormant] test-mock-player left the game
[11:39:30] [Server thread/INFO] (Minecraft) test-mock-player lost connection: Server closed
[11:39:30] [Server thread/INFO] (Minecraft) [Dormant] test-mock-player left the game
[11:39:30] [Server thread/INFO] (Minecraft) test-mock-player lost connection: Server closed
[11:39:30] [Server thread/INFO] (Minecraft) [Unmarked] test-mock-player left the game
[11:39:30] [Server thread/INFO] (Minecraft) test-mock-player lost connection: Server closed
[11:39:30] [Server thread/INFO] (Minecraft) [Dormant] test-mock-player left the game
[11:39:30] [Server thread/INFO] (Minecraft) test-mock-player lost connection: Server closed
[11:39:30] [Server thread/INFO] (Minecraft) [Dormant] test-mock-player left the game
[11:39:30] [Server thread/INFO] (Minecraft) test-mock-player lost connection: Server closed
[11:39:30] [Server thread/INFO] (Minecraft) [Dormant] test-mock-player left the game
[11:39:30] [Server thread/INFO] (Minecraft) test-mock-player lost connection: Server closed
[11:39:30] [Server thread/INFO] (Minecraft) [Dormant] test-mock-player left the game
[11:39:30] [Server thread/INFO] (Minecraft) test-mock-player lost connection: Server closed
[11:39:30] [Server thread/INFO] (Minecraft) [Dormant] test-mock-player left the game
[11:39:30] [Server thread/INFO] (Minecraft) test-mock-player lost connection: Server closed
[11:39:30] [Server thread/INFO] (Minecraft) [Dormant] test-mock-player left the game
[11:39:30] [Server thread/INFO] (Minecraft) test-mock-player lost connection: Server closed
[11:39:30] [Server thread/INFO] (Minecraft) [Dormant] test-mock-player left the game
[11:39:30] [Server thread/INFO] (Minecraft) test-mock-player lost connection: Server closed
[11:39:30] [Server thread/INFO] (Minecraft) [Dormant] test-mock-player left the game
[11:39:30] [Server thread/INFO] (Minecraft) test-mock-player lost connection: Server closed
[11:39:30] [Server thread/INFO] (Minecraft) [Dormant] test-mock-player left the game
[11:39:30] [Server thread/INFO] (Minecraft) test-mock-player lost connection: Server closed
[11:39:30] [Server thread/INFO] (Minecraft) [Dormant] test-mock-player left the game
[11:39:30] [Server thread/INFO] (Minecraft) test-mock-player lost connection: Server closed
[11:39:30] [Server thread/INFO] (Minecraft) [Dormant] test-mock-player left the game
[11:39:30] [Server thread/INFO] (Minecraft) test-mock-player lost connection: Server closed
[11:39:30] [Server thread/INFO] (Minecraft) [Dormant] test-mock-player left the game
[11:39:30] [Server thread/INFO] (Minecraft) test-mock-player lost connection: Server closed
[11:39:30] [Server thread/INFO] (Minecraft) [Dormant] test-mock-player left the game
[11:39:30] [Server thread/INFO] (Minecraft) test-mock-player lost connection: Server closed
[11:39:30] [Server thread/INFO] (Minecraft) [Dormant] test-mock-player left the game
[11:39:30] [Server thread/INFO] (Minecraft) test-mock-player lost connection: Server closed
[11:39:30] [Server thread/INFO] (Minecraft) [Dormant] test-mock-player left the game
[11:39:30] [Server thread/INFO] (Minecraft) test-mock-player lost connection: Server closed
[11:39:30] [Server thread/INFO] (Minecraft) [Dormant] test-mock-player left the game
[11:39:30] [Server thread/INFO] (Minecraft) test-mock-player lost connection: Server closed
[11:39:30] [Server thread/INFO] (Minecraft) [Dormant] test-mock-player left the game
[11:39:30] [Server thread/INFO] (Minecraft) test-mock-player lost connection: Server closed
[11:39:30] [Server thread/INFO] (Minecraft) [Dormant] test-mock-player left the game
[11:39:30] [Server thread/INFO] (Minecraft) test-mock-player lost connection: Server closed
[11:39:30] [Server thread/INFO] (Minecraft) [Dormant] test-mock-player left the game
[11:39:30] [Server thread/INFO] (Minecraft) test-mock-player lost connection: Server closed
[11:39:30] [Server thread/INFO] (Minecraft) [Dormant] test-mock-player left the game
[11:39:30] [Server thread/INFO] (Minecraft) test-mock-player lost connection: Server closed
[11:39:30] [Server thread/INFO] (Minecraft) [Dormant] test-mock-player left the game
[11:39:30] [Server thread/INFO] (Minecraft) test-mock-player lost connection: Server closed
[11:39:30] [Server thread/INFO] (Minecraft) [Dormant] test-mock-player left the game
[11:39:30] [Server thread/INFO] (Minecraft) test-mock-player lost connection: Server closed
[11:39:30] [Server thread/INFO] (Minecraft) [Unmarked] test-mock-player left the game
[11:39:30] [Server thread/INFO] (Minecraft) test-mock-player lost connection: Server closed
[11:39:30] [Server thread/INFO] (Minecraft) [Unmarked] test-mock-player left the game
[11:39:30] [Server thread/INFO] (Minecraft) test-mock-player lost connection: Server closed
[11:39:30] [Server thread/INFO] (Minecraft) [Unmarked] test-mock-player left the game
[11:39:30] [Server thread/INFO] (Minecraft) test-mock-player lost connection: Server closed
[11:39:30] [Server thread/INFO] (Minecraft) [Dormant] test-mock-player left the game
[11:39:30] [Server thread/INFO] (Minecraft) test-mock-player lost connection: Server closed
[11:39:30] [Server thread/INFO] (Minecraft) [Dormant] test-mock-player left the game
[11:39:30] [Server thread/INFO] (Minecraft) test-mock-player lost connection: Server closed
[11:39:30] [Server thread/INFO] (Minecraft) [Nightfall] test-mock-player left the game
[11:39:30] [Server thread/INFO] (Minecraft) test-mock-player lost connection: Server closed
[11:39:30] [Server thread/INFO] (Minecraft) [Dormant] test-mock-player left the game
[11:39:30] [Server thread/INFO] (Minecraft) test-mock-player lost connection: Server closed
[11:39:30] [Server thread/INFO] (Minecraft) [Dormant] test-mock-player left the game
[11:39:30] [Server thread/INFO] (Minecraft) test-mock-player lost connection: Server closed
[11:39:30] [Server thread/INFO] (Minecraft) [Dormant] test-mock-player left the game
[11:39:30] [Server thread/INFO] (Minecraft) test-mock-player lost connection: Server closed
[11:39:30] [Server thread/INFO] (Minecraft) [Dormant] test-mock-player left the game
[11:39:30] [Server thread/INFO] (Minecraft) test-mock-player lost connection: Server closed
[11:39:30] [Server thread/INFO] (Minecraft) [Nightfall] test-mock-player left the game
[11:39:30] [Server thread/INFO] (Minecraft) test-mock-player lost connection: Server closed
[11:39:30] [Server thread/INFO] (Minecraft) [Dormant] test-mock-player left the game
[11:39:30] [Server thread/INFO] (Minecraft) test-mock-player lost connection: Server closed
[11:39:30] [Server thread/INFO] (Minecraft) [Dormant] test-mock-player left the game
[11:39:30] [Server thread/INFO] (Minecraft) test-mock-player lost connection: Server closed
[11:39:30] [Server thread/INFO] (Minecraft) [Dormant] test-mock-player left the game
[11:39:30] [Server thread/INFO] (Minecraft) test-mock-player lost connection: Server closed
[11:39:30] [Server thread/INFO] (Minecraft) [Unmarked] test-mock-player left the game
[11:39:30] [Server thread/INFO] (Minecraft) test-mock-player lost connection: Server closed
[11:39:30] [Server thread/INFO] (Minecraft) [Dormant] test-mock-player left the game
[11:39:30] [Server thread/INFO] (Minecraft) test-mock-player lost connection: Server closed
[11:39:30] [Server thread/INFO] (Minecraft) [Dormant] test-mock-player left the game
[11:39:30] [Server thread/INFO] (Minecraft) test-mock-player lost connection: Server closed
[11:39:30] [Server thread/INFO] (Minecraft) [Dormant] test-mock-player left the game
[11:39:30] [Server thread/INFO] (Minecraft) test-mock-player lost connection: Server closed
[11:39:30] [Server thread/INFO] (Minecraft) [Nightfall] test-mock-player left the game
[11:39:30] [Server thread/INFO] (Minecraft) Saving worlds
[11:39:31] [Server thread/INFO] (Minecraft) Saving chunks for level 'ServerLevel[Test Level]'/minecraft:overworld
[11:39:32] [Server thread/INFO] (Minecraft) Saving chunks for level 'ServerLevel[Test Level]'/minecraft:the_nether
[11:39:32] [Server thread/INFO] (Minecraft) Saving chunks for level 'ServerLevel[Test Level]'/powers:dark_realm
[11:39:32] [Server thread/INFO] (Minecraft) Saving chunks for level 'ServerLevel[Test Level]'/powers:light_realm
[11:39:32] [Server thread/INFO] (Minecraft) Saving chunks for level 'ServerLevel[Test Level]'/minecraft:the_end
[11:39:32] [Server thread/INFO] (Minecraft) Saving chunks for level 'ServerLevel[Test Level]'/qa010_hostile:synthetic
[11:39:32] [Server thread/INFO] (Minecraft) ThreadedAnvilChunkStorage (world): All chunks are saved
[11:39:32] [Server thread/INFO] (Minecraft) ThreadedAnvilChunkStorage (DIM-1): All chunks are saved
[11:39:32] [Server thread/INFO] (Minecraft) ThreadedAnvilChunkStorage (dark_realm): All chunks are saved
[11:39:32] [Server thread/INFO] (Minecraft) ThreadedAnvilChunkStorage (light_realm): All chunks are saved
[11:39:32] [Server thread/INFO] (Minecraft) ThreadedAnvilChunkStorage (DIM1): All chunks are saved
[11:39:32] [Server thread/INFO] (Minecraft) ThreadedAnvilChunkStorage (synthetic): All chunks are saved
[11:39:32] [Server thread/INFO] (Minecraft) ThreadedAnvilChunkStorage: All dimensions are saved
[11:39:32] [Server thread/INFO] (Minecraft) Game test server shutting down

> Task :runGameTest FAILED

FAILURE: Build failed with an exception.

* What went wrong:
Execution failed for task ':runGameTest' (registered by plugin 'fabric-loom').
> Process 'command '/opt/homebrew/Cellar/openjdk@25/25.0.4/libexec/openjdk.jdk/Contents/Home/bin/java'' finished with non-zero exit value 2

* Try:
> Run with --stacktrace option to get the stack trace.
> Run with --info or --debug option to get more log output.
> Run with --scan to get full insights from a Build Scan (powered by Develocity).
> Get more help at https://help.gradle.org.

BUILD FAILED in 1m 42s
15 actionable tasks: 15 executed
