To honour the JVM settings for this build a single-use Daemon process will be forked. For more on this, please refer to https://docs.gradle.org/9.5.1/userguide/gradle_daemon.html#sec:disabling_the_daemon in the Gradle documentation.
Daemon will be stopped at the end of the build

> Configure project :
Fabric Loom: 1.17.19

> Task :auditJavaSources
> Task :auditNonItemAssets
> Task :compileJava
> Task :processResources
> Task :classes
> Task :compileClientJava
> Task :processClientResources
> Task :clientClasses
> Task :compileExampleExtensionJava
> Task :processExampleExtensionResources
> Task :exampleExtensionClasses
> Task :compileGametestJava
> Task :deleteGameTestRunDir
> Task :acceptGameTestEula
> Task :generateLog4jConfig
> Task :generateDLIConfig
> Task :configureLaunch
> Task :processGametestResources
> Task :gametestClasses

> Task :runGameTest
[11:45:35] [main/INFO] (FabricLoader/GameProvider) Loading Minecraft 26.2 with Fabric Loader 0.19.3
[11:45:35] [main/INFO] (FabricLoader/Mappings) Mappings not present!
[11:45:35] [main/INFO] (FabricLoader) Loading 45 mods:
	- fabric-api 0.156.0+26.2
	   |-- fabric-key-mapping-api-v1 2.0.5+e2bdee789e
	   |-- fabric-model-loading-api-v1 8.0.16+c80601bb9e
	   |-- fabric-renderer-api-v1 14.1.3+2b0d8a229e
	   |-- fabric-renderer-indigo 9.1.3+2b0d8a229e
	   |-- fabric-rendering-v1 25.3.2+515ac5339e
	   |-- fabric-screen-api-v1 5.1.0+48e3c0b09e
	   \-- fabric-sound-api-v1 2.0.5+11a26f319e
	- fabric-api-base 2.0.4+ece063239e
	- fabric-api-lookup-api-v1 2.0.17+11e1c9a39e
	- fabric-biome-api-v1 18.0.6+c7bd5b8e9e
	- fabric-block-api-v1 3.0.3+ec56b6019e
	- fabric-block-getter-api-v2 2.0.7+ec56b6019e
	- fabric-command-api-v2 3.1.0+00cb03469e
	- fabric-content-registries-v0 11.3.0+d0a699d09e
	- fabric-convention-tags-v2 4.7.0+1f023a9e9e
	- fabric-crash-report-info-v1 1.0.5+086d547a9e
	- fabric-creative-tab-api-v1 5.0.14+d871b99e9e
	- fabric-data-attachment-api-v1 2.2.18+515ac5339e
	- fabric-data-generation-api-v1 25.5.0+aed122aa9e
	- fabric-debug-api-v1 1.0.2+c792624d9e
	- fabric-dimensions-v1 5.1.11+515ac5339e
	- fabric-entity-events-v1 5.0.5+06488ac19e
	- fabric-events-interaction-v0 5.2.7+515ac5339e
	- fabric-game-rule-api-v1 4.0.8+46a6d00c9e
	- fabric-gametest-api-v1 4.0.21+4a7fa0819e
	- fabric-item-api-v1 14.4.0+49a69a7b9e
	- fabric-lifecycle-events-v1 4.1.3+4575b05f9e
	- fabric-loot-api-v3 3.0.17+06488ac19e
	- fabric-menu-api-v1 2.0.16+086d547a9e
	- fabric-message-api-v1 7.0.7+086d547a9e
	- fabric-networking-api-v1 6.3.3+72073ef09e
	- fabric-object-builder-api-v1 24.1.0+6fcd5f039e
	- fabric-particles-v1 5.0.18+d1756aa99e
	- fabric-permission-api-v1 1.0.4+536fad2f9e
	- fabric-recipe-api-v1 9.0.20+11e1c9a39e
	- fabric-registry-sync-v0 7.1.0+c7bd5b8e9e
	- fabric-rendering-fluids-v1 6.0.4+06488ac19e
	- fabric-resource-conditions-api-v1 6.1.0+10e9a28b9e
	- fabric-resource-loader-v0 3.3.20+4fc5413f9e
	- fabric-resource-loader-v1 2.0.13+9edec1269e
	- fabric-serialization-api-v1 2.0.4+11a26f319e
	- fabric-tag-api-v1 2.1.4+515ac5339e
	- fabric-transfer-api-v1 8.0.12+11dbb7d79e
	- fabric-transitive-access-wideners-v1 8.1.4+67c847259e
	- fabricloader 0.19.3
	- java 25
	- minecraft 26.2
	- mixinextras 0.5.4
	- powers 1.0.2
	- powers-example-extension 1.0.0
	- powers-gametest 1.0.0
[11:45:35] [main/INFO] (FabricLoader/Mixin) SpongePowered MIXIN Subsystem Version=0.8.7 Source=file:<HOME>/.gradle/caches/modules-2/files-2.1/net.fabricmc/sponge-mixin/0.17.3+mixin.0.8.7/41c4a3984a80f4679e759fb9f495587acc5cdac7/sponge-mixin-0.17.3+mixin.0.8.7.jar Service=Knot/Fabric Env=SERVER
[11:45:35] [main/INFO] (FabricLoader/Mixin) Compatibility level set to JAVA_25
[11:45:35] [main/INFO] (FabricLoader/MixinExtras|Service) Initializing MixinExtras via com.llamalad7.mixinextras.service.MixinExtrasServiceImpl(version=0.5.4).
[11:45:39] [main/INFO] (powers) POWERS config validation: revision=1; adjustments=0; retained=0; dropped=0
[11:45:39] [main/INFO] (powers) Loaded rank mazes: 28 light nodes, 28 darkness nodes
[11:45:40] [main/INFO] (powers) Magic collision kernel loaded: 64 actions, 2080 exhaustive interactions
[11:45:40] [main/INFO] (powers) POWERS framework initialized with 23 power(s)
[11:45:40] [main/INFO] (Minecraft) Environment: Environment[sessionHost=https://sessionserver.mojang.com, servicesHost=https://api.minecraftservices.com, profilesHost=https://api.mojang.com, name=PROD]
[11:45:40] [main/INFO] (FabricGameTestRunner) Starting test server
[11:45:41] [main/INFO] (Minecraft) Loaded 1605 recipes
[11:45:41] [main/INFO] (Minecraft) Loaded 1713 advancements
[11:45:41] [main/INFO] (powers) Staged 2 initial action aliases until extension registration
[11:45:41] [main/INFO] (powers) Loaded 14 Shadow knowledge entries
[11:45:41] [main/INFO] (BiomeModificationImpl) Applied 0 biome modifications to 0 of 69 new biomes in 1.512 ms
[11:45:41] [Server thread/INFO] (powers) Published action registry revision 2 with 110 canonical keys and 2 aliases
[11:45:41] [Server thread/INFO] (Minecraft) Selecting global world spawn...
[11:45:41] [Server thread/INFO] (Minecraft) Loading 0 persistent chunks...
[11:45:41] [Server thread/INFO] (Minecraft) Preparing spawn area: 100%
[11:45:41] [Server thread/INFO] (Minecraft) Time elapsed: 271 ms
[11:45:41] [Server thread/INFO] (Minecraft) Started game test server
[11:45:42] [Server thread/INFO] (Minecraft) 131 tests are now running at position -5540267, -59, -7099417!
[11:45:42] [Server thread/INFO] (Minecraft) Running test environment 'powers:packet_fault_isolated' batch 0 (4 tests)...
[11:45:42] [Server thread/INFO] (Minecraft) test-mock-player[embedded] logged in with entity id 1 at (0.0, 0.0, 0.0)
[11:45:42] [Server thread/INFO] (Minecraft) [Dormant] test-mock-player joined the game
[11:45:43] [Server thread/INFO] (Minecraft) [+++_                                                                                                                               ]
[11:45:43] [Server thread/INFO] (Minecraft) [+++_                                                                                                                               ]
[11:45:43] [Server thread/INFO] (Minecraft) test-mock-player[embedded] logged in with entity id 40 at (0.0, 0.0, 0.0)
[11:45:43] [Server thread/INFO] (Minecraft) [Dormant] test-mock-player joined the game
[11:45:43] [Server thread/INFO] (Minecraft) [+++_                                                                                                                               ]
[11:45:43] [Server thread/INFO] (Minecraft) test-mock-player[embedded] logged in with entity id 45 at (0.0, 0.0, 0.0)
[11:45:43] [Server thread/INFO] (Minecraft) [Dormant] test-mock-player joined the game
[11:45:43] [Server thread/INFO] (Minecraft) [Dormant] test-mock-player has made the advancement [We Need to Go Deeper]
[11:45:43] [Server thread/INFO] (Minecraft) test-mock-player[embedded] logged in with entity id 68 at (0.0, 0.0, 0.0)
[11:45:43] [Server thread/INFO] (Minecraft) [Dormant] test-mock-player joined the game
[11:45:43] [Server thread/INFO] (Minecraft) [+++_                                                                                                                               ]
[11:45:43] [Server thread/INFO] (Minecraft) test-mock-player[embedded] logged in with entity id 73 at (0.0, 0.0, 0.0)
[11:45:43] [Server thread/INFO] (Minecraft) [Dormant] test-mock-player joined the game
[11:45:43] [Server thread/INFO] (Minecraft) test-mock-player lost connection: QA-009 disconnect lifecycle
[11:45:43] [Server thread/INFO] (Minecraft) [Dormant] test-mock-player left the game
[11:45:43] [Server thread/INFO] (Minecraft) test-mock-player[embedded] logged in with entity id 78 at (0.0, 0.0, 0.0)
[11:45:43] [Server thread/INFO] (Minecraft) [Dormant] test-mock-player joined the game
[11:45:43] [Server thread/INFO] (Minecraft) [+++_                                                                                                                               ]
[11:45:43] [Server thread/INFO] (Minecraft) [+++_                                                                                                                               ]
[11:45:43] [Server thread/INFO] (Minecraft) [+++_                                                                                                                               ]
[11:45:43] [Server thread/INFO] (Minecraft) [+++_                                                                                                                               ]
[11:45:43] [Server thread/INFO] (Minecraft) [+++_                                                                                                                               ]
[11:45:43] [Server thread/INFO] (Minecraft) [+++_                                                                                                                               ]
[11:45:43] [Server thread/INFO] (Minecraft) [+++_                                                                                                                               ]
[11:45:43] [Server thread/INFO] (Minecraft) [+++_                                                                                                                               ]
[11:45:43] [Server thread/INFO] (Minecraft) [+++_                                                                                                                               ]
[11:45:43] [Server thread/INFO] (Minecraft) [+++_                                                                                                                               ]
[11:45:43] [Server thread/INFO] (Minecraft) [+++_                                                                                                                               ]
[11:45:43] [Server thread/INFO] (Minecraft) [+++_                                                                                                                               ]
[11:45:44] [Server thread/INFO] (Minecraft) [+++_                                                                                                                               ]
[11:45:44] [Server thread/INFO] (Minecraft) [+++_                                                                                                                               ]
[11:45:44] [Server thread/INFO] (Minecraft) [+++_                                                                                                                               ]
[11:45:44] [Server thread/INFO] (Minecraft) [+++_                                                                                                                               ]
[11:45:44] [Server thread/INFO] (Minecraft) [+++_                                                                                                                               ]
[11:45:44] [Server thread/INFO] (Minecraft) [+++_                                                                                                                               ]
[11:45:44] [Server thread/INFO] (Minecraft) [+++_                                                                                                                               ]
[11:45:44] [Server thread/INFO] (Minecraft) [+++_                                                                                                                               ]
[11:45:44] [Server thread/INFO] (Minecraft) [+++_                                                                                                                               ]
[11:45:44] [Server thread/INFO] (Minecraft) [+++_                                                                                                                               ]
[11:45:44] [Server thread/INFO] (Minecraft) [+++_                                                                                                                               ]
[11:45:44] [Server thread/INFO] (Minecraft) [+++_                                                                                                                               ]
[11:45:44] [Server thread/INFO] (Minecraft) [+++_                                                                                                                               ]
[11:45:44] [Server thread/INFO] (Minecraft) [+++_                                                                                                                               ]
[11:45:44] [Server thread/INFO] (Minecraft) [+++_                                                                                                                               ]
[11:45:44] [Server thread/INFO] (Minecraft) [+++_                                                                                                                               ]
[11:45:44] [Server thread/INFO] (Minecraft) [+++_                                                                                                                               ]
[11:45:44] [Server thread/INFO] (Minecraft) [+++_                                                                                                                               ]
[11:45:44] [Server thread/INFO] (Minecraft) Running test environment 'qa010_hostile:travel_graph' batch 0 (1 tests)...
[11:45:44] [Server thread/INFO] (Minecraft) test-mock-player[embedded] logged in with entity id 281 at (0.0, 0.0, 0.0)
[11:45:44] [Server thread/INFO] (Minecraft) [Dormant] test-mock-player joined the game
[11:45:44] [Server thread/INFO] (Minecraft) [++++_                                                                                                                              ]
[11:45:44] [Server thread/INFO] (Minecraft) [++++_                                                                                                                              ]
[11:45:44] [Server thread/INFO] (Minecraft) [++++_                                                                                                                              ]
[11:45:44] [Server thread/INFO] (Minecraft) Running test environment 'powers:artifact_recents_isolated' batch 0 (1 tests)...
[11:45:44] [Server thread/INFO] (Minecraft) test-mock-player[embedded] logged in with entity id 358 at (0.0, 0.0, 0.0)
[11:45:44] [Server thread/INFO] (Minecraft) [Dormant] test-mock-player joined the game
[11:45:44] [Server thread/INFO] (Minecraft) Running test environment 'powers:fx_lod_isolated' batch 0 (1 tests)...
[11:45:44] [Server thread/INFO] (Minecraft) [++++++                                                                                                                             ]
[11:45:44] [Server thread/INFO] (Minecraft) test-mock-player[embedded] logged in with entity id 373 at (0.0, 0.0, 0.0)
[11:45:44] [Server thread/INFO] (Minecraft) [Dormant] test-mock-player joined the game
[11:45:44] [Server thread/INFO] (Minecraft) test-mock-player[embedded] logged in with entity id 374 at (0.0, 0.0, 0.0)
[11:45:44] [Server thread/INFO] (Minecraft) [Dormant] test-mock-player joined the game
[11:45:44] [Server thread/INFO] (Minecraft) test-mock-player[embedded] logged in with entity id 375 at (0.0, 0.0, 0.0)
[11:45:44] [Server thread/INFO] (Minecraft) [Dormant] test-mock-player joined the game
[11:45:44] [Server thread/INFO] (Minecraft) Running test environment 'powers:artifact_authority_isolated' batch 0 (1 tests)...
[11:45:44] [Server thread/INFO] (Minecraft) [+++++++                                                                                                                            ]
[11:45:44] [Server thread/INFO] (Minecraft) test-mock-player[embedded] logged in with entity id 386 at (0.0, 0.0, 0.0)
[11:45:44] [Server thread/INFO] (Minecraft) [Dormant] test-mock-player joined the game
[11:45:44] [Server thread/INFO] (Minecraft) Running test environment 'powers:artifact_stale_teleport_isolated' batch 0 (1 tests)...
[11:45:44] [Server thread/INFO] (Minecraft) test-mock-player[embedded] logged in with entity id 398 at (0.0, 0.0, 0.0)
[11:45:44] [Server thread/INFO] (Minecraft) [Dormant] test-mock-player joined the game
[11:45:44] [Server thread/INFO] (Minecraft) Running test environment 'powers:invasion_isolated' batch 0 (1 tests)...
[11:45:44] [Server thread/INFO] (Minecraft) [+++++++++                                                                                                                          ]
[11:45:44] [Server thread/INFO] (Minecraft) test-mock-player[embedded] logged in with entity id 399 at (0.0, 0.0, 0.0)
[11:45:44] [Server thread/INFO] (Minecraft) [Dormant] test-mock-player joined the game
[11:45:44] [Server thread/INFO] (Minecraft) [+++++++++_                                                                                                                         ]
[11:45:44] [Server thread/INFO] (Minecraft) [+++++++++_                                                                                                                         ]
[11:45:44] [Server thread/INFO] (Minecraft) [+++++++++_                                                                                                                         ]
[11:45:44] [Server thread/INFO] (Minecraft) [+++++++++_                                                                                                                         ]
[11:45:44] [Server thread/INFO] (Minecraft) [+++++++++_                                                                                                                         ]
[11:45:44] [Server thread/INFO] (Minecraft) [+++++++++_                                                                                                                         ]
[11:45:44] [Server thread/INFO] (Minecraft) [+++++++++_                                                                                                                         ]
[11:45:44] [Server thread/INFO] (Minecraft) [+++++++++_                                                                                                                         ]
[11:45:44] [Server thread/INFO] (Minecraft) [+++++++++_                                                                                                                         ]
[11:45:44] [Server thread/INFO] (Minecraft) [+++++++++_                                                                                                                         ]
[11:45:44] [Server thread/INFO] (Minecraft) [+++++++++_                                                                                                                         ]
[11:45:44] [Server thread/INFO] (Minecraft) [+++++++++_                                                                                                                         ]
[11:45:44] [Server thread/INFO] (Minecraft) [+++++++++_                                                                                                                         ]
[11:45:45] [Server thread/INFO] (Minecraft) [+++++++++_                                                                                                                         ]
[11:45:45] [Server thread/INFO] (Minecraft) [+++++++++_                                                                                                                         ]
[11:45:45] [Server thread/INFO] (Minecraft) [+++++++++_                                                                                                                         ]
[11:45:45] [Server thread/INFO] (Minecraft) [+++++++++_                                                                                                                         ]
[11:45:45] [Server thread/INFO] (Minecraft) [+++++++++_                                                                                                                         ]
[11:45:45] [Server thread/INFO] (Minecraft) [+++++++++_                                                                                                                         ]
[11:45:45] [Server thread/INFO] (Minecraft) [+++++++++_                                                                                                                         ]
[11:45:45] [Server thread/INFO] (Minecraft) [+++++++++_                                                                                                                         ]
[11:45:45] [Server thread/INFO] (Minecraft) Running test environment 'qa010_hostile:synthetic_reload' batch 0 (1 tests)...
[11:45:45] [Server thread/INFO] (Minecraft) test-mock-player[embedded] logged in with entity id 432 at (0.0, 0.0, 0.0)
[11:45:45] [Server thread/INFO] (Minecraft) [Dormant] test-mock-player joined the game
[11:45:45] [Server thread/INFO] (Minecraft) Loaded 1605 recipes
[11:45:45] [Server thread/INFO] (Minecraft) Loaded 1713 advancements
[11:45:45] [Server thread/INFO] (powers) Published action registry revision 3 with 110 canonical keys and 2 aliases
[11:45:45] [Server thread/INFO] (powers) Loaded 14 Shadow knowledge entries
[11:45:45] [Server thread/INFO] (Minecraft) [++++++++++_                                                                                                                        ]
[11:45:45] [Server thread/INFO] (Minecraft) [++++++++++_                                                                                                                        ]
[11:45:45] [Server thread/INFO] (Minecraft) [++++++++++_                                                                                                                        ]
[11:45:46] [Server thread/INFO] (Minecraft) [++++++++++_                                                                                                                        ]
[11:45:46] [Server thread/INFO] (Minecraft) [++++++++++_                                                                                                                        ]
[11:45:46] [Server thread/INFO] (Minecraft) [++++++++++_                                                                                                                        ]
[11:45:46] [Server thread/INFO] (Minecraft) [++++++++++_                                                                                                                        ]
[11:45:46] [Server thread/INFO] (Minecraft) [++++++++++_                                                                                                                        ]
[11:45:46] [Server thread/INFO] (Minecraft) [++++++++++_                                                                                                                        ]
[11:45:46] [Server thread/INFO] (Minecraft) [++++++++++_                                                                                                                        ]
[11:45:46] [Server thread/INFO] (Minecraft) [++++++++++_                                                                                                                        ]
[11:45:46] [Server thread/INFO] (Minecraft) Running test environment 'powers:crystal_invalidation_isolated' batch 0 (1 tests)...
[11:45:46] [Server thread/INFO] (Minecraft) test-mock-player[embedded] logged in with entity id 686 at (0.0, 0.0, 0.0)
[11:45:46] [Server thread/INFO] (Minecraft) [Dormant] test-mock-player joined the game
[11:45:46] [Server thread/INFO] (Minecraft) Running test environment 'powers:vfx_gallery' batch 0 (1 tests)...
[11:45:46] [Server thread/INFO] (Minecraft) test-mock-player[embedded] logged in with entity id 687 at (0.0, 0.0, 0.0)
[11:45:46] [Server thread/INFO] (Minecraft) [Dormant] test-mock-player joined the game
[11:45:46] [Server thread/INFO] (Minecraft) Running test environment 'qa010_hostile:isolated' batch 0 (7 tests)...
[11:45:46] [Server thread/INFO] (Minecraft) test-mock-player[embedded] logged in with entity id 698 at (0.0, 0.0, 0.0)
[11:45:46] [Server thread/INFO] (Minecraft) [Dormant] test-mock-player joined the game
[11:45:46] [Server thread/INFO] (Minecraft) <test-mock-player> shadow, leave me
[11:45:46] [Server thread/INFO] (Minecraft) test-mock-player[embedded] logged in with entity id 701 at (0.0, 0.0, 0.0)
[11:45:46] [Server thread/INFO] (Minecraft) [Dormant] test-mock-player joined the game
[11:45:46] [Server thread/INFO] (Minecraft) test-mock-player[embedded] logged in with entity id 702 at (0.0, 0.0, 0.0)
[11:45:46] [Server thread/INFO] (Minecraft) [Dormant] test-mock-player joined the game
[11:45:46] [Server thread/INFO] (Minecraft) test-mock-player[embedded] logged in with entity id 707 at (0.0, 0.0, 0.0)
[11:45:46] [Server thread/INFO] (Minecraft) [Dormant] test-mock-player joined the game
[11:45:46] [Server thread/INFO] (Minecraft) [Dormant] test-mock-player has made the advancement [Monster Hunter]
[11:45:46] [Server thread/INFO] (Minecraft) test-mock-player[embedded] logged in with entity id 712 at (0.0, 0.0, 0.0)
[11:45:46] [Server thread/INFO] (Minecraft) [Dormant] test-mock-player joined the game
[11:45:46] [Server thread/INFO] (Minecraft) test-mock-player[embedded] logged in with entity id 713 at (0.0, 0.0, 0.0)
[11:45:46] [Server thread/INFO] (Minecraft) [Dormant] test-mock-player joined the game
[11:45:46] [Server thread/INFO] (Minecraft) test-mock-player[embedded] logged in with entity id 715 at (0.0, 0.0, 0.0)
[11:45:46] [Server thread/INFO] (Minecraft) [Dormant] test-mock-player joined the game
[11:45:46] [Server thread/INFO] (Minecraft) test-mock-player[embedded] logged in with entity id 717 at (0.0, 0.0, 0.0)
[11:45:46] [Server thread/INFO] (Minecraft) [Dormant] test-mock-player joined the game
[11:45:47] [Server thread/INFO] (Minecraft) [Dormant] test-mock-player has made the advancement [We Need to Go Deeper]
[11:45:48] [Server thread/INFO] (Minecraft) [++++++++++++++_++++_                                                                                                               ]
[11:45:48] [Server thread/INFO] (Minecraft) [++++++++++++++_+++++                                                                                                               ]
[11:45:48] [Server thread/INFO] (Minecraft) [++++++++++++++_+++++                                                                                                               ]
[11:45:48] [Server thread/INFO] (Minecraft) [Dormant] test-mock-player fell out of the world
[11:45:48] [Server thread/INFO] (Minecraft) [++++++++++++++_+++++                                                                                                               ]
[11:45:48] [Server thread/INFO] (Minecraft) [++++++++++++++_+++++                                                                                                               ]
[11:45:48] [Server thread/INFO] (Minecraft) [++++++++++++++_+++++                                                                                                               ]
[11:45:48] [Server thread/INFO] (Minecraft) [++++++++++++++_+++++                                                                                                               ]
[11:45:48] [Server thread/INFO] (Minecraft) Running test environment 'minecraft:default' batch 0 (50 tests)...
[11:45:49] [Server thread/INFO] (Minecraft) test-mock-player[embedded] logged in with entity id 850 at (0.0, 0.0, 0.0)
[11:45:49] [Server thread/INFO] (Minecraft) [Dormant] test-mock-player joined the game
[11:45:49] [Server thread/INFO] (Minecraft) test-mock-player[embedded] logged in with entity id 853 at (0.0, 0.0, 0.0)
[11:45:49] [Server thread/INFO] (Minecraft) [Dormant] test-mock-player joined the game
[11:45:49] [Server thread/INFO] (Minecraft) test-mock-player[embedded] logged in with entity id 854 at (0.0, 0.0, 0.0)
[11:45:49] [Server thread/INFO] (Minecraft) [Dormant] test-mock-player joined the game
[11:45:49] [Server thread/INFO] (Minecraft) test-mock-player[embedded] logged in with entity id 855 at (0.0, 0.0, 0.0)
[11:45:49] [Server thread/INFO] (Minecraft) [Dormant] test-mock-player joined the game
[11:45:49] [Server thread/INFO] (Minecraft) test-mock-player[embedded] logged in with entity id 861 at (0.0, 0.0, 0.0)
[11:45:49] [Server thread/INFO] (Minecraft) [Dormant] test-mock-player joined the game
[11:45:49] [Server thread/INFO] (Minecraft) test-mock-player[embedded] logged in with entity id 862 at (0.0, 0.0, 0.0)
[11:45:49] [Server thread/INFO] (Minecraft) [Dormant] test-mock-player joined the game
[11:45:49] [Server thread/INFO] (Minecraft) test-mock-player[embedded] logged in with entity id 868 at (0.0, 0.0, 0.0)
[11:45:49] [Server thread/INFO] (Minecraft) [Dormant] test-mock-player joined the game
[11:45:49] [Server thread/INFO] (Minecraft) test-mock-player[embedded] logged in with entity id 870 at (0.0, 0.0, 0.0)
[11:45:49] [Server thread/INFO] (Minecraft) [Dormant] test-mock-player joined the game
[11:45:49] [Server thread/INFO] (Minecraft) test-mock-player[embedded] logged in with entity id 872 at (0.0, 0.0, 0.0)
[11:45:49] [Server thread/INFO] (Minecraft) [Dormant] test-mock-player joined the game
[11:45:49] [Server thread/INFO] (Minecraft) <test-mock-player> shadow, hide yourself
[11:45:49] [Server thread/INFO] (Minecraft) <test-mock-player> shadow, leave me
[11:45:49] [Server thread/INFO] (Minecraft) test-mock-player[embedded] logged in with entity id 876 at (0.0, 0.0, 0.0)
[11:45:49] [Server thread/INFO] (Minecraft) [Dormant] test-mock-player joined the game
[11:45:49] [Server thread/INFO] (Minecraft) test-mock-player[embedded] logged in with entity id 877 at (0.0, 0.0, 0.0)
[11:45:49] [Server thread/INFO] (Minecraft) [Dormant] test-mock-player joined the game
[11:45:49] [Server thread/INFO] (Minecraft) test-mock-player[embedded] logged in with entity id 878 at (0.0, 0.0, 0.0)
[11:45:49] [Server thread/INFO] (Minecraft) [Dormant] test-mock-player joined the game
[11:45:49] [Server thread/INFO] (Minecraft) test-mock-player[embedded] logged in with entity id 879 at (0.0, 0.0, 0.0)
[11:45:49] [Server thread/INFO] (Minecraft) [Dormant] test-mock-player joined the game
[11:45:49] [Server thread/INFO] (Minecraft) test-mock-player[embedded] logged in with entity id 884 at (0.0, 0.0, 0.0)
[11:45:49] [Server thread/INFO] (Minecraft) [Dormant] test-mock-player joined the game
[11:45:49] [Server thread/INFO] (Minecraft) test-mock-player[embedded] logged in with entity id 885 at (0.0, 0.0, 0.0)
[11:45:49] [Server thread/INFO] (Minecraft) [Dormant] test-mock-player joined the game
[11:45:49] [Server thread/INFO] (Minecraft) test-mock-player[embedded] logged in with entity id 886 at (0.0, 0.0, 0.0)
[11:45:49] [Server thread/INFO] (Minecraft) [Dormant] test-mock-player joined the game
[11:45:49] [Server thread/INFO] (Minecraft) test-mock-player[embedded] logged in with entity id 888 at (0.0, 0.0, 0.0)
[11:45:49] [Server thread/INFO] (Minecraft) [Dormant] test-mock-player joined the game
[11:45:49] [Server thread/INFO] (Minecraft) test-mock-player[embedded] logged in with entity id 890 at (0.0, 0.0, 0.0)
[11:45:49] [Server thread/INFO] (Minecraft) [Dormant] test-mock-player joined the game
[11:45:49] [Server thread/INFO] (Minecraft) test-mock-player[embedded] logged in with entity id 893 at (0.0, 0.0, 0.0)
[11:45:49] [Server thread/INFO] (Minecraft) [Dormant] test-mock-player joined the game
[11:45:49] [Server thread/INFO] (Minecraft) test-mock-player[embedded] logged in with entity id 895 at (0.0, 0.0, 0.0)
[11:45:49] [Server thread/INFO] (Minecraft) [Dormant] test-mock-player joined the game
[11:45:49] [Server thread/INFO] (Minecraft) test-mock-player[embedded] logged in with entity id 898 at (0.0, 0.0, 0.0)
[11:45:49] [Server thread/INFO] (Minecraft) [Dormant] test-mock-player joined the game
[11:45:49] [Server thread/INFO] (Minecraft) test-mock-player[embedded] logged in with entity id 901 at (0.0, 0.0, 0.0)
[11:45:49] [Server thread/INFO] (Minecraft) [Dormant] test-mock-player joined the game
[11:45:49] [Server thread/INFO] (Minecraft) test-mock-player[embedded] logged in with entity id 904 at (0.0, 0.0, 0.0)
[11:45:49] [Server thread/INFO] (Minecraft) [Dormant] test-mock-player joined the game
[11:45:49] [Server thread/INFO] (Minecraft) test-mock-player[embedded] logged in with entity id 905 at (0.0, 0.0, 0.0)
[11:45:49] [Server thread/INFO] (Minecraft) [Dormant] test-mock-player joined the game
[11:45:49] [Server thread/INFO] (Minecraft) test-mock-player[embedded] logged in with entity id 907 at (0.0, 0.0, 0.0)
[11:45:49] [Server thread/INFO] (Minecraft) [Dormant] test-mock-player joined the game
[11:45:49] [Server thread/INFO] (Minecraft) test-mock-player[embedded] logged in with entity id 908 at (0.0, 0.0, 0.0)
[11:45:49] [Server thread/INFO] (Minecraft) [Dormant] test-mock-player joined the game
[11:45:49] [Server thread/INFO] (Minecraft) <test-mock-player> shadow, hide yourself
[11:45:49] [Server thread/INFO] (Minecraft) Named entity ShadowCompanionEntity['Shadow of test-mock-player'/871, l='ServerLevel[Test Level]', x=-5540261.70, y=-56.00, z=-7099347.22] died: Shadow of test-mock-player died
[11:45:49] [Server thread/INFO] (Minecraft) [++++++++++++++++++++++++++++++++_+++_++_++_+_+__ ++___+++                                                                          ]
[11:45:49] [Server thread/INFO] (Minecraft) test-mock-player[embedded] logged in with entity id 919 at (0.0, 0.0, 0.0)
[11:45:49] [Server thread/INFO] (Minecraft) [Dormant] test-mock-player joined the game
[11:45:49] [Server thread/INFO] (Minecraft) test-mock-player[embedded] logged in with entity id 920 at (0.0, 0.0, 0.0)
[11:45:49] [Server thread/INFO] (Minecraft) [Dormant] test-mock-player joined the game
[11:45:49] [Server thread/INFO] (Minecraft) test-mock-player[embedded] logged in with entity id 921 at (0.0, 0.0, 0.0)
[11:45:49] [Server thread/INFO] (Minecraft) [Dormant] test-mock-player joined the game
[11:45:49] [Server thread/INFO] (Minecraft) test-mock-player[embedded] logged in with entity id 925 at (0.0, 0.0, 0.0)
[11:45:49] [Server thread/INFO] (Minecraft) [Dormant] test-mock-player joined the game
[11:45:49] [Server thread/INFO] (Minecraft) Named entity PowerTestActor['Test_ab515e50'/926, l='ServerLevel[Test Level]', x=-5540203.50, y=-56.00, z=-7099289.50] died: Test_ab515e50 died
[11:45:49] [Server thread/INFO] (Minecraft) test-mock-player[embedded] logged in with entity id 929 at (0.0, 0.0, 0.0)
[11:45:49] [Server thread/INFO] (Minecraft) [Dormant] test-mock-player joined the game
[11:45:49] [Server thread/INFO] (Minecraft) Named entity FirstVessel['The First Vessel'/931, l='ServerLevel[Test Level]', x=-5540173.50, y=-56.00, z=-7099293.50] died: death.attack.powers.celestial_ruin
[11:45:49] [Server thread/INFO] (Minecraft) test-mock-player[embedded] logged in with entity id 934 at (0.0, 0.0, 0.0)
[11:45:49] [Server thread/INFO] (Minecraft) [Dormant] test-mock-player joined the game
[11:45:49] [Server thread/INFO] (Minecraft) test-mock-player[embedded] logged in with entity id 936 at (0.0, 0.0, 0.0)
[11:45:49] [Server thread/INFO] (Minecraft) [Dormant] test-mock-player joined the game
[11:45:49] [Server thread/INFO] (Minecraft) test-mock-player[embedded] logged in with entity id 938 at (0.0, 0.0, 0.0)
[11:45:49] [Server thread/INFO] (Minecraft) [Dormant] test-mock-player joined the game
[11:45:49] [Server thread/INFO] (Minecraft) test-mock-player[embedded] logged in with entity id 940 at (0.0, 0.0, 0.0)
[11:45:49] [Server thread/INFO] (Minecraft) [Dormant] test-mock-player joined the game
[11:45:49] [Server thread/INFO] (Minecraft) test-mock-player[embedded] logged in with entity id 941 at (0.0, 0.0, 0.0)
[11:45:49] [Server thread/INFO] (Minecraft) [Dormant] test-mock-player joined the game
[11:45:49] [Server thread/INFO] (Minecraft) test-mock-player[embedded] logged in with entity id 942 at (0.0, 0.0, 0.0)
[11:45:49] [Server thread/INFO] (Minecraft) [Dormant] test-mock-player joined the game
[11:45:49] [Server thread/INFO] (Minecraft) test-mock-player[embedded] logged in with entity id 943 at (0.0, 0.0, 0.0)
[11:45:49] [Server thread/INFO] (Minecraft) [Dormant] test-mock-player joined the game
[11:45:49] [Server thread/INFO] (Minecraft) test-mock-player[embedded] logged in with entity id 945 at (0.0, 0.0, 0.0)
[11:45:49] [Server thread/INFO] (Minecraft) [Dormant] test-mock-player joined the game
[11:45:49] [Server thread/INFO] (Minecraft) [Dormant] test-mock-player died
[11:45:49] [Server thread/INFO] (Minecraft) [Dormant] test-mock-player died
[11:45:49] [Server thread/INFO] (Minecraft) test-mock-player[embedded] logged in with entity id 963 at (0.0, 0.0, 0.0)
[11:45:49] [Server thread/INFO] (Minecraft) [Dormant] test-mock-player joined the game
[11:45:49] [Server thread/INFO] (Minecraft) [++++++++++++++++++++++++++++++++_+++_++_++_+_++_+++___++++++++++++++++                                                             ]
[11:45:49] [Server thread/INFO] (Minecraft) [++++++++++++++++++++++++++++++++_+++_++_++_+_++_+++__+++++++++++++++++                                                             ]
[11:45:50] [Server thread/INFO] (Minecraft) [++++++++++++++++++++++++++++++++_++++++++++++++++++__+++++++++++++++++                                                             ]
[11:45:50] [Server thread/INFO] (Minecraft) [++++++++++++++++++++++++++++++++_+++++++++++++++++++_+++++++++++++++++                                                             ]
[11:45:50] [Server thread/INFO] (Minecraft) [++++++++++++++++++++++++++++++++_+++++++++++++++++++_+++++++++++++++++                                                             ]
[11:45:50] [Server thread/INFO] (Minecraft) <test-mock-player> shadow, hide yourself
[11:45:50] [Server thread/INFO] (Minecraft) [++++++++++++++++++++++++++++++++++++++++++++++++++++_+++++++++++++++++                                                             ]
[11:45:50] [Server thread/INFO] (Minecraft) [++++++++++++++++++++++++++++++++++++++++++++++++++++_+++++++++++++++++                                                             ]
[11:46:29] [Server thread/INFO] (Minecraft) Running test environment 'minecraft:default' batch 1 (50 tests)...
[11:46:29] [Server thread/INFO] (Minecraft) test-mock-player[embedded] logged in with entity id 1223 at (0.0, 0.0, 0.0)
[11:46:29] [Server thread/INFO] (Minecraft) [Dormant] test-mock-player joined the game
[11:46:29] [Server thread/INFO] (Minecraft) test-mock-player[embedded] logged in with entity id 1224 at (0.0, 0.0, 0.0)
[11:46:29] [Server thread/INFO] (Minecraft) [Dormant] test-mock-player joined the game
[11:46:30] [Server thread/INFO] (Minecraft) test-mock-player[embedded] logged in with entity id 1227 at (0.0, 0.0, 0.0)
[11:46:30] [Server thread/INFO] (Minecraft) [Dormant] test-mock-player joined the game
[11:46:30] [Server thread/INFO] (Minecraft) test-mock-player[embedded] logged in with entity id 1228 at (0.0, 0.0, 0.0)
[11:46:30] [Server thread/INFO] (Minecraft) [Dormant] test-mock-player joined the game
[11:46:30] [Server thread/INFO] (Minecraft) [Dormant] test-mock-player has made the advancement [We Need to Go Deeper]
[11:46:30] [Server thread/INFO] (Minecraft) test-mock-player[embedded] logged in with entity id 1231 at (0.0, 0.0, 0.0)
[11:46:30] [Server thread/INFO] (Minecraft) [Dormant] test-mock-player joined the game
[11:46:30] [Server thread/INFO] (Minecraft) test-mock-player[embedded] logged in with entity id 1232 at (0.0, 0.0, 0.0)
[11:46:30] [Server thread/INFO] (Minecraft) [Dormant] test-mock-player joined the game
[11:46:30] [Server thread/INFO] (Minecraft) test-mock-player[embedded] logged in with entity id 1233 at (0.0, 0.0, 0.0)
[11:46:30] [Server thread/INFO] (Minecraft) [Dormant] test-mock-player joined the game
[11:46:30] [Server thread/INFO] (Minecraft) test-mock-player[embedded] logged in with entity id 1234 at (0.0, 0.0, 0.0)
[11:46:30] [Server thread/INFO] (Minecraft) [Dormant] test-mock-player joined the game
[11:46:30] [Server thread/INFO] (powers) powers_operator_audit action=consent_override result=success actor=test-mock-player subject=test-mock-player detail=teleport
[11:46:30] [Server thread/INFO] (powers) powers_operator_audit action=consent_override result=success actor=test-mock-player subject=test-mock-player detail=locator
[11:46:30] [Server thread/INFO] (powers) powers_operator_audit action=consent_override result=success actor=test-mock-player subject=test-mock-player detail=companion
[11:46:30] [Server thread/INFO] (powers) powers_operator_audit action=consent_override result=success actor=test-mock-player subject=test-mock-player detail=dreamwalk
[11:46:30] [Server thread/INFO] (powers) powers_operator_audit action=consent_override result=success actor=test-mock-player subject=test-mock-player detail=possession
[11:46:30] [Server thread/INFO] (Minecraft) test-mock-player[embedded] logged in with entity id 1235 at (0.0, 0.0, 0.0)
[11:46:30] [Server thread/INFO] (Minecraft) [Dormant] test-mock-player joined the game
[11:46:30] [Server thread/INFO] (powers) powers_operator_audit action=consent_override result=denied actor=test-mock-player subject=test-mock-player detail=deny_energy
[11:46:30] [Server thread/INFO] (powers) powers_operator_audit action=consent_override result=success actor=test-mock-player subject=test-mock-player detail=teleport
[11:46:30] [Server thread/INFO] (Minecraft) test-mock-player[embedded] logged in with entity id 1236 at (0.0, 0.0, 0.0)
[11:46:30] [Server thread/INFO] (Minecraft) [Dormant] test-mock-player joined the game
[11:46:30] [Server thread/INFO] (Minecraft) test-mock-player[embedded] logged in with entity id 1237 at (0.0, 0.0, 0.0)
[11:46:30] [Server thread/INFO] (Minecraft) [Dormant] test-mock-player joined the game
[11:46:30] [Server thread/INFO] (Minecraft) test-mock-player[embedded] logged in with entity id 1238 at (0.0, 0.0, 0.0)
[11:46:30] [Server thread/INFO] (Minecraft) [Dormant] test-mock-player joined the game
[11:46:30] [Server thread/INFO] (Minecraft) test-mock-player[embedded] logged in with entity id 1239 at (0.0, 0.0, 0.0)
[11:46:30] [Server thread/INFO] (Minecraft) [Dormant] test-mock-player joined the game
[11:46:30] [Server thread/INFO] (Minecraft) test-mock-player[embedded] logged in with entity id 1241 at (0.0, 0.0, 0.0)
[11:46:30] [Server thread/INFO] (Minecraft) [Dormant] test-mock-player joined the game
[11:46:30] [Server thread/INFO] (Minecraft) test-mock-player[embedded] logged in with entity id 1245 at (0.0, 0.0, 0.0)
[11:46:30] [Server thread/INFO] (Minecraft) [Dormant] test-mock-player joined the game
[11:46:30] [Server thread/INFO] (Minecraft) test-mock-player[embedded] logged in with entity id 1246 at (0.0, 0.0, 0.0)
[11:46:30] [Server thread/INFO] (Minecraft) [Dormant] test-mock-player joined the game
[11:46:30] [Server thread/INFO] (Minecraft) test-mock-player[embedded] logged in with entity id 1247 at (0.0, 0.0, 0.0)
[11:46:30] [Server thread/INFO] (Minecraft) [Dormant] test-mock-player joined the game
[11:46:30] [Server thread/INFO] (Minecraft) test-mock-player[embedded] logged in with entity id 1254 at (0.0, 0.0, 0.0)
[11:46:30] [Server thread/INFO] (Minecraft) [Dormant] test-mock-player joined the game
[11:46:30] [Server thread/INFO] (Minecraft) test-mock-player[embedded] logged in with entity id 1255 at (0.0, 0.0, 0.0)
[11:46:30] [Server thread/INFO] (Minecraft) [Dormant] test-mock-player joined the game
[11:46:30] [Server thread/INFO] (Minecraft) test-mock-player[embedded] logged in with entity id 1257 at (0.0, 0.0, 0.0)
[11:46:30] [Server thread/INFO] (Minecraft) [Dormant] test-mock-player joined the game
[11:46:30] [Server thread/INFO] (Minecraft) test-mock-player[embedded] logged in with entity id 1258 at (0.0, 0.0, 0.0)
[11:46:30] [Server thread/INFO] (Minecraft) [Dormant] test-mock-player joined the game
[11:46:30] [Server thread/INFO] (Minecraft) test-mock-player[embedded] logged in with entity id 1260 at (0.0, 0.0, 0.0)
[11:46:30] [Server thread/INFO] (Minecraft) [Dormant] test-mock-player joined the game
[11:46:30] [Server thread/INFO] (Minecraft) test-mock-player[embedded] logged in with entity id 1261 at (0.0, 0.0, 0.0)
[11:46:30] [Server thread/INFO] (Minecraft) [Dormant] test-mock-player joined the game
[11:46:30] [Server thread/INFO] (Minecraft) test-mock-player[embedded] logged in with entity id 1262 at (0.0, 0.0, 0.0)
[11:46:30] [Server thread/INFO] (Minecraft) [Dormant] test-mock-player joined the game
[11:46:30] [Server thread/INFO] (Minecraft) test-mock-player[embedded] logged in with entity id 1263 at (0.0, 0.0, 0.0)
[11:46:30] [Server thread/INFO] (Minecraft) [Dormant] test-mock-player joined the game
[11:46:30] [Server thread/INFO] (Minecraft) Named entity PowerTestActor['Target_thunderclap'/1266, l='ServerLevel[Test Level]', x=-5538634.50, y=-55.00, z=-7098966.50] died: Target_thunderclap was consumed by ancient power
[11:46:30] [Server thread/INFO] (Minecraft) test-mock-player[embedded] logged in with entity id 1278 at (0.0, 0.0, 0.0)
[11:46:30] [Server thread/INFO] (Minecraft) [Dormant] test-mock-player joined the game
[11:46:30] [Server thread/INFO] (Minecraft) test-mock-player[embedded] logged in with entity id 1279 at (0.0, 0.0, 0.0)
[11:46:30] [Server thread/INFO] (Minecraft) [Dormant] test-mock-player joined the game
[11:46:30] [Server thread/INFO] (Minecraft) test-mock-player[embedded] logged in with entity id 1280 at (0.0, 0.0, 0.0)
[11:46:30] [Server thread/INFO] (Minecraft) [Dormant] test-mock-player joined the game
[11:46:30] [Server thread/INFO] (Minecraft) test-mock-player[embedded] logged in with entity id 1281 at (0.0, 0.0, 0.0)
[11:46:30] [Server thread/INFO] (Minecraft) [Dormant] test-mock-player joined the game
[11:46:30] [Server thread/INFO] (Minecraft) test-mock-player[embedded] logged in with entity id 1282 at (0.0, 0.0, 0.0)
[11:46:30] [Server thread/INFO] (Minecraft) [Dormant] test-mock-player joined the game
[11:46:30] [Server thread/INFO] (Minecraft) test-mock-player[embedded] logged in with entity id 1283 at (0.0, 0.0, 0.0)
[11:46:30] [Server thread/INFO] (Minecraft) [Dormant] test-mock-player joined the game
[11:46:30] [Server thread/INFO] (Minecraft) test-mock-player[embedded] logged in with entity id 1284 at (0.0, 0.0, 0.0)
[11:46:30] [Server thread/INFO] (Minecraft) [Dormant] test-mock-player joined the game
[11:46:30] [Server thread/INFO] (Minecraft) test-mock-player[embedded] logged in with entity id 1285 at (0.0, 0.0, 0.0)
[11:46:30] [Server thread/INFO] (Minecraft) [Dormant] test-mock-player joined the game
[11:46:30] [Server thread/INFO] (Minecraft) test-mock-player[embedded] logged in with entity id 1286 at (0.0, 0.0, 0.0)
[11:46:30] [Server thread/INFO] (Minecraft) [Dormant] test-mock-player joined the game
[11:46:30] [Server thread/INFO] (Minecraft) test-mock-player[embedded] logged in with entity id 1287 at (0.0, 0.0, 0.0)
[11:46:30] [Server thread/INFO] (Minecraft) [Dormant] test-mock-player joined the game
[11:46:30] [Server thread/INFO] (Minecraft) test-mock-player[embedded] logged in with entity id 1288 at (0.0, 0.0, 0.0)
[11:46:30] [Server thread/INFO] (Minecraft) [Dormant] test-mock-player joined the game
[11:46:30] [Server thread/INFO] (Minecraft) test-mock-player[embedded] logged in with entity id 1289 at (0.0, 0.0, 0.0)
[11:46:30] [Server thread/INFO] (Minecraft) [Dormant] test-mock-player joined the game
[11:46:30] [Server thread/INFO] (Minecraft) test-mock-player[embedded] logged in with entity id 1292 at (0.0, 0.0, 0.0)
[11:46:30] [Server thread/INFO] (Minecraft) [Dormant] test-mock-player joined the game
[11:46:30] [Server thread/INFO] (Minecraft) test-mock-player[embedded] logged in with entity id 1298 at (0.0, 0.0, 0.0)
[11:46:30] [Server thread/INFO] (Minecraft) [Dormant] test-mock-player joined the game
[11:46:30] [Server thread/INFO] (powers) PERF-012 identical mixed AI: queries=24, cacheHits=12, inspections=348, legacyInspections=540, reductionPercent=35.56
[11:46:30] [Server thread/INFO] (Minecraft) test-mock-player[embedded] logged in with entity id 1486 at (0.0, 0.0, 0.0)
[11:46:30] [Server thread/INFO] (Minecraft) [Dormant] test-mock-player joined the game
[11:46:30] [Server thread/INFO] (Minecraft) test-mock-player[embedded] logged in with entity id 1487 at (0.0, 0.0, 0.0)
[11:46:30] [Server thread/INFO] (Minecraft) [Dormant] test-mock-player joined the game
[11:46:30] [Server thread/INFO] (Minecraft) test-mock-player[embedded] logged in with entity id 1492 at (0.0, 0.0, 0.0)
[11:46:30] [Server thread/INFO] (Minecraft) [Dormant] test-mock-player joined the game
[11:46:30] [Server thread/INFO] (Minecraft) test-mock-player[embedded] logged in with entity id 1496 at (0.0, 0.0, 0.0)
[11:46:30] [Server thread/INFO] (Minecraft) [Dormant] test-mock-player joined the game
[11:46:30] [Server thread/INFO] (Minecraft) test-mock-player[embedded] logged in with entity id 1498 at (0.0, 0.0, 0.0)
[11:46:30] [Server thread/INFO] (Minecraft) [Dormant] test-mock-player joined the game
[11:46:30] [Server thread/INFO] (Minecraft) test-mock-player[embedded] logged in with entity id 1508 at (0.0, 0.0, 0.0)
[11:46:30] [Server thread/INFO] (Minecraft) [Dormant] test-mock-player joined the game
[11:46:30] [Server thread/INFO] (Minecraft) test-mock-player[embedded] logged in with entity id 1509 at (0.0, 0.0, 0.0)
[11:46:30] [Server thread/INFO] (Minecraft) [Dormant] test-mock-player joined the game
[11:46:30] [Server thread/INFO] (Minecraft) test-mock-player[embedded] logged in with entity id 1510 at (0.0, 0.0, 0.0)
[11:46:30] [Server thread/INFO] (Minecraft) [Dormant] test-mock-player joined the game
[11:46:30] [Server thread/INFO] (Minecraft) test-mock-player[embedded] logged in with entity id 1511 at (0.0, 0.0, 0.0)
[11:46:30] [Server thread/INFO] (Minecraft) [Dormant] test-mock-player joined the game
[11:46:30] [Server thread/INFO] (Minecraft) test-mock-player[embedded] logged in with entity id 1513 at (0.0, 0.0, 0.0)
[11:46:30] [Server thread/INFO] (Minecraft) [Dormant] test-mock-player joined the game
[11:46:30] [Server thread/INFO] (Minecraft) <test-mock-player> shadow, use astral projection
[11:46:30] [Server thread/INFO] (Minecraft) <test-mock-player> shadow, use blight ground
[11:46:30] [Server thread/INFO] (Minecraft) <test-mock-player> shadow, use breezy bash
[11:46:30] [Server thread/INFO] (Minecraft) <test-mock-player> shadow, use call hollowed
[11:46:30] [Server thread/INFO] (Minecraft) <test-mock-player> shadow, use double health
[11:46:30] [Server thread/INFO] (Minecraft) <test-mock-player> shadow, stop double health
[11:46:30] [Server thread/INFO] (Minecraft) <test-mock-player> shadow, use energy beam
[11:46:30] [Server thread/INFO] (Minecraft) <test-mock-player> shadow, use energy drain
[11:46:30] [Server thread/INFO] (Minecraft) <test-mock-player> shadow, use fireball
[11:46:30] [Server thread/INFO] (Minecraft) <test-mock-player> shadow, use flight
[11:46:30] [Server thread/INFO] (Minecraft) <test-mock-player> shadow, stop flight
[11:46:30] [Server thread/INFO] (Minecraft) <test-mock-player> shadow, use forcefield
[11:46:30] [Server thread/INFO] (Minecraft) <test-mock-player> shadow, stop forcefield
[11:46:30] [Server thread/INFO] (Minecraft) <test-mock-player> shadow, use gravity displacement
[11:46:30] [Server thread/INFO] (Minecraft) <test-mock-player> shadow, use ice manipulation
[11:46:30] [Server thread/INFO] (Minecraft) <test-mock-player> shadow, use invisibility
[11:46:30] [Server thread/INFO] (Minecraft) <test-mock-player> shadow, stop invisibility
[11:46:30] [Server thread/INFO] (Minecraft) <test-mock-player> shadow, use lightning strike
[11:46:30] [Server thread/INFO] (Minecraft) <test-mock-player> shadow, use nightfall dominion
[11:46:30] [Server thread/INFO] (Minecraft) <test-mock-player> shadow, stop nightfall dominion
[11:46:30] [Server thread/INFO] (Minecraft) <test-mock-player> shadow, use plant healing acceleration
[11:46:30] [Server thread/INFO] (Minecraft) <test-mock-player> shadow, use size shift
[11:46:30] [Server thread/INFO] (Minecraft) <test-mock-player> shadow, stop size shift
[11:46:30] [Server thread/INFO] (Minecraft) <test-mock-player> shadow, use speed burst
[11:46:30] [Server thread/INFO] (Minecraft) <test-mock-player> shadow, use starfall
[11:46:30] [Server thread/INFO] (Minecraft) <test-mock-player> shadow, use super speed
[11:46:30] [Server thread/INFO] (Minecraft) <test-mock-player> shadow, stop super speed
[11:46:30] [Server thread/INFO] (Minecraft) <test-mock-player> shadow, use telekinesis
[11:46:30] [Server thread/INFO] (Minecraft) <test-mock-player> shadow, use thunderclap
[11:46:30] [Server thread/INFO] (Minecraft) <test-mock-player> shadow, use time freeze
[11:46:30] [Server thread/INFO] (Minecraft) <test-mock-player> shadow, stop time freeze
[11:46:30] [Server thread/INFO] (Minecraft) <test-mock-player> shadow, use time shift
[11:46:30] [Server thread/INFO] (Minecraft) <test-mock-player> shadow, use vessel possession
[11:46:30] [Server thread/INFO] (Minecraft) <test-mock-player> shadow, use void beam
[11:46:30] [Server thread/INFO] (Minecraft) test-mock-player[embedded] logged in with entity id 1549 at (0.0, 0.0, 0.0)
[11:46:30] [Server thread/INFO] (Minecraft) [Dormant] test-mock-player joined the game
[11:46:30] [Server thread/INFO] (Minecraft) test-mock-player[embedded] logged in with entity id 1550 at (0.0, 0.0, 0.0)
[11:46:30] [Server thread/INFO] (Minecraft) [Dormant] test-mock-player joined the game
[11:46:30] [Server thread/INFO] (Minecraft) test-mock-player[embedded] logged in with entity id 1551 at (0.0, 0.0, 0.0)
[11:46:30] [Server thread/INFO] (Minecraft) [Dormant] test-mock-player joined the game
[11:46:30] [Server thread/INFO] (Minecraft) <test-mock-player> shadow, stay here
[11:46:30] [Server thread/INFO] (Minecraft) <test-mock-player> shadow, fight at far range
[11:46:30] [Server thread/INFO] (Minecraft) <test-mock-player> shadow, follow me
[11:46:30] [Server thread/INFO] (Minecraft) <test-mock-player> shadow, how does amethyst interfere with magic?
[11:46:30] [Server thread/INFO] (Minecraft) <test-mock-player> shadow, explain the darkness to me
[11:46:30] [Server thread/INFO] (Minecraft) <test-mock-player> shadow, use lightning strike
[11:46:30] [Server thread/INFO] (Minecraft) <test-mock-player> shadow, use energy beam
[11:46:30] [Server thread/INFO] (Minecraft) <test-mock-player> shadow, use lightning strike
[11:46:30] [Server thread/INFO] (Minecraft) <test-mock-player> shadow, use void beam
[11:46:30] [Server thread/INFO] (Minecraft) <test-mock-player> shadow, hide yourself
[11:46:30] [Server thread/INFO] (Minecraft) Named entity ShadowCompanionEntity['Shadow of test-mock-player'/1552, l='ServerLevel[Test Level]', x=-5539464.75, y=41.00, z=-7098310.25] died: Shadow of test-mock-player died
[11:46:30] [Server thread/INFO] (Minecraft) test-mock-player[embedded] logged in with entity id 1560 at (0.0, 0.0, 0.0)
[11:46:30] [Server thread/INFO] (Minecraft) [Dormant] test-mock-player joined the game
[11:46:30] [Server thread/INFO] (Minecraft) test-mock-player[embedded] logged in with entity id 1561 at (0.0, 0.0, 0.0)
[11:46:30] [Server thread/INFO] (Minecraft) [Dormant] test-mock-player joined the game
[11:46:30] [Server thread/INFO] (Minecraft) test-mock-player[embedded] logged in with entity id 1562 at (0.0, 0.0, 0.0)
[11:46:30] [Server thread/INFO] (Minecraft) [Dormant] test-mock-player joined the game
[11:46:30] [Server thread/INFO] (Minecraft) test-mock-player[embedded] logged in with entity id 1568 at (0.0, 0.0, 0.0)
[11:46:30] [Server thread/INFO] (Minecraft) [Dormant] test-mock-player joined the game
[11:46:30] [Server thread/INFO] (Minecraft) test-mock-player[embedded] logged in with entity id 1569 at (0.0, 0.0, 0.0)
[11:46:30] [Server thread/INFO] (Minecraft) [Dormant] test-mock-player joined the game
[11:46:30] [Server thread/INFO] (Minecraft) test-mock-player[embedded] logged in with entity id 1570 at (0.0, 0.0, 0.0)
[11:46:30] [Server thread/INFO] (Minecraft) [Dormant] test-mock-player joined the game
[11:46:31] [Server thread/INFO] (Minecraft) [++++++++++++++++++++++++++++++++++++++++++++++++++++++++++++++++++++++__++_+++++++__+++++++_+_ ++++++++++++++++++++__+++           ]
[11:46:31] [Server thread/INFO] (Minecraft) [++++++++++++++++++++++++++++++++++++++++++++++++++++++++++++++++++++++__++_++++++++++++++++_+_ ++++++++++++++++++++__+++           ]
[11:46:31] [Server thread/INFO] (Minecraft) [Dormant] test-mock-player has made the advancement [We Need to Go Deeper]
[11:46:31] [Server thread/INFO] (Minecraft) [++++++++++++++++++++++++++++++++++++++++++++++++++++++++++++++++++++++__++_++++++++++++++++_+_ ++++++++++++++++++++__+++           ]
[11:46:31] [Server thread/INFO] (Minecraft) [++++++++++++++++++++++++++++++++++++++++++++++++++++++++++++++++++++++__+++++++++++++++++++++_ ++++++++++++++++++++__+++           ]
[11:46:31] [Server thread/INFO] (Minecraft) [Dormant] test-mock-player has made the advancement [Monster Hunter]
[11:46:32] [Server thread/INFO] (Minecraft) [++++++++++++++++++++++++++++++++++++++++++++++++++++++++++++++++++++++__+++++++++++++++++++++_ ++++++++++++++++++++__+++           ]
[11:46:32] [Server thread/INFO] (Minecraft) [++++++++++++++++++++++++++++++++++++++++++++++++++++++++++++++++++++++__++++++++++++++++++++++ ++++++++++++++++++++__+++           ]
[11:46:32] [Server thread/INFO] (Minecraft) <test-mock-player> shadow, leave me
[11:46:32] [Server thread/INFO] (Minecraft) [++++++++++++++++++++++++++++++++++++++++++++++++++++++++++++++++++++++_+++++++++++++++++++++++ ++++++++++++++++++++__+++           ]
[11:46:32] [Server thread/INFO] (Minecraft) [++++++++++++++++++++++++++++++++++++++++++++++++++++++++++++++++++++++_+++++++++++++++++++++++ ++++++++++++++++++++__+++           ]
[11:46:33] [Server thread/INFO] (Minecraft) [++++++++++++++++++++++++++++++++++++++++++++++++++++++++++++++++++++++++++++++++++++++++++++++ ++++++++++++++++++++__+++           ]
[11:46:33] [Server thread/INFO] (Minecraft) [++++++++++++++++++++++++++++++++++++++++++++++++++++++++++++++++++++++++++++++++++++++++++++++ ++++++++++++++++++++__+++           ]
[11:46:33] [Server thread/INFO] (Minecraft) [++++++++++++++++++++++++++++++++++++++++++++++++++++++++++++++++++++++++++++++++++++++++++++++ ++++++++++++++++++++__+++           ]
[11:46:33] [Server thread/INFO] (Minecraft) [++++++++++++++++++++++++++++++++++++++++++++++++++++++++++++++++++++++++++++++++++++++++++++++ ++++++++++++++++++++__+++           ]
[11:46:34] [Server thread/INFO] (Minecraft) [++++++++++++++++++++++++++++++++++++++++++++++++++++++++++++++++++++++++++++++++++++++++++++++ ++++++++++++++++++++__+++           ]
[11:46:34] [Server thread/INFO] (Minecraft) [++++++++++++++++++++++++++++++++++++++++++++++++++++++++++++++++++++++++++++++++++++++++++++++ ++++++++++++++++++++__+++           ]
[11:46:34] [Server thread/INFO] (Minecraft) [++++++++++++++++++++++++++++++++++++++++++++++++++++++++++++++++++++++++++++++++++++++++++++++ ++++++++++++++++++++__+++           ]
[11:46:34] [Server thread/INFO] (Minecraft) test-mock-player[embedded] logged in with entity id 2552 at (0.0, 0.0, 0.0)
[11:46:34] [Server thread/INFO] (Minecraft) [Dormant] test-mock-player joined the game
[11:46:34] [Server thread/INFO] (Minecraft) [++++++++++++++++++++++++++++++++++++++++++++++++++++++++++++++++++++++++++++++++++++++++++++++_++++++++++++++++++++__+++           ]
[11:46:34] [Server thread/INFO] (Minecraft) [++++++++++++++++++++++++++++++++++++++++++++++++++++++++++++++++++++++++++++++++++++++++++++++_++++++++++++++++++++__+++           ]
[11:46:34] [Server thread/INFO] (Minecraft) [++++++++++++++++++++++++++++++++++++++++++++++++++++++++++++++++++++++++++++++++++++++++++++++_++++++++++++++++++++__+++           ]
[11:46:34] [Server thread/INFO] (Minecraft) [++++++++++++++++++++++++++++++++++++++++++++++++++++++++++++++++++++++++++++++++++++++++++++++_++++++++++++++++++++__+++           ]
[11:46:34] [Server thread/INFO] (Minecraft) [++++++++++++++++++++++++++++++++++++++++++++++++++++++++++++++++++++++++++++++++++++++++++++++_++++++++++++++++++++__+++           ]
[11:46:35] [Server thread/INFO] (Minecraft) [++++++++++++++++++++++++++++++++++++++++++++++++++++++++++++++++++++++++++++++++++++++++++++++_++++++++++++++++++++__+++           ]
[11:46:35] [Server thread/INFO] (Minecraft) [++++++++++++++++++++++++++++++++++++++++++++++++++++++++++++++++++++++++++++++++++++++++++++++_++++++++++++++++++++__+++           ]
[11:46:35] [Server thread/INFO] (Minecraft) [++++++++++++++++++++++++++++++++++++++++++++++++++++++++++++++++++++++++++++++++++++++++++++++_++++++++++++++++++++__+++           ]
[11:46:35] [Server thread/INFO] (Minecraft) [++++++++++++++++++++++++++++++++++++++++++++++++++++++++++++++++++++++++++++++++++++++++++++++_++++++++++++++++++++__+++           ]
[11:46:35] [Server thread/INFO] (Minecraft) [++++++++++++++++++++++++++++++++++++++++++++++++++++++++++++++++++++++++++++++++++++++++++++++_++++++++++++++++++++__+++           ]
[11:46:35] [Server thread/INFO] (powers) powers_operator_audit action=catastrophic_ritual result=success actor=test-mock-player subject=world detail=begin
[11:46:35] [Server thread/INFO] (Minecraft) [++++++++++++++++++++++++++++++++++++++++++++++++++++++++++++++++++++++++++++++++++++++++++++++_++++++++++++++++++++__+++           ]
[11:46:35] [Server thread/INFO] (Minecraft) [+++++++++++++++++++++++++++++++++++++++++++++++++++++++++++++++++++++++++++++++++++++++++++++++++++++++++++++++++++__+++           ]
[11:46:35] [Server thread/INFO] (Minecraft) [+++++++++++++++++++++++++++++++++++++++++++++++++++++++++++++++++++++++++++++++++++++++++++++++++++++++++++++++++++__+++           ]
[11:46:35] [Server thread/INFO] (Minecraft) [+++++++++++++++++++++++++++++++++++++++++++++++++++++++++++++++++++++++++++++++++++++++++++++++++++++++++++++++++++__+++           ]
[11:46:35] [Server thread/INFO] (Minecraft) [+++++++++++++++++++++++++++++++++++++++++++++++++++++++++++++++++++++++++++++++++++++++++++++++++++++++++++++++++++__+++           ]
[11:46:35] [Server thread/INFO] (Minecraft) [+++++++++++++++++++++++++++++++++++++++++++++++++++++++++++++++++++++++++++++++++++++++++++++++++++++++++++++++++++__+++           ]
[11:46:36] [Server thread/INFO] (Minecraft) [+++++++++++++++++++++++++++++++++++++++++++++++++++++++++++++++++++++++++++++++++++++++++++++++++++++++++++++++++++__+++           ]
[11:46:36] [Server thread/INFO] (Minecraft) [+++++++++++++++++++++++++++++++++++++++++++++++++++++++++++++++++++++++++++++++++++++++++++++++++++++++++++++++++++__+++           ]
[11:46:36] [Server thread/INFO] (Minecraft) [+++++++++++++++++++++++++++++++++++++++++++++++++++++++++++++++++++++++++++++++++++++++++++++++++++++++++++++++++++__+++           ]
[11:46:36] [Server thread/INFO] (Minecraft) [+++++++++++++++++++++++++++++++++++++++++++++++++++++++++++++++++++++++++++++++++++++++++++++++++++++++++++++++++++__+++           ]
[11:46:36] [Server thread/INFO] (Minecraft) [+++++++++++++++++++++++++++++++++++++++++++++++++++++++++++++++++++++++++++++++++++++++++++++++++++++++++++++++++++__+++           ]
[11:46:36] [Server thread/INFO] (Minecraft) [+++++++++++++++++++++++++++++++++++++++++++++++++++++++++++++++++++++++++++++++++++++++++++++++++++++++++++++++++++__+++           ]
[11:46:36] [Server thread/INFO] (Minecraft) [+++++++++++++++++++++++++++++++++++++++++++++++++++++++++++++++++++++++++++++++++++++++++++++++++++++++++++++++++++__+++           ]
[11:46:36] [Server thread/INFO] (Minecraft) [+++++++++++++++++++++++++++++++++++++++++++++++++++++++++++++++++++++++++++++++++++++++++++++++++++++++++++++++++++__+++           ]
[11:46:36] [Server thread/INFO] (Minecraft) [+++++++++++++++++++++++++++++++++++++++++++++++++++++++++++++++++++++++++++++++++++++++++++++++++++++++++++++++++++__+++           ]
[11:46:36] [Server thread/INFO] (Minecraft) [+++++++++++++++++++++++++++++++++++++++++++++++++++++++++++++++++++++++++++++++++++++++++++++++++++++++++++++++++++__+++           ]
[11:46:36] [Server thread/INFO] (Minecraft) [+++++++++++++++++++++++++++++++++++++++++++++++++++++++++++++++++++++++++++++++++++++++++++++++++++++++++++++++++++__+++           ]
[11:46:36] [Server thread/INFO] (Minecraft) [+++++++++++++++++++++++++++++++++++++++++++++++++++++++++++++++++++++++++++++++++++++++++++++++++++++++++++++++++++__+++           ]
[11:46:36] [Server thread/INFO] (Minecraft) [+++++++++++++++++++++++++++++++++++++++++++++++++++++++++++++++++++++++++++++++++++++++++++++++++++++++++++++++++++__+++           ]
[11:46:36] [Server thread/INFO] (Minecraft) [+++++++++++++++++++++++++++++++++++++++++++++++++++++++++++++++++++++++++++++++++++++++++++++++++++++++++++++++++++__+++           ]
[11:46:36] [Server thread/INFO] (Minecraft) [+++++++++++++++++++++++++++++++++++++++++++++++++++++++++++++++++++++++++++++++++++++++++++++++++++++++++++++++++++__+++           ]
[11:46:36] [Server thread/INFO] (Minecraft) [+++++++++++++++++++++++++++++++++++++++++++++++++++++++++++++++++++++++++++++++++++++++++++++++++++++++++++++++++++__+++           ]
[11:46:36] [Server thread/INFO] (Minecraft) [+++++++++++++++++++++++++++++++++++++++++++++++++++++++++++++++++++++++++++++++++++++++++++++++++++++++++++++++++++__+++           ]
[11:46:37] [Server thread/INFO] (Minecraft) [+++++++++++++++++++++++++++++++++++++++++++++++++++++++++++++++++++++++++++++++++++++++++++++++++++++++++++++++++++__+++           ]
[11:46:37] [Server thread/INFO] (Minecraft) [+++++++++++++++++++++++++++++++++++++++++++++++++++++++++++++++++++++++++++++++++++++++++++++++++++++++++++++++++++__+++           ]
[11:46:37] [Server thread/INFO] (Minecraft) [+++++++++++++++++++++++++++++++++++++++++++++++++++++++++++++++++++++++++++++++++++++++++++++++++++++++++++++++++++__+++           ]
[11:46:37] [Server thread/INFO] (Minecraft) [+++++++++++++++++++++++++++++++++++++++++++++++++++++++++++++++++++++++++++++++++++++++++++++++++++++++++++++++++++__+++           ]
[11:46:37] [Server thread/INFO] (Minecraft) [++++++++++++++++++++++++++++++++++++++++++++++++++++++++++++++++++++++++++++++++++++++++++++++++++++++++++++++++++++_+++           ]
[11:46:40] [Server thread/INFO] (Minecraft) Running test environment 'minecraft:default' batch 2 (8 tests)...
[11:46:40] [Server thread/INFO] (Minecraft) [++++++++++++++++++++++++++++++++++++++++++++++++++++++++++++++++++++++++++++++++++++++++++++++++++++++++++++++++++++++++           ]
[11:46:40] [Server thread/INFO] (Minecraft) test-mock-player[embedded] logged in with entity id 3254 at (0.0, 0.0, 0.0)
[11:46:40] [Server thread/INFO] (Minecraft) [Dormant] test-mock-player joined the game
[11:46:40] [Server thread/INFO] (Minecraft) test-mock-player[embedded] logged in with entity id 3256 at (0.0, 0.0, 0.0)
[11:46:40] [Server thread/INFO] (Minecraft) [Dormant] test-mock-player joined the game
[11:46:40] [Server thread/INFO] (Minecraft) test-mock-player[embedded] logged in with entity id 3257 at (0.0, 0.0, 0.0)
[11:46:40] [Server thread/INFO] (Minecraft) [Dormant] test-mock-player joined the game
[11:46:40] [Server thread/INFO] (Minecraft) test-mock-player[embedded] logged in with entity id 3258 at (0.0, 0.0, 0.0)
[11:46:40] [Server thread/INFO] (Minecraft) [Dormant] test-mock-player joined the game
[11:46:40] [Server thread/INFO] (Minecraft) test-mock-player[embedded] logged in with entity id 3259 at (0.0, 0.0, 0.0)
[11:46:40] [Server thread/INFO] (Minecraft) [Dormant] test-mock-player joined the game
[11:46:40] [Server thread/INFO] (Minecraft) test-mock-player[embedded] logged in with entity id 3260 at (0.0, 0.0, 0.0)
[11:46:40] [Server thread/INFO] (Minecraft) [Dormant] test-mock-player joined the game
[11:46:40] [Server thread/INFO] (Minecraft) test-mock-player[embedded] logged in with entity id 3262 at (0.0, 0.0, 0.0)
[11:46:40] [Server thread/INFO] (Minecraft) [Dormant] test-mock-player joined the game
[11:46:42] [Server thread/INFO] (Minecraft) Loaded 1605 recipes
[11:46:42] [Server thread/INFO] (Minecraft) Loaded 1713 advancements
[11:46:42] [Server thread/INFO] (powers) Published action registry revision 7 with 110 canonical keys and 2 aliases
[11:46:42] [Server thread/INFO] (powers) Loaded 14 Shadow knowledge entries
[11:46:43] [Server thread/INFO] (Minecraft) Loaded 1605 recipes
[11:46:43] [Server thread/INFO] (Minecraft) Loaded 1713 advancements
[11:46:43] [Server thread/INFO] (Minecraft) [+++++++++++++++++++++++++++++++++++++++++++++++++++++++++++++++++++++++++++++++++++++++++++++++++++++++++++++++++++++++++_++++_+   ]
[11:46:43] [Server thread/INFO] (Minecraft) [++++++++++++++++++++++++++++++++++++++++++++++++++++++++++++++++++++++++++++++++++++++++++++++++++++++++++++++++++++++++++++++_+   ]
[11:46:43] [Server thread/INFO] (Minecraft) [++++++++++++++++++++++++++++++++++++++++++++++++++++++++++++++++++++++++++++++++++++++++++++++++++++++++++++++++++++++++++++++_+   ]
[11:46:44] [Server thread/INFO] (Minecraft) Running test environment 'powers:packet_fault_matrix_isolated' batch 0 (1 tests)...
[11:46:44] [Server thread/INFO] (Minecraft) test-mock-player[embedded] logged in with entity id 3264 at (0.0, 0.0, 0.0)
[11:46:44] [Server thread/INFO] (Minecraft) [Dormant] test-mock-player joined the game
[11:46:44] [Server thread/INFO] (Minecraft) test-mock-player[embedded] logged in with entity id 3265 at (0.0, 0.0, 0.0)
[11:46:44] [Server thread/INFO] (Minecraft) [Dormant] test-mock-player joined the game
[11:46:44] [Server thread/INFO] (Minecraft) test-mock-player[embedded] logged in with entity id 3266 at (0.0, 0.0, 0.0)
[11:46:44] [Server thread/INFO] (Minecraft) [Dormant] test-mock-player joined the game
[11:46:44] [Server thread/INFO] (Minecraft) test-mock-player[embedded] logged in with entity id 3267 at (0.0, 0.0, 0.0)
[11:46:44] [Server thread/INFO] (Minecraft) [Dormant] test-mock-player joined the game
[11:46:44] [Server thread/INFO] (Minecraft) test-mock-player[embedded] logged in with entity id 3268 at (0.0, 0.0, 0.0)
[11:46:44] [Server thread/INFO] (Minecraft) [Dormant] test-mock-player joined the game
[11:46:44] [Server thread/INFO] (Minecraft) test-mock-player[embedded] logged in with entity id 3269 at (0.0, 0.0, 0.0)
[11:46:44] [Server thread/INFO] (Minecraft) [Dormant] test-mock-player joined the game
[11:46:44] [Server thread/INFO] (Minecraft) [++++++++++++++++++++++++++++++++++++++++++++++++++++++++++++++++++++++++++++++++++++++++++++++++++++++++++++++++++++++++++++++++_  ]
[11:46:44] [Server thread/INFO] (Minecraft) test-mock-player lost connection: QA-009 production matrix complete
[11:46:44] [Server thread/INFO] (Minecraft) [Dormant] test-mock-player left the game
[11:46:44] [Server thread/INFO] (Minecraft) test-mock-player lost connection: QA-009 production matrix complete
[11:46:44] [Server thread/INFO] (Minecraft) [Dormant] test-mock-player left the game
[11:46:44] [Server thread/INFO] (Minecraft) test-mock-player lost connection: QA-009 production matrix complete
[11:46:44] [Server thread/INFO] (Minecraft) [Dormant] test-mock-player left the game
[11:46:44] [Server thread/INFO] (Minecraft) test-mock-player lost connection: QA-009 production matrix complete
[11:46:44] [Server thread/INFO] (Minecraft) [Dormant] test-mock-player left the game
[11:46:44] [Server thread/INFO] (Minecraft) test-mock-player lost connection: QA-009 production matrix complete
[11:46:44] [Server thread/INFO] (Minecraft) [Dormant] test-mock-player left the game
[11:46:44] [Server thread/INFO] (Minecraft) test-mock-player lost connection: QA-009 production matrix complete
[11:46:44] [Server thread/INFO] (Minecraft) [Dormant] test-mock-player left the game
[11:46:44] [Server thread/INFO] (Minecraft) [STDOUT]: QA009_PRODUCTION_MATRIX profile=delay150 serverObservedByTicks=10 authoritative=selected outbound=power-state-91 offered=101 dropped=0 duplicated=0 delayed=101 reordered=99 delivered=2 expired=0 maxQueue=101 maxAgeTicks=4 duplicateSideEffects=0
[11:46:44] [Server thread/INFO] (Minecraft) [STDOUT]: QA009_PRODUCTION_MATRIX profile=delay300 serverObservedByTicks=10 authoritative=selected outbound=power-state-91 offered=101 dropped=0 duplicated=0 delayed=101 reordered=99 delivered=2 expired=0 maxQueue=101 maxAgeTicks=7 duplicateSideEffects=0
[11:46:44] [Server thread/INFO] (Minecraft) [STDOUT]: QA009_PRODUCTION_MATRIX profile=loss1 serverObservedByTicks=10 authoritative=selected outbound=power-state-91 offered=251 dropped=2 duplicated=0 delayed=0 reordered=247 delivered=2 expired=0 maxQueue=249 maxAgeTicks=3 duplicateSideEffects=0
[11:46:44] [Server thread/INFO] (Minecraft) [STDOUT]: QA009_PRODUCTION_MATRIX profile=loss5 serverObservedByTicks=10 authoritative=selected outbound=power-state-91 offered=251 dropped=10 duplicated=0 delayed=0 reordered=239 delivered=2 expired=0 maxQueue=241 maxAgeTicks=3 duplicateSideEffects=0
[11:46:44] [Server thread/INFO] (Minecraft) [STDOUT]: QA009_PRODUCTION_MATRIX profile=duplicate serverObservedByTicks=10 authoritative=selected outbound=power-state-91 offered=101 dropped=0 duplicated=101 delayed=0 reordered=198 delivered=2 expired=0 maxQueue=202 maxAgeTicks=3 duplicateSideEffects=0
[11:46:44] [Server thread/INFO] (Minecraft) [STDOUT]: QA009_PRODUCTION_MATRIX profile=reorder serverObservedByTicks=10 authoritative=selected outbound=power-state-91 offered=101 dropped=0 duplicated=0 delayed=68 reordered=99 delivered=2 expired=0 maxQueue=101 maxAgeTicks=2 duplicateSideEffects=0
[11:46:44] [Server thread/INFO] (Minecraft) Running test environment 'powers:ritual_isolated' batch 0 (1 tests)...
[11:46:44] [Server thread/INFO] (Minecraft) test-mock-player[embedded] logged in with entity id 3270 at (0.0, 0.0, 0.0)
[11:46:44] [Server thread/INFO] (Minecraft) [Dormant] test-mock-player joined the game
[11:46:44] [Server thread/INFO] (Minecraft) [+++++++++++++++++++++++++++++++++++++++++++++++++++++++++++++++++++++++++++++++++++++++++++++++++++++++++++++++++++++++++++++++++_ ]
[11:46:44] [Server thread/INFO] (Minecraft) Running test environment 'powers:artifact_stale_cycle_isolated' batch 0 (1 tests)...
[11:46:44] [Server thread/INFO] (Minecraft) [++++++++++++++++++++++++++++++++++++++++++++++++++++++++++++++++++++++++++++++++++++++++++++++++++++++++++++++++++++++++++++++++++ ]
[11:46:44] [Server thread/INFO] (Minecraft) test-mock-player[embedded] logged in with entity id 3271 at (0.0, 0.0, 0.0)
[11:46:44] [Server thread/INFO] (Minecraft) [Dormant] test-mock-player joined the game
[11:46:44] [Server thread/INFO] (Minecraft) [+++++++++++++++++++++++++++++++++++++++++++++++++++++++++++++++++++++++++++++++++++++++++++++++++++++++++++++++++++++++++++++++++++]
[11:46:44] [Server thread/INFO] (Minecraft) ========= 131 GAME TESTS COMPLETE IN 1.042 min ======================
[11:46:44] [Server thread/INFO] (Minecraft) All 131 required tests passed :)
[11:46:44] [Server thread/INFO] (Minecraft) ====================================================
[11:46:44] [Server thread/INFO] (Minecraft) Stopping server
[11:46:44] [Server thread/INFO] (Minecraft) Saving players
[11:46:44] [Server thread/INFO] (Minecraft) test-mock-player lost connection: Server closed
[11:46:44] [Server thread/INFO] (Minecraft) [Nightfall] test-mock-player left the game
[11:46:44] [Server thread/INFO] (Minecraft) test-mock-player lost connection: Server closed
[11:46:44] [Server thread/INFO] (Minecraft) [Dormant] test-mock-player left the game
[11:46:44] [Server thread/INFO] (Minecraft) test-mock-player lost connection: Server closed
[11:46:44] [Server thread/INFO] (Minecraft) [Dormant] test-mock-player left the game
[11:46:44] [Server thread/INFO] (Minecraft) test-mock-player lost connection: Server closed
[11:46:44] [Server thread/INFO] (Minecraft) [Nightfall] test-mock-player left the game
[11:46:44] [Server thread/INFO] (Minecraft) test-mock-player lost connection: Server closed
[11:46:44] [Server thread/INFO] (Minecraft) [Dormant] test-mock-player left the game
[11:46:44] [Server thread/INFO] (Minecraft) test-mock-player lost connection: Server closed
[11:46:44] [Server thread/INFO] (Minecraft) [Nightfall] test-mock-player left the game
[11:46:44] [Server thread/INFO] (Minecraft) test-mock-player lost connection: Server closed
[11:46:44] [Server thread/INFO] (Minecraft) [Dormant] test-mock-player left the game
[11:46:44] [Server thread/INFO] (Minecraft) test-mock-player lost connection: Server closed
[11:46:44] [Server thread/INFO] (Minecraft) [Dormant] test-mock-player left the game
[11:46:44] [Server thread/INFO] (Minecraft) test-mock-player lost connection: Server closed
[11:46:44] [Server thread/INFO] (Minecraft) [Unmarked] test-mock-player left the game
[11:46:44] [Server thread/INFO] (Minecraft) test-mock-player lost connection: Server closed
[11:46:44] [Server thread/INFO] (Minecraft) [Dormant] test-mock-player left the game
[11:46:44] [Server thread/INFO] (Minecraft) test-mock-player lost connection: Server closed
[11:46:44] [Server thread/INFO] (Minecraft) [Dormant] test-mock-player left the game
[11:46:44] [Server thread/INFO] (Minecraft) test-mock-player lost connection: Server closed
[11:46:44] [Server thread/INFO] (Minecraft) [Dormant] test-mock-player left the game
[11:46:44] [Server thread/INFO] (Minecraft) test-mock-player lost connection: Server closed
[11:46:44] [Server thread/INFO] (Minecraft) [Dormant] test-mock-player left the game
[11:46:44] [Server thread/INFO] (Minecraft) test-mock-player lost connection: Server closed
[11:46:44] [Server thread/INFO] (Minecraft) [Dormant] test-mock-player left the game
[11:46:44] [Server thread/INFO] (Minecraft) test-mock-player lost connection: Server closed
[11:46:44] [Server thread/INFO] (Minecraft) [Dormant] test-mock-player left the game
[11:46:44] [Server thread/INFO] (Minecraft) test-mock-player lost connection: Server closed
[11:46:44] [Server thread/INFO] (Minecraft) [Dormant] test-mock-player left the game
[11:46:44] [Server thread/INFO] (Minecraft) test-mock-player lost connection: Server closed
[11:46:44] [Server thread/INFO] (Minecraft) [Unmarked] test-mock-player left the game
[11:46:44] [Server thread/INFO] (Minecraft) test-mock-player lost connection: Server closed
[11:46:44] [Server thread/INFO] (Minecraft) [Dormant] test-mock-player left the game
[11:46:44] [Server thread/INFO] (Minecraft) test-mock-player lost connection: Server closed
[11:46:44] [Server thread/INFO] (Minecraft) [Dormant] test-mock-player left the game
[11:46:44] [Server thread/INFO] (Minecraft) test-mock-player lost connection: Server closed
[11:46:44] [Server thread/INFO] (Minecraft) [Dormant] test-mock-player left the game
[11:46:44] [Server thread/INFO] (Minecraft) test-mock-player lost connection: Server closed
[11:46:44] [Server thread/INFO] (Minecraft) [Dormant] test-mock-player left the game
[11:46:44] [Server thread/INFO] (Minecraft) test-mock-player lost connection: Server closed
[11:46:44] [Server thread/INFO] (Minecraft) [Nightfall] test-mock-player left the game
[11:46:44] [Server thread/INFO] (Minecraft) test-mock-player lost connection: Server closed
[11:46:44] [Server thread/INFO] (Minecraft) [Dormant] test-mock-player left the game
[11:46:44] [Server thread/INFO] (Minecraft) test-mock-player lost connection: Server closed
[11:46:44] [Server thread/INFO] (Minecraft) [Dormant] test-mock-player left the game
[11:46:44] [Server thread/INFO] (Minecraft) test-mock-player lost connection: Server closed
[11:46:44] [Server thread/INFO] (Minecraft) [Dormant] test-mock-player left the game
[11:46:44] [Server thread/INFO] (Minecraft) test-mock-player lost connection: Server closed
[11:46:44] [Server thread/INFO] (Minecraft) [Dormant] test-mock-player left the game
[11:46:44] [Server thread/INFO] (Minecraft) test-mock-player lost connection: Server closed
[11:46:44] [Server thread/INFO] (Minecraft) [Dormant] test-mock-player left the game
[11:46:44] [Server thread/INFO] (Minecraft) test-mock-player lost connection: Server closed
[11:46:44] [Server thread/INFO] (Minecraft) [Nightfall] test-mock-player left the game
[11:46:44] [Server thread/INFO] (Minecraft) test-mock-player lost connection: Server closed
[11:46:44] [Server thread/INFO] (Minecraft) [Dormant] test-mock-player left the game
[11:46:44] [Server thread/INFO] (Minecraft) test-mock-player lost connection: Server closed
[11:46:44] [Server thread/INFO] (Minecraft) [Dormant] test-mock-player left the game
[11:46:44] [Server thread/INFO] (Minecraft) test-mock-player lost connection: Server closed
[11:46:44] [Server thread/INFO] (Minecraft) [Dormant] test-mock-player left the game
[11:46:44] [Server thread/INFO] (Minecraft) test-mock-player lost connection: Server closed
[11:46:44] [Server thread/INFO] (Minecraft) [Dormant] test-mock-player left the game
[11:46:44] [Server thread/INFO] (Minecraft) test-mock-player lost connection: Server closed
[11:46:44] [Server thread/INFO] (Minecraft) [Dormant] test-mock-player left the game
[11:46:44] [Server thread/INFO] (Minecraft) test-mock-player lost connection: Server closed
[11:46:44] [Server thread/INFO] (Minecraft) [Dormant] test-mock-player left the game
[11:46:44] [Server thread/INFO] (Minecraft) test-mock-player lost connection: Server closed
[11:46:44] [Server thread/INFO] (Minecraft) [Dormant] test-mock-player left the game
[11:46:44] [Server thread/INFO] (Minecraft) test-mock-player lost connection: Server closed
[11:46:44] [Server thread/INFO] (Minecraft) [Dormant] test-mock-player left the game
[11:46:44] [Server thread/INFO] (Minecraft) test-mock-player lost connection: Server closed
[11:46:44] [Server thread/INFO] (Minecraft) [Dormant] test-mock-player left the game
[11:46:44] [Server thread/INFO] (Minecraft) test-mock-player lost connection: Server closed
[11:46:44] [Server thread/INFO] (Minecraft) [Dormant] test-mock-player left the game
[11:46:44] [Server thread/INFO] (Minecraft) test-mock-player lost connection: Server closed
[11:46:44] [Server thread/INFO] (Minecraft) [Dormant] test-mock-player left the game
[11:46:44] [Server thread/INFO] (Minecraft) test-mock-player lost connection: Server closed
[11:46:44] [Server thread/INFO] (Minecraft) [Dormant] test-mock-player left the game
[11:46:44] [Server thread/INFO] (Minecraft) test-mock-player lost connection: Server closed
[11:46:44] [Server thread/INFO] (Minecraft) [Dormant] test-mock-player left the game
[11:46:44] [Server thread/INFO] (Minecraft) test-mock-player lost connection: Server closed
[11:46:44] [Server thread/INFO] (Minecraft) [Dormant] test-mock-player left the game
[11:46:44] [Server thread/INFO] (Minecraft) test-mock-player lost connection: Server closed
[11:46:44] [Server thread/INFO] (Minecraft) [Dormant] test-mock-player left the game
[11:46:44] [Server thread/INFO] (Minecraft) test-mock-player lost connection: Server closed
[11:46:44] [Server thread/INFO] (Minecraft) [Dormant] test-mock-player left the game
[11:46:44] [Server thread/INFO] (Minecraft) test-mock-player lost connection: Server closed
[11:46:44] [Server thread/INFO] (Minecraft) [Dormant] test-mock-player left the game
[11:46:44] [Server thread/INFO] (Minecraft) test-mock-player lost connection: Server closed
[11:46:44] [Server thread/INFO] (Minecraft) [Dormant] test-mock-player left the game
[11:46:44] [Server thread/INFO] (Minecraft) test-mock-player lost connection: Server closed
[11:46:44] [Server thread/INFO] (Minecraft) [Dormant] test-mock-player left the game
[11:46:44] [Server thread/INFO] (Minecraft) test-mock-player lost connection: Server closed
[11:46:44] [Server thread/INFO] (Minecraft) [Dormant] test-mock-player left the game
[11:46:44] [Server thread/INFO] (Minecraft) test-mock-player lost connection: Server closed
[11:46:44] [Server thread/INFO] (Minecraft) [Dormant] test-mock-player left the game
[11:46:44] [Server thread/INFO] (Minecraft) test-mock-player lost connection: Server closed
[11:46:44] [Server thread/INFO] (Minecraft) [Dormant] test-mock-player left the game
[11:46:44] [Server thread/INFO] (Minecraft) test-mock-player lost connection: Server closed
[11:46:44] [Server thread/INFO] (Minecraft) [Dormant] test-mock-player left the game
[11:46:44] [Server thread/INFO] (Minecraft) test-mock-player lost connection: Server closed
[11:46:44] [Server thread/INFO] (Minecraft) [Dormant] test-mock-player left the game
[11:46:44] [Server thread/INFO] (Minecraft) test-mock-player lost connection: Server closed
[11:46:44] [Server thread/INFO] (Minecraft) [Dormant] test-mock-player left the game
[11:46:44] [Server thread/INFO] (Minecraft) test-mock-player lost connection: Server closed
[11:46:44] [Server thread/INFO] (Minecraft) [Dormant] test-mock-player left the game
[11:46:44] [Server thread/INFO] (Minecraft) test-mock-player lost connection: Server closed
[11:46:44] [Server thread/INFO] (Minecraft) [Dormant] test-mock-player left the game
[11:46:44] [Server thread/INFO] (Minecraft) test-mock-player lost connection: Server closed
[11:46:44] [Server thread/INFO] (Minecraft) [Dormant] test-mock-player left the game
[11:46:44] [Server thread/INFO] (Minecraft) test-mock-player lost connection: Server closed
[11:46:44] [Server thread/INFO] (Minecraft) [Unmarked] test-mock-player left the game
[11:46:44] [Server thread/INFO] (Minecraft) test-mock-player lost connection: Server closed
[11:46:44] [Server thread/INFO] (Minecraft) [Unmarked] test-mock-player left the game
[11:46:44] [Server thread/INFO] (Minecraft) test-mock-player lost connection: Server closed
[11:46:44] [Server thread/INFO] (Minecraft) [Unmarked] test-mock-player left the game
[11:46:44] [Server thread/INFO] (Minecraft) test-mock-player lost connection: Server closed
[11:46:44] [Server thread/INFO] (Minecraft) [Dormant] test-mock-player left the game
[11:46:44] [Server thread/INFO] (Minecraft) test-mock-player lost connection: Server closed
[11:46:44] [Server thread/INFO] (Minecraft) [Dormant] test-mock-player left the game
[11:46:44] [Server thread/INFO] (Minecraft) test-mock-player lost connection: Server closed
[11:46:44] [Server thread/INFO] (Minecraft) [Dormant] test-mock-player left the game
[11:46:44] [Server thread/INFO] (Minecraft) test-mock-player lost connection: Server closed
[11:46:44] [Server thread/INFO] (Minecraft) [Dormant] test-mock-player left the game
[11:46:44] [Server thread/INFO] (Minecraft) test-mock-player lost connection: Server closed
[11:46:44] [Server thread/INFO] (Minecraft) [Dormant] test-mock-player left the game
[11:46:44] [Server thread/INFO] (Minecraft) test-mock-player lost connection: Server closed
[11:46:44] [Server thread/INFO] (Minecraft) [Dormant] test-mock-player left the game
[11:46:44] [Server thread/INFO] (Minecraft) test-mock-player lost connection: Server closed
[11:46:44] [Server thread/INFO] (Minecraft) [Dormant] test-mock-player left the game
[11:46:44] [Server thread/INFO] (Minecraft) Saving worlds
[11:46:45] [Server thread/INFO] (Minecraft) Saving chunks for level 'ServerLevel[Test Level]'/minecraft:overworld
[11:46:46] [Server thread/INFO] (Minecraft) Saving chunks for level 'ServerLevel[Test Level]'/qa010_hostile:synthetic
[11:46:46] [Server thread/INFO] (Minecraft) Saving chunks for level 'ServerLevel[Test Level]'/minecraft:the_end
[11:46:46] [Server thread/INFO] (Minecraft) Saving chunks for level 'ServerLevel[Test Level]'/powers:light_realm
[11:46:46] [Server thread/INFO] (Minecraft) Saving chunks for level 'ServerLevel[Test Level]'/powers:dark_realm
[11:46:46] [Server thread/INFO] (Minecraft) Saving chunks for level 'ServerLevel[Test Level]'/minecraft:the_nether
[11:46:46] [Server thread/INFO] (Minecraft) ThreadedAnvilChunkStorage (world): All chunks are saved
[11:46:46] [Server thread/INFO] (Minecraft) ThreadedAnvilChunkStorage (synthetic): All chunks are saved
[11:46:46] [Server thread/INFO] (Minecraft) ThreadedAnvilChunkStorage (DIM1): All chunks are saved
[11:46:46] [Server thread/INFO] (Minecraft) ThreadedAnvilChunkStorage (light_realm): All chunks are saved
[11:46:46] [Server thread/INFO] (Minecraft) ThreadedAnvilChunkStorage (dark_realm): All chunks are saved
[11:46:46] [Server thread/INFO] (Minecraft) ThreadedAnvilChunkStorage (DIM-1): All chunks are saved
[11:46:46] [Server thread/INFO] (Minecraft) ThreadedAnvilChunkStorage: All dimensions are saved
[11:46:46] [Server thread/INFO] (Minecraft) Game test server shutting down

> Task :compileTestJava
> Task :processTestResources
> Task :testClasses
WARNING: A terminally deprecated method in sun.misc.Unsafe has been called
WARNING: sun.misc.Unsafe::objectFieldOffset has been called by org.joml.MemUtil$MemUtilUnsafe (file:<HOME>/.gradle/caches/modules-2/files-2.1/org.joml/joml/1.10.8/fc0a71dad90a2cf41d82a76156a0e700af8e4f8d/joml-1.10.8.jar)
WARNING: Please consider reporting this to the maintainers of class org.joml.MemUtil$MemUtilUnsafe
WARNING: sun.misc.Unsafe::objectFieldOffset will be removed in a future release
> Task :test

> Task :testPythonScripts
........F................................................................................................................................[0012] [Server thread/INFO]: SoakClient left the game
.
======================================================================
FAIL: test_fresh_checksums_bind_every_owned_file (test_build_vfx011_review_ledger.Vfx011EvidenceTest.test_fresh_checksums_bind_every_owned_file)
----------------------------------------------------------------------
Traceback (most recent call last):
  File "<HOME>/Developer/Minecraft mods/POWERS/.worktrees/vfx-011-exact-visual-audit/scripts/tests/test_build_vfx011_review_ledger.py", line 204, in test_fresh_checksums_bind_every_owned_file
    self.assertEqual({path.relative_to(ROOT).as_posix() for path in owned}, set(bound))
    ~~~~~~~~~~~~~~~~^^^^^^^^^^^^^^^^^^^^^^^^^^^^^^^^^^^^^^^^^^^^^^^^^^^^^^^^^^^^^^^^^^^
AssertionError: Items in the first set but not the second:
'docs/verification/evidence/2026-08-24-vfx-011/logs/authoritative-test-sh-gametest.log'
'docs/verification/evidence/2026-08-24-vfx-011/logs/isolated-light-crystal-diagnostic.log'
'docs/verification/evidence/2026-08-24-vfx-011/logs/focused-python-evidence-gates.log'
'docs/verification/evidence/2026-08-24-vfx-011/README.md'
'docs/verification/evidence/2026-08-24-vfx-011/logs/authoritative-test-sh-gametest-clean-exit.log'
'docs/verification/evidence/2026-08-24-vfx-011/logs/full-server-gametest.log'
'docs/verification/evidence/2026-08-24-vfx-011/logs/gallery-server-gametest.log'
'docs/verification/evidence/2026-08-24-vfx-011/logs/full-check-final-state.log'
'docs/verification/evidence/2026-08-24-vfx-011/logs/full-check.log'
'docs/verification/evidence/2026-08-24-vfx-011/logs/clean-full-server-gametest.log'
'docs/verification/evidence/2026-08-24-vfx-011/logs/full-server-gametest-final.log'
'docs/verification/evidence/2026-08-24-vfx-011/logs/full-server-gametest-rerun.log'
'docs/verification/evidence/2026-08-24-vfx-011/logs/full-check-rerun.log'
'docs/verification/evidence/2026-08-24-vfx-011/logs/focused-visual-resource-gates.log'
'docs/verification/evidence/2026-08-24-vfx-011/build-metadata.json'

----------------------------------------------------------------------
Ran 138 tests in 17.687s

FAILED (failures=1)

> Task :testPythonScripts FAILED

FAILURE: Build failed with an exception.

* What went wrong:
Execution failed for task ':testPythonScripts' (registered in build file 'build.gradle').
> Process 'command 'python3'' finished with non-zero exit value 1

* Try:
> Run with --stacktrace option to get the stack trace.
> Run with --info or --debug option to get more log output.
> Run with --scan to get full insights from a Build Scan (powered by Develocity).
> Get more help at https://help.gradle.org.

BUILD FAILED in 2m 41s
19 actionable tasks: 19 executed
