To honour the JVM settings for this build a single-use Daemon process will be forked. For more on this, please refer to https://docs.gradle.org/9.5.1/userguide/gradle_daemon.html#sec:disabling_the_daemon in the Gradle documentation.
Daemon will be stopped at the end of the build

> Configure project :
Fabric Loom: 1.17.19

> Task :auditJavaSources
> Task :auditNonItemAssets
> Task :compileJava
> Task :processResources
> Task :classes
> Task :compileClientJava
> Task :processClientResources
> Task :clientClasses
> Task :compileExampleExtensionJava
> Task :processExampleExtensionResources
> Task :exampleExtensionClasses
> Task :compileGametestJava
> Task :deleteGameTestRunDir
> Task :acceptGameTestEula
> Task :generateLog4jConfig
> Task :generateDLIConfig
> Task :configureLaunch
> Task :processGametestResources
> Task :gametestClasses

> Task :runGameTest
[11:40:12] [main/INFO] (FabricLoader/GameProvider) Loading Minecraft 26.2 with Fabric Loader 0.19.3
[11:40:12] [main/INFO] (FabricLoader/Mappings) Mappings not present!
[11:40:12] [main/INFO] (FabricLoader) Loading 45 mods:
	- fabric-api 0.156.0+26.2
	   |-- fabric-key-mapping-api-v1 2.0.5+e2bdee789e
	   |-- fabric-model-loading-api-v1 8.0.16+c80601bb9e
	   |-- fabric-renderer-api-v1 14.1.3+2b0d8a229e
	   |-- fabric-renderer-indigo 9.1.3+2b0d8a229e
	   |-- fabric-rendering-v1 25.3.2+515ac5339e
	   |-- fabric-screen-api-v1 5.1.0+48e3c0b09e
	   \-- fabric-sound-api-v1 2.0.5+11a26f319e
	- fabric-api-base 2.0.4+ece063239e
	- fabric-api-lookup-api-v1 2.0.17+11e1c9a39e
	- fabric-biome-api-v1 18.0.6+c7bd5b8e9e
	- fabric-block-api-v1 3.0.3+ec56b6019e
	- fabric-block-getter-api-v2 2.0.7+ec56b6019e
	- fabric-command-api-v2 3.1.0+00cb03469e
	- fabric-content-registries-v0 11.3.0+d0a699d09e
	- fabric-convention-tags-v2 4.7.0+1f023a9e9e
	- fabric-crash-report-info-v1 1.0.5+086d547a9e
	- fabric-creative-tab-api-v1 5.0.14+d871b99e9e
	- fabric-data-attachment-api-v1 2.2.18+515ac5339e
	- fabric-data-generation-api-v1 25.5.0+aed122aa9e
	- fabric-debug-api-v1 1.0.2+c792624d9e
	- fabric-dimensions-v1 5.1.11+515ac5339e
	- fabric-entity-events-v1 5.0.5+06488ac19e
	- fabric-events-interaction-v0 5.2.7+515ac5339e
	- fabric-game-rule-api-v1 4.0.8+46a6d00c9e
	- fabric-gametest-api-v1 4.0.21+4a7fa0819e
	- fabric-item-api-v1 14.4.0+49a69a7b9e
	- fabric-lifecycle-events-v1 4.1.3+4575b05f9e
	- fabric-loot-api-v3 3.0.17+06488ac19e
	- fabric-menu-api-v1 2.0.16+086d547a9e
	- fabric-message-api-v1 7.0.7+086d547a9e
	- fabric-networking-api-v1 6.3.3+72073ef09e
	- fabric-object-builder-api-v1 24.1.0+6fcd5f039e
	- fabric-particles-v1 5.0.18+d1756aa99e
	- fabric-permission-api-v1 1.0.4+536fad2f9e
	- fabric-recipe-api-v1 9.0.20+11e1c9a39e
	- fabric-registry-sync-v0 7.1.0+c7bd5b8e9e
	- fabric-rendering-fluids-v1 6.0.4+06488ac19e
	- fabric-resource-conditions-api-v1 6.1.0+10e9a28b9e
	- fabric-resource-loader-v0 3.3.20+4fc5413f9e
	- fabric-resource-loader-v1 2.0.13+9edec1269e
	- fabric-serialization-api-v1 2.0.4+11a26f319e
	- fabric-tag-api-v1 2.1.4+515ac5339e
	- fabric-transfer-api-v1 8.0.12+11dbb7d79e
	- fabric-transitive-access-wideners-v1 8.1.4+67c847259e
	- fabricloader 0.19.3
	- java 25
	- minecraft 26.2
	- mixinextras 0.5.4
	- powers 1.0.2
	- powers-example-extension 1.0.0
	- powers-gametest 1.0.0
[11:40:12] [main/INFO] (FabricLoader/Mixin) SpongePowered MIXIN Subsystem Version=0.8.7 Source=file:<HOME>/.gradle/caches/modules-2/files-2.1/net.fabricmc/sponge-mixin/0.17.3+mixin.0.8.7/41c4a3984a80f4679e759fb9f495587acc5cdac7/sponge-mixin-0.17.3+mixin.0.8.7.jar Service=Knot/Fabric Env=SERVER
[11:40:12] [main/INFO] (FabricLoader/Mixin) Compatibility level set to JAVA_25
[11:40:13] [main/INFO] (FabricLoader/MixinExtras|Service) Initializing MixinExtras via com.llamalad7.mixinextras.service.MixinExtrasServiceImpl(version=0.5.4).
[11:40:17] [main/INFO] (powers) POWERS config validation: revision=1; adjustments=0; retained=0; dropped=0
[11:40:17] [main/INFO] (powers) Loaded rank mazes: 28 light nodes, 28 darkness nodes
[11:40:17] [main/INFO] (powers) Magic collision kernel loaded: 64 actions, 2080 exhaustive interactions
[11:40:17] [main/INFO] (powers) POWERS framework initialized with 23 power(s)
[11:40:18] [main/INFO] (Minecraft) Environment: Environment[sessionHost=https://sessionserver.mojang.com, servicesHost=https://api.minecraftservices.com, profilesHost=https://api.mojang.com, name=PROD]
[11:40:18] [main/INFO] (FabricGameTestRunner) Starting test server
[11:40:19] [main/INFO] (Minecraft) Loaded 1605 recipes
[11:40:19] [main/INFO] (Minecraft) Loaded 1713 advancements
[11:40:19] [main/INFO] (powers) Staged 2 initial action aliases until extension registration
[11:40:19] [main/INFO] (powers) Loaded 14 Shadow knowledge entries
[11:40:19] [main/INFO] (BiomeModificationImpl) Applied 0 biome modifications to 0 of 69 new biomes in 929.5 μs
[11:40:19] [Server thread/INFO] (powers) Published action registry revision 2 with 110 canonical keys and 2 aliases
[11:40:19] [Server thread/INFO] (Minecraft) Selecting global world spawn...
[11:40:19] [Server thread/INFO] (Minecraft) Loading 0 persistent chunks...
[11:40:19] [Server thread/INFO] (Minecraft) Preparing spawn area: 100%
[11:40:19] [Server thread/INFO] (Minecraft) Time elapsed: 296 ms
[11:40:19] [Server thread/INFO] (Minecraft) Started game test server
[11:40:19] [Server thread/INFO] (Minecraft) 131 tests are now running at position -11441906, -59, -13710306!
[11:40:20] [Server thread/INFO] (Minecraft) Running test environment 'powers:artifact_recents_isolated' batch 0 (1 tests)...
[11:40:20] [Server thread/INFO] (Minecraft) [                                                                                                                                   ]
[11:40:20] [Server thread/INFO] (Minecraft) test-mock-player[embedded] logged in with entity id 1 at (0.0, 0.0, 0.0)
[11:40:21] [Server thread/INFO] (Minecraft) [Dormant] test-mock-player joined the game
[11:40:21] [Server thread/INFO] (Minecraft) Running test environment 'powers:vfx_gallery' batch 0 (1 tests)...
[11:40:21] [Server thread/INFO] (Minecraft) test-mock-player[embedded] logged in with entity id 2 at (0.0, 0.0, 0.0)
[11:40:21] [Server thread/INFO] (Minecraft) [Dormant] test-mock-player joined the game
[11:40:21] [Server thread/INFO] (Minecraft) Running test environment 'powers:fx_lod_isolated' batch 0 (1 tests)...
[11:40:21] [Server thread/INFO] (Minecraft) test-mock-player[embedded] logged in with entity id 13 at (0.0, 0.0, 0.0)
[11:40:21] [Server thread/INFO] (Minecraft) [Dormant] test-mock-player joined the game
[11:40:21] [Server thread/INFO] (Minecraft) test-mock-player[embedded] logged in with entity id 14 at (0.0, 0.0, 0.0)
[11:40:21] [Server thread/INFO] (Minecraft) [Dormant] test-mock-player joined the game
[11:40:21] [Server thread/INFO] (Minecraft) test-mock-player[embedded] logged in with entity id 15 at (0.0, 0.0, 0.0)
[11:40:21] [Server thread/INFO] (Minecraft) [Dormant] test-mock-player joined the game
[11:40:21] [Server thread/INFO] (Minecraft) Running test environment 'qa010_hostile:isolated' batch 0 (7 tests)...
[11:40:21] [Server thread/INFO] (Minecraft) [+++                                                                                                                                ]
[11:40:21] [Server thread/INFO] (Minecraft) test-mock-player[embedded] logged in with entity id 16 at (0.0, 0.0, 0.0)
[11:40:21] [Server thread/INFO] (Minecraft) [Dormant] test-mock-player joined the game
[11:40:21] [Server thread/INFO] (Minecraft) <test-mock-player> shadow, leave me
[11:40:21] [Server thread/INFO] (Minecraft) test-mock-player[embedded] logged in with entity id 19 at (0.0, 0.0, 0.0)
[11:40:21] [Server thread/INFO] (Minecraft) [Dormant] test-mock-player joined the game
[11:40:21] [Server thread/INFO] (Minecraft) test-mock-player[embedded] logged in with entity id 21 at (0.0, 0.0, 0.0)
[11:40:21] [Server thread/INFO] (Minecraft) [Dormant] test-mock-player joined the game
[11:40:22] [Server thread/INFO] (Minecraft) [Dormant] test-mock-player has made the advancement [We Need to Go Deeper]
[11:40:22] [Server thread/INFO] (Minecraft) test-mock-player[embedded] logged in with entity id 24 at (0.0, 0.0, 0.0)
[11:40:22] [Server thread/INFO] (Minecraft) [Dormant] test-mock-player joined the game
[11:40:22] [Server thread/INFO] (Minecraft) test-mock-player[embedded] logged in with entity id 25 at (0.0, 0.0, 0.0)
[11:40:22] [Server thread/INFO] (Minecraft) [Dormant] test-mock-player joined the game
[11:40:22] [Server thread/INFO] (Minecraft) test-mock-player[embedded] logged in with entity id 34 at (0.0, 0.0, 0.0)
[11:40:22] [Server thread/INFO] (Minecraft) [Dormant] test-mock-player joined the game
[11:40:22] [Server thread/INFO] (Minecraft) [Dormant] test-mock-player has made the advancement [Monster Hunter]
[11:40:22] [Server thread/INFO] (Minecraft) test-mock-player[embedded] logged in with entity id 39 at (0.0, 0.0, 0.0)
[11:40:22] [Server thread/INFO] (Minecraft) [Dormant] test-mock-player joined the game
[11:40:22] [Server thread/INFO] (Minecraft) test-mock-player[embedded] logged in with entity id 40 at (0.0, 0.0, 0.0)
[11:40:22] [Server thread/INFO] (Minecraft) [Dormant] test-mock-player joined the game
[11:40:23] [Server thread/INFO] (Minecraft) [++++_+++++                                                                                                                         ]
[11:40:23] [Server thread/INFO] (Minecraft) [++++_+++++                                                                                                                         ]
[11:40:23] [Server thread/INFO] (Minecraft) [Dormant] test-mock-player fell out of the world
[11:40:23] [Server thread/INFO] (Minecraft) [++++_+++++                                                                                                                         ]
[11:40:23] [Server thread/INFO] (Minecraft) [++++_+++++                                                                                                                         ]
[11:40:23] [Server thread/INFO] (Minecraft) [++++_+++++                                                                                                                         ]
[11:40:23] [Server thread/INFO] (Minecraft) [++++_+++++                                                                                                                         ]
[11:40:23] [Server thread/INFO] (Minecraft) [++++_+++++                                                                                                                         ]
[11:40:23] [Server thread/INFO] (Minecraft) Running test environment 'qa010_hostile:travel_graph' batch 0 (1 tests)...
[11:40:23] [Server thread/INFO] (Minecraft) test-mock-player[embedded] logged in with entity id 152 at (0.0, 0.0, 0.0)
[11:40:23] [Server thread/INFO] (Minecraft) [Dormant] test-mock-player joined the game
[11:40:23] [Server thread/INFO] (Minecraft) [++++++++++_                                                                                                                        ]
[11:40:23] [Server thread/INFO] (Minecraft) [++++++++++_                                                                                                                        ]
[11:40:23] [Server thread/INFO] (Minecraft) [++++++++++_                                                                                                                        ]
[11:40:23] [Server thread/INFO] (Minecraft) Running test environment 'powers:artifact_stale_teleport_isolated' batch 0 (1 tests)...
[11:40:23] [Server thread/INFO] (Minecraft) test-mock-player[embedded] logged in with entity id 254 at (0.0, 0.0, 0.0)
[11:40:23] [Server thread/INFO] (Minecraft) [Dormant] test-mock-player joined the game
[11:40:23] [Server thread/INFO] (Minecraft) Running test environment 'powers:invasion_isolated' batch 0 (1 tests)...
[11:40:23] [Server thread/INFO] (Minecraft) [++++++++++++                                                                                                                       ]
[11:40:23] [Server thread/INFO] (Minecraft) test-mock-player[embedded] logged in with entity id 265 at (0.0, 0.0, 0.0)
[11:40:23] [Server thread/INFO] (Minecraft) [Dormant] test-mock-player joined the game
[11:40:23] [Server thread/INFO] (Minecraft) [++++++++++++_                                                                                                                      ]
[11:40:23] [Server thread/INFO] (Minecraft) [++++++++++++_                                                                                                                      ]
[11:40:23] [Server thread/INFO] (Minecraft) [++++++++++++_                                                                                                                      ]
[11:40:23] [Server thread/INFO] (Minecraft) [++++++++++++_                                                                                                                      ]
[11:40:23] [Server thread/INFO] (Minecraft) [++++++++++++_                                                                                                                      ]
[11:40:23] [Server thread/INFO] (Minecraft) [++++++++++++_                                                                                                                      ]
[11:40:23] [Server thread/INFO] (Minecraft) [++++++++++++_                                                                                                                      ]
[11:40:23] [Server thread/INFO] (Minecraft) [++++++++++++_                                                                                                                      ]
[11:40:24] [Server thread/INFO] (Minecraft) [++++++++++++_                                                                                                                      ]
[11:40:24] [Server thread/INFO] (Minecraft) [++++++++++++_                                                                                                                      ]
[11:40:24] [Server thread/INFO] (Minecraft) [++++++++++++_                                                                                                                      ]
[11:40:24] [Server thread/INFO] (Minecraft) [++++++++++++_                                                                                                                      ]
[11:40:24] [Server thread/INFO] (Minecraft) [++++++++++++_                                                                                                                      ]
[11:40:24] [Server thread/INFO] (Minecraft) [++++++++++++_                                                                                                                      ]
[11:40:24] [Server thread/INFO] (Minecraft) [++++++++++++_                                                                                                                      ]
[11:40:24] [Server thread/INFO] (Minecraft) [++++++++++++_                                                                                                                      ]
[11:40:24] [Server thread/INFO] (Minecraft) [++++++++++++_                                                                                                                      ]
[11:40:24] [Server thread/INFO] (Minecraft) [++++++++++++_                                                                                                                      ]
[11:40:24] [Server thread/INFO] (Minecraft) [++++++++++++_                                                                                                                      ]
[11:40:24] [Server thread/INFO] (Minecraft) [++++++++++++_                                                                                                                      ]
[11:40:24] [Server thread/INFO] (Minecraft) [++++++++++++_                                                                                                                      ]
[11:40:24] [Server thread/INFO] (Minecraft) Running test environment 'minecraft:default' batch 0 (50 tests)...
[11:40:24] [Server thread/INFO] (Minecraft) test-mock-player[embedded] logged in with entity id 331 at (0.0, 0.0, 0.0)
[11:40:24] [Server thread/INFO] (Minecraft) [Dormant] test-mock-player joined the game
[11:40:24] [Server thread/INFO] (Minecraft) test-mock-player[embedded] logged in with entity id 334 at (0.0, 0.0, 0.0)
[11:40:24] [Server thread/INFO] (Minecraft) [Dormant] test-mock-player joined the game
[11:40:24] [Server thread/INFO] (Minecraft) test-mock-player[embedded] logged in with entity id 335 at (0.0, 0.0, 0.0)
[11:40:24] [Server thread/INFO] (Minecraft) [Dormant] test-mock-player joined the game
[11:40:24] [Server thread/INFO] (Minecraft) test-mock-player[embedded] logged in with entity id 336 at (0.0, 0.0, 0.0)
[11:40:24] [Server thread/INFO] (Minecraft) [Dormant] test-mock-player joined the game
[11:40:24] [Server thread/INFO] (Minecraft) test-mock-player[embedded] logged in with entity id 342 at (0.0, 0.0, 0.0)
[11:40:24] [Server thread/INFO] (Minecraft) [Dormant] test-mock-player joined the game
[11:40:24] [Server thread/INFO] (Minecraft) test-mock-player[embedded] logged in with entity id 343 at (0.0, 0.0, 0.0)
[11:40:24] [Server thread/INFO] (Minecraft) [Dormant] test-mock-player joined the game
[11:40:24] [Server thread/INFO] (Minecraft) test-mock-player[embedded] logged in with entity id 349 at (0.0, 0.0, 0.0)
[11:40:24] [Server thread/INFO] (Minecraft) [Dormant] test-mock-player joined the game
[11:40:24] [Server thread/INFO] (Minecraft) test-mock-player[embedded] logged in with entity id 351 at (0.0, 0.0, 0.0)
[11:40:24] [Server thread/INFO] (Minecraft) [Dormant] test-mock-player joined the game
[11:40:24] [Server thread/INFO] (Minecraft) test-mock-player[embedded] logged in with entity id 353 at (0.0, 0.0, 0.0)
[11:40:24] [Server thread/INFO] (Minecraft) [Dormant] test-mock-player joined the game
[11:40:24] [Server thread/INFO] (Minecraft) <test-mock-player> shadow, hide yourself
[11:40:24] [Server thread/INFO] (Minecraft) <test-mock-player> shadow, leave me
[11:40:24] [Server thread/INFO] (Minecraft) test-mock-player[embedded] logged in with entity id 357 at (0.0, 0.0, 0.0)
[11:40:24] [Server thread/INFO] (Minecraft) [Dormant] test-mock-player joined the game
[11:40:24] [Server thread/INFO] (Minecraft) test-mock-player[embedded] logged in with entity id 358 at (0.0, 0.0, 0.0)
[11:40:24] [Server thread/INFO] (Minecraft) [Dormant] test-mock-player joined the game
[11:40:24] [Server thread/INFO] (Minecraft) test-mock-player[embedded] logged in with entity id 359 at (0.0, 0.0, 0.0)
[11:40:24] [Server thread/INFO] (Minecraft) [Dormant] test-mock-player joined the game
[11:40:24] [Server thread/INFO] (Minecraft) test-mock-player[embedded] logged in with entity id 360 at (0.0, 0.0, 0.0)
[11:40:24] [Server thread/INFO] (Minecraft) [Dormant] test-mock-player joined the game
[11:40:24] [Server thread/INFO] (Minecraft) test-mock-player[embedded] logged in with entity id 365 at (0.0, 0.0, 0.0)
[11:40:24] [Server thread/INFO] (Minecraft) [Dormant] test-mock-player joined the game
[11:40:24] [Server thread/INFO] (Minecraft) test-mock-player[embedded] logged in with entity id 366 at (0.0, 0.0, 0.0)
[11:40:24] [Server thread/INFO] (Minecraft) [Dormant] test-mock-player joined the game
[11:40:24] [Server thread/INFO] (Minecraft) test-mock-player[embedded] logged in with entity id 367 at (0.0, 0.0, 0.0)
[11:40:24] [Server thread/INFO] (Minecraft) [Dormant] test-mock-player joined the game
[11:40:24] [Server thread/INFO] (Minecraft) test-mock-player[embedded] logged in with entity id 369 at (0.0, 0.0, 0.0)
[11:40:24] [Server thread/INFO] (Minecraft) [Dormant] test-mock-player joined the game
[11:40:24] [Server thread/INFO] (Minecraft) test-mock-player[embedded] logged in with entity id 371 at (0.0, 0.0, 0.0)
[11:40:24] [Server thread/INFO] (Minecraft) [Dormant] test-mock-player joined the game
[11:40:24] [Server thread/INFO] (Minecraft) test-mock-player[embedded] logged in with entity id 374 at (0.0, 0.0, 0.0)
[11:40:24] [Server thread/INFO] (Minecraft) [Dormant] test-mock-player joined the game
[11:40:24] [Server thread/INFO] (Minecraft) test-mock-player[embedded] logged in with entity id 376 at (0.0, 0.0, 0.0)
[11:40:24] [Server thread/INFO] (Minecraft) [Dormant] test-mock-player joined the game
[11:40:24] [Server thread/INFO] (Minecraft) test-mock-player[embedded] logged in with entity id 379 at (0.0, 0.0, 0.0)
[11:40:24] [Server thread/INFO] (Minecraft) [Dormant] test-mock-player joined the game
[11:40:24] [Server thread/INFO] (Minecraft) test-mock-player[embedded] logged in with entity id 382 at (0.0, 0.0, 0.0)
[11:40:24] [Server thread/INFO] (Minecraft) [Dormant] test-mock-player joined the game
[11:40:24] [Server thread/INFO] (Minecraft) test-mock-player[embedded] logged in with entity id 385 at (0.0, 0.0, 0.0)
[11:40:24] [Server thread/INFO] (Minecraft) [Dormant] test-mock-player joined the game
[11:40:24] [Server thread/INFO] (Minecraft) test-mock-player[embedded] logged in with entity id 386 at (0.0, 0.0, 0.0)
[11:40:24] [Server thread/INFO] (Minecraft) [Dormant] test-mock-player joined the game
[11:40:24] [Server thread/INFO] (Minecraft) test-mock-player[embedded] logged in with entity id 387 at (0.0, 0.0, 0.0)
[11:40:24] [Server thread/INFO] (Minecraft) [Dormant] test-mock-player joined the game
[11:40:24] [Server thread/INFO] (Minecraft) test-mock-player[embedded] logged in with entity id 389 at (0.0, 0.0, 0.0)
[11:40:24] [Server thread/INFO] (Minecraft) [Dormant] test-mock-player joined the game
[11:40:24] [Server thread/INFO] (Minecraft) test-mock-player[embedded] logged in with entity id 390 at (0.0, 0.0, 0.0)
[11:40:24] [Server thread/INFO] (Minecraft) [Dormant] test-mock-player joined the game
[11:40:24] [Server thread/INFO] (Minecraft) test-mock-player[embedded] logged in with entity id 395 at (0.0, 0.0, 0.0)
[11:40:24] [Server thread/INFO] (Minecraft) [Dormant] test-mock-player joined the game
[11:40:24] [Server thread/INFO] (Minecraft) test-mock-player[embedded] logged in with entity id 396 at (0.0, 0.0, 0.0)
[11:40:24] [Server thread/INFO] (Minecraft) [Dormant] test-mock-player joined the game
[11:40:24] [Server thread/INFO] (Minecraft) test-mock-player[embedded] logged in with entity id 400 at (0.0, 0.0, 0.0)
[11:40:24] [Server thread/INFO] (Minecraft) [Dormant] test-mock-player joined the game
[11:40:24] [Server thread/INFO] (Minecraft) Named entity PowerTestActor['Test_7567cb45'/401, l='ServerLevel[Test Level]', x=-11441827.50, y=-56.00, z=-13710195.50] died: Test_7567cb45 died
[11:40:24] [Server thread/INFO] (Minecraft) <test-mock-player> shadow, hide yourself
[11:40:24] [Server thread/INFO] (Minecraft) Named entity ShadowCompanionEntity['Shadow of test-mock-player'/352, l='ServerLevel[Test Level]', x=-11441885.54, y=-56.00, z=-13710253.10] died: Shadow of test-mock-player died
[11:40:24] [Server thread/INFO] (Minecraft) test-mock-player[embedded] logged in with entity id 406 at (0.0, 0.0, 0.0)
[11:40:24] [Server thread/INFO] (Minecraft) [Dormant] test-mock-player joined the game
[11:40:24] [Server thread/INFO] (Minecraft) Named entity FirstVessel['The First Vessel'/408, l='ServerLevel[Test Level]', x=-11441797.50, y=-56.00, z=-13710199.50] died: death.attack.powers.celestial_ruin
[11:40:24] [Server thread/INFO] (Minecraft) test-mock-player[embedded] logged in with entity id 412 at (0.0, 0.0, 0.0)
[11:40:24] [Server thread/INFO] (Minecraft) [Dormant] test-mock-player joined the game
[11:40:24] [Server thread/INFO] (Minecraft) test-mock-player[embedded] logged in with entity id 414 at (0.0, 0.0, 0.0)
[11:40:24] [Server thread/INFO] (Minecraft) [Dormant] test-mock-player joined the game
[11:40:24] [Server thread/INFO] (Minecraft) test-mock-player[embedded] logged in with entity id 416 at (0.0, 0.0, 0.0)
[11:40:24] [Server thread/INFO] (Minecraft) [Dormant] test-mock-player joined the game
[11:40:24] [Server thread/INFO] (Minecraft) test-mock-player[embedded] logged in with entity id 418 at (0.0, 0.0, 0.0)
[11:40:24] [Server thread/INFO] (Minecraft) [Dormant] test-mock-player joined the game
[11:40:24] [Server thread/INFO] (Minecraft) test-mock-player[embedded] logged in with entity id 419 at (0.0, 0.0, 0.0)
[11:40:24] [Server thread/INFO] (Minecraft) [Dormant] test-mock-player joined the game
[11:40:24] [Server thread/INFO] (Minecraft) test-mock-player[embedded] logged in with entity id 420 at (0.0, 0.0, 0.0)
[11:40:24] [Server thread/INFO] (Minecraft) [Dormant] test-mock-player joined the game
[11:40:24] [Server thread/INFO] (Minecraft) test-mock-player[embedded] logged in with entity id 421 at (0.0, 0.0, 0.0)
[11:40:24] [Server thread/INFO] (Minecraft) [Dormant] test-mock-player joined the game
[11:40:24] [Server thread/INFO] (Minecraft) test-mock-player[embedded] logged in with entity id 423 at (0.0, 0.0, 0.0)
[11:40:24] [Server thread/INFO] (Minecraft) [Dormant] test-mock-player joined the game
[11:40:24] [Server thread/INFO] (Minecraft) [Dormant] test-mock-player died
[11:40:24] [Server thread/INFO] (Minecraft) [Dormant] test-mock-player died
[11:40:24] [Server thread/INFO] (Minecraft) test-mock-player[embedded] logged in with entity id 437 at (0.0, 0.0, 0.0)
[11:40:24] [Server thread/INFO] (Minecraft) [Dormant] test-mock-player joined the game
[11:40:24] [Server thread/INFO] (Minecraft) [++++++++++++++_++++++++++_+++_++_++_+_++__++++__+++++++++++++++                                                                    ]
[11:40:24] [Server thread/INFO] (Minecraft) [++++++++++++++_++++++++++_+++_++_++_+_++_+++++_++++++++++++++++                                                                    ]
[11:40:25] [Server thread/INFO] (Minecraft) [++++++++++++++_++++++++++_++++++++++++++++++++_++++++++++++++++                                                                    ]
[11:40:25] [Server thread/INFO] (Minecraft) [++++++++++++++_++++++++++_++++++++++++++++++++_++++++++++++++++                                                                    ]
[11:40:25] [Server thread/INFO] (Minecraft) [+++++++++++++++++++++++++_++++++++++++++++++++_++++++++++++++++                                                                    ]
[11:40:25] [Server thread/INFO] (Minecraft) <test-mock-player> shadow, hide yourself
[11:40:25] [Server thread/INFO] (Minecraft) [++++++++++++++++++++++++++++++++++++++++++++++_++++++++++++++++                                                                    ]
[11:40:25] [Server thread/INFO] (Minecraft) [++++++++++++++++++++++++++++++++++++++++++++++_++++++++++++++++                                                                    ]
[11:41:03] [Server thread/INFO] (Minecraft) Running test environment 'minecraft:default' batch 1 (50 tests)...
[11:41:03] [Server thread/WARN] (Minecraft) Can't keep up! Is the server overloaded? Running 2037ms or 40 ticks behind
[11:41:03] [Server thread/INFO] (Minecraft) test-mock-player[embedded] logged in with entity id 722 at (0.0, 0.0, 0.0)
[11:41:03] [Server thread/INFO] (Minecraft) [Dormant] test-mock-player joined the game
[11:41:03] [Server thread/INFO] (Minecraft) test-mock-player[embedded] logged in with entity id 723 at (0.0, 0.0, 0.0)
[11:41:03] [Server thread/INFO] (Minecraft) [Dormant] test-mock-player joined the game
[11:41:04] [Server thread/INFO] (Minecraft) test-mock-player[embedded] logged in with entity id 726 at (0.0, 0.0, 0.0)
[11:41:04] [Server thread/INFO] (Minecraft) [Dormant] test-mock-player joined the game
[11:41:04] [Server thread/INFO] (Minecraft) test-mock-player[embedded] logged in with entity id 727 at (0.0, 0.0, 0.0)
[11:41:04] [Server thread/INFO] (Minecraft) [Dormant] test-mock-player joined the game
[11:41:04] [Server thread/INFO] (Minecraft) [Dormant] test-mock-player has made the advancement [We Need to Go Deeper]
[11:41:04] [Server thread/INFO] (Minecraft) test-mock-player[embedded] logged in with entity id 730 at (0.0, 0.0, 0.0)
[11:41:04] [Server thread/INFO] (Minecraft) [Dormant] test-mock-player joined the game
[11:41:04] [Server thread/INFO] (Minecraft) test-mock-player[embedded] logged in with entity id 731 at (0.0, 0.0, 0.0)
[11:41:04] [Server thread/INFO] (Minecraft) [Dormant] test-mock-player joined the game
[11:41:04] [Server thread/INFO] (Minecraft) test-mock-player[embedded] logged in with entity id 732 at (0.0, 0.0, 0.0)
[11:41:04] [Server thread/INFO] (Minecraft) [Dormant] test-mock-player joined the game
[11:41:04] [Server thread/INFO] (Minecraft) test-mock-player[embedded] logged in with entity id 733 at (0.0, 0.0, 0.0)
[11:41:04] [Server thread/INFO] (Minecraft) [Dormant] test-mock-player joined the game
[11:41:04] [Server thread/INFO] (powers) powers_operator_audit action=consent_override result=success actor=test-mock-player subject=test-mock-player detail=teleport
[11:41:04] [Server thread/INFO] (powers) powers_operator_audit action=consent_override result=success actor=test-mock-player subject=test-mock-player detail=locator
[11:41:04] [Server thread/INFO] (powers) powers_operator_audit action=consent_override result=success actor=test-mock-player subject=test-mock-player detail=companion
[11:41:04] [Server thread/INFO] (powers) powers_operator_audit action=consent_override result=success actor=test-mock-player subject=test-mock-player detail=dreamwalk
[11:41:04] [Server thread/INFO] (powers) powers_operator_audit action=consent_override result=success actor=test-mock-player subject=test-mock-player detail=possession
[11:41:04] [Server thread/INFO] (Minecraft) test-mock-player[embedded] logged in with entity id 734 at (0.0, 0.0, 0.0)
[11:41:04] [Server thread/INFO] (Minecraft) [Dormant] test-mock-player joined the game
[11:41:04] [Server thread/INFO] (powers) powers_operator_audit action=consent_override result=denied actor=test-mock-player subject=test-mock-player detail=deny_energy
[11:41:04] [Server thread/INFO] (powers) powers_operator_audit action=consent_override result=success actor=test-mock-player subject=test-mock-player detail=teleport
[11:41:04] [Server thread/INFO] (Minecraft) test-mock-player[embedded] logged in with entity id 735 at (0.0, 0.0, 0.0)
[11:41:04] [Server thread/INFO] (Minecraft) [Dormant] test-mock-player joined the game
[11:41:04] [Server thread/INFO] (Minecraft) test-mock-player[embedded] logged in with entity id 736 at (0.0, 0.0, 0.0)
[11:41:04] [Server thread/INFO] (Minecraft) [Dormant] test-mock-player joined the game
[11:41:04] [Server thread/INFO] (Minecraft) test-mock-player[embedded] logged in with entity id 737 at (0.0, 0.0, 0.0)
[11:41:04] [Server thread/INFO] (Minecraft) [Dormant] test-mock-player joined the game
[11:41:04] [Server thread/INFO] (Minecraft) test-mock-player[embedded] logged in with entity id 738 at (0.0, 0.0, 0.0)
[11:41:04] [Server thread/INFO] (Minecraft) [Dormant] test-mock-player joined the game
[11:41:04] [Server thread/INFO] (Minecraft) test-mock-player[embedded] logged in with entity id 740 at (0.0, 0.0, 0.0)
[11:41:04] [Server thread/INFO] (Minecraft) [Dormant] test-mock-player joined the game
[11:41:04] [Server thread/INFO] (Minecraft) test-mock-player[embedded] logged in with entity id 744 at (0.0, 0.0, 0.0)
[11:41:04] [Server thread/INFO] (Minecraft) [Dormant] test-mock-player joined the game
[11:41:04] [Server thread/INFO] (Minecraft) test-mock-player[embedded] logged in with entity id 745 at (0.0, 0.0, 0.0)
[11:41:04] [Server thread/INFO] (Minecraft) [Dormant] test-mock-player joined the game
[11:41:04] [Server thread/INFO] (Minecraft) test-mock-player[embedded] logged in with entity id 746 at (0.0, 0.0, 0.0)
[11:41:04] [Server thread/INFO] (Minecraft) [Dormant] test-mock-player joined the game
[11:41:04] [Server thread/INFO] (Minecraft) test-mock-player[embedded] logged in with entity id 753 at (0.0, 0.0, 0.0)
[11:41:04] [Server thread/INFO] (Minecraft) [Dormant] test-mock-player joined the game
[11:41:04] [Server thread/INFO] (Minecraft) test-mock-player[embedded] logged in with entity id 754 at (0.0, 0.0, 0.0)
[11:41:04] [Server thread/INFO] (Minecraft) [Dormant] test-mock-player joined the game
[11:41:04] [Server thread/INFO] (Minecraft) test-mock-player[embedded] logged in with entity id 756 at (0.0, 0.0, 0.0)
[11:41:04] [Server thread/INFO] (Minecraft) [Dormant] test-mock-player joined the game
[11:41:04] [Server thread/INFO] (Minecraft) test-mock-player[embedded] logged in with entity id 757 at (0.0, 0.0, 0.0)
[11:41:04] [Server thread/INFO] (Minecraft) [Dormant] test-mock-player joined the game
[11:41:04] [Server thread/INFO] (Minecraft) test-mock-player[embedded] logged in with entity id 759 at (0.0, 0.0, 0.0)
[11:41:04] [Server thread/INFO] (Minecraft) [Dormant] test-mock-player joined the game
[11:41:04] [Server thread/INFO] (Minecraft) test-mock-player[embedded] logged in with entity id 760 at (0.0, 0.0, 0.0)
[11:41:04] [Server thread/INFO] (Minecraft) [Dormant] test-mock-player joined the game
[11:41:04] [Server thread/INFO] (Minecraft) test-mock-player[embedded] logged in with entity id 761 at (0.0, 0.0, 0.0)
[11:41:04] [Server thread/INFO] (Minecraft) [Dormant] test-mock-player joined the game
[11:41:04] [Server thread/INFO] (Minecraft) test-mock-player[embedded] logged in with entity id 762 at (0.0, 0.0, 0.0)
[11:41:04] [Server thread/INFO] (Minecraft) [Dormant] test-mock-player joined the game
[11:41:04] [Server thread/INFO] (Minecraft) Named entity PowerTestActor['Target_thunderclap'/765, l='ServerLevel[Test Level]', x=-11441902.50, y=-55.00, z=-13709601.50] died: Target_thunderclap was consumed by ancient power
[11:41:04] [Server thread/INFO] (Minecraft) test-mock-player[embedded] logged in with entity id 777 at (0.0, 0.0, 0.0)
[11:41:04] [Server thread/INFO] (Minecraft) [Dormant] test-mock-player joined the game
[11:41:04] [Server thread/INFO] (Minecraft) test-mock-player[embedded] logged in with entity id 778 at (0.0, 0.0, 0.0)
[11:41:04] [Server thread/INFO] (Minecraft) [Dormant] test-mock-player joined the game
[11:41:04] [Server thread/INFO] (Minecraft) test-mock-player[embedded] logged in with entity id 779 at (0.0, 0.0, 0.0)
[11:41:04] [Server thread/INFO] (Minecraft) [Dormant] test-mock-player joined the game
[11:41:04] [Server thread/INFO] (Minecraft) test-mock-player[embedded] logged in with entity id 780 at (0.0, 0.0, 0.0)
[11:41:04] [Server thread/INFO] (Minecraft) [Dormant] test-mock-player joined the game
[11:41:04] [Server thread/INFO] (Minecraft) test-mock-player[embedded] logged in with entity id 781 at (0.0, 0.0, 0.0)
[11:41:04] [Server thread/INFO] (Minecraft) [Dormant] test-mock-player joined the game
[11:41:04] [Server thread/INFO] (Minecraft) test-mock-player[embedded] logged in with entity id 782 at (0.0, 0.0, 0.0)
[11:41:04] [Server thread/INFO] (Minecraft) [Dormant] test-mock-player joined the game
[11:41:04] [Server thread/INFO] (Minecraft) test-mock-player[embedded] logged in with entity id 783 at (0.0, 0.0, 0.0)
[11:41:04] [Server thread/INFO] (Minecraft) [Dormant] test-mock-player joined the game
[11:41:04] [Server thread/INFO] (Minecraft) test-mock-player[embedded] logged in with entity id 784 at (0.0, 0.0, 0.0)
[11:41:04] [Server thread/INFO] (Minecraft) [Dormant] test-mock-player joined the game
[11:41:04] [Server thread/INFO] (Minecraft) test-mock-player[embedded] logged in with entity id 785 at (0.0, 0.0, 0.0)
[11:41:04] [Server thread/INFO] (Minecraft) [Dormant] test-mock-player joined the game
[11:41:04] [Server thread/INFO] (Minecraft) test-mock-player[embedded] logged in with entity id 786 at (0.0, 0.0, 0.0)
[11:41:04] [Server thread/INFO] (Minecraft) [Dormant] test-mock-player joined the game
[11:41:04] [Server thread/INFO] (Minecraft) test-mock-player[embedded] logged in with entity id 787 at (0.0, 0.0, 0.0)
[11:41:04] [Server thread/INFO] (Minecraft) [Dormant] test-mock-player joined the game
[11:41:04] [Server thread/INFO] (Minecraft) test-mock-player[embedded] logged in with entity id 788 at (0.0, 0.0, 0.0)
[11:41:04] [Server thread/INFO] (Minecraft) [Dormant] test-mock-player joined the game
[11:41:04] [Server thread/INFO] (Minecraft) test-mock-player[embedded] logged in with entity id 791 at (0.0, 0.0, 0.0)
[11:41:04] [Server thread/INFO] (Minecraft) [Dormant] test-mock-player joined the game
[11:41:04] [Server thread/INFO] (powers) PERF-012 identical mixed AI: queries=24, cacheHits=12, inspections=348, legacyInspections=540, reductionPercent=35.56
[11:41:04] [Server thread/INFO] (Minecraft) test-mock-player[embedded] logged in with entity id 837 at (0.0, 0.0, 0.0)
[11:41:04] [Server thread/INFO] (Minecraft) [Dormant] test-mock-player joined the game
[11:41:04] [Server thread/INFO] (Minecraft) test-mock-player[embedded] logged in with entity id 985 at (0.0, 0.0, 0.0)
[11:41:04] [Server thread/INFO] (Minecraft) [Dormant] test-mock-player joined the game
[11:41:04] [Server thread/INFO] (Minecraft) test-mock-player[embedded] logged in with entity id 986 at (0.0, 0.0, 0.0)
[11:41:04] [Server thread/INFO] (Minecraft) [Dormant] test-mock-player joined the game
[11:41:04] [Server thread/INFO] (Minecraft) test-mock-player[embedded] logged in with entity id 991 at (0.0, 0.0, 0.0)
[11:41:04] [Server thread/INFO] (Minecraft) [Dormant] test-mock-player joined the game
[11:41:04] [Server thread/INFO] (Minecraft) test-mock-player[embedded] logged in with entity id 995 at (0.0, 0.0, 0.0)
[11:41:04] [Server thread/INFO] (Minecraft) [Dormant] test-mock-player joined the game
[11:41:04] [Server thread/INFO] (Minecraft) test-mock-player[embedded] logged in with entity id 997 at (0.0, 0.0, 0.0)
[11:41:04] [Server thread/INFO] (Minecraft) [Dormant] test-mock-player joined the game
[11:41:04] [Server thread/INFO] (Minecraft) test-mock-player[embedded] logged in with entity id 1007 at (0.0, 0.0, 0.0)
[11:41:04] [Server thread/INFO] (Minecraft) [Dormant] test-mock-player joined the game
[11:41:04] [Server thread/INFO] (Minecraft) test-mock-player[embedded] logged in with entity id 1008 at (0.0, 0.0, 0.0)
[11:41:04] [Server thread/INFO] (Minecraft) [Dormant] test-mock-player joined the game
[11:41:04] [Server thread/INFO] (Minecraft) test-mock-player[embedded] logged in with entity id 1009 at (0.0, 0.0, 0.0)
[11:41:04] [Server thread/INFO] (Minecraft) [Dormant] test-mock-player joined the game
[11:41:04] [Server thread/INFO] (Minecraft) test-mock-player[embedded] logged in with entity id 1010 at (0.0, 0.0, 0.0)
[11:41:04] [Server thread/INFO] (Minecraft) [Dormant] test-mock-player joined the game
[11:41:04] [Server thread/INFO] (Minecraft) test-mock-player[embedded] logged in with entity id 1012 at (0.0, 0.0, 0.0)
[11:41:04] [Server thread/INFO] (Minecraft) [Dormant] test-mock-player joined the game
[11:41:04] [Server thread/INFO] (Minecraft) <test-mock-player> shadow, use astral projection
[11:41:04] [Server thread/INFO] (Minecraft) <test-mock-player> shadow, use blight ground
[11:41:04] [Server thread/INFO] (Minecraft) <test-mock-player> shadow, use breezy bash
[11:41:04] [Server thread/INFO] (Minecraft) <test-mock-player> shadow, use call hollowed
[11:41:04] [Server thread/INFO] (Minecraft) <test-mock-player> shadow, use double health
[11:41:04] [Server thread/INFO] (Minecraft) <test-mock-player> shadow, stop double health
[11:41:04] [Server thread/INFO] (Minecraft) <test-mock-player> shadow, use energy beam
[11:41:04] [Server thread/INFO] (Minecraft) <test-mock-player> shadow, use energy drain
[11:41:04] [Server thread/INFO] (Minecraft) <test-mock-player> shadow, use fireball
[11:41:04] [Server thread/INFO] (Minecraft) <test-mock-player> shadow, use flight
[11:41:04] [Server thread/INFO] (Minecraft) <test-mock-player> shadow, stop flight
[11:41:04] [Server thread/INFO] (Minecraft) <test-mock-player> shadow, use forcefield
[11:41:04] [Server thread/INFO] (Minecraft) <test-mock-player> shadow, stop forcefield
[11:41:04] [Server thread/INFO] (Minecraft) <test-mock-player> shadow, use gravity displacement
[11:41:04] [Server thread/INFO] (Minecraft) <test-mock-player> shadow, use ice manipulation
[11:41:04] [Server thread/INFO] (Minecraft) <test-mock-player> shadow, use invisibility
[11:41:04] [Server thread/INFO] (Minecraft) <test-mock-player> shadow, stop invisibility
[11:41:04] [Server thread/INFO] (Minecraft) <test-mock-player> shadow, use lightning strike
[11:41:04] [Server thread/INFO] (Minecraft) <test-mock-player> shadow, use nightfall dominion
[11:41:04] [Server thread/INFO] (Minecraft) <test-mock-player> shadow, stop nightfall dominion
[11:41:04] [Server thread/INFO] (Minecraft) <test-mock-player> shadow, use plant healing acceleration
[11:41:04] [Server thread/INFO] (Minecraft) <test-mock-player> shadow, use size shift
[11:41:04] [Server thread/INFO] (Minecraft) <test-mock-player> shadow, stop size shift
[11:41:04] [Server thread/INFO] (Minecraft) <test-mock-player> shadow, use speed burst
[11:41:04] [Server thread/INFO] (Minecraft) <test-mock-player> shadow, use starfall
[11:41:04] [Server thread/INFO] (Minecraft) <test-mock-player> shadow, use super speed
[11:41:04] [Server thread/INFO] (Minecraft) <test-mock-player> shadow, stop super speed
[11:41:04] [Server thread/INFO] (Minecraft) <test-mock-player> shadow, use telekinesis
[11:41:04] [Server thread/INFO] (Minecraft) <test-mock-player> shadow, use thunderclap
[11:41:04] [Server thread/INFO] (Minecraft) <test-mock-player> shadow, use time freeze
[11:41:04] [Server thread/INFO] (Minecraft) <test-mock-player> shadow, stop time freeze
[11:41:04] [Server thread/INFO] (Minecraft) <test-mock-player> shadow, use time shift
[11:41:04] [Server thread/INFO] (Minecraft) <test-mock-player> shadow, use vessel possession
[11:41:04] [Server thread/INFO] (Minecraft) <test-mock-player> shadow, use void beam
[11:41:04] [Server thread/INFO] (Minecraft) test-mock-player[embedded] logged in with entity id 1048 at (0.0, 0.0, 0.0)
[11:41:04] [Server thread/INFO] (Minecraft) [Dormant] test-mock-player joined the game
[11:41:04] [Server thread/INFO] (Minecraft) test-mock-player[embedded] logged in with entity id 1049 at (0.0, 0.0, 0.0)
[11:41:04] [Server thread/INFO] (Minecraft) [Dormant] test-mock-player joined the game
[11:41:04] [Server thread/INFO] (Minecraft) test-mock-player[embedded] logged in with entity id 1050 at (0.0, 0.0, 0.0)
[11:41:04] [Server thread/INFO] (Minecraft) [Dormant] test-mock-player joined the game
[11:41:04] [Server thread/INFO] (Minecraft) <test-mock-player> shadow, stay here
[11:41:04] [Server thread/INFO] (Minecraft) <test-mock-player> shadow, fight at far range
[11:41:04] [Server thread/INFO] (Minecraft) <test-mock-player> shadow, follow me
[11:41:04] [Server thread/INFO] (Minecraft) <test-mock-player> shadow, how does amethyst interfere with magic?
[11:41:04] [Server thread/INFO] (Minecraft) <test-mock-player> shadow, explain the darkness to me
[11:41:04] [Server thread/INFO] (Minecraft) <test-mock-player> shadow, use lightning strike
[11:41:04] [Server thread/INFO] (Minecraft) <test-mock-player> shadow, use energy beam
[11:41:04] [Server thread/INFO] (Minecraft) <test-mock-player> shadow, use lightning strike
[11:41:04] [Server thread/INFO] (Minecraft) <test-mock-player> shadow, use void beam
[11:41:04] [Server thread/INFO] (Minecraft) <test-mock-player> shadow, hide yourself
[11:41:04] [Server thread/INFO] (Minecraft) Named entity ShadowCompanionEntity['Shadow of test-mock-player'/1051, l='ServerLevel[Test Level]', x=-11441088.75, y=41.00, z=-13709216.25] died: Shadow of test-mock-player died
[11:41:04] [Server thread/INFO] (Minecraft) test-mock-player[embedded] logged in with entity id 1059 at (0.0, 0.0, 0.0)
[11:41:04] [Server thread/INFO] (Minecraft) [Dormant] test-mock-player joined the game
[11:41:04] [Server thread/INFO] (Minecraft) test-mock-player[embedded] logged in with entity id 1060 at (0.0, 0.0, 0.0)
[11:41:04] [Server thread/INFO] (Minecraft) [Dormant] test-mock-player joined the game
[11:41:04] [Server thread/INFO] (Minecraft) test-mock-player[embedded] logged in with entity id 1061 at (0.0, 0.0, 0.0)
[11:41:04] [Server thread/INFO] (Minecraft) [Dormant] test-mock-player joined the game
[11:41:04] [Server thread/INFO] (Minecraft) test-mock-player[embedded] logged in with entity id 1066 at (0.0, 0.0, 0.0)
[11:41:04] [Server thread/INFO] (Minecraft) [Dormant] test-mock-player joined the game
[11:41:04] [Server thread/INFO] (Minecraft) test-mock-player[embedded] logged in with entity id 1067 at (0.0, 0.0, 0.0)
[11:41:04] [Server thread/INFO] (Minecraft) [Dormant] test-mock-player joined the game
[11:41:04] [Server thread/INFO] (Minecraft) test-mock-player[embedded] logged in with entity id 1068 at (0.0, 0.0, 0.0)
[11:41:04] [Server thread/INFO] (Minecraft) [Dormant] test-mock-player joined the game
[11:41:04] [Server thread/INFO] (Minecraft) [+++++++++++++++++++++++++++++++++++++++++++++++++++++++++++++++___+_+++++++___++_+++___ +_++__++++++++++_+++__++_                  ]
[11:41:05] [Server thread/INFO] (Minecraft) [+++++++++++++++++++++++++++++++++++++++++++++++++++++++++++++++__++_++++++++++++++++_+_ ++++++++++++++++++++__+++                  ]
[11:41:05] [Server thread/INFO] (Minecraft) [Dormant] test-mock-player has made the advancement [We Need to Go Deeper]
[11:41:05] [Server thread/INFO] (Minecraft) [+++++++++++++++++++++++++++++++++++++++++++++++++++++++++++++++__++_++++++++++++++++_+_ ++++++++++++++++++++__+++                  ]
[11:41:05] [Server thread/INFO] (Minecraft) [+++++++++++++++++++++++++++++++++++++++++++++++++++++++++++++++__+++++++++++++++++++++_ ++++++++++++++++++++__+++                  ]
[11:41:06] [Server thread/INFO] (Minecraft) [+++++++++++++++++++++++++++++++++++++++++++++++++++++++++++++++__+++++++++++++++++++++_ ++++++++++++++++++++__+++                  ]
[11:41:06] [Server thread/INFO] (Minecraft) [+++++++++++++++++++++++++++++++++++++++++++++++++++++++++++++++__++++++++++++++++++++++ ++++++++++++++++++++__+++                  ]
[11:41:06] [Server thread/INFO] (Minecraft) <test-mock-player> shadow, leave me
[11:41:06] [Server thread/INFO] (Minecraft) [+++++++++++++++++++++++++++++++++++++++++++++++++++++++++++++++_+++++++++++++++++++++++ ++++++++++++++++++++__+++                  ]
[11:41:06] [Server thread/INFO] (Minecraft) [+++++++++++++++++++++++++++++++++++++++++++++++++++++++++++++++_+++++++++++++++++++++++ ++++++++++++++++++++__+++                  ]
[11:41:07] [Server thread/INFO] (Minecraft) [+++++++++++++++++++++++++++++++++++++++++++++++++++++++++++++++++++++++++++++++++++++++ ++++++++++++++++++++__+++                  ]
[11:41:07] [Server thread/INFO] (Minecraft) [+++++++++++++++++++++++++++++++++++++++++++++++++++++++++++++++++++++++++++++++++++++++ ++++++++++++++++++++__+++                  ]
[11:41:07] [Server thread/INFO] (Minecraft) [+++++++++++++++++++++++++++++++++++++++++++++++++++++++++++++++++++++++++++++++++++++++ ++++++++++++++++++++__+++                  ]
[11:41:07] [Server thread/INFO] (Minecraft) [+++++++++++++++++++++++++++++++++++++++++++++++++++++++++++++++++++++++++++++++++++++++ ++++++++++++++++++++__+++                  ]
[11:41:07] [Server thread/INFO] (Minecraft) [+++++++++++++++++++++++++++++++++++++++++++++++++++++++++++++++++++++++++++++++++++++++ ++++++++++++++++++++__+++                  ]
[11:41:07] [Server thread/INFO] (Minecraft) [+++++++++++++++++++++++++++++++++++++++++++++++++++++++++++++++++++++++++++++++++++++++ ++++++++++++++++++++__+++                  ]
[11:41:07] [Server thread/INFO] (Minecraft) [+++++++++++++++++++++++++++++++++++++++++++++++++++++++++++++++++++++++++++++++++++++++ ++++++++++++++++++++__+++                  ]
[11:41:07] [Server thread/INFO] (Minecraft) test-mock-player[embedded] logged in with entity id 2066 at (0.0, 0.0, 0.0)
[11:41:07] [Server thread/INFO] (Minecraft) [Dormant] test-mock-player joined the game
[11:41:07] [Server thread/INFO] (Minecraft) [+++++++++++++++++++++++++++++++++++++++++++++++++++++++++++++++++++++++++++++++++++++++_++++++++++++++++++++__+++                  ]
[11:41:07] [Server thread/INFO] (Minecraft) [+++++++++++++++++++++++++++++++++++++++++++++++++++++++++++++++++++++++++++++++++++++++_++++++++++++++++++++__+++                  ]
[11:41:07] [Server thread/INFO] (Minecraft) [+++++++++++++++++++++++++++++++++++++++++++++++++++++++++++++++++++++++++++++++++++++++_++++++++++++++++++++__+++                  ]
[11:41:07] [Server thread/INFO] (Minecraft) [+++++++++++++++++++++++++++++++++++++++++++++++++++++++++++++++++++++++++++++++++++++++_++++++++++++++++++++__+++                  ]
[11:41:07] [Server thread/INFO] (Minecraft) [+++++++++++++++++++++++++++++++++++++++++++++++++++++++++++++++++++++++++++++++++++++++_++++++++++++++++++++__+++                  ]
[11:41:07] [Server thread/INFO] (Minecraft) [+++++++++++++++++++++++++++++++++++++++++++++++++++++++++++++++++++++++++++++++++++++++_++++++++++++++++++++__+++                  ]
[11:41:08] [Server thread/INFO] (Minecraft) [+++++++++++++++++++++++++++++++++++++++++++++++++++++++++++++++++++++++++++++++++++++++_++++++++++++++++++++__+++                  ]
[11:41:08] [Server thread/INFO] (Minecraft) [+++++++++++++++++++++++++++++++++++++++++++++++++++++++++++++++++++++++++++++++++++++++_++++++++++++++++++++__+++                  ]
[11:41:08] [Server thread/INFO] (Minecraft) [+++++++++++++++++++++++++++++++++++++++++++++++++++++++++++++++++++++++++++++++++++++++_++++++++++++++++++++__+++                  ]
[11:41:08] [Server thread/INFO] (Minecraft) [+++++++++++++++++++++++++++++++++++++++++++++++++++++++++++++++++++++++++++++++++++++++_++++++++++++++++++++__+++                  ]
[11:41:08] [Server thread/INFO] (powers) powers_operator_audit action=catastrophic_ritual result=success actor=test-mock-player subject=world detail=begin
[11:41:08] [Server thread/INFO] (Minecraft) [+++++++++++++++++++++++++++++++++++++++++++++++++++++++++++++++++++++++++++++++++++++++_++++++++++++++++++++__+++                  ]
[11:41:08] [Server thread/INFO] (Minecraft) [++++++++++++++++++++++++++++++++++++++++++++++++++++++++++++++++++++++++++++++++++++++++++++++++++++++++++++__+++                  ]
[11:41:08] [Server thread/INFO] (Minecraft) [++++++++++++++++++++++++++++++++++++++++++++++++++++++++++++++++++++++++++++++++++++++++++++++++++++++++++++__+++                  ]
[11:41:08] [Server thread/INFO] (Minecraft) [++++++++++++++++++++++++++++++++++++++++++++++++++++++++++++++++++++++++++++++++++++++++++++++++++++++++++++__+++                  ]
[11:41:08] [Server thread/INFO] (Minecraft) [++++++++++++++++++++++++++++++++++++++++++++++++++++++++++++++++++++++++++++++++++++++++++++++++++++++++++++__+++                  ]
[11:41:08] [Server thread/INFO] (Minecraft) [++++++++++++++++++++++++++++++++++++++++++++++++++++++++++++++++++++++++++++++++++++++++++++++++++++++++++++__+++                  ]
[11:41:08] [Server thread/INFO] (Minecraft) [++++++++++++++++++++++++++++++++++++++++++++++++++++++++++++++++++++++++++++++++++++++++++++++++++++++++++++__+++                  ]
[11:41:08] [Server thread/INFO] (Minecraft) [++++++++++++++++++++++++++++++++++++++++++++++++++++++++++++++++++++++++++++++++++++++++++++++++++++++++++++__+++                  ]
[11:41:08] [Server thread/INFO] (Minecraft) [++++++++++++++++++++++++++++++++++++++++++++++++++++++++++++++++++++++++++++++++++++++++++++++++++++++++++++__+++                  ]
[11:41:08] [Server thread/INFO] (Minecraft) [++++++++++++++++++++++++++++++++++++++++++++++++++++++++++++++++++++++++++++++++++++++++++++++++++++++++++++__+++                  ]
[11:41:08] [Server thread/INFO] (Minecraft) [++++++++++++++++++++++++++++++++++++++++++++++++++++++++++++++++++++++++++++++++++++++++++++++++++++++++++++__+++                  ]
[11:41:08] [Server thread/INFO] (Minecraft) [++++++++++++++++++++++++++++++++++++++++++++++++++++++++++++++++++++++++++++++++++++++++++++++++++++++++++++__+++                  ]
[11:41:08] [Server thread/INFO] (Minecraft) [++++++++++++++++++++++++++++++++++++++++++++++++++++++++++++++++++++++++++++++++++++++++++++++++++++++++++++__+++                  ]
[11:41:08] [Server thread/INFO] (Minecraft) [++++++++++++++++++++++++++++++++++++++++++++++++++++++++++++++++++++++++++++++++++++++++++++++++++++++++++++__+++                  ]
[11:41:08] [Server thread/INFO] (Minecraft) [++++++++++++++++++++++++++++++++++++++++++++++++++++++++++++++++++++++++++++++++++++++++++++++++++++++++++++__+++                  ]
[11:41:08] [Server thread/INFO] (Minecraft) [++++++++++++++++++++++++++++++++++++++++++++++++++++++++++++++++++++++++++++++++++++++++++++++++++++++++++++__+++                  ]
[11:41:08] [Server thread/INFO] (Minecraft) [++++++++++++++++++++++++++++++++++++++++++++++++++++++++++++++++++++++++++++++++++++++++++++++++++++++++++++__+++                  ]
[11:41:08] [Server thread/INFO] (Minecraft) [++++++++++++++++++++++++++++++++++++++++++++++++++++++++++++++++++++++++++++++++++++++++++++++++++++++++++++__+++                  ]
[11:41:09] [Server thread/INFO] (Minecraft) [++++++++++++++++++++++++++++++++++++++++++++++++++++++++++++++++++++++++++++++++++++++++++++++++++++++++++++__+++                  ]
[11:41:09] [Server thread/INFO] (Minecraft) [++++++++++++++++++++++++++++++++++++++++++++++++++++++++++++++++++++++++++++++++++++++++++++++++++++++++++++__+++                  ]
[11:41:09] [Server thread/INFO] (Minecraft) [++++++++++++++++++++++++++++++++++++++++++++++++++++++++++++++++++++++++++++++++++++++++++++++++++++++++++++__+++                  ]
[11:41:09] [Server thread/INFO] (Minecraft) [++++++++++++++++++++++++++++++++++++++++++++++++++++++++++++++++++++++++++++++++++++++++++++++++++++++++++++__+++                  ]
[11:41:09] [Server thread/INFO] (Minecraft) [++++++++++++++++++++++++++++++++++++++++++++++++++++++++++++++++++++++++++++++++++++++++++++++++++++++++++++__+++                  ]
[11:41:09] [Server thread/INFO] (Minecraft) [++++++++++++++++++++++++++++++++++++++++++++++++++++++++++++++++++++++++++++++++++++++++++++++++++++++++++++__+++                  ]
[11:41:09] [Server thread/INFO] (Minecraft) [++++++++++++++++++++++++++++++++++++++++++++++++++++++++++++++++++++++++++++++++++++++++++++++++++++++++++++__+++                  ]
[11:41:09] [Server thread/INFO] (Minecraft) [++++++++++++++++++++++++++++++++++++++++++++++++++++++++++++++++++++++++++++++++++++++++++++++++++++++++++++__+++                  ]
[11:41:09] [Server thread/INFO] (Minecraft) [++++++++++++++++++++++++++++++++++++++++++++++++++++++++++++++++++++++++++++++++++++++++++++++++++++++++++++__+++                  ]
[11:41:09] [Server thread/INFO] (Minecraft) [+++++++++++++++++++++++++++++++++++++++++++++++++++++++++++++++++++++++++++++++++++++++++++++++++++++++++++++_+++                  ]
[11:41:09] [Server thread/INFO] (Minecraft) [+++++++++++++++++++++++++++++++++++++++++++++++++++++++++++++++++++++++++++++++++++++++++++++++++++++++++++++_+++                  ]
[11:41:13] [Server thread/INFO] (Minecraft) Running test environment 'minecraft:default' batch 2 (8 tests)...
[11:41:13] [Server thread/INFO] (Minecraft) test-mock-player[embedded] logged in with entity id 2790 at (0.0, 0.0, 0.0)
[11:41:13] [Server thread/INFO] (Minecraft) [Dormant] test-mock-player joined the game
[11:41:13] [Server thread/INFO] (Minecraft) test-mock-player[embedded] logged in with entity id 2792 at (0.0, 0.0, 0.0)
[11:41:13] [Server thread/INFO] (Minecraft) [Dormant] test-mock-player joined the game
[11:41:13] [Server thread/INFO] (Minecraft) test-mock-player[embedded] logged in with entity id 2793 at (0.0, 0.0, 0.0)
[11:41:13] [Server thread/INFO] (Minecraft) [Dormant] test-mock-player joined the game
[11:41:13] [Server thread/INFO] (Minecraft) test-mock-player[embedded] logged in with entity id 2794 at (0.0, 0.0, 0.0)
[11:41:13] [Server thread/INFO] (Minecraft) [Dormant] test-mock-player joined the game
[11:41:13] [Server thread/INFO] (Minecraft) test-mock-player[embedded] logged in with entity id 2795 at (0.0, 0.0, 0.0)
[11:41:13] [Server thread/INFO] (Minecraft) [Dormant] test-mock-player joined the game
[11:41:13] [Server thread/INFO] (Minecraft) test-mock-player[embedded] logged in with entity id 2796 at (0.0, 0.0, 0.0)
[11:41:13] [Server thread/INFO] (Minecraft) [Dormant] test-mock-player joined the game
[11:41:13] [Server thread/INFO] (Minecraft) test-mock-player[embedded] logged in with entity id 2798 at (0.0, 0.0, 0.0)
[11:41:13] [Server thread/INFO] (Minecraft) [Dormant] test-mock-player joined the game
[11:41:14] [Server thread/INFO] (Minecraft) Loaded 1605 recipes
[11:41:14] [Server thread/INFO] (Minecraft) Loaded 1713 advancements
[11:41:14] [Server thread/INFO] (powers) Published action registry revision 6 with 110 canonical keys and 2 aliases
[11:41:14] [Server thread/INFO] (powers) Loaded 14 Shadow knowledge entries
[11:41:14] [Server thread/INFO] (Minecraft) [++++++++++++++++++++++++++++++++++++++++++++++++++++++++++++++++++++++++++++++++++++++++++++++++++++++++++++++++++__+++_+          ]
[11:41:15] [Server thread/INFO] (Minecraft) Loaded 1605 recipes
[11:41:15] [Server thread/INFO] (Minecraft) Loaded 1713 advancements
[11:41:15] [Server thread/INFO] (Minecraft) [++++++++++++++++++++++++++++++++++++++++++++++++++++++++++++++++++++++++++++++++++++++++++++++++++++++++++++++++++_++++_+          ]
[11:41:15] [Server thread/INFO] (Minecraft) [+++++++++++++++++++++++++++++++++++++++++++++++++++++++++++++++++++++++++++++++++++++++++++++++++++++++++++++++++++++++_+          ]
[11:41:15] [Server thread/INFO] (Minecraft) Running test environment 'powers:crystal_invalidation_isolated' batch 0 (1 tests)...
[11:41:15] [Server thread/INFO] (Minecraft) test-mock-player[embedded] logged in with entity id 2800 at (0.0, 0.0, 0.0)
[11:41:15] [Server thread/INFO] (Minecraft) [Dormant] test-mock-player joined the game
[11:41:15] [Server thread/INFO] (Minecraft) Running test environment 'powers:artifact_authority_isolated' batch 0 (1 tests)...
[11:41:15] [Server thread/INFO] (Minecraft) [++++++++++++++++++++++++++++++++++++++++++++++++++++++++++++++++++++++++++++++++++++++++++++++++++++++++++++++++++++++++++         ]
[11:41:15] [Server thread/INFO] (Minecraft) test-mock-player[embedded] logged in with entity id 2801 at (0.0, 0.0, 0.0)
[11:41:15] [Server thread/INFO] (Minecraft) [Dormant] test-mock-player joined the game
[11:41:15] [Server thread/INFO] (Minecraft) Running test environment 'powers:artifact_stale_cycle_isolated' batch 0 (1 tests)...
[11:41:15] [Server thread/INFO] (Minecraft) test-mock-player[embedded] logged in with entity id 2802 at (0.0, 0.0, 0.0)
[11:41:15] [Server thread/INFO] (Minecraft) [Dormant] test-mock-player joined the game
[11:41:15] [Server thread/INFO] (Minecraft) [+++++++++++++++++++++++++++++++++++++++++++++++++++++++++++++++++++++++++++++++++++++++++++++++++++++++++++++++++++++++++++_       ]
[11:41:15] [Server thread/INFO] (Minecraft) Running test environment 'powers:packet_fault_matrix_isolated' batch 0 (1 tests)...
[11:41:15] [Server thread/INFO] (Minecraft) test-mock-player[embedded] logged in with entity id 2803 at (0.0, 0.0, 0.0)
[11:41:15] [Server thread/INFO] (Minecraft) [Dormant] test-mock-player joined the game
[11:41:15] [Server thread/INFO] (Minecraft) test-mock-player[embedded] logged in with entity id 2804 at (0.0, 0.0, 0.0)
[11:41:15] [Server thread/INFO] (Minecraft) [Dormant] test-mock-player joined the game
[11:41:15] [Server thread/INFO] (Minecraft) test-mock-player[embedded] logged in with entity id 2805 at (0.0, 0.0, 0.0)
[11:41:15] [Server thread/INFO] (Minecraft) [Dormant] test-mock-player joined the game
[11:41:15] [Server thread/INFO] (Minecraft) test-mock-player[embedded] logged in with entity id 2806 at (0.0, 0.0, 0.0)
[11:41:15] [Server thread/INFO] (Minecraft) [Dormant] test-mock-player joined the game
[11:41:15] [Server thread/INFO] (Minecraft) test-mock-player[embedded] logged in with entity id 2807 at (0.0, 0.0, 0.0)
[11:41:15] [Server thread/INFO] (Minecraft) [Dormant] test-mock-player joined the game
[11:41:15] [Server thread/INFO] (Minecraft) test-mock-player[embedded] logged in with entity id 2808 at (0.0, 0.0, 0.0)
[11:41:15] [Server thread/INFO] (Minecraft) [Dormant] test-mock-player joined the game
[11:41:15] [Server thread/INFO] (Minecraft) test-mock-player lost connection: QA-009 production matrix complete
[11:41:15] [Server thread/INFO] (Minecraft) [Dormant] test-mock-player left the game
[11:41:15] [Server thread/INFO] (Minecraft) test-mock-player lost connection: QA-009 production matrix complete
[11:41:15] [Server thread/INFO] (Minecraft) [Dormant] test-mock-player left the game
[11:41:15] [Server thread/INFO] (Minecraft) test-mock-player lost connection: QA-009 production matrix complete
[11:41:15] [Server thread/INFO] (Minecraft) [Dormant] test-mock-player left the game
[11:41:15] [Server thread/INFO] (Minecraft) test-mock-player lost connection: QA-009 production matrix complete
[11:41:15] [Server thread/INFO] (Minecraft) [Dormant] test-mock-player left the game
[11:41:15] [Server thread/INFO] (Minecraft) test-mock-player lost connection: QA-009 production matrix complete
[11:41:15] [Server thread/INFO] (Minecraft) [Dormant] test-mock-player left the game
[11:41:15] [Server thread/INFO] (Minecraft) test-mock-player lost connection: QA-009 production matrix complete
[11:41:15] [Server thread/INFO] (Minecraft) [Dormant] test-mock-player left the game
[11:41:15] [Server thread/INFO] (Minecraft) [STDOUT]: QA009_PRODUCTION_MATRIX profile=delay150 serverObservedByTicks=10 authoritative=selected outbound=power-state-91 offered=101 dropped=0 duplicated=0 delayed=101 reordered=99 delivered=2 expired=0 maxQueue=101 maxAgeTicks=4 duplicateSideEffects=0
[11:41:15] [Server thread/INFO] (Minecraft) [STDOUT]: QA009_PRODUCTION_MATRIX profile=delay300 serverObservedByTicks=10 authoritative=selected outbound=power-state-91 offered=101 dropped=0 duplicated=0 delayed=101 reordered=99 delivered=2 expired=0 maxQueue=101 maxAgeTicks=7 duplicateSideEffects=0
[11:41:15] [Server thread/INFO] (Minecraft) [STDOUT]: QA009_PRODUCTION_MATRIX profile=loss1 serverObservedByTicks=10 authoritative=selected outbound=power-state-91 offered=251 dropped=3 duplicated=0 delayed=0 reordered=246 delivered=2 expired=0 maxQueue=248 maxAgeTicks=3 duplicateSideEffects=0
[11:41:15] [Server thread/INFO] (Minecraft) [STDOUT]: QA009_PRODUCTION_MATRIX profile=loss5 serverObservedByTicks=10 authoritative=selected outbound=power-state-91 offered=251 dropped=9 duplicated=0 delayed=0 reordered=240 delivered=2 expired=0 maxQueue=242 maxAgeTicks=3 duplicateSideEffects=0
[11:41:15] [Server thread/INFO] (Minecraft) [STDOUT]: QA009_PRODUCTION_MATRIX profile=duplicate serverObservedByTicks=10 authoritative=selected outbound=power-state-91 offered=101 dropped=0 duplicated=101 delayed=0 reordered=198 delivered=2 expired=0 maxQueue=202 maxAgeTicks=3 duplicateSideEffects=0
[11:41:15] [Server thread/INFO] (Minecraft) [STDOUT]: QA009_PRODUCTION_MATRIX profile=reorder serverObservedByTicks=10 authoritative=selected outbound=power-state-91 offered=101 dropped=0 duplicated=0 delayed=68 reordered=99 delivered=2 expired=0 maxQueue=101 maxAgeTicks=2 duplicateSideEffects=0
[11:41:15] [Server thread/INFO] (Minecraft) Running test environment 'powers:packet_fault_isolated' batch 0 (4 tests)...
[11:41:15] [Server thread/INFO] (Minecraft) [+++++++++++++++++++++++++++++++++++++++++++++++++++++++++++++++++++++++++++++++++++++++++++++++++++++++++++++++++++++++++++++      ]
[11:41:15] [Server thread/INFO] (Minecraft) test-mock-player[embedded] logged in with entity id 2809 at (0.0, 0.0, 0.0)
[11:41:15] [Server thread/INFO] (Minecraft) [Dormant] test-mock-player joined the game
[11:41:15] [Server thread/INFO] (Minecraft) [++++++++++++++++++++++++++++++++++++++++++++++++++++++++++++++++++++++++++++++++++++++++++++++++++++++++++++++++++++++++++++++++_  ]
[11:41:15] [Server thread/INFO] (Minecraft) [++++++++++++++++++++++++++++++++++++++++++++++++++++++++++++++++++++++++++++++++++++++++++++++++++++++++++++++++++++++++++++++++_  ]
[11:41:16] [Server thread/INFO] (Minecraft) test-mock-player[embedded] logged in with entity id 2847 at (0.0, 0.0, 0.0)
[11:41:16] [Server thread/INFO] (Minecraft) [Dormant] test-mock-player joined the game
[11:41:16] [Server thread/INFO] (Minecraft) [++++++++++++++++++++++++++++++++++++++++++++++++++++++++++++++++++++++++++++++++++++++++++++++++++++++++++++++++++++++++++++++++_  ]
[11:41:16] [Server thread/INFO] (Minecraft) test-mock-player[embedded] logged in with entity id 2852 at (0.0, 0.0, 0.0)
[11:41:16] [Server thread/INFO] (Minecraft) [Dormant] test-mock-player joined the game
[11:41:16] [Server thread/INFO] (Minecraft) [Dormant] test-mock-player has made the advancement [We Need to Go Deeper]
[11:41:16] [Server thread/INFO] (Minecraft) test-mock-player[embedded] logged in with entity id 2875 at (0.0, 0.0, 0.0)
[11:41:16] [Server thread/INFO] (Minecraft) [Dormant] test-mock-player joined the game
[11:41:16] [Server thread/INFO] (Minecraft) test-mock-player[embedded] logged in with entity id 2880 at (0.0, 0.0, 0.0)
[11:41:16] [Server thread/INFO] (Minecraft) [Dormant] test-mock-player joined the game
[11:41:16] [Server thread/INFO] (Minecraft) test-mock-player lost connection: QA-009 disconnect lifecycle
[11:41:16] [Server thread/INFO] (Minecraft) [Dormant] test-mock-player left the game
[11:41:16] [Server thread/INFO] (Minecraft) [++++++++++++++++++++++++++++++++++++++++++++++++++++++++++++++++++++++++++++++++++++++++++++++++++++++++++++++++++++++++++++++++_  ]
[11:41:16] [Server thread/INFO] (Minecraft) test-mock-player[embedded] logged in with entity id 2885 at (0.0, 0.0, 0.0)
[11:41:16] [Server thread/INFO] (Minecraft) [Dormant] test-mock-player joined the game
[11:41:16] [Server thread/INFO] (Minecraft) [++++++++++++++++++++++++++++++++++++++++++++++++++++++++++++++++++++++++++++++++++++++++++++++++++++++++++++++++++++++++++++++++_  ]
[11:41:16] [Server thread/INFO] (Minecraft) [++++++++++++++++++++++++++++++++++++++++++++++++++++++++++++++++++++++++++++++++++++++++++++++++++++++++++++++++++++++++++++++++_  ]
[11:41:16] [Server thread/INFO] (Minecraft) [++++++++++++++++++++++++++++++++++++++++++++++++++++++++++++++++++++++++++++++++++++++++++++++++++++++++++++++++++++++++++++++++_  ]
[11:41:16] [Server thread/INFO] (Minecraft) [++++++++++++++++++++++++++++++++++++++++++++++++++++++++++++++++++++++++++++++++++++++++++++++++++++++++++++++++++++++++++++++++_  ]
[11:41:16] [Server thread/INFO] (Minecraft) [++++++++++++++++++++++++++++++++++++++++++++++++++++++++++++++++++++++++++++++++++++++++++++++++++++++++++++++++++++++++++++++++_  ]
[11:41:16] [Server thread/INFO] (Minecraft) [++++++++++++++++++++++++++++++++++++++++++++++++++++++++++++++++++++++++++++++++++++++++++++++++++++++++++++++++++++++++++++++++_  ]
[11:41:16] [Server thread/INFO] (Minecraft) [++++++++++++++++++++++++++++++++++++++++++++++++++++++++++++++++++++++++++++++++++++++++++++++++++++++++++++++++++++++++++++++++_  ]
[11:41:16] [Server thread/INFO] (Minecraft) [++++++++++++++++++++++++++++++++++++++++++++++++++++++++++++++++++++++++++++++++++++++++++++++++++++++++++++++++++++++++++++++++_  ]
[11:41:16] [Server thread/INFO] (Minecraft) [++++++++++++++++++++++++++++++++++++++++++++++++++++++++++++++++++++++++++++++++++++++++++++++++++++++++++++++++++++++++++++++++_  ]
[11:41:16] [Server thread/INFO] (Minecraft) [++++++++++++++++++++++++++++++++++++++++++++++++++++++++++++++++++++++++++++++++++++++++++++++++++++++++++++++++++++++++++++++++_  ]
[11:41:16] [Server thread/INFO] (Minecraft) [++++++++++++++++++++++++++++++++++++++++++++++++++++++++++++++++++++++++++++++++++++++++++++++++++++++++++++++++++++++++++++++++_  ]
[11:41:16] [Server thread/INFO] (Minecraft) [++++++++++++++++++++++++++++++++++++++++++++++++++++++++++++++++++++++++++++++++++++++++++++++++++++++++++++++++++++++++++++++++_  ]
[11:41:17] [Server thread/INFO] (Minecraft) [++++++++++++++++++++++++++++++++++++++++++++++++++++++++++++++++++++++++++++++++++++++++++++++++++++++++++++++++++++++++++++++++_  ]
[11:41:17] [Server thread/INFO] (Minecraft) [++++++++++++++++++++++++++++++++++++++++++++++++++++++++++++++++++++++++++++++++++++++++++++++++++++++++++++++++++++++++++++++++_  ]
[11:41:17] [Server thread/INFO] (Minecraft) [++++++++++++++++++++++++++++++++++++++++++++++++++++++++++++++++++++++++++++++++++++++++++++++++++++++++++++++++++++++++++++++++_  ]
[11:41:17] [Server thread/INFO] (Minecraft) [++++++++++++++++++++++++++++++++++++++++++++++++++++++++++++++++++++++++++++++++++++++++++++++++++++++++++++++++++++++++++++++++_  ]
[11:41:17] [Server thread/INFO] (Minecraft) [++++++++++++++++++++++++++++++++++++++++++++++++++++++++++++++++++++++++++++++++++++++++++++++++++++++++++++++++++++++++++++++++_  ]
[11:41:17] [Server thread/INFO] (Minecraft) [++++++++++++++++++++++++++++++++++++++++++++++++++++++++++++++++++++++++++++++++++++++++++++++++++++++++++++++++++++++++++++++++_  ]
[11:41:17] [Server thread/INFO] (Minecraft) [++++++++++++++++++++++++++++++++++++++++++++++++++++++++++++++++++++++++++++++++++++++++++++++++++++++++++++++++++++++++++++++++_  ]
[11:41:17] [Server thread/INFO] (Minecraft) [++++++++++++++++++++++++++++++++++++++++++++++++++++++++++++++++++++++++++++++++++++++++++++++++++++++++++++++++++++++++++++++++_  ]
[11:41:17] [Server thread/INFO] (Minecraft) [++++++++++++++++++++++++++++++++++++++++++++++++++++++++++++++++++++++++++++++++++++++++++++++++++++++++++++++++++++++++++++++++_  ]
[11:41:17] [Server thread/INFO] (Minecraft) [++++++++++++++++++++++++++++++++++++++++++++++++++++++++++++++++++++++++++++++++++++++++++++++++++++++++++++++++++++++++++++++++_  ]
[11:41:17] [Server thread/INFO] (Minecraft) [++++++++++++++++++++++++++++++++++++++++++++++++++++++++++++++++++++++++++++++++++++++++++++++++++++++++++++++++++++++++++++++++_  ]
[11:41:17] [Server thread/INFO] (Minecraft) [++++++++++++++++++++++++++++++++++++++++++++++++++++++++++++++++++++++++++++++++++++++++++++++++++++++++++++++++++++++++++++++++_  ]
[11:41:17] [Server thread/INFO] (Minecraft) [++++++++++++++++++++++++++++++++++++++++++++++++++++++++++++++++++++++++++++++++++++++++++++++++++++++++++++++++++++++++++++++++_  ]
[11:41:17] [Server thread/INFO] (Minecraft) [++++++++++++++++++++++++++++++++++++++++++++++++++++++++++++++++++++++++++++++++++++++++++++++++++++++++++++++++++++++++++++++++_  ]
[11:41:17] [Server thread/INFO] (Minecraft) [++++++++++++++++++++++++++++++++++++++++++++++++++++++++++++++++++++++++++++++++++++++++++++++++++++++++++++++++++++++++++++++++_  ]
[11:41:17] [Server thread/INFO] (Minecraft) [++++++++++++++++++++++++++++++++++++++++++++++++++++++++++++++++++++++++++++++++++++++++++++++++++++++++++++++++++++++++++++++++_  ]
[11:41:17] [Server thread/INFO] (Minecraft) [++++++++++++++++++++++++++++++++++++++++++++++++++++++++++++++++++++++++++++++++++++++++++++++++++++++++++++++++++++++++++++++++_  ]
[11:41:17] [Server thread/INFO] (Minecraft) [++++++++++++++++++++++++++++++++++++++++++++++++++++++++++++++++++++++++++++++++++++++++++++++++++++++++++++++++++++++++++++++++_  ]
[11:41:18] [Server thread/INFO] (Minecraft) Running test environment 'qa010_hostile:synthetic_reload' batch 0 (1 tests)...
[11:41:18] [Server thread/INFO] (Minecraft) test-mock-player[embedded] logged in with entity id 3032 at (0.0, 0.0, 0.0)
[11:41:18] [Server thread/INFO] (Minecraft) [Dormant] test-mock-player joined the game
[11:41:18] [Server thread/INFO] (Minecraft) Loaded 1605 recipes
[11:41:18] [Server thread/INFO] (Minecraft) Loaded 1713 advancements
[11:41:18] [Server thread/INFO] (powers) Published action registry revision 7 with 110 canonical keys and 2 aliases
[11:41:18] [Server thread/INFO] (powers) Loaded 14 Shadow knowledge entries
[11:41:19] [Server thread/INFO] (Minecraft) [+++++++++++++++++++++++++++++++++++++++++++++++++++++++++++++++++++++++++++++++++++++++++++++++++++++++++++++++++++++++++++++++++_ ]
[11:41:19] [Server thread/INFO] (Minecraft) [+++++++++++++++++++++++++++++++++++++++++++++++++++++++++++++++++++++++++++++++++++++++++++++++++++++++++++++++++++++++++++++++++_ ]
[11:41:19] [Server thread/INFO] (Minecraft) [+++++++++++++++++++++++++++++++++++++++++++++++++++++++++++++++++++++++++++++++++++++++++++++++++++++++++++++++++++++++++++++++++_ ]
[11:41:19] [Server thread/INFO] (Minecraft) [+++++++++++++++++++++++++++++++++++++++++++++++++++++++++++++++++++++++++++++++++++++++++++++++++++++++++++++++++++++++++++++++++_ ]
[11:41:19] [Server thread/INFO] (Minecraft) [+++++++++++++++++++++++++++++++++++++++++++++++++++++++++++++++++++++++++++++++++++++++++++++++++++++++++++++++++++++++++++++++++_ ]
[11:41:19] [Server thread/INFO] (Minecraft) [+++++++++++++++++++++++++++++++++++++++++++++++++++++++++++++++++++++++++++++++++++++++++++++++++++++++++++++++++++++++++++++++++_ ]
[11:41:19] [Server thread/INFO] (Minecraft) [+++++++++++++++++++++++++++++++++++++++++++++++++++++++++++++++++++++++++++++++++++++++++++++++++++++++++++++++++++++++++++++++++_ ]
[11:41:20] [Server thread/INFO] (Minecraft) [+++++++++++++++++++++++++++++++++++++++++++++++++++++++++++++++++++++++++++++++++++++++++++++++++++++++++++++++++++++++++++++++++_ ]
[11:41:20] [Server thread/INFO] (Minecraft) [+++++++++++++++++++++++++++++++++++++++++++++++++++++++++++++++++++++++++++++++++++++++++++++++++++++++++++++++++++++++++++++++++_ ]
[11:41:20] [Server thread/INFO] (Minecraft) [+++++++++++++++++++++++++++++++++++++++++++++++++++++++++++++++++++++++++++++++++++++++++++++++++++++++++++++++++++++++++++++++++_ ]
[11:41:20] [Server thread/INFO] (Minecraft) [+++++++++++++++++++++++++++++++++++++++++++++++++++++++++++++++++++++++++++++++++++++++++++++++++++++++++++++++++++++++++++++++++_ ]
[11:41:20] [Server thread/INFO] (Minecraft) Running test environment 'powers:ritual_isolated' batch 0 (1 tests)...
[11:41:20] [Server thread/INFO] (Minecraft) test-mock-player[embedded] logged in with entity id 3266 at (0.0, 0.0, 0.0)
[11:41:20] [Server thread/INFO] (Minecraft) [Dormant] test-mock-player joined the game
[11:41:20] [Server thread/INFO] (Minecraft) [++++++++++++++++++++++++++++++++++++++++++++++++++++++++++++++++++++++++++++++++++++++++++++++++++++++++++++++++++++++++++++++++++_]
[11:41:20] [Server thread/INFO] (Minecraft) [++++++++++++++++++++++++++++++++++++++++++++++++++++++++++++++++++++++++++++++++++++++++++++++++++++++++++++++++++++++++++++++++++_]
[11:41:20] [Server thread/INFO] (Minecraft) [+++++++++++++++++++++++++++++++++++++++++++++++++++++++++++++++++++++++++++++++++++++++++++++++++++++++++++++++++++++++++++++++++++]
[11:41:20] [Server thread/INFO] (Minecraft) ========= 131 GAME TESTS COMPLETE IN 1.014 min ======================
[11:41:20] [Server thread/INFO] (Minecraft) All 131 required tests passed :)
[11:41:20] [Server thread/INFO] (Minecraft) ====================================================
[11:41:20] [Server thread/INFO] (Minecraft) Stopping server
[11:41:20] [Server thread/INFO] (Minecraft) Saving players
[11:41:20] [Server thread/INFO] (Minecraft) test-mock-player lost connection: Server closed
[11:41:20] [Server thread/INFO] (Minecraft) [Nightfall] test-mock-player left the game
[11:41:20] [Server thread/INFO] (Minecraft) test-mock-player lost connection: Server closed
[11:41:20] [Server thread/INFO] (Minecraft) [Dormant] test-mock-player left the game
[11:41:20] [Server thread/INFO] (Minecraft) test-mock-player lost connection: Server closed
[11:41:20] [Server thread/INFO] (Minecraft) [Dormant] test-mock-player left the game
[11:41:20] [Server thread/INFO] (Minecraft) test-mock-player lost connection: Server closed
[11:41:20] [Server thread/INFO] (Minecraft) [Dormant] test-mock-player left the game
[11:41:20] [Server thread/INFO] (Minecraft) test-mock-player lost connection: Server closed
[11:41:20] [Server thread/INFO] (Minecraft) [Dormant] test-mock-player left the game
[11:41:20] [Server thread/INFO] (Minecraft) test-mock-player lost connection: Server closed
[11:41:20] [Server thread/INFO] (Minecraft) [Dormant] test-mock-player left the game
[11:41:20] [Server thread/INFO] (Minecraft) test-mock-player lost connection: Server closed
[11:41:20] [Server thread/INFO] (Minecraft) [Dormant] test-mock-player left the game
[11:41:20] [Server thread/INFO] (Minecraft) test-mock-player lost connection: Server closed
[11:41:20] [Server thread/INFO] (Minecraft) [Nightfall] test-mock-player left the game
[11:41:20] [Server thread/INFO] (Minecraft) test-mock-player lost connection: Server closed
[11:41:20] [Server thread/INFO] (Minecraft) [Dormant] test-mock-player left the game
[11:41:20] [Server thread/INFO] (Minecraft) test-mock-player lost connection: Server closed
[11:41:20] [Server thread/INFO] (Minecraft) [Dormant] test-mock-player left the game
[11:41:20] [Server thread/INFO] (Minecraft) test-mock-player lost connection: Server closed
[11:41:20] [Server thread/INFO] (Minecraft) [Dormant] test-mock-player left the game
[11:41:20] [Server thread/INFO] (Minecraft) test-mock-player lost connection: Server closed
[11:41:20] [Server thread/INFO] (Minecraft) [Dormant] test-mock-player left the game
[11:41:20] [Server thread/INFO] (Minecraft) test-mock-player lost connection: Server closed
[11:41:20] [Server thread/INFO] (Minecraft) [Unmarked] test-mock-player left the game
[11:41:20] [Server thread/INFO] (Minecraft) test-mock-player lost connection: Server closed
[11:41:20] [Server thread/INFO] (Minecraft) [Dormant] test-mock-player left the game
[11:41:20] [Server thread/INFO] (Minecraft) test-mock-player lost connection: Server closed
[11:41:20] [Server thread/INFO] (Minecraft) [Dormant] test-mock-player left the game
[11:41:20] [Server thread/INFO] (Minecraft) test-mock-player lost connection: Server closed
[11:41:20] [Server thread/INFO] (Minecraft) [Dormant] test-mock-player left the game
[11:41:20] [Server thread/INFO] (Minecraft) test-mock-player lost connection: Server closed
[11:41:20] [Server thread/INFO] (Minecraft) [Dormant] test-mock-player left the game
[11:41:20] [Server thread/INFO] (Minecraft) test-mock-player lost connection: Server closed
[11:41:20] [Server thread/INFO] (Minecraft) [Nightfall] test-mock-player left the game
[11:41:20] [Server thread/INFO] (Minecraft) test-mock-player lost connection: Server closed
[11:41:20] [Server thread/INFO] (Minecraft) [Dormant] test-mock-player left the game
[11:41:20] [Server thread/INFO] (Minecraft) test-mock-player lost connection: Server closed
[11:41:20] [Server thread/INFO] (Minecraft) [Dormant] test-mock-player left the game
[11:41:20] [Server thread/INFO] (Minecraft) test-mock-player lost connection: Server closed
[11:41:20] [Server thread/INFO] (Minecraft) [Dormant] test-mock-player left the game
[11:41:20] [Server thread/INFO] (Minecraft) test-mock-player lost connection: Server closed
[11:41:20] [Server thread/INFO] (Minecraft) [Dormant] test-mock-player left the game
[11:41:20] [Server thread/INFO] (Minecraft) test-mock-player lost connection: Server closed
[11:41:20] [Server thread/INFO] (Minecraft) [Dormant] test-mock-player left the game
[11:41:20] [Server thread/INFO] (Minecraft) test-mock-player lost connection: Server closed
[11:41:20] [Server thread/INFO] (Minecraft) [Nightfall] test-mock-player left the game
[11:41:20] [Server thread/INFO] (Minecraft) test-mock-player lost connection: Server closed
[11:41:20] [Server thread/INFO] (Minecraft) [Dormant] test-mock-player left the game
[11:41:21] [Server thread/INFO] (Minecraft) test-mock-player lost connection: Server closed
[11:41:21] [Server thread/INFO] (Minecraft) [Dormant] test-mock-player left the game
[11:41:21] [Server thread/INFO] (Minecraft) test-mock-player lost connection: Server closed
[11:41:21] [Server thread/INFO] (Minecraft) [Dormant] test-mock-player left the game
[11:41:21] [Server thread/INFO] (Minecraft) test-mock-player lost connection: Server closed
[11:41:21] [Server thread/INFO] (Minecraft) [Dormant] test-mock-player left the game
[11:41:21] [Server thread/INFO] (Minecraft) test-mock-player lost connection: Server closed
[11:41:21] [Server thread/INFO] (Minecraft) [Dormant] test-mock-player left the game
[11:41:21] [Server thread/INFO] (Minecraft) test-mock-player lost connection: Server closed
[11:41:21] [Server thread/INFO] (Minecraft) [Dormant] test-mock-player left the game
[11:41:21] [Server thread/INFO] (Minecraft) test-mock-player lost connection: Server closed
[11:41:21] [Server thread/INFO] (Minecraft) [Dormant] test-mock-player left the game
[11:41:21] [Server thread/INFO] (Minecraft) test-mock-player lost connection: Server closed
[11:41:21] [Server thread/INFO] (Minecraft) [Dormant] test-mock-player left the game
[11:41:21] [Server thread/INFO] (Minecraft) test-mock-player lost connection: Server closed
[11:41:21] [Server thread/INFO] (Minecraft) [Dormant] test-mock-player left the game
[11:41:21] [Server thread/INFO] (Minecraft) test-mock-player lost connection: Server closed
[11:41:21] [Server thread/INFO] (Minecraft) [Dormant] test-mock-player left the game
[11:41:21] [Server thread/INFO] (Minecraft) test-mock-player lost connection: Server closed
[11:41:21] [Server thread/INFO] (Minecraft) [Dormant] test-mock-player left the game
[11:41:21] [Server thread/INFO] (Minecraft) test-mock-player lost connection: Server closed
[11:41:21] [Server thread/INFO] (Minecraft) [Dormant] test-mock-player left the game
[11:41:21] [Server thread/INFO] (Minecraft) test-mock-player lost connection: Server closed
[11:41:21] [Server thread/INFO] (Minecraft) [Dormant] test-mock-player left the game
[11:41:21] [Server thread/INFO] (Minecraft) test-mock-player lost connection: Server closed
[11:41:21] [Server thread/INFO] (Minecraft) [Dormant] test-mock-player left the game
[11:41:21] [Server thread/INFO] (Minecraft) test-mock-player lost connection: Server closed
[11:41:21] [Server thread/INFO] (Minecraft) [Dormant] test-mock-player left the game
[11:41:21] [Server thread/INFO] (Minecraft) test-mock-player lost connection: Server closed
[11:41:21] [Server thread/INFO] (Minecraft) [Dormant] test-mock-player left the game
[11:41:21] [Server thread/INFO] (Minecraft) test-mock-player lost connection: Server closed
[11:41:21] [Server thread/INFO] (Minecraft) [Dormant] test-mock-player left the game
[11:41:21] [Server thread/INFO] (Minecraft) test-mock-player lost connection: Server closed
[11:41:21] [Server thread/INFO] (Minecraft) [Dormant] test-mock-player left the game
[11:41:21] [Server thread/INFO] (Minecraft) test-mock-player lost connection: Server closed
[11:41:21] [Server thread/INFO] (Minecraft) [Dormant] test-mock-player left the game
[11:41:21] [Server thread/INFO] (Minecraft) test-mock-player lost connection: Server closed
[11:41:21] [Server thread/INFO] (Minecraft) [Dormant] test-mock-player left the game
[11:41:21] [Server thread/INFO] (Minecraft) test-mock-player lost connection: Server closed
[11:41:21] [Server thread/INFO] (Minecraft) [Dormant] test-mock-player left the game
[11:41:21] [Server thread/INFO] (Minecraft) test-mock-player lost connection: Server closed
[11:41:21] [Server thread/INFO] (Minecraft) [Dormant] test-mock-player left the game
[11:41:21] [Server thread/INFO] (Minecraft) test-mock-player lost connection: Server closed
[11:41:21] [Server thread/INFO] (Minecraft) [Dormant] test-mock-player left the game
[11:41:21] [Server thread/INFO] (Minecraft) test-mock-player lost connection: Server closed
[11:41:21] [Server thread/INFO] (Minecraft) [Dormant] test-mock-player left the game
[11:41:21] [Server thread/INFO] (Minecraft) test-mock-player lost connection: Server closed
[11:41:21] [Server thread/INFO] (Minecraft) [Dormant] test-mock-player left the game
[11:41:21] [Server thread/INFO] (Minecraft) test-mock-player lost connection: Server closed
[11:41:21] [Server thread/INFO] (Minecraft) [Dormant] test-mock-player left the game
[11:41:21] [Server thread/INFO] (Minecraft) test-mock-player lost connection: Server closed
[11:41:21] [Server thread/INFO] (Minecraft) [Dormant] test-mock-player left the game
[11:41:21] [Server thread/INFO] (Minecraft) test-mock-player lost connection: Server closed
[11:41:21] [Server thread/INFO] (Minecraft) [Dormant] test-mock-player left the game
[11:41:21] [Server thread/INFO] (Minecraft) test-mock-player lost connection: Server closed
[11:41:21] [Server thread/INFO] (Minecraft) [Unmarked] test-mock-player left the game
[11:41:21] [Server thread/INFO] (Minecraft) test-mock-player lost connection: Server closed
[11:41:21] [Server thread/INFO] (Minecraft) [Unmarked] test-mock-player left the game
[11:41:21] [Server thread/INFO] (Minecraft) test-mock-player lost connection: Server closed
[11:41:21] [Server thread/INFO] (Minecraft) [Unmarked] test-mock-player left the game
[11:41:21] [Server thread/INFO] (Minecraft) test-mock-player lost connection: Server closed
[11:41:21] [Server thread/INFO] (Minecraft) [Dormant] test-mock-player left the game
[11:41:21] [Server thread/INFO] (Minecraft) test-mock-player lost connection: Server closed
[11:41:21] [Server thread/INFO] (Minecraft) [Dormant] test-mock-player left the game
[11:41:21] [Server thread/INFO] (Minecraft) test-mock-player lost connection: Server closed
[11:41:21] [Server thread/INFO] (Minecraft) [Dormant] test-mock-player left the game
[11:41:21] [Server thread/INFO] (Minecraft) test-mock-player lost connection: Server closed
[11:41:21] [Server thread/INFO] (Minecraft) [Dormant] test-mock-player left the game
[11:41:21] [Server thread/INFO] (Minecraft) test-mock-player lost connection: Server closed
[11:41:21] [Server thread/INFO] (Minecraft) [Dormant] test-mock-player left the game
[11:41:21] [Server thread/INFO] (Minecraft) test-mock-player lost connection: Server closed
[11:41:21] [Server thread/INFO] (Minecraft) [Dormant] test-mock-player left the game
[11:41:21] [Server thread/INFO] (Minecraft) test-mock-player lost connection: Server closed
[11:41:21] [Server thread/INFO] (Minecraft) [Dormant] test-mock-player left the game
[11:41:21] [Server thread/INFO] (Minecraft) test-mock-player lost connection: Server closed
[11:41:21] [Server thread/INFO] (Minecraft) [Nightfall] test-mock-player left the game
[11:41:21] [Server thread/INFO] (Minecraft) test-mock-player lost connection: Server closed
[11:41:21] [Server thread/INFO] (Minecraft) [Dormant] test-mock-player left the game
[11:41:21] [Server thread/INFO] (Minecraft) test-mock-player lost connection: Server closed
[11:41:21] [Server thread/INFO] (Minecraft) [Dormant] test-mock-player left the game
[11:41:21] [Server thread/INFO] (Minecraft) test-mock-player lost connection: Server closed
[11:41:21] [Server thread/INFO] (Minecraft) [Dormant] test-mock-player left the game
[11:41:21] [Server thread/INFO] (Minecraft) Saving worlds
[11:41:21] [Server thread/INFO] (Minecraft) Saving chunks for level 'ServerLevel[Test Level]'/minecraft:overworld
[11:41:22] [Server thread/INFO] (Minecraft) Saving chunks for level 'ServerLevel[Test Level]'/minecraft:the_nether
[11:41:22] [Server thread/INFO] (Minecraft) Saving chunks for level 'ServerLevel[Test Level]'/powers:light_realm
[11:41:22] [Server thread/INFO] (Minecraft) Saving chunks for level 'ServerLevel[Test Level]'/powers:dark_realm
[11:41:22] [Server thread/INFO] (Minecraft) Saving chunks for level 'ServerLevel[Test Level]'/qa010_hostile:synthetic
[11:41:22] [Server thread/INFO] (Minecraft) Saving chunks for level 'ServerLevel[Test Level]'/minecraft:the_end
[11:41:22] [Server thread/INFO] (Minecraft) ThreadedAnvilChunkStorage (world): All chunks are saved
[11:41:22] [Server thread/INFO] (Minecraft) ThreadedAnvilChunkStorage (DIM-1): All chunks are saved
[11:41:22] [Server thread/INFO] (Minecraft) ThreadedAnvilChunkStorage (light_realm): All chunks are saved
[11:41:22] [Server thread/INFO] (Minecraft) ThreadedAnvilChunkStorage (dark_realm): All chunks are saved
[11:41:22] [Server thread/INFO] (Minecraft) ThreadedAnvilChunkStorage (synthetic): All chunks are saved
[11:41:22] [Server thread/INFO] (Minecraft) ThreadedAnvilChunkStorage (DIM1): All chunks are saved
[11:41:22] [Server thread/INFO] (Minecraft) ThreadedAnvilChunkStorage: All dimensions are saved
[11:41:22] [Server thread/INFO] (Minecraft) Game test server shutting down

> Task :compileTestJava
> Task :processTestResources
> Task :testClasses
WARNING: A terminally deprecated method in sun.misc.Unsafe has been called
WARNING: sun.misc.Unsafe::objectFieldOffset has been called by org.joml.MemUtil$MemUtilUnsafe (file:<HOME>/.gradle/caches/modules-2/files-2.1/org.joml/joml/1.10.8/fc0a71dad90a2cf41d82a76156a0e700af8e4f8d/joml-1.10.8.jar)
WARNING: Please consider reporting this to the maintainers of class org.joml.MemUtil$MemUtilUnsafe
WARNING: sun.misc.Unsafe::objectFieldOffset will be removed in a future release
> Task :test

> Task :testPythonScripts
.........................................................................................................................................[0012] [Server thread/INFO]: SoakClient left the game
.
----------------------------------------------------------------------
Ran 138 tests in 16.157s

OK

> Task :validateAccessWidener NO-SOURCE

> Task :validatePowerResources
POWERS resource validation passed

> Task :verifyItemDocs
> Task :verifyMagicDocs
> Task :verifyRankDocs
> Task :verifyVfxAssetAudit
> Task :check

BUILD SUCCESSFUL in 2m 40s
24 actionable tasks: 24 executed
