^DTo honour the JVM settings for this build a single-use Daemon process will be forked. For more on this, please refer to https://docs.gradle.org/9.5.1/userguide/gradle_daemon.html#sec:disabling_the_daemon in the Gradle documentation.
Daemon will be stopped at the end of the build

> Configure project :
Fabric Loom: 1.17.19

> Task :compileJava
> Task :processResources
> Task :classes
> Task :compileClientJava
> Task :processClientResources
> Task :clientClasses
> Task :compileExampleExtensionJava
> Task :processExampleExtensionResources
> Task :exampleExtensionClasses
> Task :compileGametestJava
> Task :deleteGameTestRunDir
> Task :acceptGameTestEula
> Task :generateLog4jConfig
> Task :generateDLIConfig
> Task :configureLaunch
> Task :downloadAssets
> Task :configureClientLaunch
> Task :processGametestResources
> Task :gametestClasses

> Task :runClientGameTest
[23:51:29] [main/INFO] (FabricLoader/GameProvider) Loading Minecraft 26.2 with Fabric Loader 0.19.3
[23:51:29] [main/INFO] (FabricLoader/Mappings) Mappings not present!
[23:51:29] [main/INFO] (FabricLoader) Loading 54 mods:
	- fabric-api 0.156.0+26.2
	- fabric-api-base 2.0.4+ece063239e
	- fabric-api-lookup-api-v1 2.0.17+11e1c9a39e
	- fabric-biome-api-v1 18.0.6+c7bd5b8e9e
	- fabric-block-api-v1 3.0.3+ec56b6019e
	- fabric-block-getter-api-v2 2.0.7+ec56b6019e
	- fabric-client-gametest-api-v1 6.0.0+515ac5339e
	- fabric-command-api-v2 3.1.0+00cb03469e
	- fabric-content-registries-v0 11.3.0+d0a699d09e
	- fabric-convention-tags-v2 4.7.0+1f023a9e9e
	- fabric-crash-report-info-v1 1.0.5+086d547a9e
	- fabric-creative-tab-api-v1 5.0.14+d871b99e9e
	- fabric-data-attachment-api-v1 2.2.18+515ac5339e
	- fabric-data-generation-api-v1 25.5.0+aed122aa9e
	- fabric-debug-api-v1 1.0.2+c792624d9e
	- fabric-dimensions-v1 5.1.11+515ac5339e
	- fabric-entity-events-v1 5.0.5+06488ac19e
	- fabric-events-interaction-v0 5.2.7+515ac5339e
	- fabric-game-rule-api-v1 4.0.8+46a6d00c9e
	- fabric-gametest-api-v1 4.0.21+4a7fa0819e
	- fabric-item-api-v1 14.4.0+49a69a7b9e
	- fabric-key-mapping-api-v1 2.0.5+e2bdee789e
	- fabric-lifecycle-events-v1 4.1.3+4575b05f9e
	- fabric-loot-api-v3 3.0.17+06488ac19e
	- fabric-menu-api-v1 2.0.16+086d547a9e
	- fabric-message-api-v1 7.0.7+086d547a9e
	- fabric-model-loading-api-v1 8.0.16+c80601bb9e
	- fabric-networking-api-v1 6.3.3+72073ef09e
	- fabric-object-builder-api-v1 24.1.0+6fcd5f039e
	- fabric-particles-v1 5.0.18+d1756aa99e
	- fabric-permission-api-v1 1.0.4+536fad2f9e
	- fabric-recipe-api-v1 9.0.20+11e1c9a39e
	- fabric-registry-sync-v0 7.1.0+c7bd5b8e9e
	- fabric-renderer-api-v1 14.1.3+2b0d8a229e
	- fabric-renderer-indigo 9.1.3+2b0d8a229e
	- fabric-rendering-fluids-v1 6.0.4+06488ac19e
	- fabric-rendering-v1 25.3.2+515ac5339e
	- fabric-resource-conditions-api-v1 6.1.0+10e9a28b9e
	- fabric-resource-loader-v0 3.3.20+4fc5413f9e
	- fabric-resource-loader-v1 2.0.13+9edec1269e
	- fabric-screen-api-v1 5.1.0+48e3c0b09e
	- fabric-serialization-api-v1 2.0.4+11a26f319e
	- fabric-sound-api-v1 2.0.5+11a26f319e
	- fabric-tag-api-v1 2.1.4+515ac5339e
	- fabric-transfer-api-v1 8.0.12+11dbb7d79e
	- fabric-transitive-access-wideners-v1 8.1.4+67c847259e
	- fabricloader 0.19.3
	- java 25
	- minecraft 26.2
	- mixinextras 0.5.4
	- powers 1.0.2
	- powers-example-extension 1.0.0
	- powers-gametest 1.0.0
	- sodium 0.9.1+mc26.2
[23:51:29] [main/INFO] (FabricLoader/Mixin) SpongePowered MIXIN Subsystem Version=0.8.7 Source=file:<HOME>/.gradle/caches/modules-2/files-2.1/net.fabricmc/sponge-mixin/0.17.3+mixin.0.8.7/41c4a3984a80f4679e759fb9f495587acc5cdac7/sponge-mixin-0.17.3+mixin.0.8.7.jar Service=Knot/Fabric Env=CLIENT
[23:51:29] [main/INFO] (FabricLoader/Mixin) Compatibility level set to JAVA_25
[23:51:29] [main/INFO] (Sodium) Loaded configuration file for Sodium: 36 options available, 0 override(s) found
[23:51:30] [main/INFO] (Sodium-GraphicsAdapterProbe) Searching for graphics cards...
[23:51:30] [main/INFO] (FabricLoader/MixinExtras|Service) Initializing MixinExtras via com.llamalad7.mixinextras.service.MixinExtrasServiceImpl(version=0.5.4).
[23:51:31] [Datafixer Bootstrap #0/INFO] (Minecraft) 295 Datafixer optimizations took 243 milliseconds
[23:51:34] [Render thread/INFO] (Minecraft) Environment: Environment[sessionHost=https://sessionserver.mojang.com, servicesHost=https://api.minecraftservices.com, profilesHost=https://api.mojang.com, name=PROD]
[23:51:34] [Render thread/INFO] (Minecraft) Setting user: Player0
[23:51:34] [Render thread/INFO] (powers) Loaded rank mazes: 28 light nodes, 28 darkness nodes
[23:51:35] [Render thread/INFO] (powers) Magic collision kernel loaded: 64 actions, 2080 exhaustive interactions
[23:51:35] [Render thread/INFO] (powers) POWERS framework initialized with 23 power(s)
[23:51:35] [Render thread/INFO] (Indigo) [Indigo] Different rendering plugin detected; not applying Indigo.
[23:51:35] [Render thread/ERROR] (Minecraft) Illegal option value 0 for Anisotropic Filtering
[23:51:35] [Render thread/INFO] (Sodium) Setting exclusive fullscreen to true by default, as the user is not on Windows and the language cannot be guessed.
[23:51:35] [Render thread/INFO] (Minecraft) Backend library: LWJGL version 3.4.1-snapshot
[23:51:36] [Render thread/INFO] (Minecraft) Using graphics backend OpenGL, using drivers: 4.1 Metal - 90.5
[23:51:36] [Render thread/INFO] (Minecraft) Using graphics device: Apple M3 Pro (Apple)
[23:51:36] [Render thread/INFO] (Minecraft) Using graphics device extensions: GL_ARB_draw_indirect, GL_EXT_texture_filter_anisotropic
[23:51:37] [Download-2/INFO] (Minecraft) Could not authorize you against Realms server: java.lang.RuntimeException: Failed to parse into SignedJWT: FabricMC
[23:51:37] [Render thread/INFO] (Minecraft) Reloading ResourceManager: vanilla, fabric-api, fabric-api-base, fabric-api-lookup-api-v1, fabric-biome-api-v1, fabric-block-api-v1, fabric-block-getter-api-v2, fabric-client-gametest-api-v1, fabric-command-api-v2, fabric-content-registries-v0, fabric-convention-tags-v2, fabric-crash-report-info-v1, fabric-creative-tab-api-v1, fabric-data-attachment-api-v1, fabric-data-generation-api-v1, fabric-debug-api-v1, fabric-dimensions-v1, fabric-entity-events-v1, fabric-events-interaction-v0, fabric-game-rule-api-v1, fabric-gametest-api-v1, fabric-item-api-v1, fabric-key-mapping-api-v1, fabric-lifecycle-events-v1, fabric-loot-api-v3, fabric-menu-api-v1, fabric-message-api-v1, fabric-model-loading-api-v1, fabric-networking-api-v1, fabric-object-builder-api-v1, fabric-particles-v1, fabric-permission-api-v1, fabric-recipe-api-v1, fabric-registry-sync-v0, fabric-renderer-api-v1, fabric-renderer-indigo, fabric-rendering-fluids-v1, fabric-rendering-v1, fabric-resource-conditions-api-v1, fabric-resource-loader-v0, fabric-resource-loader-v1, fabric-screen-api-v1, fabric-serialization-api-v1, fabric-sound-api-v1, fabric-tag-api-v1, fabric-transfer-api-v1, fabric-transitive-access-wideners-v1, fabricloader, powers, sodium
UNSUPPORTED (log once): gldCopyBufferSubData: NEEDS IMPLEMENTATION
[23:51:38] [Render thread/INFO] (Sodium-GlSurface) Thread[#3,Render thread,10,main]
[23:51:38] [Render thread/INFO] (Sodium-GlSurface) OpenGL Vendor: Apple
[23:51:38] [Render thread/INFO] (Sodium-GlSurface) OpenGL Renderer: Apple M3 Pro
[23:51:38] [Render thread/INFO] (Sodium-GlSurface) OpenGL Version: 4.1 Metal - 90.5
[23:51:38] [Worker-Main-3/INFO] (Minecraft) Found unifont_pua-17.0.01.hex, loading
[23:51:38] [Worker-Main-9/INFO] (Minecraft) Found unifont_all_no_pua-17.0.01.hex, loading
[23:51:38] [Worker-Main-9/INFO] (Minecraft) Found unifont_jp_patch-17.0.01.hex, loading
[23:51:39] [Render thread/INFO] (Minecraft) Info log when linking program containing VS minecraft:core/entity and FS minecraft:core/entity. Log output: WARNING: Could not find vertex shader attribute 'UV1' to match BindAttributeLocation request.

[23:51:39] [Render thread/INFO] (Minecraft) Info log when linking program containing VS minecraft:core/rendertype_beacon_beam and FS minecraft:core/rendertype_beacon_beam. Log output: WARNING: Could not find vertex shader attribute 'UV2' to match BindAttributeLocation request.

[23:51:39] [Render thread/INFO] (Minecraft) Info log when linking program containing VS minecraft:core/entity and FS minecraft:core/entity. Log output: WARNING: Could not find vertex shader attribute 'UV2' to match BindAttributeLocation request.

[23:51:39] [Render thread/INFO] (Minecraft) Info log when linking program containing VS minecraft:core/entity and FS minecraft:core/entity. Log output: WARNING: Could not find vertex shader attribute 'UV1' to match BindAttributeLocation request.

[23:51:39] [Render thread/INFO] (Minecraft) Info log when linking program containing VS minecraft:core/entity and FS minecraft:core/entity. Log output: WARNING: Could not find vertex shader attribute 'UV1' to match BindAttributeLocation request.
WARNING: Could not find vertex shader attribute 'Normal' to match BindAttributeLocation request.

[23:51:39] [Render thread/INFO] (Minecraft) Info log when linking program containing VS minecraft:core/rendertype_entity_shadow and FS minecraft:core/rendertype_entity_shadow. Log output: WARNING: Could not find vertex shader attribute 'UV1' to match BindAttributeLocation request.
WARNING: Could not find vertex shader attribute 'Normal' to match BindAttributeLocation request.
WARNING: Could not find vertex shader attribute 'UV2' to match BindAttributeLocation request.

[23:51:39] [Render thread/INFO] (Minecraft) Info log when linking program containing VS minecraft:core/entity and FS minecraft:core/entity. Log output: WARNING: Could not find vertex shader attribute 'UV1' to match BindAttributeLocation request.

[23:51:39] [Render thread/INFO] (Minecraft) Info log when linking program containing VS minecraft:core/rendertype_beacon_beam and FS minecraft:core/rendertype_beacon_beam. Log output: WARNING: Could not find vertex shader attribute 'UV2' to match BindAttributeLocation request.

[23:51:39] [Render thread/INFO] (Minecraft) Info log when linking program containing VS minecraft:core/entity and FS minecraft:core/entity. Log output: WARNING: Could not find vertex shader attribute 'UV1' to match BindAttributeLocation request.

[23:51:39] [Render thread/INFO] (Minecraft) Info log when linking program containing VS minecraft:core/entity and FS minecraft:core/entity. Log output: WARNING: Could not find vertex shader attribute 'UV1' to match BindAttributeLocation request.

[23:51:39] [Render thread/INFO] (Minecraft) Info log when linking program containing VS minecraft:core/animate_sprite and FS minecraft:core/animate_sprite_blit. Log output: WARNING: Output of vertex shader 'fAnimationProgress' not read by fragment shader

[23:51:39] [Render thread/INFO] (Minecraft) Info log when linking program containing VS minecraft:core/entity and FS minecraft:core/entity. Log output: WARNING: Could not find vertex shader attribute 'UV1' to match BindAttributeLocation request.
WARNING: Could not find vertex shader attribute 'Normal' to match BindAttributeLocation request.
WARNING: Could not find vertex shader attribute 'UV2' to match BindAttributeLocation request.

[23:51:39] [Render thread/INFO] (Minecraft) Info log when linking program containing VS minecraft:core/entity and FS minecraft:core/entity. Log output: WARNING: Could not find vertex shader attribute 'UV1' to match BindAttributeLocation request.
WARNING: Could not find vertex shader attribute 'Normal' to match BindAttributeLocation request.
WARNING: Could not find vertex shader attribute 'UV2' to match BindAttributeLocation request.

[23:51:39] [Render thread/INFO] (Minecraft) Info log when linking program containing VS minecraft:core/rendertype_crumbling and FS minecraft:core/rendertype_crumbling. Log output: WARNING: Could not find vertex shader attribute 'UV2' to match BindAttributeLocation request.

[23:51:39] [Render thread/INFO] (Minecraft) OpenAL initialized on device MacBook Pro Speakers
[23:51:39] [Render thread/INFO] (Minecraft) Sound engine started
[23:51:39] [Render thread/INFO] (Minecraft) Created: 512x256x0 minecraft:textures/atlas/particles.png-atlas
[23:51:39] [Render thread/INFO] (Minecraft) Created: 128x128x0 minecraft:textures/atlas/decorated_pot.png-atlas
[23:51:39] [Render thread/INFO] (Minecraft) Created: 2048x1024x0 minecraft:textures/atlas/armor_trims.png-atlas
[23:51:39] [Render thread/INFO] (Minecraft) Created: 512x256x0 minecraft:textures/atlas/paintings.png-atlas
[23:51:39] [Render thread/INFO] (Minecraft) Created: 1024x512x0 minecraft:textures/atlas/shield_patterns.png-atlas
[23:51:39] [Render thread/INFO] (Minecraft) Created: 2048x2048x4 minecraft:textures/atlas/blocks.png-atlas
[23:51:39] [Render thread/INFO] (Minecraft) Created: 512x512x0 minecraft:textures/atlas/chest.png-atlas
[23:51:39] [Render thread/INFO] (Minecraft) Created: 256x128x0 minecraft:textures/atlas/celestials.png-atlas
[23:51:39] [Render thread/INFO] (Minecraft) Created: 1024x512x0 minecraft:textures/atlas/banner_patterns.png-atlas
[23:51:39] [Render thread/INFO] (Minecraft) Created: 2048x2048x0 minecraft:textures/atlas/items.png-atlas
[23:51:39] [Render thread/INFO] (Minecraft) Created: 1024x1024x0 minecraft:textures/atlas/gui.png-atlas
[23:51:39] [Render thread/INFO] (Minecraft) Created: 128x64x0 minecraft:textures/atlas/map_decorations.png-atlas
[23:51:39] [Render thread/INFO] (Minecraft) Created: 512x512x0 minecraft:textures/atlas/shulker_boxes.png-atlas
[23:51:39] [Download-2/INFO] (Minecraft) Could not authorize you against Realms server: java.lang.RuntimeException: Failed to parse into SignedJWT: FabricMC
[23:51:42] [Render thread/INFO] (Minecraft) Loaded 1605 recipes
[23:51:42] [Render thread/INFO] (Minecraft) Loaded 1713 advancements
[23:51:42] [Render thread/INFO] (powers) Staged 2 initial action aliases until extension registration
[23:51:42] [Render thread/INFO] (powers) Loaded 14 Shadow knowledge entries
[23:51:42] [Render thread/INFO] (fabric-client-gametest-api-v1) World loading finished: null screen: net.minecraft.client.gui.screens.GenericMessageScreen@119c2c9c
[23:51:42] [Render thread/INFO] (BiomeModificationImpl) Applied 0 biome modifications to 0 of 69 new biomes in 699.8 μs
[23:51:42] [Server thread/INFO] (powers) Published action registry revision 2 with 110 canonical keys and 2 aliases
[23:51:42] [Server thread/INFO] (Minecraft) Starting integrated minecraft server version 26.2
[23:51:42] [Server thread/INFO] (Minecraft) Generating keypair
[23:51:43] [Server thread/INFO] (Minecraft) Selecting global world spawn...
[23:51:43] [Server thread/INFO] (Minecraft) Loading 0 persistent chunks...
[23:51:43] [Server thread/INFO] (Minecraft) Preparing spawn area: 16%
[23:51:43] [Server thread/INFO] (Minecraft) Saving chunks for level 'ServerLevel[New World]'/minecraft:overworld
[23:51:43] [Server thread/INFO] (Minecraft) Saving chunks for level 'ServerLevel[New World]'/powers:light_realm
[23:51:43] [Server thread/INFO] (Minecraft) Saving chunks for level 'ServerLevel[New World]'/minecraft:the_nether
[23:51:43] [Server thread/INFO] (Minecraft) Saving chunks for level 'ServerLevel[New World]'/powers:dark_realm
[23:51:43] [Server thread/INFO] (Minecraft) Saving chunks for level 'ServerLevel[New World]'/qa010_hostile:synthetic
[23:51:43] [Server thread/INFO] (Minecraft) Saving chunks for level 'ServerLevel[New World]'/powers:middleworld
[23:51:43] [Server thread/INFO] (Minecraft) Saving chunks for level 'ServerLevel[New World]'/minecraft:the_end
[23:51:43] [Server thread/INFO] (Minecraft) ThreadedAnvilChunkStorage (world): All chunks are saved
[23:51:43] [Server thread/INFO] (Minecraft) ThreadedAnvilChunkStorage (light_realm): All chunks are saved
[23:51:43] [Server thread/INFO] (Minecraft) ThreadedAnvilChunkStorage (DIM-1): All chunks are saved
[23:51:43] [Server thread/INFO] (Minecraft) ThreadedAnvilChunkStorage (dark_realm): All chunks are saved
[23:51:43] [Server thread/INFO] (Minecraft) ThreadedAnvilChunkStorage (synthetic): All chunks are saved
[23:51:43] [Server thread/INFO] (Minecraft) ThreadedAnvilChunkStorage (middleworld): All chunks are saved
[23:51:43] [Server thread/INFO] (Minecraft) ThreadedAnvilChunkStorage (DIM1): All chunks are saved
[23:51:43] [Server thread/INFO] (Minecraft) ThreadedAnvilChunkStorage: All dimensions are saved
[23:51:43] [Render thread/INFO] (fabric-client-gametest-api-v1) World loading finished: null screen: net.minecraft.client.gui.screens.LevelLoadingScreen@645dfcbd
[23:51:43] [Render thread/INFO] (fabric-client-gametest-api-v1) World loading finished: null screen: net.minecraft.client.gui.screens.LevelLoadingScreen@645dfcbd
[23:51:43] [Render thread/INFO] (fabric-client-gametest-api-v1) World loading finished: null screen: net.minecraft.client.gui.screens.LevelLoadingScreen@645dfcbd
[23:51:43] [Render thread/INFO] (fabric-client-gametest-api-v1) World loading finished: null screen: net.minecraft.client.gui.screens.LevelLoadingScreen@645dfcbd
[23:51:43] [Render thread/INFO] (fabric-client-gametest-api-v1) World loading finished: null screen: net.minecraft.client.gui.screens.LevelLoadingScreen@645dfcbd
[23:51:43] [Render thread/INFO] (fabric-client-gametest-api-v1) World loading finished: null screen: net.minecraft.client.gui.screens.LevelLoadingScreen@645dfcbd
[23:51:43] [Render thread/INFO] (fabric-client-gametest-api-v1) World loading finished: null screen: net.minecraft.client.gui.screens.LevelLoadingScreen@645dfcbd
[23:51:43] [Server thread/INFO] (Minecraft) Loading 48 chunks for player spawn...
[23:51:43] [Server thread/INFO] (Minecraft) Preparing spawn area: 16%
[23:51:43] [Render thread/INFO] (fabric-client-gametest-api-v1) World loading finished: null screen: net.minecraft.client.gui.screens.LevelLoadingScreen@645dfcbd
[23:51:43] [Render thread/INFO] (fabric-client-gametest-api-v1) World loading finished: null screen: net.minecraft.client.gui.screens.LevelLoadingScreen@645dfcbd
[23:51:43] [Render thread/INFO] (fabric-client-gametest-api-v1) World loading finished: null screen: net.minecraft.client.gui.screens.LevelLoadingScreen@645dfcbd
[23:51:43] [Render thread/INFO] (fabric-client-gametest-api-v1) World loading finished: null screen: net.minecraft.client.gui.screens.LevelLoadingScreen@645dfcbd
[23:51:43] [Server thread/INFO] (Minecraft) Time elapsed: 860 ms
[23:51:44] [Render thread/INFO] (fabric-client-gametest-api-v1) World loading finished: null screen: net.minecraft.client.gui.screens.LevelLoadingScreen@645dfcbd
[23:51:44] [Server thread/INFO] (Minecraft) Player0[local:E:3ab838da] logged in with entity id 1 at (0.5, -60.0, 0.5)
[23:51:44] [Server thread/INFO] (Minecraft) [Dormant] Player0 joined the game
[23:51:44] [Server thread/INFO] (Minecraft) Changing view distance to 5, from 10
[23:51:44] [Server thread/INFO] (Minecraft) Changing simulation distance to 12, from 0
[23:51:44] [Render thread/INFO] (fabric-client-gametest-api-v1) World loading finished: null screen: net.minecraft.client.gui.screens.LevelLoadingScreen@645dfcbd
[23:51:44] [Render thread/INFO] (ChunkBuilder) Started 5 worker threads
[23:51:44] [Render thread/INFO] (Minecraft) Loaded 5 advancements
[23:51:44] [Render thread/INFO] (fabric-client-gametest-api-v1) World loading finished: ClientLevel screen: net.minecraft.client.gui.screens.LevelLoadingScreen@645dfcbd
[23:51:44] [Render thread/INFO] (ChunkBuilder) Stopping worker threads
[23:51:44] [Render thread/INFO] (ChunkBuilder) Started 5 worker threads
[23:51:44] [Render thread/INFO] (Minecraft) Resizing Dynamic Transforms UBO, capacity limit of 2 reached during a single frame. New capacity will be 4.
[23:51:44] [Render thread/INFO] (fabric-client-gametest-api-v1) World loading finished: ClientLevel screen: net.minecraft.client.gui.screens.LevelLoadingScreen@645dfcbd
[23:51:44] [Render thread/INFO] (Minecraft) Resizing Dynamic Transforms UBO, capacity limit of 4 reached during a single frame. New capacity will be 8.
[23:51:44] [Render thread/INFO] (fabric-client-gametest-api-v1) World loading finished: ClientLevel screen: net.minecraft.client.gui.screens.LevelLoadingScreen@645dfcbd
[23:51:44] [Render thread/INFO] (Minecraft) Resizing Dynamic Transforms UBO, capacity limit of 8 reached during a single frame. New capacity will be 16.
[23:51:44] [Download-2/ERROR] (Minecraft) Failed to retrieve profile key pair

MinecraftClientHttpException[type=HTTP_ERROR, status=401, response=ErrorResponse[path=/player/certificates, error=null, errorMessage=null, details=null]]
	at knot//com.mojang.authlib.minecraft.client.MinecraftClient.buildHttpException(MinecraftClient.java:170)
	at knot//com.mojang.authlib.minecraft.client.MinecraftClient.readServiceResponse(MinecraftClient.java:147)
	at knot//com.mojang.authlib.minecraft.client.MinecraftClient.post(MinecraftClient.java:89)
	at knot//com.mojang.authlib.yggdrasil.YggdrasilUserApiService.getKeyPair(YggdrasilUserApiService.java:62)
	at knot//net.minecraft.client.multiplayer.AccountProfileKeyPairManager.fetchProfileKeyPair(AccountProfileKeyPairManager.java:128)
	at knot//net.minecraft.client.multiplayer.AccountProfileKeyPairManager.lambda$readOrFetchProfileKeyPair$0(AccountProfileKeyPairManager.java:77)
	at java.base/java.util.concurrent.CompletableFuture$AsyncSupply.run(CompletableFuture.java:1789)
	at java.base/java.util.concurrent.ThreadPoolExecutor.runWorker(ThreadPoolExecutor.java:1090)
	at java.base/java.util.concurrent.ThreadPoolExecutor$Worker.run(ThreadPoolExecutor.java:614)
	at java.base/java.lang.Thread.run(Thread.java:1474)
[23:51:44] [Render thread/INFO] (fabric-client-gametest-api-v1) World loading finished: ClientLevel screen: net.minecraft.client.gui.screens.LevelLoadingScreen@645dfcbd
[23:51:44] [Render thread/INFO] (fabric-client-gametest-api-v1) World loading finished: ClientLevel screen: net.minecraft.client.gui.screens.LevelLoadingScreen@645dfcbd
[23:51:44] [Render thread/INFO] (fabric-client-gametest-api-v1) World loading finished: ClientLevel screen: net.minecraft.client.gui.screens.LevelLoadingScreen@645dfcbd
[23:51:44] [Render thread/INFO] (fabric-client-gametest-api-v1) World loading finished: ClientLevel screen: net.minecraft.client.gui.screens.LevelLoadingScreen@645dfcbd
[23:51:44] [Render thread/INFO] (fabric-client-gametest-api-v1) World loading finished: ClientLevel screen: net.minecraft.client.gui.screens.LevelLoadingScreen@645dfcbd
[23:51:44] [Render thread/INFO] (fabric-client-gametest-api-v1) World loading finished: ClientLevel screen: net.minecraft.client.gui.screens.LevelLoadingScreen@645dfcbd
[23:51:44] [Render thread/INFO] (fabric-client-gametest-api-v1) World loading finished: ClientLevel screen: net.minecraft.client.gui.screens.LevelLoadingScreen@645dfcbd
[23:51:44] [Render thread/INFO] (fabric-client-gametest-api-v1) World loading finished: ClientLevel screen: net.minecraft.client.gui.screens.LevelLoadingScreen@645dfcbd
[23:51:44] [Render thread/INFO] (fabric-client-gametest-api-v1) World loading finished: ClientLevel screen: net.minecraft.client.gui.screens.LevelLoadingScreen@645dfcbd
[23:51:44] [Render thread/INFO] (fabric-client-gametest-api-v1) World loading finished: ClientLevel screen: net.minecraft.client.gui.screens.LevelLoadingScreen@645dfcbd
[23:51:44] [Render thread/INFO] (fabric-client-gametest-api-v1) World loading finished: ClientLevel screen: net.minecraft.client.gui.screens.LevelLoadingScreen@645dfcbd
[23:51:45] [Render thread/INFO] (fabric-client-gametest-api-v1) World loading finished: ClientLevel screen: net.minecraft.client.gui.screens.LevelLoadingScreen@645dfcbd
[23:51:45] [Render thread/INFO] (fabric-client-gametest-api-v1) World loading finished: ClientLevel screen: net.minecraft.client.gui.screens.LevelLoadingScreen@645dfcbd
[23:51:45] [Render thread/INFO] (fabric-client-gametest-api-v1) World loading finished: ClientLevel screen: net.minecraft.client.gui.screens.LevelLoadingScreen@645dfcbd
[23:51:45] [Render thread/INFO] (fabric-client-gametest-api-v1) World loading finished: ClientLevel screen: null
[23:51:47] [Render thread/INFO] (Minecraft) Resizing Dynamic Transforms UBO, capacity limit of 16 reached during a single frame. New capacity will be 32.
[23:51:47] [Render thread/INFO] (ChunkBuilder) Stopping worker threads
[23:51:47] [Render thread/INFO] (ChunkBuilder) Started 5 worker threads
[23:51:47] [Render thread/INFO] (ChunkBuilder) Stopping worker threads
[23:51:47] [Render thread/INFO] (ChunkBuilder) Started 5 worker threads
[23:51:53] [Server thread/INFO] (Minecraft) Set the weather to clear
[23:51:53] [Render thread/INFO] (ChunkBuilder) Stopping worker threads
[23:51:53] [Server thread/INFO] (Minecraft) Changing view distance to 4, from 5
[23:51:53] [Render thread/INFO] (ChunkBuilder) Started 5 worker threads
[23:51:54] [Server thread/INFO] (Minecraft) Set the weather to clear
[23:51:54] [Server thread/INFO] (Minecraft) Changing view distance to 12, from 4
[23:51:54] [Render thread/INFO] (ChunkBuilder) Stopping worker threads
[23:51:54] [Render thread/INFO] (ChunkBuilder) Started 5 worker threads
[23:51:54] [Server thread/INFO] (Minecraft) Set the weather to clear
[23:51:54] [Server thread/INFO] (Minecraft) Changing view distance to 24, from 12
[23:51:54] [Render thread/INFO] (ChunkBuilder) Stopping worker threads
[23:51:54] [Render thread/INFO] (ChunkBuilder) Started 5 worker threads
[23:51:55] [Server thread/INFO] (Minecraft) Set the weather to rain
[23:51:55] [Render thread/INFO] (ChunkBuilder) Stopping worker threads
[23:51:55] [Server thread/INFO] (Minecraft) Changing view distance to 12, from 24
[23:51:55] [Render thread/INFO] (ChunkBuilder) Started 5 worker threads
[23:51:56] [Server thread/INFO] (Minecraft) Set the weather to clear
[23:51:56] [Render thread/INFO] (Minecraft) Reloading ResourceManager: vanilla, fabric-api, fabric-api-base, fabric-api-lookup-api-v1, fabric-biome-api-v1, fabric-block-api-v1, fabric-block-getter-api-v2, fabric-client-gametest-api-v1, fabric-command-api-v2, fabric-content-registries-v0, fabric-convention-tags-v2, fabric-crash-report-info-v1, fabric-creative-tab-api-v1, fabric-data-attachment-api-v1, fabric-data-generation-api-v1, fabric-debug-api-v1, fabric-dimensions-v1, fabric-entity-events-v1, fabric-events-interaction-v0, fabric-game-rule-api-v1, fabric-gametest-api-v1, fabric-item-api-v1, fabric-key-mapping-api-v1, fabric-lifecycle-events-v1, fabric-loot-api-v3, fabric-menu-api-v1, fabric-message-api-v1, fabric-model-loading-api-v1, fabric-networking-api-v1, fabric-object-builder-api-v1, fabric-particles-v1, fabric-permission-api-v1, fabric-recipe-api-v1, fabric-registry-sync-v0, fabric-renderer-api-v1, fabric-renderer-indigo, fabric-rendering-fluids-v1, fabric-rendering-v1, fabric-resource-conditions-api-v1, fabric-resource-loader-v0, fabric-resource-loader-v1, fabric-screen-api-v1, fabric-serialization-api-v1, fabric-sound-api-v1, fabric-tag-api-v1, fabric-transfer-api-v1, fabric-transitive-access-wideners-v1, fabricloader, powers, sodium
[23:51:56] [Worker-Main-10/INFO] (Minecraft) Found unifont_pua-17.0.01.hex, loading
[23:51:56] [Worker-Main-6/INFO] (Minecraft) Found unifont_all_no_pua-17.0.01.hex, loading
[23:51:56] [Server thread/INFO] (Minecraft) Saving and pausing game...
[23:51:56] [Server thread/INFO] (Minecraft) Saving chunks for level 'ServerLevel[New World]'/minecraft:overworld
[23:51:56] [Worker-Main-6/INFO] (Minecraft) Found unifont_jp_patch-17.0.01.hex, loading
[23:51:56] [Server thread/INFO] (Minecraft) Saving chunks for level 'ServerLevel[New World]'/powers:light_realm
[23:51:56] [Server thread/INFO] (Minecraft) Saving chunks for level 'ServerLevel[New World]'/minecraft:the_nether
[23:51:56] [Server thread/INFO] (Minecraft) Saving chunks for level 'ServerLevel[New World]'/powers:dark_realm
[23:51:56] [Server thread/INFO] (Minecraft) Saving chunks for level 'ServerLevel[New World]'/qa010_hostile:synthetic
[23:51:56] [Server thread/INFO] (Minecraft) Saving chunks for level 'ServerLevel[New World]'/powers:middleworld
[23:51:56] [Server thread/INFO] (Minecraft) Saving chunks for level 'ServerLevel[New World]'/minecraft:the_end
[23:51:56] [Render thread/INFO] (Minecraft) Info log when linking program containing VS minecraft:core/entity and FS minecraft:core/entity. Log output: WARNING: Could not find vertex shader attribute 'UV1' to match BindAttributeLocation request.

[23:51:56] [Render thread/INFO] (Minecraft) Info log when linking program containing VS minecraft:core/rendertype_beacon_beam and FS minecraft:core/rendertype_beacon_beam. Log output: WARNING: Could not find vertex shader attribute 'UV2' to match BindAttributeLocation request.

[23:51:56] [Render thread/INFO] (Minecraft) Info log when linking program containing VS minecraft:core/entity and FS minecraft:core/entity. Log output: WARNING: Could not find vertex shader attribute 'UV2' to match BindAttributeLocation request.

[23:51:56] [Render thread/INFO] (Minecraft) Info log when linking program containing VS minecraft:core/entity and FS minecraft:core/entity. Log output: WARNING: Could not find vertex shader attribute 'UV1' to match BindAttributeLocation request.

[23:51:56] [Render thread/INFO] (Minecraft) Info log when linking program containing VS minecraft:core/entity and FS minecraft:core/entity. Log output: WARNING: Could not find vertex shader attribute 'UV1' to match BindAttributeLocation request.
WARNING: Could not find vertex shader attribute 'Normal' to match BindAttributeLocation request.

[23:51:56] [Render thread/INFO] (Minecraft) Info log when linking program containing VS minecraft:core/rendertype_entity_shadow and FS minecraft:core/rendertype_entity_shadow. Log output: WARNING: Could not find vertex shader attribute 'UV1' to match BindAttributeLocation request.
WARNING: Could not find vertex shader attribute 'Normal' to match BindAttributeLocation request.
WARNING: Could not find vertex shader attribute 'UV2' to match BindAttributeLocation request.

[23:51:56] [Render thread/INFO] (Minecraft) Info log when linking program containing VS minecraft:core/entity and FS minecraft:core/entity. Log output: WARNING: Could not find vertex shader attribute 'UV1' to match BindAttributeLocation request.

[23:51:56] [Render thread/INFO] (Minecraft) Info log when linking program containing VS minecraft:core/rendertype_beacon_beam and FS minecraft:core/rendertype_beacon_beam. Log output: WARNING: Could not find vertex shader attribute 'UV2' to match BindAttributeLocation request.

[23:51:56] [Render thread/INFO] (Minecraft) Info log when linking program containing VS minecraft:core/entity and FS minecraft:core/entity. Log output: WARNING: Could not find vertex shader attribute 'UV1' to match BindAttributeLocation request.

[23:51:56] [Render thread/INFO] (Minecraft) Info log when linking program containing VS minecraft:core/entity and FS minecraft:core/entity. Log output: WARNING: Could not find vertex shader attribute 'UV1' to match BindAttributeLocation request.

[23:51:56] [Render thread/INFO] (Minecraft) Info log when linking program containing VS minecraft:core/animate_sprite and FS minecraft:core/animate_sprite_blit. Log output: WARNING: Output of vertex shader 'fAnimationProgress' not read by fragment shader

[23:51:56] [Render thread/INFO] (Minecraft) Info log when linking program containing VS minecraft:core/entity and FS minecraft:core/entity. Log output: WARNING: Could not find vertex shader attribute 'UV1' to match BindAttributeLocation request.
WARNING: Could not find vertex shader attribute 'Normal' to match BindAttributeLocation request.
WARNING: Could not find vertex shader attribute 'UV2' to match BindAttributeLocation request.

[23:51:56] [Render thread/INFO] (Minecraft) Info log when linking program containing VS minecraft:core/entity and FS minecraft:core/entity. Log output: WARNING: Could not find vertex shader attribute 'UV1' to match BindAttributeLocation request.
WARNING: Could not find vertex shader attribute 'Normal' to match BindAttributeLocation request.
WARNING: Could not find vertex shader attribute 'UV2' to match BindAttributeLocation request.

[23:51:56] [Render thread/INFO] (Minecraft) Info log when linking program containing VS minecraft:core/rendertype_crumbling and FS minecraft:core/rendertype_crumbling. Log output: WARNING: Could not find vertex shader attribute 'UV2' to match BindAttributeLocation request.

[23:51:56] [Render thread/INFO] (Minecraft) OpenAL initialized on device MacBook Pro Speakers
[23:51:56] [Render thread/INFO] (Minecraft) Sound engine started
[23:51:56] [Render thread/INFO] (Minecraft) Created: 512x256x0 minecraft:textures/atlas/particles.png-atlas
[23:51:56] [Render thread/INFO] (Minecraft) Created: 128x128x0 minecraft:textures/atlas/decorated_pot.png-atlas
[23:51:56] [Render thread/INFO] (Minecraft) Created: 2048x1024x0 minecraft:textures/atlas/armor_trims.png-atlas
[23:51:56] [Render thread/INFO] (Minecraft) Created: 512x256x0 minecraft:textures/atlas/paintings.png-atlas
[23:51:56] [Render thread/INFO] (Minecraft) Created: 1024x512x0 minecraft:textures/atlas/shield_patterns.png-atlas
[23:51:56] [Render thread/INFO] (Minecraft) Created: 2048x2048x4 minecraft:textures/atlas/blocks.png-atlas
[23:51:57] [Render thread/INFO] (Minecraft) Created: 512x512x0 minecraft:textures/atlas/chest.png-atlas
[23:51:57] [Render thread/INFO] (Minecraft) Created: 256x128x0 minecraft:textures/atlas/celestials.png-atlas
[23:51:57] [Render thread/INFO] (Minecraft) Created: 1024x512x0 minecraft:textures/atlas/banner_patterns.png-atlas
[23:51:57] [Render thread/INFO] (Minecraft) Created: 2048x2048x0 minecraft:textures/atlas/items.png-atlas
[23:51:57] [Render thread/INFO] (Minecraft) Created: 1024x1024x0 minecraft:textures/atlas/gui.png-atlas
[23:51:57] [Render thread/INFO] (Minecraft) Created: 128x64x0 minecraft:textures/atlas/map_decorations.png-atlas
[23:51:57] [Render thread/INFO] (Minecraft) Created: 512x512x0 minecraft:textures/atlas/shulker_boxes.png-atlas
[23:51:57] [Render thread/INFO] (ChunkBuilder) Stopping worker threads
[23:51:57] [Render thread/INFO] (ChunkBuilder) Started 5 worker threads
[23:52:00] [Server thread/INFO] (Minecraft) Set the weather to clear
[23:52:00] [Render thread/INFO] (ChunkBuilder) Stopping worker threads
[23:52:00] [Server thread/INFO] (Minecraft) Changing view distance to 4, from 12
[23:52:00] [Render thread/INFO] (ChunkBuilder) Started 5 worker threads
[23:52:01] [Server thread/INFO] (Minecraft) Set the weather to clear
[23:52:01] [Server thread/INFO] (Minecraft) Changing view distance to 12, from 4
[23:52:01] [Render thread/INFO] (ChunkBuilder) Stopping worker threads
[23:52:01] [Render thread/INFO] (ChunkBuilder) Started 5 worker threads
[23:52:02] [Server thread/INFO] (Minecraft) Set the weather to clear
[23:52:02] [Server thread/INFO] (Minecraft) Changing view distance to 24, from 12
[23:52:02] [Render thread/INFO] (ChunkBuilder) Stopping worker threads
[23:52:02] [Render thread/INFO] (ChunkBuilder) Started 5 worker threads
[23:52:02] [Server thread/INFO] (Minecraft) Set the weather to clear
[23:52:02] [Render thread/INFO] (ChunkBuilder) Stopping worker threads
[23:52:02] [Server thread/INFO] (Minecraft) Changing view distance to 12, from 24
[23:52:02] [Render thread/INFO] (ChunkBuilder) Started 5 worker threads
[23:52:03] [Server thread/INFO] (Minecraft) Set the weather to clear
[23:52:03] [Server thread/INFO] (Minecraft) Player0 lost connection: Disconnected
[23:52:03] [Server thread/INFO] (Minecraft) [Dormant] Player0 left the game
[23:52:03] [Server thread/INFO] (Minecraft) Stopping singleplayer server as player logged out
[23:52:03] [Server thread/INFO] (Minecraft) Changing view distance to 5, from 12
[23:52:03] [Server thread/INFO] (Minecraft) Stopping server
[23:52:03] [Server thread/INFO] (Minecraft) Saving players
[23:52:03] [Server thread/INFO] (Minecraft) Saving worlds
[23:52:04] [Server thread/INFO] (Minecraft) Saving chunks for level 'ServerLevel[New World]'/minecraft:overworld
[23:52:04] [Server thread/INFO] (Minecraft) Saving chunks for level 'ServerLevel[New World]'/powers:light_realm
[23:52:04] [Server thread/INFO] (Minecraft) Saving chunks for level 'ServerLevel[New World]'/minecraft:the_nether
[23:52:04] [Server thread/INFO] (Minecraft) Saving chunks for level 'ServerLevel[New World]'/powers:dark_realm
[23:52:04] [Server thread/INFO] (Minecraft) Saving chunks for level 'ServerLevel[New World]'/qa010_hostile:synthetic
[23:52:04] [Server thread/INFO] (Minecraft) Saving chunks for level 'ServerLevel[New World]'/powers:middleworld
[23:52:04] [Server thread/INFO] (Minecraft) Saving chunks for level 'ServerLevel[New World]'/minecraft:the_end
[23:52:04] [Server thread/INFO] (Minecraft) ThreadedAnvilChunkStorage (world): All chunks are saved
[23:52:04] [Server thread/INFO] (Minecraft) ThreadedAnvilChunkStorage (light_realm): All chunks are saved
[23:52:04] [Server thread/INFO] (Minecraft) ThreadedAnvilChunkStorage (DIM-1): All chunks are saved
[23:52:04] [Server thread/INFO] (Minecraft) ThreadedAnvilChunkStorage (dark_realm): All chunks are saved
[23:52:04] [Server thread/INFO] (Minecraft) ThreadedAnvilChunkStorage (synthetic): All chunks are saved
[23:52:04] [Server thread/INFO] (Minecraft) ThreadedAnvilChunkStorage (middleworld): All chunks are saved
[23:52:04] [Server thread/INFO] (Minecraft) ThreadedAnvilChunkStorage (DIM1): All chunks are saved
[23:52:04] [Server thread/INFO] (Minecraft) ThreadedAnvilChunkStorage: All dimensions are saved
[23:52:04] [Render thread/INFO] (ChunkBuilder) Stopping worker threads
[23:52:04] [Render thread/INFO] (Minecraft) Stopping!

BUILD SUCCESSFUL in 47s
14 actionable tasks: 14 executed
