[04:14:03] [main/INFO] (FabricLoader/GameProvider) Loading Minecraft 26.2 with Fabric Loader 0.19.3
[04:14:03] [main/INFO] (FabricLoader/Mappings) Mappings not present!
[04:14:03] [main/INFO] (FabricLoader) Loading 51 mods:
	- fabric-api 0.156.0+26.2
	- fabric-api-base 2.0.4+ece063239e
	- fabric-api-lookup-api-v1 2.0.17+11e1c9a39e
	- fabric-biome-api-v1 18.0.6+c7bd5b8e9e
	- fabric-block-api-v1 3.0.3+ec56b6019e
	- fabric-block-getter-api-v2 2.0.7+ec56b6019e
	- fabric-client-gametest-api-v1 6.0.0+515ac5339e
	- fabric-command-api-v2 3.1.0+00cb03469e
	- fabric-content-registries-v0 11.3.0+d0a699d09e
	- fabric-convention-tags-v2 4.7.0+1f023a9e9e
	- fabric-crash-report-info-v1 1.0.5+086d547a9e
	- fabric-creative-tab-api-v1 5.0.14+d871b99e9e
	- fabric-data-attachment-api-v1 2.2.18+515ac5339e
	- fabric-data-generation-api-v1 25.5.0+aed122aa9e
	- fabric-debug-api-v1 1.0.2+c792624d9e
	- fabric-dimensions-v1 5.1.11+515ac5339e
	- fabric-entity-events-v1 5.0.5+06488ac19e
	- fabric-events-interaction-v0 5.2.7+515ac5339e
	- fabric-game-rule-api-v1 4.0.8+46a6d00c9e
	- fabric-gametest-api-v1 4.0.21+4a7fa0819e
	- fabric-item-api-v1 14.4.0+49a69a7b9e
	- fabric-key-mapping-api-v1 2.0.5+e2bdee789e
	- fabric-lifecycle-events-v1 4.1.3+4575b05f9e
	- fabric-loot-api-v3 3.0.17+06488ac19e
	- fabric-menu-api-v1 2.0.16+086d547a9e
	- fabric-message-api-v1 7.0.7+086d547a9e
	- fabric-model-loading-api-v1 8.0.16+c80601bb9e
	- fabric-networking-api-v1 6.3.3+72073ef09e
	- fabric-object-builder-api-v1 24.1.0+6fcd5f039e
	- fabric-particles-v1 5.0.18+d1756aa99e
	- fabric-permission-api-v1 1.0.4+536fad2f9e
	- fabric-recipe-api-v1 9.0.20+11e1c9a39e
	- fabric-registry-sync-v0 7.1.0+c7bd5b8e9e
	- fabric-renderer-api-v1 14.1.3+2b0d8a229e
	- fabric-renderer-indigo 9.1.3+2b0d8a229e
	- fabric-rendering-fluids-v1 6.0.4+06488ac19e
	- fabric-rendering-v1 25.3.2+515ac5339e
	- fabric-resource-conditions-api-v1 6.1.0+10e9a28b9e
	- fabric-resource-loader-v0 3.3.20+4fc5413f9e
	- fabric-resource-loader-v1 2.0.13+9edec1269e
	- fabric-screen-api-v1 5.1.0+48e3c0b09e
	- fabric-serialization-api-v1 2.0.4+11a26f319e
	- fabric-sound-api-v1 2.0.5+11a26f319e
	- fabric-tag-api-v1 2.1.4+515ac5339e
	- fabric-transfer-api-v1 8.0.12+11dbb7d79e
	- fabric-transitive-access-wideners-v1 8.1.4+67c847259e
	- fabricloader 0.19.3
	- java 25
	- minecraft 26.2
	- mixinextras 0.5.4
	- powers 1.0.2
[04:14:03] [main/INFO] (FabricLoader/Mixin) SpongePowered MIXIN Subsystem Version=0.8.7 Source=file:/Users/james/.gradle/caches/modules-2/files-2.1/net.fabricmc/sponge-mixin/0.17.3+mixin.0.8.7/41c4a3984a80f4679e759fb9f495587acc5cdac7/sponge-mixin-0.17.3+mixin.0.8.7.jar Service=Knot/Fabric Env=CLIENT
[04:14:03] [main/INFO] (FabricLoader/Mixin) Compatibility level set to JAVA_25
[04:14:04] [main/INFO] (FabricLoader/MixinExtras|Service) Initializing MixinExtras via com.llamalad7.mixinextras.service.MixinExtrasServiceImpl(version=0.5.4).
[04:14:04] [Datafixer Bootstrap #0/INFO] (Minecraft) 295 Datafixer optimizations took 160 milliseconds
[04:14:06] [Render thread/INFO] (Minecraft) Environment: Environment[sessionHost=https://sessionserver.mojang.com, servicesHost=https://api.minecraftservices.com, profilesHost=https://api.mojang.com, name=PROD]
[04:14:06] [Render thread/INFO] (Minecraft) Setting user: CrystalCaster
[04:14:06] [Render thread/INFO] (powers) Loaded rank mazes: 28 light nodes, 28 darkness nodes
[04:14:06] [Render thread/INFO] (powers) Magic collision kernel loaded: 64 actions, 2080 exhaustive interactions
[04:14:06] [Render thread/INFO] (powers) POWERS framework initialized with 23 power(s)
[04:14:06] [Render thread/INFO] (Indigo) [Indigo] Registering Indigo renderer!
[04:14:06] [Download-2/ERROR] (Minecraft) Failed to fetch user properties
com.mojang.authlib.exceptions.InvalidCredentialsException: Status: 401
	at knot//com.mojang.authlib.exceptions.MinecraftClientHttpException.toAuthenticationException(MinecraftClientHttpException.java:70)
	at knot//com.mojang.authlib.yggdrasil.YggdrasilUserApiService.fetchProperties(YggdrasilUserApiService.java:173)
	at knot//net.minecraft.client.Minecraft.lambda$new$1(Minecraft.java:418)
	at java.base/java.util.concurrent.CompletableFuture$AsyncSupply.run(CompletableFuture.java:1789)
	at java.base/java.util.concurrent.ThreadPoolExecutor.runWorker(ThreadPoolExecutor.java:1090)
	at java.base/java.util.concurrent.ThreadPoolExecutor$Worker.run(ThreadPoolExecutor.java:614)
	at java.base/java.lang.Thread.run(Thread.java:1474)
Caused by: MinecraftClientHttpException[type=HTTP_ERROR, status=401, response=ErrorResponse[path=/player/attributes, error=null, errorMessage=null, details=null]]
	at knot//com.mojang.authlib.minecraft.client.MinecraftClient.buildHttpException(MinecraftClient.java:170)
	at knot//com.mojang.authlib.minecraft.client.MinecraftClient.readServiceResponse(MinecraftClient.java:147)
	at knot//com.mojang.authlib.minecraft.client.MinecraftClient.getWithEtag(MinecraftClient.java:81)
	at knot//com.mojang.authlib.minecraft.client.MinecraftClient.get(MinecraftClient.java:65)
	at knot//com.mojang.authlib.yggdrasil.YggdrasilUserApiService.fetchProperties(YggdrasilUserApiService.java:123)
	... 5 more
[04:14:07] [Render thread/INFO] (Minecraft) Backend library: LWJGL version 3.4.1-snapshot
[04:14:07] [Render thread/INFO] (Minecraft) Using graphics backend OpenGL, using drivers: 4.1 Metal - 90.5
[04:14:07] [Render thread/INFO] (Minecraft) Using graphics device: Apple M3 Pro (Apple)
[04:14:07] [Render thread/INFO] (Minecraft) Using graphics device extensions: GL_ARB_draw_indirect, GL_EXT_texture_filter_anisotropic
[04:14:07] [Download-1/INFO] (Minecraft) Could not authorize you against Realms server: java.lang.RuntimeException: Failed to parse into SignedJWT: FabricMC
[04:14:07] [Download-1/ERROR] (Minecraft) Failed to fetch Realms feature flags
com.mojang.realmsclient.exception.RealmsServiceException: Realms authentication error with message 'java.lang.RuntimeException: Failed to parse into SignedJWT: FabricMC'
	at knot//com.mojang.realmsclient.client.RealmsClient.execute(RealmsClient.java:509)
	at knot//com.mojang.realmsclient.client.RealmsClient.fetchFeatureFlags(RealmsClient.java:159)
	at java.base/java.util.concurrent.CompletableFuture$AsyncSupply.run(CompletableFuture.java:1789)
	at java.base/java.util.concurrent.ThreadPoolExecutor.runWorker(ThreadPoolExecutor.java:1090)
	at java.base/java.util.concurrent.ThreadPoolExecutor$Worker.run(ThreadPoolExecutor.java:614)
	at java.base/java.lang.Thread.run(Thread.java:1474)
[04:14:08] [Render thread/INFO] (Minecraft) Reloading ResourceManager: vanilla, fabric-api, fabric-api-base, fabric-api-lookup-api-v1, fabric-biome-api-v1, fabric-block-api-v1, fabric-block-getter-api-v2, fabric-client-gametest-api-v1, fabric-command-api-v2, fabric-content-registries-v0, fabric-convention-tags-v2, fabric-crash-report-info-v1, fabric-creative-tab-api-v1, fabric-data-attachment-api-v1, fabric-data-generation-api-v1, fabric-debug-api-v1, fabric-dimensions-v1, fabric-entity-events-v1, fabric-events-interaction-v0, fabric-game-rule-api-v1, fabric-gametest-api-v1, fabric-item-api-v1, fabric-key-mapping-api-v1, fabric-lifecycle-events-v1, fabric-loot-api-v3, fabric-menu-api-v1, fabric-message-api-v1, fabric-model-loading-api-v1, fabric-networking-api-v1, fabric-object-builder-api-v1, fabric-particles-v1, fabric-permission-api-v1, fabric-recipe-api-v1, fabric-registry-sync-v0, fabric-renderer-api-v1, fabric-renderer-indigo, fabric-rendering-fluids-v1, fabric-rendering-v1, fabric-resource-conditions-api-v1, fabric-resource-loader-v0, fabric-resource-loader-v1, fabric-screen-api-v1, fabric-serialization-api-v1, fabric-sound-api-v1, fabric-tag-api-v1, fabric-transfer-api-v1, fabric-transitive-access-wideners-v1, fabricloader, powers
[04:14:08] [Worker-Main-1/INFO] (Minecraft) Found unifont_all_no_pua-17.0.01.hex, loading
[04:14:08] [Worker-Main-3/INFO] (Minecraft) Found unifont_pua-17.0.01.hex, loading
[04:14:08] [Worker-Main-1/INFO] (Minecraft) Found unifont_jp_patch-17.0.01.hex, loading
[04:14:09] [Render thread/INFO] (Minecraft) Info log when linking program containing VS minecraft:core/entity and FS minecraft:core/entity. Log output: WARNING: Could not find vertex shader attribute 'UV1' to match BindAttributeLocation request.

[04:14:09] [Render thread/INFO] (Minecraft) Info log when linking program containing VS minecraft:core/entity and FS minecraft:core/entity. Log output: WARNING: Could not find vertex shader attribute 'UV1' to match BindAttributeLocation request.
WARNING: Could not find vertex shader attribute 'Normal' to match BindAttributeLocation request.
WARNING: Could not find vertex shader attribute 'UV2' to match BindAttributeLocation request.

[04:14:09] [Render thread/INFO] (Minecraft) Info log when linking program containing VS minecraft:core/animate_sprite and FS minecraft:core/animate_sprite_blit. Log output: WARNING: Output of vertex shader 'fAnimationProgress' not read by fragment shader

[04:14:09] [Render thread/INFO] (Minecraft) Info log when linking program containing VS minecraft:core/entity and FS minecraft:core/entity. Log output: WARNING: Could not find vertex shader attribute 'UV2' to match BindAttributeLocation request.

[04:14:09] [Render thread/INFO] (Minecraft) Info log when linking program containing VS minecraft:core/rendertype_entity_shadow and FS minecraft:core/rendertype_entity_shadow. Log output: WARNING: Could not find vertex shader attribute 'UV1' to match BindAttributeLocation request.
WARNING: Could not find vertex shader attribute 'Normal' to match BindAttributeLocation request.
WARNING: Could not find vertex shader attribute 'UV2' to match BindAttributeLocation request.

[04:14:09] [Render thread/INFO] (Minecraft) Info log when linking program containing VS minecraft:core/rendertype_crumbling and FS minecraft:core/rendertype_crumbling. Log output: WARNING: Could not find vertex shader attribute 'UV2' to match BindAttributeLocation request.

[04:14:09] [Render thread/INFO] (Minecraft) Info log when linking program containing VS minecraft:core/entity and FS minecraft:core/entity. Log output: WARNING: Could not find vertex shader attribute 'UV1' to match BindAttributeLocation request.

[04:14:09] [Render thread/INFO] (Minecraft) Info log when linking program containing VS minecraft:core/entity and FS minecraft:core/entity. Log output: WARNING: Could not find vertex shader attribute 'UV1' to match BindAttributeLocation request.

[04:14:09] [Render thread/INFO] (Minecraft) Info log when linking program containing VS minecraft:core/rendertype_beacon_beam and FS minecraft:core/rendertype_beacon_beam. Log output: WARNING: Could not find vertex shader attribute 'UV2' to match BindAttributeLocation request.

[04:14:09] [Render thread/INFO] (Minecraft) Info log when linking program containing VS minecraft:core/entity and FS minecraft:core/entity. Log output: WARNING: Could not find vertex shader attribute 'UV1' to match BindAttributeLocation request.
WARNING: Could not find vertex shader attribute 'Normal' to match BindAttributeLocation request.

[04:14:09] [Render thread/INFO] (Minecraft) Info log when linking program containing VS minecraft:core/rendertype_beacon_beam and FS minecraft:core/rendertype_beacon_beam. Log output: WARNING: Could not find vertex shader attribute 'UV2' to match BindAttributeLocation request.

[04:14:09] [Render thread/INFO] (Minecraft) Info log when linking program containing VS minecraft:core/entity and FS minecraft:core/entity. Log output: WARNING: Could not find vertex shader attribute 'UV1' to match BindAttributeLocation request.

[04:14:09] [Render thread/INFO] (Minecraft) Info log when linking program containing VS minecraft:core/entity and FS minecraft:core/entity. Log output: WARNING: Could not find vertex shader attribute 'UV1' to match BindAttributeLocation request.

[04:14:09] [Render thread/INFO] (Minecraft) Info log when linking program containing VS minecraft:core/entity and FS minecraft:core/entity. Log output: WARNING: Could not find vertex shader attribute 'UV1' to match BindAttributeLocation request.
WARNING: Could not find vertex shader attribute 'Normal' to match BindAttributeLocation request.
WARNING: Could not find vertex shader attribute 'UV2' to match BindAttributeLocation request.

[04:14:09] [Render thread/INFO] (Minecraft) OpenAL initialized on device MacBook Pro Speakers
[04:14:09] [Render thread/INFO] (Minecraft) Sound engine started
[04:14:09] [Render thread/INFO] (Minecraft) Created: 512x256x0 minecraft:textures/atlas/particles.png-atlas
[04:14:09] [Render thread/INFO] (Minecraft) Created: 128x128x0 minecraft:textures/atlas/decorated_pot.png-atlas
[04:14:09] [Render thread/INFO] (Minecraft) Created: 2048x1024x0 minecraft:textures/atlas/armor_trims.png-atlas
[04:14:09] [Render thread/INFO] (Minecraft) Created: 512x256x0 minecraft:textures/atlas/paintings.png-atlas
[04:14:09] [Render thread/INFO] (Minecraft) Created: 1024x512x0 minecraft:textures/atlas/shield_patterns.png-atlas
[04:14:09] [Render thread/INFO] (Minecraft) Created: 2048x2048x4 minecraft:textures/atlas/blocks.png-atlas
[04:14:09] [Render thread/INFO] (Minecraft) Created: 512x512x0 minecraft:textures/atlas/chest.png-atlas
[04:14:09] [Render thread/INFO] (Minecraft) Created: 256x128x0 minecraft:textures/atlas/celestials.png-atlas
[04:14:09] [Render thread/INFO] (Minecraft) Created: 1024x512x0 minecraft:textures/atlas/banner_patterns.png-atlas
[04:14:09] [Render thread/INFO] (Minecraft) Created: 2048x2048x0 minecraft:textures/atlas/items.png-atlas
[04:14:09] [Render thread/INFO] (Minecraft) Created: 1024x1024x0 minecraft:textures/atlas/gui.png-atlas
[04:14:09] [Render thread/INFO] (Minecraft) Created: 128x64x0 minecraft:textures/atlas/map_decorations.png-atlas
[04:14:09] [Render thread/INFO] (Minecraft) Created: 512x512x0 minecraft:textures/atlas/shulker_boxes.png-atlas
[04:14:09] [Render thread/INFO] (Minecraft) Connecting to localhost, 25565
[04:14:09] [Download-2/ERROR] (Minecraft) Failed to retrieve profile key pair
MinecraftClientHttpException[type=HTTP_ERROR, status=401, response=ErrorResponse[path=/player/certificates, error=null, errorMessage=null, details=null]]
	at knot//com.mojang.authlib.minecraft.client.MinecraftClient.buildHttpException(MinecraftClient.java:170)
	at knot//com.mojang.authlib.minecraft.client.MinecraftClient.readServiceResponse(MinecraftClient.java:147)
	at knot//com.mojang.authlib.minecraft.client.MinecraftClient.post(MinecraftClient.java:89)
	at knot//com.mojang.authlib.yggdrasil.YggdrasilUserApiService.getKeyPair(YggdrasilUserApiService.java:62)
	at knot//net.minecraft.client.multiplayer.AccountProfileKeyPairManager.fetchProfileKeyPair(AccountProfileKeyPairManager.java:119)
	at knot//net.minecraft.client.multiplayer.AccountProfileKeyPairManager.lambda$readOrFetchProfileKeyPair$0(AccountProfileKeyPairManager.java:72)
	at java.base/java.util.concurrent.CompletableFuture$AsyncSupply.run(CompletableFuture.java:1789)
	at java.base/java.util.concurrent.ThreadPoolExecutor.runWorker(ThreadPoolExecutor.java:1090)
	at java.base/java.util.concurrent.ThreadPoolExecutor$Worker.run(ThreadPoolExecutor.java:614)
	at java.base/java.lang.Thread.run(Thread.java:1474)
[04:14:12] [Render thread/INFO] (Minecraft) Loaded 32 advancements
[04:14:12] [Render thread/INFO] (Minecraft) Resizing Dynamic Transforms UBO, capacity limit of 2 reached during a single frame. New capacity will be 4.
[04:14:12] [Render thread/INFO] (powers) QA client role=caster loaded 61 scripted steps
[04:14:12] [Render thread/INFO] (Minecraft) Resizing Dynamic Transforms UBO, capacity limit of 4 reached during a single frame. New capacity will be 8.
[04:14:12] [Render thread/INFO] (Minecraft) Resizing Chunk Sections UBO, capacity limit of 2 reached during a single frame. New capacity will be 8.
[04:14:12] [Render thread/INFO] (Minecraft) Resizing Chunk Sections UBO, capacity limit of 8 reached during a single frame. New capacity will be 16.
[04:14:12] [Render thread/INFO] (Minecraft) Resizing Chunk Sections UBO, capacity limit of 16 reached during a single frame. New capacity will be 32.
[04:14:12] [Render thread/INFO] (Minecraft) Resizing Chunk Sections UBO, capacity limit of 32 reached during a single frame. New capacity will be 64.
[04:14:12] [Render thread/INFO] (Minecraft) Resizing Chunk Sections UBO, capacity limit of 64 reached during a single frame. New capacity will be 128.
[04:14:12] [Render thread/INFO] (powers) QA client role=caster connected as CrystalCaster to localhost:25565
[04:14:13] [Render thread/INFO] (Minecraft) Resizing Chunk Sections UBO, capacity limit of 128 reached during a single frame. New capacity will be 256.
[04:14:14] [Render thread/INFO] (powers) QA client role=caster executed CLOSE [screen] at connected tick 60
[04:14:15] [Render thread/INFO] (powers) QA client role=caster executed COMMAND [powers testing on] at connected tick 80
[04:14:15] [Render thread/INFO] (Minecraft) [System] [CHAT] Testing limits — energy: DISABLED, cooldowns: DISABLED
[04:14:16] [Render thread/INFO] (powers) QA client role=caster executed COMMAND [powers list] at connected tick 100
[04:14:16] [Render thread/INFO] (Minecraft) [System] [CHAT] Available powers: size_shift, time_shift, flight, starfall, void_beam, fireball, lightning_strike, thunderclap, speed_burst, telekinesis, energy_beam, super_speed, breezy_bash, invisibility, time_freeze, forcefield, gravity_displacement, vessel_possession, astral_projection, energy_drain, ice_manipulation, plant_healing_acceleration, double_health
[04:14:17] [Render thread/INFO] (powers) QA client role=caster executed COMMAND [powers slots] at connected tick 120
[04:14:17] [Render thread/INFO] (powers) QA client role=caster captured its connected-world evidence
[04:14:17] [Render thread/INFO] (Minecraft) [System] [CHAT]   [1] Starfall - Starfall
[04:14:17] [Render thread/INFO] (Minecraft) [System] [CHAT]   [2] Lightning Strike - Lightning Strike
[04:14:17] [Render thread/INFO] (Minecraft) [System] [CHAT]   [3] Plant and Healing Acceleration - Plant and Healing Acceleration
[04:14:18] [Render thread/INFO] (Minecraft) [System] [CHAT] Saved screenshot as 2026-08-14_04.14.17.png
[04:14:18] [Render thread/INFO] (powers) QA client role=caster executed COMMAND [powers slots @s] at connected tick 140
[04:14:18] [Render thread/INFO] (Minecraft) [System] [CHAT]   [1] Starfall - Starfall
[04:14:18] [Render thread/INFO] (Minecraft) [System] [CHAT]   [2] Lightning Strike - Lightning Strike
[04:14:18] [Render thread/INFO] (Minecraft) [System] [CHAT]   [3] Plant and Healing Acceleration - Plant and Healing Acceleration
[04:14:19] [Render thread/INFO] (powers) QA client role=caster executed COMMAND [powers reroll @s] at connected tick 160
[04:14:19] [Render thread/INFO] (Minecraft) [System] [CHAT] Rerolled powers for CrystalCaster
[04:14:20] [Render thread/INFO] (powers) QA client role=caster executed COMMAND [powers slots @s] at connected tick 180
[04:14:20] [Render thread/INFO] (Minecraft) [System] [CHAT]   [1] Starfall - Starfall
[04:14:20] [Render thread/INFO] (Minecraft) [System] [CHAT]   [2] Forcefield - Forcefield
[04:14:20] [Render thread/INFO] (Minecraft) [System] [CHAT]   [3] Teleport - Teleport
[04:14:21] [Render thread/INFO] (powers) QA client role=caster executed COMMAND [powers consent teleport deny] at connected tick 200
[04:14:21] [Render thread/INFO] (Minecraft) [System] [CHAT] teleport consent denied
[04:14:22] [Render thread/INFO] (powers) QA client role=caster executed COMMAND [powers consent teleport allow] at connected tick 220
[04:14:22] [Render thread/INFO] (Minecraft) [System] [CHAT] teleport consent allowed
[04:14:23] [Render thread/INFO] (powers) QA client role=caster executed COMMAND [powers reload] at connected tick 240
[04:14:23] [Render thread/INFO] (Minecraft) [System] [CHAT] Reloaded POWERS configuration; validation revision=2; adjustments=0; retained=0; dropped=0.
[04:14:25] [Render thread/INFO] (powers) QA client role=caster executed COMMAND [tag @s remove darkness] at connected tick 270
[04:14:25] [Render thread/INFO] (Minecraft) [System] [CHAT] Target does not have this tag
[04:14:26] [Render thread/INFO] (powers) QA client role=caster executed COMMAND [advancement grant @s through powers:skill/level_10] at connected tick 290
[04:14:26] [Render thread/INFO] (Minecraft) [System] [CHAT] Granted 10 advancements to [Dormant] CrystalCaster
[04:14:26] [Render thread/INFO] (Minecraft) Loaded 40 advancements
[04:14:26] [Render thread/INFO] (Minecraft) Resizing Dynamic Transforms UBO, capacity limit of 8 reached during a single frame. New capacity will be 16.
[04:14:28] [Render thread/INFO] (powers) QA client role=caster executed COMMAND [powers path list] at connected tick 330
[04:14:28] [Render thread/INFO] (Minecraft) [System] [CHAT] Focused title: legacy_0 | Unlockable: none
[04:14:29] [Render thread/INFO] (Minecraft) [System] [CHAT] A surge of might flows through you as you become Origin.
[04:14:29] [Render thread/INFO] (powers) QA client role=caster executed COMMAND [powers path unlock insight_1] at connected tick 350
[04:14:29] [Render thread/INFO] (Minecraft) [System] [CHAT] Unlocked and focused: Star-Listener
[04:14:30] [Render thread/INFO] (powers) QA client role=caster executed COMMAND [powers path focus insight_1] at connected tick 370
[04:14:30] [Render thread/INFO] (Minecraft) [System] [CHAT] Focused title: insight_1
[04:14:31] [Render thread/INFO] (powers) QA client role=caster executed COMMAND [experience set @s 100 levels] at connected tick 390
[04:14:31] [Render thread/INFO] (Minecraft) [System] [CHAT] Set 100 experience levels on [Star-Listener] CrystalCaster
[04:14:32] [Render thread/INFO] (powers) QA client role=caster executed COMMAND [powers path respec] at connected tick 410
[04:14:32] [Render thread/INFO] (Minecraft) [System] [CHAT] Branch titles reset; earned rank depth was preserved.
[04:14:33] [Render thread/INFO] (powers) QA client role=caster executed COMMAND [powers path list] at connected tick 430
[04:14:33] [Render thread/INFO] (Minecraft) [System] [CHAT] Focused title: legacy_10 | Unlockable: insight_1, motion_1, might_1
[04:14:34] [Render thread/INFO] (powers) QA client role=caster executed COMMAND [tag @s add darkness] at connected tick 460
[04:14:34] [Render thread/INFO] (Minecraft) [System] [CHAT] Added tag 'darkness' to [Origin] CrystalCaster
[04:14:35] [Render thread/INFO] (powers) QA client role=caster executed COMMAND [advancement grant @s through powers:darkness/level_10] at connected tick 480
[04:14:35] [Render thread/INFO] (Minecraft) [System] [CHAT] Granted 11 advancements to [Origin] CrystalCaster
[04:14:35] [Render thread/INFO] (Minecraft) Loaded 51 advancements
[04:14:37] [Render thread/INFO] (powers) QA client role=caster executed COMMAND [powers darkprefix false] at connected tick 520
[04:14:37] [Render thread/INFO] (Minecraft) [System] [CHAT] Your darkness title is hidden — others now see the rank of an ordinary power-wielder.
[04:14:38] [Render thread/INFO] (powers) QA client role=caster executed COMMAND [powers darkprefix true] at connected tick 540
[04:14:38] [Render thread/INFO] (Minecraft) [System] [CHAT] Your true darkness title is revealed.
[04:14:39] [Render thread/INFO] (Minecraft) [System] [CHAT] You sink deeper into darkness as Nightfall.
[04:14:39] [Render thread/INFO] (Minecraft) Forgot about advancement powers:skill/level_10
[04:14:39] [Render thread/INFO] (Minecraft) Forgot about advancement powers:skill/level_09
[04:14:39] [Render thread/INFO] (Minecraft) Forgot about advancement powers:skill/level_08
[04:14:39] [Render thread/INFO] (Minecraft) Forgot about advancement powers:skill/level_07
[04:14:39] [Render thread/INFO] (Minecraft) Forgot about advancement powers:skill/level_06
[04:14:39] [Render thread/INFO] (Minecraft) Forgot about advancement powers:skill/level_05
[04:14:39] [Render thread/INFO] (Minecraft) Forgot about advancement powers:skill/level_04
[04:14:39] [Render thread/INFO] (Minecraft) Forgot about advancement powers:skill/level_03
[04:14:39] [Render thread/INFO] (Minecraft) Forgot about advancement powers:skill/level_02
[04:14:39] [Render thread/WARN] (Minecraft) Told to remove advancement powers:skill/level_03 but I don't know what that is
[04:14:39] [Render thread/WARN] (Minecraft) Told to remove advancement powers:skill/level_04 but I don't know what that is
[04:14:39] [Render thread/WARN] (Minecraft) Told to remove advancement powers:skill/level_05 but I don't know what that is
[04:14:39] [Render thread/WARN] (Minecraft) Told to remove advancement powers:skill/level_06 but I don't know what that is
[04:14:39] [Render thread/WARN] (Minecraft) Told to remove advancement powers:skill/level_07 but I don't know what that is
[04:14:39] [Render thread/WARN] (Minecraft) Told to remove advancement powers:skill/level_08 but I don't know what that is
[04:14:39] [Render thread/WARN] (Minecraft) Told to remove advancement powers:skill/level_10 but I don't know what that is
[04:14:39] [Render thread/WARN] (Minecraft) Told to remove advancement powers:skill/level_09 but I don't know what that is
[04:14:39] [Render thread/INFO] (Minecraft) Forgot about advancement powers:skill/level_10
[04:14:39] [Render thread/INFO] (Minecraft) Forgot about advancement powers:skill/level_09
[04:14:39] [Render thread/INFO] (Minecraft) Forgot about advancement powers:skill/level_08
[04:14:39] [Render thread/INFO] (Minecraft) Forgot about advancement powers:skill/level_07
[04:14:39] [Render thread/INFO] (Minecraft) Forgot about advancement powers:skill/level_06
[04:14:39] [Render thread/INFO] (Minecraft) Forgot about advancement powers:skill/level_05
[04:14:39] [Render thread/INFO] (Minecraft) Forgot about advancement powers:skill/level_04
[04:14:39] [Render thread/INFO] (Minecraft) Forgot about advancement powers:skill/level_03
[04:14:39] [Render thread/INFO] (Minecraft) Forgot about advancement powers:skill/level_02
[04:14:39] [Render thread/INFO] (Minecraft) Forgot about advancement powers:skill/level_01
[04:14:39] [Render thread/INFO] (Minecraft) Forgot about advancement powers:skill_root
[04:14:39] [Render thread/WARN] (Minecraft) Told to remove advancement powers:skill/level_01 but I don't know what that is
[04:14:39] [Render thread/INFO] (Minecraft) Loaded 40 advancements
[04:14:40] [Render thread/INFO] (powers) QA client role=caster executed COMMAND [powers assign @s energy_drain 0] at connected tick 570
[04:14:40] [Render thread/INFO] (Minecraft) [System] [CHAT] That power is already assigned to another slot.
[04:14:40] [Render thread/INFO] (powers) QA client role=caster executed COMMAND [powers assign @s void_beam 0] at connected tick 580
[04:14:40] [Render thread/INFO] (Minecraft) [System] [CHAT] Assigned Void Beam to slot 1 of CrystalCaster
[04:14:41] [Render thread/INFO] (powers) QA client role=caster executed COMMAND [powers assign @s time_freeze 0] at connected tick 590
[04:14:41] [Render thread/INFO] (Minecraft) [System] [CHAT] Assigned Time Freeze to slot 1 of CrystalCaster
[04:14:41] [Render thread/INFO] (powers) QA client role=caster executed COMMAND [powers assign @s fireball 0] at connected tick 600
[04:14:41] [Render thread/INFO] (Minecraft) [System] [CHAT] Assigned Fireball to slot 1 of CrystalCaster
[04:14:42] [Render thread/INFO] (powers) QA client role=caster executed COMMAND [powers slots @s] at connected tick 620
[04:14:42] [Render thread/INFO] (Minecraft) [System] [CHAT]   [1] Fireball - Fireball
[04:14:42] [Render thread/INFO] (Minecraft) [System] [CHAT]   [2] Teleport - Teleport
[04:14:42] [Render thread/INFO] (Minecraft) [System] [CHAT]   [3] Energy Drain - Energy Drain
[04:14:44] [Render thread/INFO] (powers) QA client role=caster executed COMMAND [item replace entity @s weapon.mainhand with powers:imported_book_grimoire_celestial] at connected tick 650
[04:14:44] [Render thread/INFO] (Minecraft) [System] [CHAT] Replaced a slot on [Unmarked] CrystalCaster with [The Celestial Grimoire]
[04:14:45] [Render thread/INFO] (powers) QA client role=caster executed GRIMOIRE [book_grimoire_celestial 3] at connected tick 670
[04:14:46] [Render thread/INFO] (powers) QA client role=caster executed USE [main] at connected tick 690
[04:14:57] [Render thread/INFO] (powers) QA client role=caster executed COMMAND [powers ruin preview] at connected tick 920
[04:14:57] [Render thread/INFO] (Minecraft) [System] [CHAT] Heavenfall dry run at 8, 70, 8 in minecraft:overworld: crater=289 chunks, shockwave=564001 chunks, loaded entities=207.
[04:14:57] [Render thread/INFO] (Minecraft) [System] [CHAT] Protected regions=0, center permitted=true, terrain=true, block entities=true. No world state was changed.
[04:14:58] [Render thread/INFO] (powers) QA client role=caster executed COMMAND [powers ruin cancel] at connected tick 940
[04:14:58] [Render thread/INFO] (Minecraft) [System] [CHAT] No Heavenfall exists in this dimension.
[04:15:00] [Render thread/INFO] (powers) QA client role=caster executed COMMAND [powers boss spawn] at connected tick 980
[04:15:00] [Render thread/INFO] (Minecraft) [System] [CHAT] The First Vessel has awakened.
[04:15:01] [Render thread/INFO] (Minecraft) Resizing Chunk Sections UBO, capacity limit of 256 reached during a single frame. New capacity will be 512.
[04:15:01] [Render thread/INFO] (powers) QA client role=caster executed COMMAND [execute if entity @e[type=powers:first_vessel,distance=..12] run say FIRST_VESSEL_PRESENT] at connected tick 1000
[04:15:01] [Render thread/INFO] (Minecraft) [System] [CHAT] [[Unmarked] CrystalCaster] FIRST_VESSEL_PRESENT
[04:15:02] [Render thread/INFO] (powers) QA client role=caster executed COMMAND [kill @e[type=powers:first_vessel,distance=..20]] at connected tick 1020
[04:15:02] [Render thread/INFO] (Minecraft) [System] [CHAT] Killed The First Vessel
[04:15:04] [Render thread/INFO] (powers) QA client role=caster executed COMMAND [powers shadow learning reset @s] at connected tick 1050
[04:15:04] [Render thread/INFO] (Minecraft) [System] [CHAT] Reset bounded Shadow combat learning for CrystalCaster; conversation memory was preserved.
[04:15:05] [Render thread/INFO] (powers) QA client role=caster executed COMMAND [powers diagnose] at connected tick 1080
[04:15:05] [Render thread/INFO] (Minecraft) [System] [CHAT] magic=0/0 cells; spellFields=0 (cap/tick 32); artifactFields=0
[04:15:05] [Render thread/INFO] (Minecraft) [System] [CHAT] forces=0; clashes=0; auraCaps=512/player,4096/level; guardians=0
[04:15:05] [Render thread/INFO] (Minecraft) [System] [CHAT] proxies=0; travelLoads=0; celestialEvents=0; forcedChunks=0
[04:15:05] [Render thread/INFO] (Minecraft) [System] [CHAT] lastTick: packets=0; particles=0; entityInspections=0
[04:15:05] [Render thread/INFO] (Minecraft) [System] [CHAT] configValidation: revision=2; adjustments=0; retained=0; dropped=0
[04:15:05] [Render thread/INFO] (Minecraft) [System] [CHAT] operatorAudit: total=3
[04:15:05] [Render thread/INFO] (Minecraft) [System] [CHAT] operatorAudit action=testing_control; result=success; count=1
[04:15:05] [Render thread/INFO] (Minecraft) [System] [CHAT] operatorAudit action=catastrophic_ritual; result=success; count=1
[04:15:05] [Render thread/INFO] (Minecraft) [System] [CHAT] operatorAudit action=catastrophic_ritual; result=denied; count=1
[04:15:05] [Render thread/INFO] (Minecraft) [System] [CHAT] Energy history: spent=20 restored=60 net=40
[04:15:05] [Render thread/INFO] (Minecraft) [System] [CHAT] energySource=regeneration; amount=60
[04:15:05] [Render thread/INFO] (Minecraft) [System] [CHAT] energySource=transaction_rollback; amount=20
[04:15:05] [Render thread/INFO] (Minecraft) [System] [CHAT] physicalRays=0; rayCollisionsThisTick=0; shadowSessions=0; revealedShadowBodies=0
[04:15:05] [Render thread/INFO] (Minecraft) [System] [CHAT] shadowBodies=0 (hidden=0, revealed=0); tasks=0; energy=0; rites=0; toggles=0; casts=0; conjurations=0; planner=0; contexts=0; targetProfiles=0; creditWindows=0; forcedChunks=0; leaks=0
[04:15:05] [Render thread/INFO] (Minecraft) [System] [CHAT] realmBuilds=0; containment=0 (cap/tick 256); invasions=0/64; concord=0/0
[04:15:05] [Render thread/INFO] (Minecraft) [System] [CHAT] index=spellFields; dimension=minecraft:overworld; q=3; candidates=0; misses=3; stale=0; fallbackScans=0; memory~=0B
[04:15:05] [Render thread/INFO] (Minecraft) [System] [CHAT] index=artifactFields; dimension=minecraft:overworld; q=0; candidates=0; misses=0; stale=0; fallbackScans=0; memory~=0B
[04:15:05] [Render thread/INFO] (Minecraft) [System] [CHAT] index=amethystNatural; dimension=minecraft:overworld; q=56; candidates=0; misses=56; stale=0; fallbackScans=4; memory~=320B
[04:15:05] [Render thread/INFO] (Minecraft) [System] [CHAT] index=amethystWards; dimension=minecraft:overworld; q=0; candidates=0; misses=0; stale=0; fallbackScans=0; memory~=0B
[04:15:05] [Render thread/INFO] (Minecraft) [System] [CHAT] index=namedTargets; dimension=minecraft:overworld; q=0; candidates=0; misses=0; stale=0; fallbackScans=0; memory~=0B
[04:15:05] [Render thread/INFO] (Minecraft) [System] [CHAT] index=livingForces; dimension=minecraft:overworld; q=5; candidates=0; misses=5; stale=0; fallbackScans=0; memory~=0B
[04:15:05] [Render thread/INFO] (Minecraft) [System] [CHAT] index=spellFields; dimension=minecraft:the_end; q=0; candidates=0; misses=0; stale=0; fallbackScans=0; memory~=0B
[04:15:05] [Render thread/INFO] (Minecraft) [System] [CHAT] index=artifactFields; dimension=minecraft:the_end; q=0; candidates=0; misses=0; stale=0; fallbackScans=0; memory~=0B
[04:15:05] [Render thread/INFO] (Minecraft) [System] [CHAT] index=amethystNatural; dimension=minecraft:the_end; q=0; candidates=0; misses=0; stale=0; fallbackScans=0; memory~=0B
[04:15:05] [Render thread/INFO] (Minecraft) [System] [CHAT] index=amethystWards; dimension=minecraft:the_end; q=0; candidates=0; misses=0; stale=0; fallbackScans=0; memory~=0B
[04:15:05] [Render thread/INFO] (Minecraft) [System] [CHAT] index=namedTargets; dimension=minecraft:the_end; q=0; candidates=0; misses=0; stale=0; fallbackScans=0; memory~=0B
[04:15:05] [Render thread/INFO] (Minecraft) [System] [CHAT] index=livingForces; dimension=minecraft:the_end; q=0; candidates=0; misses=0; stale=0; fallbackScans=0; memory~=0B
[04:15:05] [Render thread/INFO] (Minecraft) [System] [CHAT] index=spellFields; dimension=minecraft:the_nether; q=0; candidates=0; misses=0; stale=0; fallbackScans=0; memory~=0B
[04:15:05] [Render thread/INFO] (Minecraft) [System] [CHAT] index=artifactFields; dimension=minecraft:the_nether; q=0; candidates=0; misses=0; stale=0; fallbackScans=0; memory~=0B
[04:15:05] [Render thread/INFO] (Minecraft) [System] [CHAT] index=amethystNatural; dimension=minecraft:the_nether; q=0; candidates=0; misses=0; stale=0; fallbackScans=0; memory~=0B
[04:15:05] [Render thread/INFO] (Minecraft) [System] [CHAT] index=amethystWards; dimension=minecraft:the_nether; q=0; candidates=0; misses=0; stale=0; fallbackScans=0; memory~=0B
[04:15:05] [Render thread/INFO] (Minecraft) [System] [CHAT] index=namedTargets; dimension=minecraft:the_nether; q=0; candidates=0; misses=0; stale=0; fallbackScans=0; memory~=0B
[04:15:05] [Render thread/INFO] (Minecraft) [System] [CHAT] index=livingForces; dimension=minecraft:the_nether; q=0; candidates=0; misses=0; stale=0; fallbackScans=0; memory~=0B
[04:15:05] [Render thread/INFO] (Minecraft) [System] [CHAT] index=spellFields; dimension=powers:dark_realm; q=0; candidates=0; misses=0; stale=0; fallbackScans=0; memory~=0B
[04:15:05] [Render thread/INFO] (Minecraft) [System] [CHAT] index=artifactFields; dimension=powers:dark_realm; q=0; candidates=0; misses=0; stale=0; fallbackScans=0; memory~=0B
[04:15:05] [Render thread/INFO] (Minecraft) [System] [CHAT] index=amethystNatural; dimension=powers:dark_realm; q=0; candidates=0; misses=0; stale=0; fallbackScans=0; memory~=0B
[04:15:05] [Render thread/INFO] (Minecraft) [System] [CHAT] index=amethystWards; dimension=powers:dark_realm; q=0; candidates=0; misses=0; stale=0; fallbackScans=0; memory~=0B
[04:15:05] [Render thread/INFO] (Minecraft) [System] [CHAT] index=namedTargets; dimension=powers:dark_realm; q=0; candidates=0; misses=0; stale=0; fallbackScans=0; memory~=0B
[04:15:05] [Render thread/INFO] (Minecraft) [System] [CHAT] index=livingForces; dimension=powers:dark_realm; q=0; candidates=0; misses=0; stale=0; fallbackScans=0; memory~=0B
[04:15:05] [Render thread/INFO] (Minecraft) [System] [CHAT] index=spellFields; dimension=powers:light_realm; q=0; candidates=0; misses=0; stale=0; fallbackScans=0; memory~=0B
[04:15:05] [Render thread/INFO] (Minecraft) [System] [CHAT] index=artifactFields; dimension=powers:light_realm; q=0; candidates=0; misses=0; stale=0; fallbackScans=0; memory~=0B
[04:15:05] [Render thread/INFO] (Minecraft) [System] [CHAT] index=amethystNatural; dimension=powers:light_realm; q=0; candidates=0; misses=0; stale=0; fallbackScans=0; memory~=0B
[04:15:05] [Render thread/INFO] (Minecraft) [System] [CHAT] index=amethystWards; dimension=powers:light_realm; q=0; candidates=0; misses=0; stale=0; fallbackScans=0; memory~=0B
[04:15:05] [Render thread/INFO] (Minecraft) [System] [CHAT] index=namedTargets; dimension=powers:light_realm; q=0; candidates=0; misses=0; stale=0; fallbackScans=0; memory~=0B
[04:15:05] [Render thread/INFO] (Minecraft) [System] [CHAT] index=livingForces; dimension=powers:light_realm; q=0; candidates=0; misses=0; stale=0; fallbackScans=0; memory~=0B
[04:15:05] [Render thread/INFO] (Minecraft) [System] [CHAT] index=spellFields; dimension=powers:middleworld; q=0; candidates=0; misses=0; stale=0; fallbackScans=0; memory~=0B
[04:15:05] [Render thread/INFO] (Minecraft) [System] [CHAT] index=artifactFields; dimension=powers:middleworld; q=0; candidates=0; misses=0; stale=0; fallbackScans=0; memory~=0B
[04:15:05] [Render thread/INFO] (Minecraft) [System] [CHAT] index=amethystNatural; dimension=powers:middleworld; q=0; candidates=0; misses=0; stale=0; fallbackScans=0; memory~=0B
[04:15:05] [Render thread/INFO] (Minecraft) [System] [CHAT] index=amethystWards; dimension=powers:middleworld; q=0; candidates=0; misses=0; stale=0; fallbackScans=0; memory~=0B
[04:15:05] [Render thread/INFO] (Minecraft) [System] [CHAT] index=namedTargets; dimension=powers:middleworld; q=0; candidates=0; misses=0; stale=0; fallbackScans=0; memory~=0B
[04:15:05] [Render thread/INFO] (Minecraft) [System] [CHAT] index=livingForces; dimension=powers:middleworld; q=0; candidates=0; misses=0; stale=0; fallbackScans=0; memory~=0B
[04:15:05] [Render thread/INFO] (Minecraft) [System] [CHAT] travelTickets=0/64; perDimensionLimit=24; lastRefusal=none
[04:15:05] [Render thread/INFO] (Minecraft) [System] [CHAT] missingDimensions=0; droppedDistinct=0; orphanedRuinEvents=0
[04:15:05] [Render thread/INFO] (Minecraft) [System] [CHAT] questTelemetrySamples=0; publicationReadyLevels=0/20; minimumPerLevel=20
[04:15:05] [Render thread/INFO] (Minecraft) [System] [CHAT] testing: energy=disabled; cooldowns=disabled
[04:15:07] [Render thread/INFO] (powers) QA client role=caster executed COMMAND [powers testing status] at connected tick 1110
[04:15:07] [Render thread/INFO] (Minecraft) [System] [CHAT] Testing limits — energy: DISABLED, cooldowns: DISABLED
[04:15:08] [Render thread/INFO] (powers) QA client role=caster executed COMMAND [powers testing energy off] at connected tick 1130
[04:15:08] [Render thread/INFO] (Minecraft) [System] [CHAT] Testing limits — energy: normal, cooldowns: DISABLED
[04:15:09] [Render thread/INFO] (powers) QA client role=caster executed COMMAND [powers testing energy on] at connected tick 1150
[04:15:09] [Render thread/INFO] (Minecraft) [System] [CHAT] Testing limits — energy: DISABLED, cooldowns: DISABLED
[04:15:10] [Render thread/INFO] (powers) QA client role=caster executed COMMAND [powers testing cooldowns off] at connected tick 1170
[04:15:10] [Render thread/INFO] (Minecraft) [System] [CHAT] Testing limits — energy: DISABLED, cooldowns: normal
[04:15:11] [Render thread/INFO] (powers) QA client role=caster executed COMMAND [powers testing cooldowns on] at connected tick 1190
[04:15:11] [Render thread/INFO] (Minecraft) [System] [CHAT] Testing limits — energy: DISABLED, cooldowns: DISABLED
[04:15:12] [Render thread/INFO] (powers) QA client role=caster executed COMMAND [powers testing refill] at connected tick 1210
[04:15:12] [Render thread/INFO] (Minecraft) [System] [CHAT] Energy refilled and saved power cooldowns cleared.
[04:15:13] [Render thread/INFO] (powers) QA client role=caster executed COMMAND [powers testing coverage] at connected tick 1230
[04:15:13] [Render thread/INFO] (Minecraft) [System] [CHAT] Acceptance catalogue — innate=23, spell=12, crystal=11, artifact=56, entity=8, system=14
[04:15:14] [Render thread/INFO] (powers) QA client role=caster executed COMMAND [powers testing quest-telemetry] at connected tick 1250
[04:15:14] [Render thread/INFO] (Minecraft) [System] [CHAT] questTelemetrySamples=0; publicationReadyLevels=0/20; minimumPerLevel=20
[04:15:14] [Render thread/INFO] (Minecraft) [System] [CHAT] LIGHT;1;0;0;0;
[04:15:14] [Render thread/INFO] (Minecraft) [System] [CHAT] LIGHT;2;0;0;0;
[04:15:14] [Render thread/INFO] (Minecraft) [System] [CHAT] LIGHT;3;0;0;0;
[04:15:14] [Render thread/INFO] (Minecraft) [System] [CHAT] LIGHT;4;0;0;0;
[04:15:14] [Render thread/INFO] (Minecraft) [System] [CHAT] LIGHT;5;0;0;0;
[04:15:14] [Render thread/INFO] (Minecraft) [System] [CHAT] LIGHT;6;0;0;0;
[04:15:14] [Render thread/INFO] (Minecraft) [System] [CHAT] LIGHT;7;0;0;0;
[04:15:14] [Render thread/INFO] (Minecraft) [System] [CHAT] LIGHT;8;0;0;0;
[04:15:14] [Render thread/INFO] (Minecraft) [System] [CHAT] LIGHT;9;0;0;0;
[04:15:14] [Render thread/INFO] (Minecraft) [System] [CHAT] LIGHT;10;0;0;0;
[04:15:14] [Render thread/INFO] (Minecraft) [System] [CHAT] DARK;1;0;0;0;
[04:15:14] [Render thread/INFO] (Minecraft) [System] [CHAT] DARK;2;0;0;0;
[04:15:14] [Render thread/INFO] (Minecraft) [System] [CHAT] DARK;3;0;0;0;
[04:15:14] [Render thread/INFO] (Minecraft) [System] [CHAT] DARK;4;0;0;0;
[04:15:14] [Render thread/INFO] (Minecraft) [System] [CHAT] DARK;5;0;0;0;
[04:15:14] [Render thread/INFO] (Minecraft) [System] [CHAT] DARK;6;0;0;0;
[04:15:14] [Render thread/INFO] (Minecraft) [System] [CHAT] DARK;7;0;0;0;
[04:15:14] [Render thread/INFO] (Minecraft) [System] [CHAT] DARK;8;0;0;0;
[04:15:14] [Render thread/INFO] (Minecraft) [System] [CHAT] DARK;9;0;0;0;
[04:15:14] [Render thread/INFO] (Minecraft) [System] [CHAT] DARK;10;0;0;0;
[04:15:15] [Render thread/INFO] (powers) QA client role=caster executed COMMAND [powers testing arena spawn] at connected tick 1280
[04:15:15] [Render thread/INFO] (Minecraft) [System] [CHAT] Spawned 7 bounded acceptance targets; use /powers testing arena clear when finished.
[04:15:17] [Render thread/INFO] (powers) QA client role=caster executed COMMAND [execute if entity @e[tag=powers_testing_arena,distance=..24] run say TEST_ARENA_PRESENT] at connected tick 1310
[04:15:17] [Render thread/INFO] (Minecraft) [System] [CHAT] [[Unmarked] CrystalCaster] TEST_ARENA_PRESENT
[04:15:18] [Render thread/INFO] (powers) QA client role=caster executed COMMAND [powers testing arena clear] at connected tick 1330
[04:15:18] [Render thread/INFO] (Minecraft) [System] [CHAT] Cleared 7 nearby acceptance targets.
[04:15:19] [Render thread/INFO] (powers) QA client role=caster executed COMMAND [execute unless entity @e[tag=powers_testing_arena,distance=..24] run say TEST_ARENA_CLEARED] at connected tick 1360
[04:15:19] [Render thread/INFO] (Minecraft) [System] [CHAT] [[Unmarked] CrystalCaster] TEST_ARENA_CLEARED
[04:15:20] [Render thread/INFO] (powers) QA client role=caster executed COMMAND [powers testing actor spawn CommandActor] at connected tick 1380
[04:15:20] [Render thread/INFO] (Minecraft) [System] [CHAT] Spawned test actor: CommandActor
[04:15:22] [Render thread/INFO] (powers) QA client role=caster executed COMMAND [execute if entity @e[type=powers:power_test_actor,name=CommandActor,distance=..8] run say TEST_ACTOR_PRESENT] at connected tick 1410
[04:15:22] [Render thread/INFO] (Minecraft) [System] [CHAT] [[Unmarked] CrystalCaster] TEST_ACTOR_PRESENT
[04:15:23] [Render thread/INFO] (powers) QA client role=caster executed COMMAND [kill @e[type=powers:power_test_actor,name=CommandActor,distance=..16]] at connected tick 1430
[04:15:23] [Render thread/INFO] (Minecraft) [System] [CHAT] Killed CommandActor
[04:15:24] [Render thread/INFO] (powers) QA client role=caster executed COMMAND [powers testing off] at connected tick 1460
[04:15:24] [Render thread/INFO] (Minecraft) [System] [CHAT] Testing limits — energy: normal, cooldowns: normal
[04:15:25] [Render thread/INFO] (powers) QA client role=caster executed COMMAND [powers testing reset] at connected tick 1480
[04:15:25] [Render thread/INFO] (Minecraft) [System] [CHAT] Testing limits — energy: normal, cooldowns: normal
[04:15:26] [Render thread/INFO] (powers) QA client role=caster executed COMMAND [powers testing on] at connected tick 1500
[04:15:26] [Render thread/INFO] (Minecraft) [System] [CHAT] Testing limits — energy: DISABLED, cooldowns: DISABLED
[04:15:28] [Render thread/INFO] (powers) QA client role=caster executed COMMAND [powers testing profile] at connected tick 1530
[04:15:28] [Render thread/INFO] (Minecraft) [System] [CHAT] Profile active=false; expectedPlayers=0; connectedPlayers=1; ticks=0/0; label=none
[04:15:29] [Render thread/INFO] (powers) QA client role=caster executed COMMAND [powers testing profile start 1 1] at connected tick 1560
[04:15:30] [Render thread/INFO] (Minecraft) [System] [CHAT] Started a 1 minute profile for the 1-player scenario; JFR and JSON will be written under the server's profiles directory.
[04:15:31] [Render thread/INFO] (powers) QA client role=caster executed COMMAND [powers testing profile status] at connected tick 1600
[04:15:31] [Render thread/INFO] (Minecraft) [System] [CHAT] Profile active=true; expectedPlayers=1; connectedPlayers=1; ticks=40/1200; label=1p-1m
[04:16:31] [Render thread/INFO] (powers) QA client role=caster executed COMMAND [powers testing profile status] at connected tick 2800
[04:16:32] [Render thread/INFO] (Minecraft) [System] [CHAT] Profile active=false; expectedPlayers=0; connectedPlayers=1; ticks=0/0; label=none
[04:16:33] [Render thread/INFO] (powers) QA client role=caster executed COMMAND [powers diagnose] at connected tick 2830
[04:16:33] [Render thread/INFO] (Minecraft) [System] [CHAT] magic=0/0 cells; spellFields=0 (cap/tick 32); artifactFields=0
[04:16:33] [Render thread/INFO] (Minecraft) [System] [CHAT] forces=0; clashes=0; auraCaps=512/player,4096/level; guardians=0
[04:16:33] [Render thread/INFO] (Minecraft) [System] [CHAT] proxies=0; travelLoads=0; celestialEvents=0; forcedChunks=0
[04:16:33] [Render thread/INFO] (Minecraft) [System] [CHAT] lastTick: packets=0; particles=0; entityInspections=0
[04:16:33] [Render thread/INFO] (Minecraft) [System] [CHAT] configValidation: revision=2; adjustments=0; retained=0; dropped=0
[04:16:33] [Render thread/INFO] (Minecraft) [System] [CHAT] operatorAudit: total=11
[04:16:33] [Render thread/INFO] (Minecraft) [System] [CHAT] operatorAudit action=testing_control; result=success; count=9
[04:16:33] [Render thread/INFO] (Minecraft) [System] [CHAT] operatorAudit action=catastrophic_ritual; result=success; count=1
[04:16:33] [Render thread/INFO] (Minecraft) [System] [CHAT] operatorAudit action=catastrophic_ritual; result=denied; count=1
[04:16:33] [Render thread/INFO] (Minecraft) [System] [CHAT] Energy history: spent=20 restored=1376 net=1356
[04:16:33] [Render thread/INFO] (Minecraft) [System] [CHAT] energySource=regeneration; amount=68
[04:16:33] [Render thread/INFO] (Minecraft) [System] [CHAT] energySource=operator_restore; amount=1308
[04:16:33] [Render thread/INFO] (Minecraft) [System] [CHAT] energySource=transaction_rollback; amount=20
[04:16:33] [Render thread/INFO] (Minecraft) [System] [CHAT] physicalRays=0; rayCollisionsThisTick=0; shadowSessions=0; revealedShadowBodies=0
[04:16:33] [Render thread/INFO] (Minecraft) [System] [CHAT] shadowBodies=0 (hidden=0, revealed=0); tasks=0; energy=0; rites=0; toggles=0; casts=0; conjurations=0; planner=0; contexts=0; targetProfiles=0; creditWindows=0; forcedChunks=0; leaks=0
[04:16:33] [Render thread/INFO] (Minecraft) [System] [CHAT] realmBuilds=0; containment=0 (cap/tick 256); invasions=0/64; concord=0/0
[04:16:33] [Render thread/INFO] (Minecraft) [System] [CHAT] index=spellFields; dimension=minecraft:overworld; q=3; candidates=0; misses=3; stale=0; fallbackScans=0; memory~=0B
[04:16:33] [Render thread/INFO] (Minecraft) [System] [CHAT] index=artifactFields; dimension=minecraft:overworld; q=0; candidates=0; misses=0; stale=0; fallbackScans=0; memory~=0B
[04:16:33] [Render thread/INFO] (Minecraft) [System] [CHAT] index=amethystNatural; dimension=minecraft:overworld; q=144; candidates=0; misses=144; stale=0; fallbackScans=4; memory~=320B
[04:16:33] [Render thread/INFO] (Minecraft) [System] [CHAT] index=amethystWards; dimension=minecraft:overworld; q=0; candidates=0; misses=0; stale=0; fallbackScans=0; memory~=0B
[04:16:33] [Render thread/INFO] (Minecraft) [System] [CHAT] index=namedTargets; dimension=minecraft:overworld; q=0; candidates=0; misses=0; stale=0; fallbackScans=0; memory~=0B
[04:16:33] [Render thread/INFO] (Minecraft) [System] [CHAT] index=livingForces; dimension=minecraft:overworld; q=14; candidates=0; misses=14; stale=0; fallbackScans=0; memory~=0B
[04:16:33] [Render thread/INFO] (Minecraft) [System] [CHAT] index=spellFields; dimension=minecraft:the_end; q=0; candidates=0; misses=0; stale=0; fallbackScans=0; memory~=0B
[04:16:33] [Render thread/INFO] (Minecraft) [System] [CHAT] index=artifactFields; dimension=minecraft:the_end; q=0; candidates=0; misses=0; stale=0; fallbackScans=0; memory~=0B
[04:16:33] [Render thread/INFO] (Minecraft) [System] [CHAT] index=amethystNatural; dimension=minecraft:the_end; q=0; candidates=0; misses=0; stale=0; fallbackScans=0; memory~=0B
[04:16:33] [Render thread/INFO] (Minecraft) [System] [CHAT] index=amethystWards; dimension=minecraft:the_end; q=0; candidates=0; misses=0; stale=0; fallbackScans=0; memory~=0B
[04:16:33] [Render thread/INFO] (Minecraft) [System] [CHAT] index=namedTargets; dimension=minecraft:the_end; q=0; candidates=0; misses=0; stale=0; fallbackScans=0; memory~=0B
[04:16:33] [Render thread/INFO] (Minecraft) [System] [CHAT] index=livingForces; dimension=minecraft:the_end; q=0; candidates=0; misses=0; stale=0; fallbackScans=0; memory~=0B
[04:16:33] [Render thread/INFO] (Minecraft) [System] [CHAT] index=spellFields; dimension=minecraft:the_nether; q=0; candidates=0; misses=0; stale=0; fallbackScans=0; memory~=0B
[04:16:33] [Render thread/INFO] (Minecraft) [System] [CHAT] index=artifactFields; dimension=minecraft:the_nether; q=0; candidates=0; misses=0; stale=0; fallbackScans=0; memory~=0B
[04:16:33] [Render thread/INFO] (Minecraft) [System] [CHAT] index=amethystNatural; dimension=minecraft:the_nether; q=0; candidates=0; misses=0; stale=0; fallbackScans=0; memory~=0B
[04:16:33] [Render thread/INFO] (Minecraft) [System] [CHAT] index=amethystWards; dimension=minecraft:the_nether; q=0; candidates=0; misses=0; stale=0; fallbackScans=0; memory~=0B
[04:16:33] [Render thread/INFO] (Minecraft) [System] [CHAT] index=namedTargets; dimension=minecraft:the_nether; q=0; candidates=0; misses=0; stale=0; fallbackScans=0; memory~=0B
[04:16:33] [Render thread/INFO] (Minecraft) [System] [CHAT] index=livingForces; dimension=minecraft:the_nether; q=0; candidates=0; misses=0; stale=0; fallbackScans=0; memory~=0B
[04:16:33] [Render thread/INFO] (Minecraft) [System] [CHAT] index=spellFields; dimension=powers:dark_realm; q=0; candidates=0; misses=0; stale=0; fallbackScans=0; memory~=0B
[04:16:33] [Render thread/INFO] (Minecraft) [System] [CHAT] index=artifactFields; dimension=powers:dark_realm; q=0; candidates=0; misses=0; stale=0; fallbackScans=0; memory~=0B
[04:16:33] [Render thread/INFO] (Minecraft) [System] [CHAT] index=amethystNatural; dimension=powers:dark_realm; q=0; candidates=0; misses=0; stale=0; fallbackScans=0; memory~=0B
[04:16:33] [Render thread/INFO] (Minecraft) [System] [CHAT] index=amethystWards; dimension=powers:dark_realm; q=0; candidates=0; misses=0; stale=0; fallbackScans=0; memory~=0B
[04:16:33] [Render thread/INFO] (Minecraft) [System] [CHAT] index=namedTargets; dimension=powers:dark_realm; q=0; candidates=0; misses=0; stale=0; fallbackScans=0; memory~=0B
[04:16:33] [Render thread/INFO] (Minecraft) [System] [CHAT] index=livingForces; dimension=powers:dark_realm; q=0; candidates=0; misses=0; stale=0; fallbackScans=0; memory~=0B
[04:16:33] [Render thread/INFO] (Minecraft) [System] [CHAT] index=spellFields; dimension=powers:light_realm; q=0; candidates=0; misses=0; stale=0; fallbackScans=0; memory~=0B
[04:16:33] [Render thread/INFO] (Minecraft) [System] [CHAT] index=artifactFields; dimension=powers:light_realm; q=0; candidates=0; misses=0; stale=0; fallbackScans=0; memory~=0B
[04:16:33] [Render thread/INFO] (Minecraft) [System] [CHAT] index=amethystNatural; dimension=powers:light_realm; q=0; candidates=0; misses=0; stale=0; fallbackScans=0; memory~=0B
[04:16:33] [Render thread/INFO] (Minecraft) [System] [CHAT] index=amethystWards; dimension=powers:light_realm; q=0; candidates=0; misses=0; stale=0; fallbackScans=0; memory~=0B
[04:16:33] [Render thread/INFO] (Minecraft) [System] [CHAT] index=namedTargets; dimension=powers:light_realm; q=0; candidates=0; misses=0; stale=0; fallbackScans=0; memory~=0B
[04:16:33] [Render thread/INFO] (Minecraft) [System] [CHAT] index=livingForces; dimension=powers:light_realm; q=0; candidates=0; misses=0; stale=0; fallbackScans=0; memory~=0B
[04:16:33] [Render thread/INFO] (Minecraft) [System] [CHAT] index=spellFields; dimension=powers:middleworld; q=0; candidates=0; misses=0; stale=0; fallbackScans=0; memory~=0B
[04:16:33] [Render thread/INFO] (Minecraft) [System] [CHAT] index=artifactFields; dimension=powers:middleworld; q=0; candidates=0; misses=0; stale=0; fallbackScans=0; memory~=0B
[04:16:33] [Render thread/INFO] (Minecraft) [System] [CHAT] index=amethystNatural; dimension=powers:middleworld; q=0; candidates=0; misses=0; stale=0; fallbackScans=0; memory~=0B
[04:16:33] [Render thread/INFO] (Minecraft) [System] [CHAT] index=amethystWards; dimension=powers:middleworld; q=0; candidates=0; misses=0; stale=0; fallbackScans=0; memory~=0B
[04:16:33] [Render thread/INFO] (Minecraft) [System] [CHAT] index=namedTargets; dimension=powers:middleworld; q=0; candidates=0; misses=0; stale=0; fallbackScans=0; memory~=0B
[04:16:33] [Render thread/INFO] (Minecraft) [System] [CHAT] index=livingForces; dimension=powers:middleworld; q=0; candidates=0; misses=0; stale=0; fallbackScans=0; memory~=0B
[04:16:33] [Render thread/INFO] (Minecraft) [System] [CHAT] travelTickets=0/64; perDimensionLimit=24; lastRefusal=none
[04:16:33] [Render thread/INFO] (Minecraft) [System] [CHAT] missingDimensions=0; droppedDistinct=0; orphanedRuinEvents=0
[04:16:33] [Render thread/INFO] (Minecraft) [System] [CHAT] questTelemetrySamples=0; publicationReadyLevels=0/20; minimumPerLevel=20
[04:16:33] [Render thread/INFO] (Minecraft) [System] [CHAT] testing: energy=disabled; cooldowns=disabled
[04:16:34] [Render thread/INFO] (powers) QA client role=caster executed SCREENSHOT [remaining-command-campaign] at connected tick 2860
[04:16:35] [Render thread/INFO] (Minecraft) [System] [CHAT] Saved screenshot as 2026-08-14_04.16.35.png
