[04:18:53] [main/INFO] (FabricLoader/GameProvider) Loading Minecraft 26.2 with Fabric Loader 0.19.3
[04:18:53] [main/INFO] (FabricLoader/Mappings) Mappings not present!
[04:18:53] [main/INFO] (FabricLoader) Loading 51 mods:
	- fabric-api 0.156.0+26.2
	- fabric-api-base 2.0.4+ece063239e
	- fabric-api-lookup-api-v1 2.0.17+11e1c9a39e
	- fabric-biome-api-v1 18.0.6+c7bd5b8e9e
	- fabric-block-api-v1 3.0.3+ec56b6019e
	- fabric-block-getter-api-v2 2.0.7+ec56b6019e
	- fabric-client-gametest-api-v1 6.0.0+515ac5339e
	- fabric-command-api-v2 3.1.0+00cb03469e
	- fabric-content-registries-v0 11.3.0+d0a699d09e
	- fabric-convention-tags-v2 4.7.0+1f023a9e9e
	- fabric-crash-report-info-v1 1.0.5+086d547a9e
	- fabric-creative-tab-api-v1 5.0.14+d871b99e9e
	- fabric-data-attachment-api-v1 2.2.18+515ac5339e
	- fabric-data-generation-api-v1 25.5.0+aed122aa9e
	- fabric-debug-api-v1 1.0.2+c792624d9e
	- fabric-dimensions-v1 5.1.11+515ac5339e
	- fabric-entity-events-v1 5.0.5+06488ac19e
	- fabric-events-interaction-v0 5.2.7+515ac5339e
	- fabric-game-rule-api-v1 4.0.8+46a6d00c9e
	- fabric-gametest-api-v1 4.0.21+4a7fa0819e
	- fabric-item-api-v1 14.4.0+49a69a7b9e
	- fabric-key-mapping-api-v1 2.0.5+e2bdee789e
	- fabric-lifecycle-events-v1 4.1.3+4575b05f9e
	- fabric-loot-api-v3 3.0.17+06488ac19e
	- fabric-menu-api-v1 2.0.16+086d547a9e
	- fabric-message-api-v1 7.0.7+086d547a9e
	- fabric-model-loading-api-v1 8.0.16+c80601bb9e
	- fabric-networking-api-v1 6.3.3+72073ef09e
	- fabric-object-builder-api-v1 24.1.0+6fcd5f039e
	- fabric-particles-v1 5.0.18+d1756aa99e
	- fabric-permission-api-v1 1.0.4+536fad2f9e
	- fabric-recipe-api-v1 9.0.20+11e1c9a39e
	- fabric-registry-sync-v0 7.1.0+c7bd5b8e9e
	- fabric-renderer-api-v1 14.1.3+2b0d8a229e
	- fabric-renderer-indigo 9.1.3+2b0d8a229e
	- fabric-rendering-fluids-v1 6.0.4+06488ac19e
	- fabric-rendering-v1 25.3.2+515ac5339e
	- fabric-resource-conditions-api-v1 6.1.0+10e9a28b9e
	- fabric-resource-loader-v0 3.3.20+4fc5413f9e
	- fabric-resource-loader-v1 2.0.13+9edec1269e
	- fabric-screen-api-v1 5.1.0+48e3c0b09e
	- fabric-serialization-api-v1 2.0.4+11a26f319e
	- fabric-sound-api-v1 2.0.5+11a26f319e
	- fabric-tag-api-v1 2.1.4+515ac5339e
	- fabric-transfer-api-v1 8.0.12+11dbb7d79e
	- fabric-transitive-access-wideners-v1 8.1.4+67c847259e
	- fabricloader 0.19.3
	- java 25
	- minecraft 26.2
	- mixinextras 0.5.4
	- powers 1.0.2
[04:18:53] [main/INFO] (FabricLoader/Mixin) SpongePowered MIXIN Subsystem Version=0.8.7 Source=file:/Users/james/.gradle/caches/modules-2/files-2.1/net.fabricmc/sponge-mixin/0.17.3+mixin.0.8.7/41c4a3984a80f4679e759fb9f495587acc5cdac7/sponge-mixin-0.17.3+mixin.0.8.7.jar Service=Knot/Fabric Env=CLIENT
[04:18:53] [main/INFO] (FabricLoader/Mixin) Compatibility level set to JAVA_25
[04:18:53] [main/INFO] (FabricLoader/MixinExtras|Service) Initializing MixinExtras via com.llamalad7.mixinextras.service.MixinExtrasServiceImpl(version=0.5.4).
[04:18:54] [Datafixer Bootstrap #0/INFO] (Minecraft) 295 Datafixer optimizations took 162 milliseconds
[04:18:56] [Render thread/INFO] (Minecraft) Environment: Environment[sessionHost=https://sessionserver.mojang.com, servicesHost=https://api.minecraftservices.com, profilesHost=https://api.mojang.com, name=PROD]
[04:18:56] [Render thread/INFO] (Minecraft) Setting user: CrystalCaster
[04:18:56] [Render thread/INFO] (powers) Loaded rank mazes: 28 light nodes, 28 darkness nodes
[04:18:56] [Render thread/INFO] (powers) Magic collision kernel loaded: 64 actions, 2080 exhaustive interactions
[04:18:56] [Render thread/INFO] (powers) POWERS framework initialized with 23 power(s)
[04:18:56] [Download-2/ERROR] (Minecraft) Failed to fetch user properties
com.mojang.authlib.exceptions.InvalidCredentialsException: Status: 401
	at knot//com.mojang.authlib.exceptions.MinecraftClientHttpException.toAuthenticationException(MinecraftClientHttpException.java:70)
	at knot//com.mojang.authlib.yggdrasil.YggdrasilUserApiService.fetchProperties(YggdrasilUserApiService.java:173)
	at knot//net.minecraft.client.Minecraft.lambda$new$1(Minecraft.java:418)
	at java.base/java.util.concurrent.CompletableFuture$AsyncSupply.run(CompletableFuture.java:1789)
	at java.base/java.util.concurrent.ThreadPoolExecutor.runWorker(ThreadPoolExecutor.java:1090)
	at java.base/java.util.concurrent.ThreadPoolExecutor$Worker.run(ThreadPoolExecutor.java:614)
	at java.base/java.lang.Thread.run(Thread.java:1474)
Caused by: MinecraftClientHttpException[type=HTTP_ERROR, status=401, response=ErrorResponse[path=/player/attributes, error=null, errorMessage=null, details=null]]
	at knot//com.mojang.authlib.minecraft.client.MinecraftClient.buildHttpException(MinecraftClient.java:170)
	at knot//com.mojang.authlib.minecraft.client.MinecraftClient.readServiceResponse(MinecraftClient.java:147)
	at knot//com.mojang.authlib.minecraft.client.MinecraftClient.getWithEtag(MinecraftClient.java:81)
	at knot//com.mojang.authlib.minecraft.client.MinecraftClient.get(MinecraftClient.java:65)
	at knot//com.mojang.authlib.yggdrasil.YggdrasilUserApiService.fetchProperties(YggdrasilUserApiService.java:123)
	... 5 more
[04:18:56] [Render thread/INFO] (Indigo) [Indigo] Registering Indigo renderer!
[04:18:56] [Render thread/INFO] (Minecraft) Backend library: LWJGL version 3.4.1-snapshot
[04:18:57] [Render thread/INFO] (Minecraft) Using graphics backend OpenGL, using drivers: 4.1 Metal - 90.5
[04:18:57] [Render thread/INFO] (Minecraft) Using graphics device: Apple M3 Pro (Apple)
[04:18:57] [Render thread/INFO] (Minecraft) Using graphics device extensions: GL_ARB_draw_indirect, GL_EXT_texture_filter_anisotropic
[04:18:57] [Download-2/INFO] (Minecraft) Could not authorize you against Realms server: java.lang.RuntimeException: Failed to parse into SignedJWT: FabricMC
[04:18:57] [Download-2/ERROR] (Minecraft) Failed to fetch Realms feature flags
com.mojang.realmsclient.exception.RealmsServiceException: Realms authentication error with message 'java.lang.RuntimeException: Failed to parse into SignedJWT: FabricMC'
	at knot//com.mojang.realmsclient.client.RealmsClient.execute(RealmsClient.java:509)
	at knot//com.mojang.realmsclient.client.RealmsClient.fetchFeatureFlags(RealmsClient.java:159)
	at java.base/java.util.concurrent.CompletableFuture$AsyncSupply.run(CompletableFuture.java:1789)
	at java.base/java.util.concurrent.ThreadPoolExecutor.runWorker(ThreadPoolExecutor.java:1090)
	at java.base/java.util.concurrent.ThreadPoolExecutor$Worker.run(ThreadPoolExecutor.java:614)
	at java.base/java.lang.Thread.run(Thread.java:1474)
[04:18:58] [Render thread/INFO] (Minecraft) Reloading ResourceManager: vanilla, fabric-api, fabric-api-base, fabric-api-lookup-api-v1, fabric-biome-api-v1, fabric-block-api-v1, fabric-block-getter-api-v2, fabric-client-gametest-api-v1, fabric-command-api-v2, fabric-content-registries-v0, fabric-convention-tags-v2, fabric-crash-report-info-v1, fabric-creative-tab-api-v1, fabric-data-attachment-api-v1, fabric-data-generation-api-v1, fabric-debug-api-v1, fabric-dimensions-v1, fabric-entity-events-v1, fabric-events-interaction-v0, fabric-game-rule-api-v1, fabric-gametest-api-v1, fabric-item-api-v1, fabric-key-mapping-api-v1, fabric-lifecycle-events-v1, fabric-loot-api-v3, fabric-menu-api-v1, fabric-message-api-v1, fabric-model-loading-api-v1, fabric-networking-api-v1, fabric-object-builder-api-v1, fabric-particles-v1, fabric-permission-api-v1, fabric-recipe-api-v1, fabric-registry-sync-v0, fabric-renderer-api-v1, fabric-renderer-indigo, fabric-rendering-fluids-v1, fabric-rendering-v1, fabric-resource-conditions-api-v1, fabric-resource-loader-v0, fabric-resource-loader-v1, fabric-screen-api-v1, fabric-serialization-api-v1, fabric-sound-api-v1, fabric-tag-api-v1, fabric-transfer-api-v1, fabric-transitive-access-wideners-v1, fabricloader, powers
[04:18:58] [Worker-Main-5/INFO] (Minecraft) Found unifont_pua-17.0.01.hex, loading
[04:18:58] [Worker-Main-6/INFO] (Minecraft) Found unifont_all_no_pua-17.0.01.hex, loading
[04:18:58] [Worker-Main-2/INFO] (Minecraft) Found unifont_jp_patch-17.0.01.hex, loading
[04:18:59] [Render thread/INFO] (Minecraft) Info log when linking program containing VS minecraft:core/entity and FS minecraft:core/entity. Log output: WARNING: Could not find vertex shader attribute 'UV2' to match BindAttributeLocation request.

[04:18:59] [Render thread/INFO] (Minecraft) Info log when linking program containing VS minecraft:core/rendertype_entity_shadow and FS minecraft:core/rendertype_entity_shadow. Log output: WARNING: Could not find vertex shader attribute 'UV1' to match BindAttributeLocation request.
WARNING: Could not find vertex shader attribute 'Normal' to match BindAttributeLocation request.
WARNING: Could not find vertex shader attribute 'UV2' to match BindAttributeLocation request.

[04:18:59] [Render thread/INFO] (Minecraft) Info log when linking program containing VS minecraft:core/animate_sprite and FS minecraft:core/animate_sprite_blit. Log output: WARNING: Output of vertex shader 'fAnimationProgress' not read by fragment shader

[04:18:59] [Render thread/INFO] (Minecraft) Info log when linking program containing VS minecraft:core/entity and FS minecraft:core/entity. Log output: WARNING: Could not find vertex shader attribute 'UV1' to match BindAttributeLocation request.

[04:18:59] [Render thread/INFO] (Minecraft) Info log when linking program containing VS minecraft:core/entity and FS minecraft:core/entity. Log output: WARNING: Could not find vertex shader attribute 'UV1' to match BindAttributeLocation request.

[04:18:59] [Render thread/INFO] (Minecraft) Info log when linking program containing VS minecraft:core/entity and FS minecraft:core/entity. Log output: WARNING: Could not find vertex shader attribute 'UV1' to match BindAttributeLocation request.

[04:18:59] [Render thread/INFO] (Minecraft) Info log when linking program containing VS minecraft:core/entity and FS minecraft:core/entity. Log output: WARNING: Could not find vertex shader attribute 'UV1' to match BindAttributeLocation request.
WARNING: Could not find vertex shader attribute 'Normal' to match BindAttributeLocation request.

[04:18:59] [Render thread/INFO] (Minecraft) Info log when linking program containing VS minecraft:core/entity and FS minecraft:core/entity. Log output: WARNING: Could not find vertex shader attribute 'UV1' to match BindAttributeLocation request.

[04:18:59] [Render thread/INFO] (Minecraft) Info log when linking program containing VS minecraft:core/rendertype_beacon_beam and FS minecraft:core/rendertype_beacon_beam. Log output: WARNING: Could not find vertex shader attribute 'UV2' to match BindAttributeLocation request.

[04:18:59] [Render thread/INFO] (Minecraft) Info log when linking program containing VS minecraft:core/entity and FS minecraft:core/entity. Log output: WARNING: Could not find vertex shader attribute 'UV1' to match BindAttributeLocation request.
WARNING: Could not find vertex shader attribute 'Normal' to match BindAttributeLocation request.
WARNING: Could not find vertex shader attribute 'UV2' to match BindAttributeLocation request.

[04:18:59] [Render thread/INFO] (Minecraft) Info log when linking program containing VS minecraft:core/rendertype_beacon_beam and FS minecraft:core/rendertype_beacon_beam. Log output: WARNING: Could not find vertex shader attribute 'UV2' to match BindAttributeLocation request.

[04:18:59] [Render thread/INFO] (Minecraft) Info log when linking program containing VS minecraft:core/entity and FS minecraft:core/entity. Log output: WARNING: Could not find vertex shader attribute 'UV1' to match BindAttributeLocation request.
WARNING: Could not find vertex shader attribute 'Normal' to match BindAttributeLocation request.
WARNING: Could not find vertex shader attribute 'UV2' to match BindAttributeLocation request.

[04:18:59] [Render thread/INFO] (Minecraft) Info log when linking program containing VS minecraft:core/rendertype_crumbling and FS minecraft:core/rendertype_crumbling. Log output: WARNING: Could not find vertex shader attribute 'UV2' to match BindAttributeLocation request.

[04:18:59] [Render thread/INFO] (Minecraft) Info log when linking program containing VS minecraft:core/entity and FS minecraft:core/entity. Log output: WARNING: Could not find vertex shader attribute 'UV1' to match BindAttributeLocation request.

[04:18:59] [Render thread/INFO] (Minecraft) OpenAL initialized on device MacBook Pro Speakers
[04:18:59] [Render thread/INFO] (Minecraft) Sound engine started
[04:18:59] [Render thread/INFO] (Minecraft) Created: 512x256x0 minecraft:textures/atlas/particles.png-atlas
[04:18:59] [Render thread/INFO] (Minecraft) Created: 128x128x0 minecraft:textures/atlas/decorated_pot.png-atlas
[04:18:59] [Render thread/INFO] (Minecraft) Created: 2048x1024x0 minecraft:textures/atlas/armor_trims.png-atlas
[04:18:59] [Render thread/INFO] (Minecraft) Created: 512x256x0 minecraft:textures/atlas/paintings.png-atlas
[04:18:59] [Render thread/INFO] (Minecraft) Created: 1024x512x0 minecraft:textures/atlas/shield_patterns.png-atlas
[04:18:59] [Render thread/INFO] (Minecraft) Created: 2048x2048x4 minecraft:textures/atlas/blocks.png-atlas
[04:18:59] [Render thread/INFO] (Minecraft) Created: 512x512x0 minecraft:textures/atlas/chest.png-atlas
[04:18:59] [Render thread/INFO] (Minecraft) Created: 256x128x0 minecraft:textures/atlas/celestials.png-atlas
[04:18:59] [Render thread/INFO] (Minecraft) Created: 1024x512x0 minecraft:textures/atlas/banner_patterns.png-atlas
[04:18:59] [Render thread/INFO] (Minecraft) Created: 2048x2048x0 minecraft:textures/atlas/items.png-atlas
[04:18:59] [Render thread/INFO] (Minecraft) Created: 1024x1024x0 minecraft:textures/atlas/gui.png-atlas
[04:18:59] [Render thread/INFO] (Minecraft) Created: 128x64x0 minecraft:textures/atlas/map_decorations.png-atlas
[04:18:59] [Render thread/INFO] (Minecraft) Created: 512x512x0 minecraft:textures/atlas/shulker_boxes.png-atlas
[04:18:59] [Render thread/INFO] (Minecraft) Connecting to localhost, 25565
[04:18:59] [Download-1/ERROR] (Minecraft) Failed to retrieve profile key pair
MinecraftClientHttpException[type=HTTP_ERROR, status=401, response=ErrorResponse[path=/player/certificates, error=null, errorMessage=null, details=null]]
	at knot//com.mojang.authlib.minecraft.client.MinecraftClient.buildHttpException(MinecraftClient.java:170)
	at knot//com.mojang.authlib.minecraft.client.MinecraftClient.readServiceResponse(MinecraftClient.java:147)
	at knot//com.mojang.authlib.minecraft.client.MinecraftClient.post(MinecraftClient.java:89)
	at knot//com.mojang.authlib.yggdrasil.YggdrasilUserApiService.getKeyPair(YggdrasilUserApiService.java:62)
	at knot//net.minecraft.client.multiplayer.AccountProfileKeyPairManager.fetchProfileKeyPair(AccountProfileKeyPairManager.java:119)
	at knot//net.minecraft.client.multiplayer.AccountProfileKeyPairManager.lambda$readOrFetchProfileKeyPair$0(AccountProfileKeyPairManager.java:72)
	at java.base/java.util.concurrent.CompletableFuture$AsyncSupply.run(CompletableFuture.java:1789)
	at java.base/java.util.concurrent.ThreadPoolExecutor.runWorker(ThreadPoolExecutor.java:1090)
	at java.base/java.util.concurrent.ThreadPoolExecutor$Worker.run(ThreadPoolExecutor.java:614)
	at java.base/java.lang.Thread.run(Thread.java:1474)
[04:19:01] [Render thread/INFO] (Minecraft) Loaded 40 advancements
[04:19:01] [Render thread/INFO] (Minecraft) Resizing Dynamic Transforms UBO, capacity limit of 2 reached during a single frame. New capacity will be 4.
[04:19:01] [Render thread/INFO] (powers) QA client role=caster loaded 11 scripted steps
[04:19:01] [Render thread/INFO] (Minecraft) Resizing Dynamic Transforms UBO, capacity limit of 4 reached during a single frame. New capacity will be 8.
[04:19:01] [Render thread/INFO] (Minecraft) Resizing Dynamic Transforms UBO, capacity limit of 8 reached during a single frame. New capacity will be 16.
[04:19:02] [Render thread/INFO] (Minecraft) Resizing Chunk Sections UBO, capacity limit of 2 reached during a single frame. New capacity will be 8.
[04:19:02] [Render thread/INFO] (Minecraft) Resizing Chunk Sections UBO, capacity limit of 8 reached during a single frame. New capacity will be 16.
[04:19:02] [Render thread/INFO] (Minecraft) Resizing Chunk Sections UBO, capacity limit of 16 reached during a single frame. New capacity will be 32.
[04:19:02] [Render thread/INFO] (Minecraft) Resizing Chunk Sections UBO, capacity limit of 32 reached during a single frame. New capacity will be 64.
[04:19:02] [Render thread/INFO] (Minecraft) Resizing Chunk Sections UBO, capacity limit of 64 reached during a single frame. New capacity will be 128.
[04:19:02] [Render thread/INFO] (Minecraft) Resizing Chunk Sections UBO, capacity limit of 128 reached during a single frame. New capacity will be 256.
[04:19:02] [Render thread/INFO] (powers) QA client role=caster connected as CrystalCaster to localhost:25565
[04:19:04] [Render thread/INFO] (powers) QA client role=caster executed CLOSE [screen] at connected tick 60
[04:19:05] [Render thread/INFO] (powers) QA client role=caster executed COMMAND [powers testing on] at connected tick 80
[04:19:05] [Render thread/INFO] (Minecraft) [System] [CHAT] Testing limits — energy: DISABLED, cooldowns: DISABLED
[04:19:06] [Render thread/INFO] (powers) QA client role=caster executed COMMAND [setblock 300 69 305 minecraft:stone] at connected tick 100
[04:19:06] [Render thread/INFO] (Minecraft) [System] [CHAT] That position is not loaded
[04:19:07] [Render thread/INFO] (powers) QA client role=caster executed COMMAND [tp @s 300 75 300 0 45] at connected tick 120
[04:19:07] [Render thread/INFO] (powers) QA client role=caster captured its connected-world evidence
[04:19:07] [Render thread/INFO] (Minecraft) [System] [CHAT] Teleported [Unmarked] CrystalCaster to 300.500000, 75.000000, 300.500000
[04:19:07] [Render thread/INFO] (Minecraft) [System] [CHAT] Saved screenshot as 2026-08-14_04.19.07.png
[04:19:09] [Render thread/INFO] (powers) QA client role=caster executed COMMAND [item replace entity @s weapon.mainhand with powers:imported_book_grimoire_celestial] at connected tick 150
[04:19:09] [Render thread/INFO] (Minecraft) [System] [CHAT] Replaced a slot on [Unmarked] CrystalCaster with [The Celestial Grimoire]
[04:19:10] [Render thread/INFO] (powers) QA client role=caster executed GRIMOIRE [book_grimoire_celestial 3] at connected tick 170
[04:19:11] [Render thread/INFO] (powers) QA client role=caster executed USE [main] at connected tick 190
[04:19:13] [Render thread/INFO] (Minecraft) Resizing Chunk Sections UBO, capacity limit of 256 reached during a single frame. New capacity will be 512.
[04:19:21] [Render thread/INFO] (Minecraft) [System] [CHAT] The celestial sentence is sealed. Flee before Heavenfall.
[04:19:22] [Render thread/INFO] (powers) QA client role=caster executed COMMAND [powers diagnose] at connected tick 420
[04:19:22] [Render thread/INFO] (Minecraft) [System] [CHAT] magic=1/4 cells; spellFields=0 (cap/tick 32); artifactFields=0
[04:19:22] [Render thread/INFO] (Minecraft) [System] [CHAT] forces=0; clashes=0; auraCaps=512/player,4096/level; guardians=0
[04:19:22] [Render thread/INFO] (Minecraft) [System] [CHAT] proxies=0; travelLoads=0; celestialEvents=1; forcedChunks=0
[04:19:22] [Render thread/INFO] (Minecraft) [System] [CHAT] lastTick: packets=1; particles=128; entityInspections=0
[04:19:22] [Render thread/INFO] (Minecraft) [System] [CHAT] configValidation: revision=2; adjustments=0; retained=0; dropped=0
[04:19:22] [Render thread/INFO] (Minecraft) [System] [CHAT] operatorAudit: total=13
[04:19:22] [Render thread/INFO] (Minecraft) [System] [CHAT] operatorAudit action=testing_control; result=success; count=10
[04:19:22] [Render thread/INFO] (Minecraft) [System] [CHAT] operatorAudit action=catastrophic_ritual; result=success; count=2
[04:19:22] [Render thread/INFO] (Minecraft) [System] [CHAT] operatorAudit action=catastrophic_ritual; result=denied; count=1
[04:19:22] [Render thread/INFO] (Minecraft) [System] [CHAT] Energy history: spent=0 restored=0 net=0
[04:19:22] [Render thread/INFO] (Minecraft) [System] [CHAT] physicalRays=0; rayCollisionsThisTick=0; shadowSessions=0; revealedShadowBodies=0
[04:19:22] [Render thread/INFO] (Minecraft) [System] [CHAT] shadowBodies=0 (hidden=0, revealed=0); tasks=0; energy=0; rites=0; toggles=0; casts=0; conjurations=0; planner=0; contexts=0; targetProfiles=0; creditWindows=0; forcedChunks=0; leaks=0
[04:19:22] [Render thread/INFO] (Minecraft) [System] [CHAT] realmBuilds=0; containment=0 (cap/tick 256); invasions=0/64; concord=0/0
[04:19:22] [Render thread/INFO] (Minecraft) [System] [CHAT] index=spellFields; dimension=minecraft:overworld; q=3; candidates=0; misses=3; stale=0; fallbackScans=0; memory~=0B
[04:19:22] [Render thread/INFO] (Minecraft) [System] [CHAT] index=artifactFields; dimension=minecraft:overworld; q=0; candidates=0; misses=0; stale=0; fallbackScans=0; memory~=0B
[04:19:22] [Render thread/INFO] (Minecraft) [System] [CHAT] index=amethystNatural; dimension=minecraft:overworld; q=186; candidates=0; misses=186; stale=7; fallbackScans=12; memory~=640B
[04:19:22] [Render thread/INFO] (Minecraft) [System] [CHAT] index=amethystWards; dimension=minecraft:overworld; q=0; candidates=0; misses=0; stale=0; fallbackScans=0; memory~=0B
[04:19:22] [Render thread/INFO] (Minecraft) [System] [CHAT] index=namedTargets; dimension=minecraft:overworld; q=0; candidates=0; misses=0; stale=0; fallbackScans=0; memory~=0B
[04:19:22] [Render thread/INFO] (Minecraft) [System] [CHAT] index=livingForces; dimension=minecraft:overworld; q=18; candidates=0; misses=18; stale=0; fallbackScans=0; memory~=0B
[04:19:22] [Render thread/INFO] (Minecraft) [System] [CHAT] index=spellFields; dimension=minecraft:the_end; q=0; candidates=0; misses=0; stale=0; fallbackScans=0; memory~=0B
[04:19:22] [Render thread/INFO] (Minecraft) [System] [CHAT] index=artifactFields; dimension=minecraft:the_end; q=0; candidates=0; misses=0; stale=0; fallbackScans=0; memory~=0B
[04:19:22] [Render thread/INFO] (Minecraft) [System] [CHAT] index=amethystNatural; dimension=minecraft:the_end; q=0; candidates=0; misses=0; stale=0; fallbackScans=0; memory~=0B
[04:19:22] [Render thread/INFO] (Minecraft) [System] [CHAT] index=amethystWards; dimension=minecraft:the_end; q=0; candidates=0; misses=0; stale=0; fallbackScans=0; memory~=0B
[04:19:22] [Render thread/INFO] (Minecraft) [System] [CHAT] index=namedTargets; dimension=minecraft:the_end; q=0; candidates=0; misses=0; stale=0; fallbackScans=0; memory~=0B
[04:19:22] [Render thread/INFO] (Minecraft) [System] [CHAT] index=livingForces; dimension=minecraft:the_end; q=0; candidates=0; misses=0; stale=0; fallbackScans=0; memory~=0B
[04:19:22] [Render thread/INFO] (Minecraft) [System] [CHAT] index=spellFields; dimension=minecraft:the_nether; q=0; candidates=0; misses=0; stale=0; fallbackScans=0; memory~=0B
[04:19:22] [Render thread/INFO] (Minecraft) [System] [CHAT] index=artifactFields; dimension=minecraft:the_nether; q=0; candidates=0; misses=0; stale=0; fallbackScans=0; memory~=0B
[04:19:22] [Render thread/INFO] (Minecraft) [System] [CHAT] index=amethystNatural; dimension=minecraft:the_nether; q=0; candidates=0; misses=0; stale=0; fallbackScans=0; memory~=0B
[04:19:22] [Render thread/INFO] (Minecraft) [System] [CHAT] index=amethystWards; dimension=minecraft:the_nether; q=0; candidates=0; misses=0; stale=0; fallbackScans=0; memory~=0B
[04:19:22] [Render thread/INFO] (Minecraft) [System] [CHAT] index=namedTargets; dimension=minecraft:the_nether; q=0; candidates=0; misses=0; stale=0; fallbackScans=0; memory~=0B
[04:19:22] [Render thread/INFO] (Minecraft) [System] [CHAT] index=livingForces; dimension=minecraft:the_nether; q=0; candidates=0; misses=0; stale=0; fallbackScans=0; memory~=0B
[04:19:22] [Render thread/INFO] (Minecraft) [System] [CHAT] index=spellFields; dimension=powers:dark_realm; q=0; candidates=0; misses=0; stale=0; fallbackScans=0; memory~=0B
[04:19:22] [Render thread/INFO] (Minecraft) [System] [CHAT] index=artifactFields; dimension=powers:dark_realm; q=0; candidates=0; misses=0; stale=0; fallbackScans=0; memory~=0B
[04:19:22] [Render thread/INFO] (Minecraft) [System] [CHAT] index=amethystNatural; dimension=powers:dark_realm; q=0; candidates=0; misses=0; stale=0; fallbackScans=0; memory~=0B
[04:19:22] [Render thread/INFO] (Minecraft) [System] [CHAT] index=amethystWards; dimension=powers:dark_realm; q=0; candidates=0; misses=0; stale=0; fallbackScans=0; memory~=0B
[04:19:22] [Render thread/INFO] (Minecraft) [System] [CHAT] index=namedTargets; dimension=powers:dark_realm; q=0; candidates=0; misses=0; stale=0; fallbackScans=0; memory~=0B
[04:19:22] [Render thread/INFO] (Minecraft) [System] [CHAT] index=livingForces; dimension=powers:dark_realm; q=0; candidates=0; misses=0; stale=0; fallbackScans=0; memory~=0B
[04:19:22] [Render thread/INFO] (Minecraft) [System] [CHAT] index=spellFields; dimension=powers:light_realm; q=0; candidates=0; misses=0; stale=0; fallbackScans=0; memory~=0B
[04:19:22] [Render thread/INFO] (Minecraft) [System] [CHAT] index=artifactFields; dimension=powers:light_realm; q=0; candidates=0; misses=0; stale=0; fallbackScans=0; memory~=0B
[04:19:22] [Render thread/INFO] (Minecraft) [System] [CHAT] index=amethystNatural; dimension=powers:light_realm; q=0; candidates=0; misses=0; stale=0; fallbackScans=0; memory~=0B
[04:19:22] [Render thread/INFO] (Minecraft) [System] [CHAT] index=amethystWards; dimension=powers:light_realm; q=0; candidates=0; misses=0; stale=0; fallbackScans=0; memory~=0B
[04:19:22] [Render thread/INFO] (Minecraft) [System] [CHAT] index=namedTargets; dimension=powers:light_realm; q=0; candidates=0; misses=0; stale=0; fallbackScans=0; memory~=0B
[04:19:22] [Render thread/INFO] (Minecraft) [System] [CHAT] index=livingForces; dimension=powers:light_realm; q=0; candidates=0; misses=0; stale=0; fallbackScans=0; memory~=0B
[04:19:22] [Render thread/INFO] (Minecraft) [System] [CHAT] index=spellFields; dimension=powers:middleworld; q=0; candidates=0; misses=0; stale=0; fallbackScans=0; memory~=0B
[04:19:22] [Render thread/INFO] (Minecraft) [System] [CHAT] index=artifactFields; dimension=powers:middleworld; q=0; candidates=0; misses=0; stale=0; fallbackScans=0; memory~=0B
[04:19:22] [Render thread/INFO] (Minecraft) [System] [CHAT] index=amethystNatural; dimension=powers:middleworld; q=0; candidates=0; misses=0; stale=0; fallbackScans=0; memory~=0B
[04:19:22] [Render thread/INFO] (Minecraft) [System] [CHAT] index=amethystWards; dimension=powers:middleworld; q=0; candidates=0; misses=0; stale=0; fallbackScans=0; memory~=0B
[04:19:22] [Render thread/INFO] (Minecraft) [System] [CHAT] index=namedTargets; dimension=powers:middleworld; q=0; candidates=0; misses=0; stale=0; fallbackScans=0; memory~=0B
[04:19:22] [Render thread/INFO] (Minecraft) [System] [CHAT] index=livingForces; dimension=powers:middleworld; q=0; candidates=0; misses=0; stale=0; fallbackScans=0; memory~=0B
[04:19:22] [Render thread/INFO] (Minecraft) [System] [CHAT] travelTickets=0/64; perDimensionLimit=24; lastRefusal=none
[04:19:22] [Render thread/INFO] (Minecraft) [System] [CHAT] missingDimensions=0; droppedDistinct=0; orphanedRuinEvents=0
[04:19:22] [Render thread/INFO] (Minecraft) [System] [CHAT] questTelemetrySamples=0; publicationReadyLevels=0/20; minimumPerLevel=20
[04:19:22] [Render thread/INFO] (Minecraft) [System] [CHAT] testing: energy=disabled; cooldowns=disabled
[04:19:23] [Render thread/INFO] (powers) QA client role=caster executed COMMAND [powers ruin cancel] at connected tick 440
[04:19:23] [Render thread/INFO] (Minecraft) [System] [CHAT] The nearest staged Heavenfall was cancelled before lock.
[04:19:24] [Render thread/INFO] (powers) QA client role=caster executed COMMAND [powers diagnose] at connected tick 460
[04:19:24] [Render thread/INFO] (Minecraft) [System] [CHAT] magic=1/4 cells; spellFields=0 (cap/tick 32); artifactFields=0
[04:19:24] [Render thread/INFO] (Minecraft) [System] [CHAT] forces=0; clashes=0; auraCaps=512/player,4096/level; guardians=0
[04:19:24] [Render thread/INFO] (Minecraft) [System] [CHAT] proxies=0; travelLoads=0; celestialEvents=0; forcedChunks=0
[04:19:24] [Render thread/INFO] (Minecraft) [System] [CHAT] lastTick: packets=0; particles=0; entityInspections=0
[04:19:24] [Render thread/INFO] (Minecraft) [System] [CHAT] configValidation: revision=2; adjustments=0; retained=0; dropped=0
[04:19:24] [Render thread/INFO] (Minecraft) [System] [CHAT] operatorAudit: total=14
[04:19:24] [Render thread/INFO] (Minecraft) [System] [CHAT] operatorAudit action=testing_control; result=success; count=10
[04:19:24] [Render thread/INFO] (Minecraft) [System] [CHAT] operatorAudit action=catastrophic_ritual; result=success; count=3
[04:19:24] [Render thread/INFO] (Minecraft) [System] [CHAT] operatorAudit action=catastrophic_ritual; result=denied; count=1
[04:19:24] [Render thread/INFO] (Minecraft) [System] [CHAT] Energy history: spent=0 restored=0 net=0
[04:19:24] [Render thread/INFO] (Minecraft) [System] [CHAT] physicalRays=0; rayCollisionsThisTick=0; shadowSessions=0; revealedShadowBodies=0
[04:19:24] [Render thread/INFO] (Minecraft) [System] [CHAT] shadowBodies=0 (hidden=0, revealed=0); tasks=0; energy=0; rites=0; toggles=0; casts=0; conjurations=0; planner=0; contexts=0; targetProfiles=0; creditWindows=0; forcedChunks=0; leaks=0
[04:19:24] [Render thread/INFO] (Minecraft) [System] [CHAT] realmBuilds=0; containment=0 (cap/tick 256); invasions=0/64; concord=0/0
[04:19:24] [Render thread/INFO] (Minecraft) [System] [CHAT] index=spellFields; dimension=minecraft:overworld; q=3; candidates=0; misses=3; stale=0; fallbackScans=0; memory~=0B
[04:19:24] [Render thread/INFO] (Minecraft) [System] [CHAT] index=artifactFields; dimension=minecraft:overworld; q=0; candidates=0; misses=0; stale=0; fallbackScans=0; memory~=0B
[04:19:24] [Render thread/INFO] (Minecraft) [System] [CHAT] index=amethystNatural; dimension=minecraft:overworld; q=188; candidates=0; misses=188; stale=7; fallbackScans=12; memory~=640B
[04:19:24] [Render thread/INFO] (Minecraft) [System] [CHAT] index=amethystWards; dimension=minecraft:overworld; q=0; candidates=0; misses=0; stale=0; fallbackScans=0; memory~=0B
[04:19:24] [Render thread/INFO] (Minecraft) [System] [CHAT] index=namedTargets; dimension=minecraft:overworld; q=0; candidates=0; misses=0; stale=0; fallbackScans=0; memory~=0B
[04:19:24] [Render thread/INFO] (Minecraft) [System] [CHAT] index=livingForces; dimension=minecraft:overworld; q=18; candidates=0; misses=18; stale=0; fallbackScans=0; memory~=0B
[04:19:24] [Render thread/INFO] (Minecraft) [System] [CHAT] index=spellFields; dimension=minecraft:the_end; q=0; candidates=0; misses=0; stale=0; fallbackScans=0; memory~=0B
[04:19:24] [Render thread/INFO] (Minecraft) [System] [CHAT] index=artifactFields; dimension=minecraft:the_end; q=0; candidates=0; misses=0; stale=0; fallbackScans=0; memory~=0B
[04:19:24] [Render thread/INFO] (Minecraft) [System] [CHAT] index=amethystNatural; dimension=minecraft:the_end; q=0; candidates=0; misses=0; stale=0; fallbackScans=0; memory~=0B
[04:19:24] [Render thread/INFO] (Minecraft) [System] [CHAT] index=amethystWards; dimension=minecraft:the_end; q=0; candidates=0; misses=0; stale=0; fallbackScans=0; memory~=0B
[04:19:24] [Render thread/INFO] (Minecraft) [System] [CHAT] index=namedTargets; dimension=minecraft:the_end; q=0; candidates=0; misses=0; stale=0; fallbackScans=0; memory~=0B
[04:19:24] [Render thread/INFO] (Minecraft) [System] [CHAT] index=livingForces; dimension=minecraft:the_end; q=0; candidates=0; misses=0; stale=0; fallbackScans=0; memory~=0B
[04:19:24] [Render thread/INFO] (Minecraft) [System] [CHAT] index=spellFields; dimension=minecraft:the_nether; q=0; candidates=0; misses=0; stale=0; fallbackScans=0; memory~=0B
[04:19:24] [Render thread/INFO] (Minecraft) [System] [CHAT] index=artifactFields; dimension=minecraft:the_nether; q=0; candidates=0; misses=0; stale=0; fallbackScans=0; memory~=0B
[04:19:24] [Render thread/INFO] (Minecraft) [System] [CHAT] index=amethystNatural; dimension=minecraft:the_nether; q=0; candidates=0; misses=0; stale=0; fallbackScans=0; memory~=0B
[04:19:24] [Render thread/INFO] (Minecraft) [System] [CHAT] index=amethystWards; dimension=minecraft:the_nether; q=0; candidates=0; misses=0; stale=0; fallbackScans=0; memory~=0B
[04:19:24] [Render thread/INFO] (Minecraft) [System] [CHAT] index=namedTargets; dimension=minecraft:the_nether; q=0; candidates=0; misses=0; stale=0; fallbackScans=0; memory~=0B
[04:19:24] [Render thread/INFO] (Minecraft) [System] [CHAT] index=livingForces; dimension=minecraft:the_nether; q=0; candidates=0; misses=0; stale=0; fallbackScans=0; memory~=0B
[04:19:24] [Render thread/INFO] (Minecraft) [System] [CHAT] index=spellFields; dimension=powers:dark_realm; q=0; candidates=0; misses=0; stale=0; fallbackScans=0; memory~=0B
[04:19:24] [Render thread/INFO] (Minecraft) [System] [CHAT] index=artifactFields; dimension=powers:dark_realm; q=0; candidates=0; misses=0; stale=0; fallbackScans=0; memory~=0B
[04:19:24] [Render thread/INFO] (Minecraft) [System] [CHAT] index=amethystNatural; dimension=powers:dark_realm; q=0; candidates=0; misses=0; stale=0; fallbackScans=0; memory~=0B
[04:19:24] [Render thread/INFO] (Minecraft) [System] [CHAT] index=amethystWards; dimension=powers:dark_realm; q=0; candidates=0; misses=0; stale=0; fallbackScans=0; memory~=0B
[04:19:24] [Render thread/INFO] (Minecraft) [System] [CHAT] index=namedTargets; dimension=powers:dark_realm; q=0; candidates=0; misses=0; stale=0; fallbackScans=0; memory~=0B
[04:19:24] [Render thread/INFO] (Minecraft) [System] [CHAT] index=livingForces; dimension=powers:dark_realm; q=0; candidates=0; misses=0; stale=0; fallbackScans=0; memory~=0B
[04:19:24] [Render thread/INFO] (Minecraft) [System] [CHAT] index=spellFields; dimension=powers:light_realm; q=0; candidates=0; misses=0; stale=0; fallbackScans=0; memory~=0B
[04:19:24] [Render thread/INFO] (Minecraft) [System] [CHAT] index=artifactFields; dimension=powers:light_realm; q=0; candidates=0; misses=0; stale=0; fallbackScans=0; memory~=0B
[04:19:24] [Render thread/INFO] (Minecraft) [System] [CHAT] index=amethystNatural; dimension=powers:light_realm; q=0; candidates=0; misses=0; stale=0; fallbackScans=0; memory~=0B
[04:19:24] [Render thread/INFO] (Minecraft) [System] [CHAT] index=amethystWards; dimension=powers:light_realm; q=0; candidates=0; misses=0; stale=0; fallbackScans=0; memory~=0B
[04:19:24] [Render thread/INFO] (Minecraft) [System] [CHAT] index=namedTargets; dimension=powers:light_realm; q=0; candidates=0; misses=0; stale=0; fallbackScans=0; memory~=0B
[04:19:24] [Render thread/INFO] (Minecraft) [System] [CHAT] index=livingForces; dimension=powers:light_realm; q=0; candidates=0; misses=0; stale=0; fallbackScans=0; memory~=0B
[04:19:24] [Render thread/INFO] (Minecraft) [System] [CHAT] index=spellFields; dimension=powers:middleworld; q=0; candidates=0; misses=0; stale=0; fallbackScans=0; memory~=0B
[04:19:24] [Render thread/INFO] (Minecraft) [System] [CHAT] index=artifactFields; dimension=powers:middleworld; q=0; candidates=0; misses=0; stale=0; fallbackScans=0; memory~=0B
[04:19:24] [Render thread/INFO] (Minecraft) [System] [CHAT] index=amethystNatural; dimension=powers:middleworld; q=0; candidates=0; misses=0; stale=0; fallbackScans=0; memory~=0B
[04:19:24] [Render thread/INFO] (Minecraft) [System] [CHAT] index=amethystWards; dimension=powers:middleworld; q=0; candidates=0; misses=0; stale=0; fallbackScans=0; memory~=0B
[04:19:24] [Render thread/INFO] (Minecraft) [System] [CHAT] index=namedTargets; dimension=powers:middleworld; q=0; candidates=0; misses=0; stale=0; fallbackScans=0; memory~=0B
[04:19:24] [Render thread/INFO] (Minecraft) [System] [CHAT] index=livingForces; dimension=powers:middleworld; q=0; candidates=0; misses=0; stale=0; fallbackScans=0; memory~=0B
[04:19:24] [Render thread/INFO] (Minecraft) [System] [CHAT] travelTickets=0/64; perDimensionLimit=24; lastRefusal=none
[04:19:24] [Render thread/INFO] (Minecraft) [System] [CHAT] missingDimensions=0; droppedDistinct=0; orphanedRuinEvents=0
[04:19:24] [Render thread/INFO] (Minecraft) [System] [CHAT] questTelemetrySamples=0; publicationReadyLevels=0/20; minimumPerLevel=20
[04:19:24] [Render thread/INFO] (Minecraft) [System] [CHAT] testing: energy=disabled; cooldowns=disabled
[04:19:25] [Render thread/INFO] (powers) QA client role=caster executed SCREENSHOT [ruin-cancelled] at connected tick 480
[04:19:25] [Render thread/INFO] (Minecraft) [System] [CHAT] Saved screenshot as 2026-08-14_04.19.25.png
