[00:05:27] [main/INFO] (FabricLoader/GameProvider) Loading Minecraft 26.2 with Fabric Loader 0.19.3
[00:05:27] [main/INFO] (FabricLoader/Mappings) Mappings not present!
[00:05:27] [main/INFO] (FabricLoader) Loading 52 mods:
	- fabric-api 0.156.0+26.2
	- fabric-api-base 2.0.4+ece063239e
	- fabric-api-lookup-api-v1 2.0.17+11e1c9a39e
	- fabric-biome-api-v1 18.0.6+c7bd5b8e9e
	- fabric-block-api-v1 3.0.3+ec56b6019e
	- fabric-block-getter-api-v2 2.0.7+ec56b6019e
	- fabric-client-gametest-api-v1 6.0.0+515ac5339e
	- fabric-command-api-v2 3.1.0+00cb03469e
	- fabric-content-registries-v0 11.3.0+d0a699d09e
	- fabric-convention-tags-v2 4.7.0+1f023a9e9e
	- fabric-crash-report-info-v1 1.0.5+086d547a9e
	- fabric-creative-tab-api-v1 5.0.14+d871b99e9e
	- fabric-data-attachment-api-v1 2.2.18+515ac5339e
	- fabric-data-generation-api-v1 25.5.0+aed122aa9e
	- fabric-debug-api-v1 1.0.2+c792624d9e
	- fabric-dimensions-v1 5.1.11+515ac5339e
	- fabric-entity-events-v1 5.0.5+06488ac19e
	- fabric-events-interaction-v0 5.2.7+515ac5339e
	- fabric-game-rule-api-v1 4.0.8+46a6d00c9e
	- fabric-gametest-api-v1 4.0.21+4a7fa0819e
	- fabric-item-api-v1 14.4.0+49a69a7b9e
	- fabric-key-mapping-api-v1 2.0.5+e2bdee789e
	- fabric-lifecycle-events-v1 4.1.3+4575b05f9e
	- fabric-loot-api-v3 3.0.17+06488ac19e
	- fabric-menu-api-v1 2.0.16+086d547a9e
	- fabric-message-api-v1 7.0.7+086d547a9e
	- fabric-model-loading-api-v1 8.0.16+c80601bb9e
	- fabric-networking-api-v1 6.3.3+72073ef09e
	- fabric-object-builder-api-v1 24.1.0+6fcd5f039e
	- fabric-particles-v1 5.0.18+d1756aa99e
	- fabric-permission-api-v1 1.0.4+536fad2f9e
	- fabric-recipe-api-v1 9.0.20+11e1c9a39e
	- fabric-registry-sync-v0 7.1.0+c7bd5b8e9e
	- fabric-renderer-api-v1 14.1.3+2b0d8a229e
	- fabric-renderer-indigo 9.1.3+2b0d8a229e
	- fabric-rendering-fluids-v1 6.0.4+06488ac19e
	- fabric-rendering-v1 25.3.2+515ac5339e
	- fabric-resource-conditions-api-v1 6.1.0+10e9a28b9e
	- fabric-resource-loader-v0 3.3.20+4fc5413f9e
	- fabric-resource-loader-v1 2.0.13+9edec1269e
	- fabric-screen-api-v1 5.1.0+48e3c0b09e
	- fabric-serialization-api-v1 2.0.4+11a26f319e
	- fabric-sound-api-v1 2.0.5+11a26f319e
	- fabric-tag-api-v1 2.1.4+515ac5339e
	- fabric-transfer-api-v1 8.0.12+11dbb7d79e
	- fabric-transitive-access-wideners-v1 8.1.4+67c847259e
	- fabricloader 0.19.3
	- java 25
	- minecraft 26.2
	- mixinextras 0.5.4
	- powers 1.0.2
	- powers-gametest 1.0.0
[00:05:27] [main/INFO] (FabricLoader/Mixin) SpongePowered MIXIN Subsystem Version=0.8.7 Source=file:/Users/james/.gradle/caches/modules-2/files-2.1/net.fabricmc/sponge-mixin/0.17.3+mixin.0.8.7/41c4a3984a80f4679e759fb9f495587acc5cdac7/sponge-mixin-0.17.3+mixin.0.8.7.jar Service=Knot/Fabric Env=CLIENT
[00:05:27] [main/INFO] (FabricLoader/Mixin) Compatibility level set to JAVA_25
[00:05:28] [main/INFO] (FabricLoader/MixinExtras|Service) Initializing MixinExtras via com.llamalad7.mixinextras.service.MixinExtrasServiceImpl(version=0.5.4).
[00:05:28] [Datafixer Bootstrap #0/INFO] (Minecraft) 295 Datafixer optimizations took 182 milliseconds
[00:05:34] [Render thread/INFO] (Minecraft) Environment: Environment[sessionHost=https://sessionserver.mojang.com, servicesHost=https://api.minecraftservices.com, profilesHost=https://api.mojang.com, name=PROD]
[00:05:34] [Render thread/INFO] (Minecraft) Setting user: Player0
[00:05:34] [Render thread/INFO] (powers) Loaded rank mazes: 28 light nodes, 28 darkness nodes
[00:05:35] [Render thread/INFO] (powers) Magic collision kernel loaded: 64 actions, 2080 exhaustive interactions
[00:05:35] [Render thread/INFO] (powers) POWERS framework initialized with 23 power(s)
[00:05:35] [Render thread/INFO] (Indigo) [Indigo] Registering Indigo renderer!
[00:05:35] [Download-2/ERROR] (Minecraft) Failed to fetch user properties
com.mojang.authlib.exceptions.InvalidCredentialsException: Status: 401
	at knot//com.mojang.authlib.exceptions.MinecraftClientHttpException.toAuthenticationException(MinecraftClientHttpException.java:70)
	at knot//com.mojang.authlib.yggdrasil.YggdrasilUserApiService.fetchProperties(YggdrasilUserApiService.java:173)
	at knot//net.minecraft.client.Minecraft.lambda$new$1(Minecraft.java:418)
	at java.base/java.util.concurrent.CompletableFuture$AsyncSupply.run(CompletableFuture.java:1789)
	at java.base/java.util.concurrent.ThreadPoolExecutor.runWorker(ThreadPoolExecutor.java:1090)
	at java.base/java.util.concurrent.ThreadPoolExecutor$Worker.run(ThreadPoolExecutor.java:614)
	at java.base/java.lang.Thread.run(Thread.java:1474)
Caused by: MinecraftClientHttpException[type=HTTP_ERROR, status=401, response=ErrorResponse[path=/player/attributes, error=null, errorMessage=null, details=null]]
	at knot//com.mojang.authlib.minecraft.client.MinecraftClient.buildHttpException(MinecraftClient.java:170)
	at knot//com.mojang.authlib.minecraft.client.MinecraftClient.readServiceResponse(MinecraftClient.java:147)
	at knot//com.mojang.authlib.minecraft.client.MinecraftClient.getWithEtag(MinecraftClient.java:81)
	at knot//com.mojang.authlib.minecraft.client.MinecraftClient.get(MinecraftClient.java:65)
	at knot//com.mojang.authlib.yggdrasil.YggdrasilUserApiService.fetchProperties(YggdrasilUserApiService.java:123)
	... 5 more
[00:05:35] [Render thread/ERROR] (Minecraft) Illegal option value 0 for Anisotropic Filtering
[00:05:35] [Render thread/INFO] (Minecraft) Backend library: LWJGL version 3.4.1-snapshot
[00:05:35] [Render thread/INFO] (Minecraft) Using graphics backend OpenGL, using drivers: 4.1 Metal - 90.5
[00:05:35] [Render thread/INFO] (Minecraft) Using graphics device: Apple M3 Pro (Apple)
[00:05:35] [Render thread/INFO] (Minecraft) Using graphics device extensions: GL_ARB_draw_indirect, GL_EXT_texture_filter_anisotropic
[00:05:36] [Download-2/INFO] (Minecraft) Could not authorize you against Realms server: java.lang.RuntimeException: Failed to parse into SignedJWT: FabricMC
[00:05:36] [Download-2/ERROR] (Minecraft) Failed to fetch Realms feature flags
com.mojang.realmsclient.exception.RealmsServiceException: Realms authentication error with message 'java.lang.RuntimeException: Failed to parse into SignedJWT: FabricMC'
	at knot//com.mojang.realmsclient.client.RealmsClient.execute(RealmsClient.java:509)
	at knot//com.mojang.realmsclient.client.RealmsClient.fetchFeatureFlags(RealmsClient.java:159)
	at java.base/java.util.concurrent.CompletableFuture$AsyncSupply.run(CompletableFuture.java:1789)
	at java.base/java.util.concurrent.ThreadPoolExecutor.runWorker(ThreadPoolExecutor.java:1090)
	at java.base/java.util.concurrent.ThreadPoolExecutor$Worker.run(ThreadPoolExecutor.java:614)
	at java.base/java.lang.Thread.run(Thread.java:1474)
[00:05:36] [Render thread/INFO] (Minecraft) Reloading ResourceManager: vanilla, fabric-api, fabric-api-base, fabric-api-lookup-api-v1, fabric-biome-api-v1, fabric-block-api-v1, fabric-block-getter-api-v2, fabric-client-gametest-api-v1, fabric-command-api-v2, fabric-content-registries-v0, fabric-convention-tags-v2, fabric-crash-report-info-v1, fabric-creative-tab-api-v1, fabric-data-attachment-api-v1, fabric-data-generation-api-v1, fabric-debug-api-v1, fabric-dimensions-v1, fabric-entity-events-v1, fabric-events-interaction-v0, fabric-game-rule-api-v1, fabric-gametest-api-v1, fabric-item-api-v1, fabric-key-mapping-api-v1, fabric-lifecycle-events-v1, fabric-loot-api-v3, fabric-menu-api-v1, fabric-message-api-v1, fabric-model-loading-api-v1, fabric-networking-api-v1, fabric-object-builder-api-v1, fabric-particles-v1, fabric-permission-api-v1, fabric-recipe-api-v1, fabric-registry-sync-v0, fabric-renderer-api-v1, fabric-renderer-indigo, fabric-rendering-fluids-v1, fabric-rendering-v1, fabric-resource-conditions-api-v1, fabric-resource-loader-v0, fabric-resource-loader-v1, fabric-screen-api-v1, fabric-serialization-api-v1, fabric-sound-api-v1, fabric-tag-api-v1, fabric-transfer-api-v1, fabric-transitive-access-wideners-v1, fabricloader, powers
[00:05:36] [Worker-Main-10/INFO] (Minecraft) Found unifont_all_no_pua-17.0.01.hex, loading
[00:05:37] [Worker-Main-6/INFO] (Minecraft) Found unifont_pua-17.0.01.hex, loading
[00:05:37] [Worker-Main-10/INFO] (Minecraft) Found unifont_jp_patch-17.0.01.hex, loading
[00:05:37] [Render thread/INFO] (Minecraft) Info log when linking program containing VS minecraft:core/entity and FS minecraft:core/entity. Log output: WARNING: Could not find vertex shader attribute 'UV2' to match BindAttributeLocation request.

[00:05:37] [Render thread/INFO] (Minecraft) Info log when linking program containing VS minecraft:core/entity and FS minecraft:core/entity. Log output: WARNING: Could not find vertex shader attribute 'UV1' to match BindAttributeLocation request.

[00:05:37] [Render thread/INFO] (Minecraft) Info log when linking program containing VS minecraft:core/entity and FS minecraft:core/entity. Log output: WARNING: Could not find vertex shader attribute 'UV1' to match BindAttributeLocation request.
WARNING: Could not find vertex shader attribute 'Normal' to match BindAttributeLocation request.
WARNING: Could not find vertex shader attribute 'UV2' to match BindAttributeLocation request.

[00:05:37] [Render thread/INFO] (Minecraft) Info log when linking program containing VS minecraft:core/entity and FS minecraft:core/entity. Log output: WARNING: Could not find vertex shader attribute 'UV1' to match BindAttributeLocation request.
WARNING: Could not find vertex shader attribute 'Normal' to match BindAttributeLocation request.

[00:05:37] [Render thread/INFO] (Minecraft) Info log when linking program containing VS minecraft:core/rendertype_beacon_beam and FS minecraft:core/rendertype_beacon_beam. Log output: WARNING: Could not find vertex shader attribute 'UV2' to match BindAttributeLocation request.

[00:05:37] [Render thread/INFO] (Minecraft) Info log when linking program containing VS minecraft:core/rendertype_entity_shadow and FS minecraft:core/rendertype_entity_shadow. Log output: WARNING: Could not find vertex shader attribute 'UV1' to match BindAttributeLocation request.
WARNING: Could not find vertex shader attribute 'Normal' to match BindAttributeLocation request.
WARNING: Could not find vertex shader attribute 'UV2' to match BindAttributeLocation request.

[00:05:37] [Render thread/INFO] (Minecraft) Info log when linking program containing VS minecraft:core/entity and FS minecraft:core/entity. Log output: WARNING: Could not find vertex shader attribute 'UV1' to match BindAttributeLocation request.

[00:05:37] [Render thread/INFO] (Minecraft) Info log when linking program containing VS minecraft:core/animate_sprite and FS minecraft:core/animate_sprite_blit. Log output: WARNING: Output of vertex shader 'fAnimationProgress' not read by fragment shader

[00:05:37] [Render thread/INFO] (Minecraft) Info log when linking program containing VS minecraft:core/entity and FS minecraft:core/entity. Log output: WARNING: Could not find vertex shader attribute 'UV1' to match BindAttributeLocation request.

[00:05:37] [Render thread/INFO] (Minecraft) Info log when linking program containing VS minecraft:core/entity and FS minecraft:core/entity. Log output: WARNING: Could not find vertex shader attribute 'UV1' to match BindAttributeLocation request.
WARNING: Could not find vertex shader attribute 'Normal' to match BindAttributeLocation request.
WARNING: Could not find vertex shader attribute 'UV2' to match BindAttributeLocation request.

[00:05:37] [Render thread/INFO] (Minecraft) Info log when linking program containing VS minecraft:core/rendertype_crumbling and FS minecraft:core/rendertype_crumbling. Log output: WARNING: Could not find vertex shader attribute 'UV2' to match BindAttributeLocation request.

[00:05:37] [Render thread/INFO] (Minecraft) Info log when linking program containing VS minecraft:core/rendertype_beacon_beam and FS minecraft:core/rendertype_beacon_beam. Log output: WARNING: Could not find vertex shader attribute 'UV2' to match BindAttributeLocation request.

[00:05:37] [Render thread/INFO] (Minecraft) Info log when linking program containing VS minecraft:core/entity and FS minecraft:core/entity. Log output: WARNING: Could not find vertex shader attribute 'UV1' to match BindAttributeLocation request.

[00:05:37] [Render thread/INFO] (Minecraft) Info log when linking program containing VS minecraft:core/entity and FS minecraft:core/entity. Log output: WARNING: Could not find vertex shader attribute 'UV1' to match BindAttributeLocation request.

[00:05:37] [Render thread/INFO] (Minecraft) OpenAL initialized on device MacBook Pro Speakers
[00:05:37] [Render thread/INFO] (Minecraft) Sound engine started
[00:05:37] [Render thread/INFO] (Minecraft) Created: 512x256x0 minecraft:textures/atlas/particles.png-atlas
[00:05:38] [Render thread/INFO] (Minecraft) Created: 128x128x0 minecraft:textures/atlas/decorated_pot.png-atlas
[00:05:38] [Render thread/INFO] (Minecraft) Created: 2048x1024x0 minecraft:textures/atlas/armor_trims.png-atlas
[00:05:38] [Render thread/INFO] (Minecraft) Created: 512x256x0 minecraft:textures/atlas/paintings.png-atlas
[00:05:38] [Render thread/INFO] (Minecraft) Created: 1024x512x0 minecraft:textures/atlas/shield_patterns.png-atlas
[00:05:38] [Render thread/INFO] (Minecraft) Created: 2048x2048x4 minecraft:textures/atlas/blocks.png-atlas
[00:05:38] [Render thread/INFO] (Minecraft) Created: 512x512x0 minecraft:textures/atlas/chest.png-atlas
[00:05:38] [Render thread/INFO] (Minecraft) Created: 256x128x0 minecraft:textures/atlas/celestials.png-atlas
[00:05:38] [Render thread/INFO] (Minecraft) Created: 1024x512x0 minecraft:textures/atlas/banner_patterns.png-atlas
[00:05:38] [Render thread/INFO] (Minecraft) Created: 2048x2048x0 minecraft:textures/atlas/items.png-atlas
[00:05:38] [Render thread/INFO] (Minecraft) Created: 1024x1024x0 minecraft:textures/atlas/gui.png-atlas
[00:05:38] [Render thread/INFO] (Minecraft) Created: 128x64x0 minecraft:textures/atlas/map_decorations.png-atlas
[00:05:38] [Render thread/INFO] (Minecraft) Created: 512x512x0 minecraft:textures/atlas/shulker_boxes.png-atlas
[00:05:38] [Download-2/INFO] (Minecraft) Could not authorize you against Realms server: java.lang.RuntimeException: Failed to parse into SignedJWT: FabricMC
[00:05:38] [Download-2/ERROR] (Minecraft) Couldn't connect to realms
com.mojang.realmsclient.exception.RealmsServiceException: Realms authentication error with message 'java.lang.RuntimeException: Failed to parse into SignedJWT: FabricMC'
	at knot//com.mojang.realmsclient.client.RealmsClient.execute(RealmsClient.java:509)
	at knot//com.mojang.realmsclient.client.RealmsClient.clientCompatible(RealmsClient.java:281)
	at knot//com.mojang.realmsclient.RealmsAvailability.lambda$check$0(RealmsAvailability.java:47)
	at java.base/java.util.concurrent.CompletableFuture$AsyncSupply.run(CompletableFuture.java:1789)
	at java.base/java.util.concurrent.ThreadPoolExecutor.runWorker(ThreadPoolExecutor.java:1090)
	at java.base/java.util.concurrent.ThreadPoolExecutor$Worker.run(ThreadPoolExecutor.java:614)
	at java.base/java.lang.Thread.run(Thread.java:1474)
[00:05:41] [Render thread/INFO] (Minecraft) Loaded 1605 recipes
[00:05:41] [Render thread/INFO] (Minecraft) Loaded 1713 advancements
[00:05:41] [Render thread/INFO] (powers) Loaded 14 Shadow knowledge entries
[00:05:41] [Render thread/INFO] (fabric-client-gametest-api-v1) World loading finished: null screen: net.minecraft.client.gui.screens.GenericMessageScreen@77a7362c
[00:05:41] [Render thread/INFO] (BiomeModificationImpl) Applied 0 biome modifications to 0 of 69 new biomes in 514.9 μs
[00:05:41] [Server thread/INFO] (Minecraft) Starting integrated minecraft server version 26.2
[00:05:41] [Server thread/INFO] (Minecraft) Generating keypair
[00:05:41] [Server thread/INFO] (Minecraft) Selecting global world spawn...
[00:05:41] [Server thread/INFO] (Minecraft) Loading 0 persistent chunks...
[00:05:41] [Server thread/INFO] (Minecraft) Preparing spawn area: 16%
[00:05:41] [Server thread/INFO] (Minecraft) Saving chunks for level 'ServerLevel[New World]'/minecraft:overworld
[00:05:41] [Server thread/INFO] (Minecraft) Saving chunks for level 'ServerLevel[New World]'/powers:dark_realm
[00:05:41] [Server thread/INFO] (Minecraft) Saving chunks for level 'ServerLevel[New World]'/powers:light_realm
[00:05:41] [Server thread/INFO] (Minecraft) Saving chunks for level 'ServerLevel[New World]'/minecraft:the_end
[00:05:41] [Server thread/INFO] (Minecraft) Saving chunks for level 'ServerLevel[New World]'/minecraft:the_nether
[00:05:41] [Server thread/INFO] (Minecraft) Saving chunks for level 'ServerLevel[New World]'/powers:middleworld
[00:05:41] [Server thread/INFO] (Minecraft) ThreadedAnvilChunkStorage (world): All chunks are saved
[00:05:41] [Server thread/INFO] (Minecraft) ThreadedAnvilChunkStorage (dark_realm): All chunks are saved
[00:05:41] [Server thread/INFO] (Minecraft) ThreadedAnvilChunkStorage (light_realm): All chunks are saved
[00:05:41] [Server thread/INFO] (Minecraft) ThreadedAnvilChunkStorage (DIM1): All chunks are saved
[00:05:41] [Server thread/INFO] (Minecraft) ThreadedAnvilChunkStorage (DIM-1): All chunks are saved
[00:05:41] [Server thread/INFO] (Minecraft) ThreadedAnvilChunkStorage (middleworld): All chunks are saved
[00:05:41] [Server thread/INFO] (Minecraft) ThreadedAnvilChunkStorage: All dimensions are saved
[00:05:41] [Render thread/INFO] (fabric-client-gametest-api-v1) World loading finished: null screen: net.minecraft.client.gui.screens.LevelLoadingScreen@58398f9c
[00:05:41] [Render thread/INFO] (fabric-client-gametest-api-v1) World loading finished: null screen: net.minecraft.client.gui.screens.LevelLoadingScreen@58398f9c
[00:05:41] [Render thread/INFO] (fabric-client-gametest-api-v1) World loading finished: null screen: net.minecraft.client.gui.screens.LevelLoadingScreen@58398f9c
[00:05:41] [Render thread/INFO] (fabric-client-gametest-api-v1) World loading finished: null screen: net.minecraft.client.gui.screens.LevelLoadingScreen@58398f9c
[00:05:41] [Render thread/INFO] (fabric-client-gametest-api-v1) World loading finished: null screen: net.minecraft.client.gui.screens.LevelLoadingScreen@58398f9c
[00:05:41] [Render thread/INFO] (fabric-client-gametest-api-v1) World loading finished: null screen: net.minecraft.client.gui.screens.LevelLoadingScreen@58398f9c
[00:05:41] [Server thread/INFO] (Minecraft) Loading 48 chunks for player spawn...
[00:05:41] [Server thread/INFO] (Minecraft) Preparing spawn area: 16%
[00:05:41] [Render thread/INFO] (fabric-client-gametest-api-v1) World loading finished: null screen: net.minecraft.client.gui.screens.LevelLoadingScreen@58398f9c
[00:05:41] [Render thread/INFO] (fabric-client-gametest-api-v1) World loading finished: null screen: net.minecraft.client.gui.screens.LevelLoadingScreen@58398f9c
[00:05:42] [Render thread/INFO] (fabric-client-gametest-api-v1) World loading finished: null screen: net.minecraft.client.gui.screens.LevelLoadingScreen@58398f9c
[00:05:42] [Render thread/INFO] (fabric-client-gametest-api-v1) World loading finished: null screen: net.minecraft.client.gui.screens.LevelLoadingScreen@58398f9c
[00:05:42] [Render thread/INFO] (fabric-client-gametest-api-v1) World loading finished: null screen: net.minecraft.client.gui.screens.LevelLoadingScreen@58398f9c
[00:05:42] [Render thread/INFO] (fabric-client-gametest-api-v1) World loading finished: null screen: net.minecraft.client.gui.screens.LevelLoadingScreen@58398f9c
[00:05:42] [Server thread/INFO] (Minecraft) Time elapsed: 864 ms
[00:05:42] [Render thread/INFO] (fabric-client-gametest-api-v1) World loading finished: null screen: net.minecraft.client.gui.screens.LevelLoadingScreen@58398f9c
[00:05:42] [Server thread/INFO] (Minecraft) Player0[local:E:dad876bc] logged in with entity id 1 at (0.5, -60.0, 0.5)
[00:05:42] [Server thread/INFO] (Minecraft) [Dormant] Player0 joined the game
[00:05:42] [Server thread/INFO] (Minecraft) Changing view distance to 5, from 10
[00:05:42] [Server thread/INFO] (Minecraft) Changing simulation distance to 12, from 0
[00:05:42] [Render thread/INFO] (fabric-client-gametest-api-v1) World loading finished: null screen: net.minecraft.client.gui.screens.LevelLoadingScreen@58398f9c
[00:05:42] [Render thread/INFO] (Minecraft) Loaded 5 advancements
[00:05:42] [Render thread/INFO] (fabric-client-gametest-api-v1) World loading finished: ClientLevel screen: net.minecraft.client.gui.screens.LevelLoadingScreen@58398f9c
[00:05:42] [Render thread/INFO] (Minecraft) Resizing Dynamic Transforms UBO, capacity limit of 2 reached during a single frame. New capacity will be 4.
[00:05:42] [Render thread/INFO] (fabric-client-gametest-api-v1) World loading finished: ClientLevel screen: net.minecraft.client.gui.screens.LevelLoadingScreen@58398f9c
[00:05:42] [Render thread/INFO] (Minecraft) Resizing Dynamic Transforms UBO, capacity limit of 4 reached during a single frame. New capacity will be 8.
[00:05:42] [Render thread/INFO] (Minecraft) Resizing Dynamic Transforms UBO, capacity limit of 8 reached during a single frame. New capacity will be 16.
[00:05:42] [Download-2/ERROR] (Minecraft) Failed to retrieve profile key pair
MinecraftClientHttpException[type=HTTP_ERROR, status=401, response=ErrorResponse[path=/player/certificates, error=null, errorMessage=null, details=null]]
	at knot//com.mojang.authlib.minecraft.client.MinecraftClient.buildHttpException(MinecraftClient.java:170)
	at knot//com.mojang.authlib.minecraft.client.MinecraftClient.readServiceResponse(MinecraftClient.java:147)
	at knot//com.mojang.authlib.minecraft.client.MinecraftClient.post(MinecraftClient.java:89)
	at knot//com.mojang.authlib.yggdrasil.YggdrasilUserApiService.getKeyPair(YggdrasilUserApiService.java:62)
	at knot//net.minecraft.client.multiplayer.AccountProfileKeyPairManager.fetchProfileKeyPair(AccountProfileKeyPairManager.java:119)
	at knot//net.minecraft.client.multiplayer.AccountProfileKeyPairManager.lambda$readOrFetchProfileKeyPair$0(AccountProfileKeyPairManager.java:72)
	at java.base/java.util.concurrent.CompletableFuture$AsyncSupply.run(CompletableFuture.java:1789)
	at java.base/java.util.concurrent.ThreadPoolExecutor.runWorker(ThreadPoolExecutor.java:1090)
	at java.base/java.util.concurrent.ThreadPoolExecutor$Worker.run(ThreadPoolExecutor.java:614)
	at java.base/java.lang.Thread.run(Thread.java:1474)
[00:05:42] [Render thread/INFO] (fabric-client-gametest-api-v1) World loading finished: ClientLevel screen: net.minecraft.client.gui.screens.LevelLoadingScreen@58398f9c
[00:05:42] [Render thread/INFO] (fabric-client-gametest-api-v1) World loading finished: ClientLevel screen: net.minecraft.client.gui.screens.LevelLoadingScreen@58398f9c
[00:05:42] [Render thread/INFO] (fabric-client-gametest-api-v1) World loading finished: ClientLevel screen: net.minecraft.client.gui.screens.LevelLoadingScreen@58398f9c
[00:05:42] [Render thread/INFO] (Minecraft) Resizing Chunk Sections UBO, capacity limit of 2 reached during a single frame. New capacity will be 8.
[00:05:42] [Render thread/INFO] (fabric-client-gametest-api-v1) World loading finished: ClientLevel screen: net.minecraft.client.gui.screens.LevelLoadingScreen@58398f9c
[00:05:42] [Render thread/INFO] (fabric-client-gametest-api-v1) World loading finished: ClientLevel screen: net.minecraft.client.gui.screens.LevelLoadingScreen@58398f9c
[00:05:42] [Render thread/INFO] (Minecraft) Resizing Chunk Sections UBO, capacity limit of 8 reached during a single frame. New capacity will be 16.
[00:05:42] [Render thread/INFO] (fabric-client-gametest-api-v1) World loading finished: ClientLevel screen: net.minecraft.client.gui.screens.LevelLoadingScreen@58398f9c
[00:05:42] [Render thread/INFO] (fabric-client-gametest-api-v1) World loading finished: ClientLevel screen: net.minecraft.client.gui.screens.LevelLoadingScreen@58398f9c
[00:05:42] [Render thread/INFO] (fabric-client-gametest-api-v1) World loading finished: ClientLevel screen: net.minecraft.client.gui.screens.LevelLoadingScreen@58398f9c
[00:05:42] [Render thread/INFO] (fabric-client-gametest-api-v1) World loading finished: ClientLevel screen: net.minecraft.client.gui.screens.LevelLoadingScreen@58398f9c
[00:05:42] [Render thread/INFO] (fabric-client-gametest-api-v1) World loading finished: ClientLevel screen: net.minecraft.client.gui.screens.LevelLoadingScreen@58398f9c
[00:05:43] [Render thread/INFO] (fabric-client-gametest-api-v1) World loading finished: ClientLevel screen: net.minecraft.client.gui.screens.LevelLoadingScreen@58398f9c
[00:05:43] [Render thread/INFO] (Minecraft) Resizing Chunk Sections UBO, capacity limit of 16 reached during a single frame. New capacity will be 32.
[00:05:43] [Render thread/INFO] (fabric-client-gametest-api-v1) World loading finished: ClientLevel screen: net.minecraft.client.gui.screens.LevelLoadingScreen@58398f9c
[00:05:43] [Render thread/INFO] (fabric-client-gametest-api-v1) World loading finished: ClientLevel screen: net.minecraft.client.gui.screens.LevelLoadingScreen@58398f9c
[00:05:43] [Render thread/INFO] (fabric-client-gametest-api-v1) World loading finished: ClientLevel screen: net.minecraft.client.gui.screens.LevelLoadingScreen@58398f9c
[00:05:43] [Render thread/INFO] (fabric-client-gametest-api-v1) World loading finished: ClientLevel screen: null
[00:05:43] [Render thread/INFO] (Minecraft) Resizing Chunk Sections UBO, capacity limit of 32 reached during a single frame. New capacity will be 64.
[00:05:43] [Render thread/INFO] (Minecraft) Resizing Dynamic Transforms UBO, capacity limit of 16 reached during a single frame. New capacity will be 32.
[00:05:54] [Render thread/INFO] (Minecraft) Resizing Chunk Sections UBO, capacity limit of 64 reached during a single frame. New capacity will be 128.
[00:05:55] [Server thread/INFO] (Minecraft) Saving and pausing game...
[00:05:55] [Server thread/INFO] (Minecraft) Saving chunks for level 'ServerLevel[New World]'/minecraft:overworld
[00:05:55] [Server thread/INFO] (Minecraft) Saving chunks for level 'ServerLevel[New World]'/powers:dark_realm
[00:05:55] [Server thread/INFO] (Minecraft) Saving chunks for level 'ServerLevel[New World]'/powers:light_realm
[00:05:55] [Server thread/INFO] (Minecraft) Saving chunks for level 'ServerLevel[New World]'/minecraft:the_end
[00:05:55] [Server thread/INFO] (Minecraft) Saving chunks for level 'ServerLevel[New World]'/minecraft:the_nether
[00:05:55] [Server thread/INFO] (Minecraft) Saving chunks for level 'ServerLevel[New World]'/powers:middleworld
[00:05:55] [Server thread/INFO] (Minecraft) Saving and pausing game...
[00:05:55] [Server thread/INFO] (Minecraft) Saving chunks for level 'ServerLevel[New World]'/minecraft:overworld
[00:05:55] [Server thread/INFO] (Minecraft) Saving chunks for level 'ServerLevel[New World]'/powers:dark_realm
[00:05:55] [Server thread/INFO] (Minecraft) Saving chunks for level 'ServerLevel[New World]'/powers:light_realm
[00:05:55] [Server thread/INFO] (Minecraft) Saving chunks for level 'ServerLevel[New World]'/minecraft:the_end
[00:05:55] [Server thread/INFO] (Minecraft) Saving chunks for level 'ServerLevel[New World]'/minecraft:the_nether
[00:05:55] [Server thread/INFO] (Minecraft) Saving chunks for level 'ServerLevel[New World]'/powers:middleworld
[00:05:56] [Server thread/INFO] (Minecraft) Saving and pausing game...
[00:05:56] [Server thread/INFO] (Minecraft) Saving chunks for level 'ServerLevel[New World]'/minecraft:overworld
[00:05:56] [Server thread/INFO] (Minecraft) Saving chunks for level 'ServerLevel[New World]'/powers:dark_realm
[00:05:56] [Server thread/INFO] (Minecraft) Saving chunks for level 'ServerLevel[New World]'/powers:light_realm
[00:05:56] [Server thread/INFO] (Minecraft) Saving chunks for level 'ServerLevel[New World]'/minecraft:the_end
[00:05:56] [Server thread/INFO] (Minecraft) Saving chunks for level 'ServerLevel[New World]'/minecraft:the_nether
[00:05:56] [Server thread/INFO] (Minecraft) Saving chunks for level 'ServerLevel[New World]'/powers:middleworld
[00:05:56] [Server thread/INFO] (Minecraft) Available powers: size_shift, time_shift, flight, starfall, void_beam, fireball, lightning_strike, thunderclap, speed_burst, telekinesis, energy_beam, super_speed, breezy_bash, invisibility, time_freeze, forcefield, gravity_displacement, vessel_possession, astral_projection, energy_drain, ice_manipulation, plant_healing_acceleration, double_health
[00:05:56] [Server thread/INFO] (Minecraft)   [1] Plant and Healing Acceleration - Plant and Healing Acceleration
[00:05:56] [Server thread/INFO] (Minecraft)   [2] Thunderclap - Thunderclap
[00:05:56] [Server thread/INFO] (Minecraft)   [3] Invisibility - Invisibility
[00:05:56] [Server thread/INFO] (Minecraft) Assigned Flight to slot 1 of Player0
[00:05:56] [Server thread/INFO] (Minecraft) teleport consent allowed
[00:05:56] [Server thread/INFO] (Minecraft) Focused title: legacy_0 | Unlockable: none
[00:05:56] [Server thread/INFO] (Minecraft) magic=70/53 cells; spellFields=0 (cap/tick 32); artifactFields=0
[00:05:56] [Server thread/INFO] (Minecraft) forces=58694; clashes=0; auraCaps=512/player,4096/level; guardians=0
[00:05:56] [Server thread/INFO] (Minecraft) proxies=0; travelLoads=0; celestialEvents=0; forcedChunks=0
[00:05:56] [Server thread/INFO] (Minecraft) lastTick: packets=0; particles=0; entityInspections=0
[00:05:56] [Server thread/INFO] (Minecraft) configValidation: revision=0; adjustments=0; retained=0; dropped=0
[00:05:56] [Server thread/INFO] (Minecraft) operatorAudit: total=0
[00:05:56] [Server thread/INFO] (Minecraft) physicalRays=0; rayCollisionsThisTick=0; shadowSessions=0; revealedShadowBodies=0
[00:05:56] [Server thread/INFO] (Minecraft) shadowBodies=0 (hidden=0, revealed=0); tasks=0; energy=0; rites=0; toggles=0; casts=0; conjurations=0; planner=0; contexts=0; targetProfiles=0; creditWindows=0; forcedChunks=0; leaks=0
[00:05:56] [Server thread/INFO] (Minecraft) realmBuilds=12; containment=0 (cap/tick 256); invasions=0/64; concord=0/0
[00:05:56] [Server thread/INFO] (Minecraft) index=spellFields; dimension=minecraft:overworld; q=8; candidates=0; misses=8; stale=0; fallbackScans=0; memory~=0B
[00:05:56] [Server thread/INFO] (Minecraft) index=artifactFields; dimension=minecraft:overworld; q=0; candidates=0; misses=0; stale=0; fallbackScans=0; memory~=0B
[00:05:56] [Server thread/INFO] (Minecraft) index=amethystNatural; dimension=minecraft:overworld; q=12; candidates=0; misses=12; stale=0; fallbackScans=8; memory~=640B
[00:05:56] [Server thread/INFO] (Minecraft) index=amethystWards; dimension=minecraft:overworld; q=0; candidates=0; misses=0; stale=0; fallbackScans=0; memory~=0B
[00:05:56] [Server thread/INFO] (Minecraft) index=namedTargets; dimension=minecraft:overworld; q=0; candidates=0; misses=0; stale=0; fallbackScans=0; memory~=0B
[00:05:56] [Server thread/INFO] (Minecraft) index=livingForces; dimension=minecraft:overworld; q=1; candidates=0; misses=1; stale=0; fallbackScans=0; memory~=0B
[00:05:56] [Server thread/INFO] (Minecraft) index=spellFields; dimension=minecraft:the_end; q=0; candidates=0; misses=0; stale=0; fallbackScans=0; memory~=0B
[00:05:56] [Server thread/INFO] (Minecraft) index=artifactFields; dimension=minecraft:the_end; q=0; candidates=0; misses=0; stale=0; fallbackScans=0; memory~=0B
[00:05:56] [Server thread/INFO] (Minecraft) index=amethystNatural; dimension=minecraft:the_end; q=0; candidates=0; misses=0; stale=0; fallbackScans=0; memory~=0B
[00:05:56] [Server thread/INFO] (Minecraft) index=amethystWards; dimension=minecraft:the_end; q=0; candidates=0; misses=0; stale=0; fallbackScans=0; memory~=0B
[00:05:56] [Server thread/INFO] (Minecraft) index=namedTargets; dimension=minecraft:the_end; q=0; candidates=0; misses=0; stale=0; fallbackScans=0; memory~=0B
[00:05:56] [Server thread/INFO] (Minecraft) index=livingForces; dimension=minecraft:the_end; q=0; candidates=0; misses=0; stale=0; fallbackScans=0; memory~=0B
[00:05:56] [Server thread/INFO] (Minecraft) index=spellFields; dimension=minecraft:the_nether; q=0; candidates=0; misses=0; stale=0; fallbackScans=0; memory~=0B
[00:05:56] [Server thread/INFO] (Minecraft) index=artifactFields; dimension=minecraft:the_nether; q=0; candidates=0; misses=0; stale=0; fallbackScans=0; memory~=0B
[00:05:56] [Server thread/INFO] (Minecraft) index=amethystNatural; dimension=minecraft:the_nether; q=0; candidates=0; misses=0; stale=0; fallbackScans=0; memory~=0B
[00:05:56] [Server thread/INFO] (Minecraft) index=amethystWards; dimension=minecraft:the_nether; q=0; candidates=0; misses=0; stale=0; fallbackScans=0; memory~=0B
[00:05:56] [Server thread/INFO] (Minecraft) index=namedTargets; dimension=minecraft:the_nether; q=0; candidates=0; misses=0; stale=0; fallbackScans=0; memory~=0B
[00:05:56] [Server thread/INFO] (Minecraft) index=livingForces; dimension=minecraft:the_nether; q=0; candidates=0; misses=0; stale=0; fallbackScans=0; memory~=0B
[00:05:56] [Server thread/INFO] (Minecraft) index=spellFields; dimension=powers:dark_realm; q=5; candidates=0; misses=5; stale=0; fallbackScans=0; memory~=0B
[00:05:56] [Server thread/INFO] (Minecraft) index=artifactFields; dimension=powers:dark_realm; q=0; candidates=0; misses=0; stale=0; fallbackScans=0; memory~=0B
[00:05:56] [Server thread/INFO] (Minecraft) index=amethystNatural; dimension=powers:dark_realm; q=1; candidates=0; misses=1; stale=0; fallbackScans=2; memory~=160B
[00:05:56] [Server thread/INFO] (Minecraft) index=amethystWards; dimension=powers:dark_realm; q=0; candidates=0; misses=0; stale=0; fallbackScans=0; memory~=0B
[00:05:56] [Server thread/INFO] (Minecraft) index=namedTargets; dimension=powers:dark_realm; q=0; candidates=0; misses=0; stale=0; fallbackScans=0; memory~=0B
[00:05:56] [Server thread/INFO] (Minecraft) index=livingForces; dimension=powers:dark_realm; q=2; candidates=1083; misses=1; stale=0; fallbackScans=0; memory~=1501824B
[00:05:56] [Server thread/INFO] (Minecraft) index=spellFields; dimension=powers:light_realm; q=4; candidates=0; misses=4; stale=0; fallbackScans=0; memory~=0B
[00:05:56] [Server thread/INFO] (Minecraft) index=artifactFields; dimension=powers:light_realm; q=0; candidates=0; misses=0; stale=0; fallbackScans=0; memory~=0B
[00:05:56] [Server thread/INFO] (Minecraft) index=amethystNatural; dimension=powers:light_realm; q=2; candidates=0; misses=2; stale=0; fallbackScans=2; memory~=160B
[00:05:56] [Server thread/INFO] (Minecraft) index=amethystWards; dimension=powers:light_realm; q=0; candidates=0; misses=0; stale=0; fallbackScans=0; memory~=0B
[00:05:56] [Server thread/INFO] (Minecraft) index=namedTargets; dimension=powers:light_realm; q=0; candidates=0; misses=0; stale=0; fallbackScans=0; memory~=0B
[00:05:56] [Server thread/INFO] (Minecraft) index=livingForces; dimension=powers:light_realm; q=4; candidates=2158; misses=2; stale=0; fallbackScans=0; memory~=1337472B
[00:05:56] [Server thread/INFO] (Minecraft) index=spellFields; dimension=powers:middleworld; q=0; candidates=0; misses=0; stale=0; fallbackScans=0; memory~=0B
[00:05:56] [Server thread/INFO] (Minecraft) index=artifactFields; dimension=powers:middleworld; q=0; candidates=0; misses=0; stale=0; fallbackScans=0; memory~=0B
[00:05:56] [Server thread/INFO] (Minecraft) index=amethystNatural; dimension=powers:middleworld; q=0; candidates=0; misses=0; stale=0; fallbackScans=0; memory~=0B
[00:05:56] [Server thread/INFO] (Minecraft) index=amethystWards; dimension=powers:middleworld; q=0; candidates=0; misses=0; stale=0; fallbackScans=0; memory~=0B
[00:05:56] [Server thread/INFO] (Minecraft) index=namedTargets; dimension=powers:middleworld; q=0; candidates=0; misses=0; stale=0; fallbackScans=0; memory~=0B
[00:05:56] [Server thread/INFO] (Minecraft) index=livingForces; dimension=powers:middleworld; q=0; candidates=0; misses=0; stale=0; fallbackScans=0; memory~=0B
[00:05:56] [Server thread/INFO] (Minecraft) travelTickets=0/64; perDimensionLimit=24; lastRefusal=none
[00:05:56] [Server thread/INFO] (Minecraft) missingDimensions=0; droppedDistinct=0; orphanedRuinEvents=0
[00:05:56] [Server thread/INFO] (Minecraft) questTelemetrySamples=0; publicationReadyLevels=0/20; minimumPerLevel=20
[00:05:56] [Server thread/INFO] (powers) powers_operator_audit action=catastrophic_ritual result=success actor=[Dormant]_Player0 subject=world detail=preview
[00:05:56] [Server thread/INFO] (Minecraft) Heavenfall dry run at 0, -60, 0 in minecraft:overworld: crater=289 chunks, shockwave=564001 chunks, loaded entities=1.
[00:05:56] [Server thread/INFO] (Minecraft) Protected regions=0, center permitted=true, terrain=true, block entities=true. No world state was changed.
[00:05:56] [Server thread/INFO] (Minecraft) Reset bounded Shadow combat learning for Player0; conversation memory was preserved.
[00:05:56] [Server thread/INFO] (powers) powers_operator_audit action=testing_control result=success actor=[Dormant]_Player0 subject=Player0 detail=all_disabled
[00:05:56] [Server thread/INFO] (Minecraft) Testing limits — energy: DISABLED, cooldowns: DISABLED
[00:05:56] [Server thread/INFO] (Minecraft) Testing limits — energy: DISABLED, cooldowns: DISABLED
[00:05:56] [Server thread/INFO] (powers) powers_operator_audit action=testing_control result=success actor=[Dormant]_Player0 subject=Player0 detail=energy_normal
[00:05:56] [Server thread/INFO] (Minecraft) Testing limits — energy: normal, cooldowns: DISABLED
[00:05:56] [Server thread/INFO] (powers) powers_operator_audit action=testing_control result=success actor=[Dormant]_Player0 subject=Player0 detail=cooldowns_normal
[00:05:56] [Server thread/INFO] (Minecraft) Testing limits — energy: normal, cooldowns: normal
[00:05:56] [Server thread/INFO] (powers) powers_operator_audit action=testing_control result=success actor=[Dormant]_Player0 subject=Player0 detail=refill
[00:05:56] [Server thread/INFO] (Minecraft) Energy refilled and saved power cooldowns cleared.
[00:05:56] [Server thread/INFO] (Minecraft) Acceptance catalogue — innate=23, spell=12, crystal=11, artifact=56, entity=8, system=14
[00:05:56] [Server thread/INFO] (Minecraft) questTelemetrySamples=0; publicationReadyLevels=0/20; minimumPerLevel=20
[00:05:56] [Server thread/INFO] (Minecraft) LIGHT;1;0;0;0;
[00:05:56] [Server thread/INFO] (Minecraft) LIGHT;2;0;0;0;
[00:05:56] [Server thread/INFO] (Minecraft) LIGHT;3;0;0;0;
[00:05:56] [Server thread/INFO] (Minecraft) LIGHT;4;0;0;0;
[00:05:56] [Server thread/INFO] (Minecraft) LIGHT;5;0;0;0;
[00:05:56] [Server thread/INFO] (Minecraft) LIGHT;6;0;0;0;
[00:05:56] [Server thread/INFO] (Minecraft) LIGHT;7;0;0;0;
[00:05:56] [Server thread/INFO] (Minecraft) LIGHT;8;0;0;0;
[00:05:56] [Server thread/INFO] (Minecraft) LIGHT;9;0;0;0;
[00:05:56] [Server thread/INFO] (Minecraft) LIGHT;10;0;0;0;
[00:05:56] [Server thread/INFO] (Minecraft) DARK;1;0;0;0;
[00:05:56] [Server thread/INFO] (Minecraft) DARK;2;0;0;0;
[00:05:56] [Server thread/INFO] (Minecraft) DARK;3;0;0;0;
[00:05:56] [Server thread/INFO] (Minecraft) DARK;4;0;0;0;
[00:05:56] [Server thread/INFO] (Minecraft) DARK;5;0;0;0;
[00:05:56] [Server thread/INFO] (Minecraft) DARK;6;0;0;0;
[00:05:56] [Server thread/INFO] (Minecraft) DARK;7;0;0;0;
[00:05:56] [Server thread/INFO] (Minecraft) DARK;8;0;0;0;
[00:05:56] [Server thread/INFO] (Minecraft) DARK;9;0;0;0;
[00:05:56] [Server thread/INFO] (Minecraft) DARK;10;0;0;0;
[00:05:56] [Server thread/INFO] (Minecraft) Profile active=false; expectedPlayers=0; connectedPlayers=1; ticks=0/0; label=none
[00:05:56] [Server thread/INFO] (Minecraft) Spawned 7 bounded acceptance targets; use /powers testing arena clear when finished.
[00:05:56] [Server thread/INFO] (Minecraft) Spawned test actor: AcceptanceActor
[00:05:56] [Server thread/INFO] (Minecraft) Cleared 7 nearby acceptance targets.
[00:05:56] [Server thread/INFO] (powers) powers_operator_audit action=testing_control result=success actor=[Dormant]_Player0 subject=Player0 detail=reset
[00:05:56] [Server thread/INFO] (Minecraft) Testing limits — energy: normal, cooldowns: normal
[00:05:56] [Server thread/INFO] (powers) powers_operator_audit action=testing_control result=success actor=[Dormant]_Player0 subject=Player0 detail=all_normal
[00:05:56] [Server thread/INFO] (Minecraft) Testing limits — energy: normal, cooldowns: normal
[00:05:56] [Server thread/INFO] (powers) POWERS config validation: revision=1; adjustments=0; retained=0; dropped=0
[00:05:56] [Server thread/INFO] (Minecraft) Reloaded POWERS configuration; validation revision=1; adjustments=0; retained=0; dropped=0.
[00:05:56] [Server thread/INFO] (Minecraft) Player0 lost connection: Disconnected
[00:05:56] [Server thread/INFO] (Minecraft) [Dormant] Player0 left the game
[00:05:56] [Server thread/INFO] (Minecraft) Stopping singleplayer server as player logged out
[00:05:56] [Server thread/INFO] (Minecraft) Stopping server
[00:05:56] [Server thread/INFO] (Minecraft) Saving players
[00:05:56] [Server thread/INFO] (Minecraft) Saving worlds
[00:05:56] [Server thread/INFO] (Minecraft) Saving chunks for level 'ServerLevel[New World]'/minecraft:overworld
[00:05:56] [Server thread/INFO] (Minecraft) Saving chunks for level 'ServerLevel[New World]'/powers:dark_realm
[00:05:56] [Server thread/INFO] (Minecraft) Saving chunks for level 'ServerLevel[New World]'/powers:light_realm
[00:05:56] [Server thread/INFO] (Minecraft) Saving chunks for level 'ServerLevel[New World]'/minecraft:the_end
[00:05:56] [Server thread/INFO] (Minecraft) Saving chunks for level 'ServerLevel[New World]'/minecraft:the_nether
[00:05:56] [Server thread/INFO] (Minecraft) Saving chunks for level 'ServerLevel[New World]'/powers:middleworld
[00:05:56] [Server thread/INFO] (Minecraft) ThreadedAnvilChunkStorage (world): All chunks are saved
[00:05:56] [Server thread/INFO] (Minecraft) ThreadedAnvilChunkStorage (dark_realm): All chunks are saved
[00:05:56] [Server thread/INFO] (Minecraft) ThreadedAnvilChunkStorage (light_realm): All chunks are saved
[00:05:56] [Server thread/INFO] (Minecraft) ThreadedAnvilChunkStorage (DIM1): All chunks are saved
[00:05:56] [Server thread/INFO] (Minecraft) ThreadedAnvilChunkStorage (DIM-1): All chunks are saved
[00:05:56] [Server thread/INFO] (Minecraft) ThreadedAnvilChunkStorage (middleworld): All chunks are saved
[00:05:56] [Server thread/INFO] (Minecraft) ThreadedAnvilChunkStorage: All dimensions are saved
[00:05:57] [Render thread/INFO] (Minecraft) Stopping!
