[00:37:35] [main/INFO] (FabricLoader/GameProvider) Loading Minecraft 26.2 with Fabric Loader 0.19.3
[00:37:35] [main/INFO] (FabricLoader/Mappings) Mappings not present!
[00:37:35] [main/INFO] (FabricLoader) Loading 43 mods:
	- fabric-api 0.156.0+26.2
	   |-- fabric-key-mapping-api-v1 2.0.5+e2bdee789e
	   |-- fabric-model-loading-api-v1 8.0.16+c80601bb9e
	   |-- fabric-renderer-api-v1 14.1.3+2b0d8a229e
	   |-- fabric-renderer-indigo 9.1.3+2b0d8a229e
	   |-- fabric-rendering-v1 25.3.2+515ac5339e
	   |-- fabric-screen-api-v1 5.1.0+48e3c0b09e
	   \-- fabric-sound-api-v1 2.0.5+11a26f319e
	- fabric-api-base 2.0.4+ece063239e
	- fabric-api-lookup-api-v1 2.0.17+11e1c9a39e
	- fabric-biome-api-v1 18.0.6+c7bd5b8e9e
	- fabric-block-api-v1 3.0.3+ec56b6019e
	- fabric-block-getter-api-v2 2.0.7+ec56b6019e
	- fabric-command-api-v2 3.1.0+00cb03469e
	- fabric-content-registries-v0 11.3.0+d0a699d09e
	- fabric-convention-tags-v2 4.7.0+1f023a9e9e
	- fabric-crash-report-info-v1 1.0.5+086d547a9e
	- fabric-creative-tab-api-v1 5.0.14+d871b99e9e
	- fabric-data-attachment-api-v1 2.2.18+515ac5339e
	- fabric-data-generation-api-v1 25.5.0+aed122aa9e
	- fabric-debug-api-v1 1.0.2+c792624d9e
	- fabric-dimensions-v1 5.1.11+515ac5339e
	- fabric-entity-events-v1 5.0.5+06488ac19e
	- fabric-events-interaction-v0 5.2.7+515ac5339e
	- fabric-game-rule-api-v1 4.0.8+46a6d00c9e
	- fabric-gametest-api-v1 4.0.21+4a7fa0819e
	- fabric-item-api-v1 14.4.0+49a69a7b9e
	- fabric-lifecycle-events-v1 4.1.3+4575b05f9e
	- fabric-loot-api-v3 3.0.17+06488ac19e
	- fabric-menu-api-v1 2.0.16+086d547a9e
	- fabric-message-api-v1 7.0.7+086d547a9e
	- fabric-networking-api-v1 6.3.3+72073ef09e
	- fabric-object-builder-api-v1 24.1.0+6fcd5f039e
	- fabric-particles-v1 5.0.18+d1756aa99e
	- fabric-permission-api-v1 1.0.4+536fad2f9e
	- fabric-recipe-api-v1 9.0.20+11e1c9a39e
	- fabric-registry-sync-v0 7.1.0+c7bd5b8e9e
	- fabric-rendering-fluids-v1 6.0.4+06488ac19e
	- fabric-resource-conditions-api-v1 6.1.0+10e9a28b9e
	- fabric-resource-loader-v0 3.3.20+4fc5413f9e
	- fabric-resource-loader-v1 2.0.13+9edec1269e
	- fabric-serialization-api-v1 2.0.4+11a26f319e
	- fabric-tag-api-v1 2.1.4+515ac5339e
	- fabric-transfer-api-v1 8.0.12+11dbb7d79e
	- fabric-transitive-access-wideners-v1 8.1.4+67c847259e
	- fabricloader 0.19.3
	- java 25
	- minecraft 26.2
	- mixinextras 0.5.4
	- powers 1.0.2
[00:37:35] [main/INFO] (FabricLoader/Mixin) SpongePowered MIXIN Subsystem Version=0.8.7 Source=file:/Users/james/.gradle/caches/modules-2/files-2.1/net.fabricmc/sponge-mixin/0.17.3+mixin.0.8.7/41c4a3984a80f4679e759fb9f495587acc5cdac7/sponge-mixin-0.17.3+mixin.0.8.7.jar Service=Knot/Fabric Env=SERVER
[00:37:35] [main/INFO] (FabricLoader/Mixin) Compatibility level set to JAVA_25
[00:37:35] [main/INFO] (FabricLoader/MixinExtras|Service) Initializing MixinExtras via com.llamalad7.mixinextras.service.MixinExtrasServiceImpl(version=0.5.4).
[00:37:41] [main/INFO] (powers) Loaded rank mazes: 28 light nodes, 28 darkness nodes
[00:37:41] [main/INFO] (powers) Magic collision kernel loaded: 64 actions, 2080 exhaustive interactions
[00:37:41] [main/INFO] (powers) POWERS framework initialized with 23 power(s)
[00:37:41] [main/INFO] (Minecraft) Environment: Environment[sessionHost=https://sessionserver.mojang.com, servicesHost=https://api.minecraftservices.com, profilesHost=https://api.mojang.com, name=PROD]
[00:37:42] [Worker-Main-1/INFO] (Minecraft) No existing world data, creating new world
[00:37:42] [main/INFO] (Minecraft) Loaded 1605 recipes
[00:37:42] [main/INFO] (Minecraft) Loaded 1713 advancements
[00:37:42] [main/INFO] (powers) Loaded 14 Shadow knowledge entries
[00:37:42] [main/INFO] (BiomeModificationImpl) Applied 0 biome modifications to 0 of 69 new biomes in 595.0 μs
[00:37:42] [Server thread/INFO] (Minecraft) Starting minecraft server version 26.2
[00:37:42] [Server thread/INFO] (Minecraft) Loading properties
[00:37:42] [Server thread/INFO] (Minecraft) Default game type: SURVIVAL
[00:37:42] [Server thread/INFO] (Minecraft) Generating keypair
[00:37:42] [Server thread/INFO] (Minecraft) Starting Minecraft server on *:25565
[00:37:43] [Server thread/WARN] (Minecraft) **** SERVER IS RUNNING IN OFFLINE/INSECURE MODE!
[00:37:43] [Server thread/WARN] (Minecraft) The server will make no attempt to authenticate usernames. Beware.
[00:37:43] [Server thread/WARN] (Minecraft) While this makes the game possible to play without internet access, it also opens up the ability for hackers to connect with any username they choose.
[00:37:43] [Server thread/WARN] (Minecraft) To change this, set "online-mode" to "true" in the server.properties file.
[00:37:43] [Server thread/INFO] (Minecraft) Preparing level "world"
[00:37:43] [Server thread/INFO] (Minecraft) Selecting global world spawn...
[00:37:44] [Server thread/INFO] (Minecraft) Loading 0 persistent chunks...
[00:37:44] [Server thread/INFO] (Minecraft) Preparing spawn area: 100%
[00:37:44] [Server thread/INFO] (Minecraft) Time elapsed: 1293 ms
[00:37:44] [Server thread/INFO] (Minecraft) Done (1.415s)! For help, type "help"
[00:37:44] [Server thread/INFO] (Minecraft) Saving chunks for level 'ServerLevel[world]'/minecraft:overworld
[00:37:44] [Server thread/INFO] (Minecraft) Saving chunks for level 'ServerLevel[world]'/powers:dark_realm
[00:37:44] [Server thread/INFO] (Minecraft) Saving chunks for level 'ServerLevel[world]'/minecraft:the_nether
[00:37:44] [Server thread/INFO] (Minecraft) Saving chunks for level 'ServerLevel[world]'/powers:middleworld
[00:37:44] [Server thread/INFO] (Minecraft) Saving chunks for level 'ServerLevel[world]'/minecraft:the_end
[00:37:44] [Server thread/INFO] (Minecraft) Saving chunks for level 'ServerLevel[world]'/powers:light_realm
[00:37:44] [Server thread/INFO] (Minecraft) ThreadedAnvilChunkStorage (world): All chunks are saved
[00:37:44] [Server thread/INFO] (Minecraft) ThreadedAnvilChunkStorage (dark_realm): All chunks are saved
[00:37:44] [Server thread/INFO] (Minecraft) ThreadedAnvilChunkStorage (DIM-1): All chunks are saved
[00:37:44] [Server thread/INFO] (Minecraft) ThreadedAnvilChunkStorage (middleworld): All chunks are saved
[00:37:44] [Server thread/INFO] (Minecraft) ThreadedAnvilChunkStorage (DIM1): All chunks are saved
[00:37:44] [Server thread/INFO] (Minecraft) ThreadedAnvilChunkStorage (light_realm): All chunks are saved
[00:37:44] [Server thread/INFO] (Minecraft) ThreadedAnvilChunkStorage: All dimensions are saved
[00:38:14] [Server thread/INFO] (Minecraft) Incorrect argument for command
[00:38:14] [Server thread/INFO] (Minecraft) gamerule keepInventory true<--[HERE]
[00:38:15] [Server thread/INFO] (Minecraft) Marked 9 chunks in minecraft:overworld from [61, 61] to [63, 63] to be force loaded
[00:38:15] [Server thread/INFO] (Minecraft) Successfully filled 1089 block(s)
[00:38:15] [Server thread/INFO] (Minecraft) No blocks were filled
[00:38:23] [Server thread/INFO] (Minecraft) Gamerule keep_inventory is now set to: true
[00:38:44] [Server thread/INFO] (Minecraft) Server empty for 60 seconds, pausing
[00:38:56] [Server thread/INFO] (Minecraft) Enemy[/127.0.0.1:55177] logged in with entity id 21 at (7.5, 70.0, 8.5)
[00:38:56] [Server thread/INFO] (Minecraft) [Dormant] Enemy joined the game
[00:38:56] [Server thread/INFO] (Minecraft) Observer[/127.0.0.1:55176] logged in with entity id 22 at (9.5, 69.0, 0.5)
[00:38:56] [Server thread/INFO] (Minecraft) [Dormant] Observer joined the game
[00:38:56] [Server thread/INFO] (Minecraft) Caster[/127.0.0.1:55175] logged in with entity id 23 at (-1.5, 70.0, -8.5)
[00:38:56] [Server thread/INFO] (Minecraft) [Dormant] Caster joined the game
[00:38:56] [Server thread/INFO] (Minecraft) Ally[/127.0.0.1:55174] logged in with entity id 24 at (5.5, 70.0, 3.5)
[00:38:56] [Server thread/INFO] (Minecraft) [Dormant] Ally joined the game
[00:38:58] [Server thread/WARN] (Minecraft) Can't keep up! Is the server overloaded? Running 2031ms or 40 ticks behind
[00:39:12] [Server thread/INFO] (Minecraft) Made Caster a server operator
[00:39:12] [Server thread/INFO] (Minecraft) Made Ally a server operator
[00:39:12] [Server thread/INFO] (Minecraft) Made Enemy a server operator
[00:39:12] [Server thread/INFO] (Minecraft) Made Observer a server operator
[00:39:12] [Server thread/INFO] (Minecraft) Set [Dormant] Observer's game mode to Spectator Mode
[00:39:12] [Server thread/INFO] (Minecraft) Teleported [Dormant] Caster to 1000.500000, 100.000000, 1000.500000
[00:39:12] [Server thread/INFO] (Minecraft) Teleported [Dormant] Ally to 1001.500000, 100.000000, 1000.500000
[00:39:12] [Server thread/INFO] (Minecraft) Teleported [Dormant] Enemy to 1000.500000, 100.000000, 1008.500000
[00:39:12] [Server thread/INFO] (Minecraft) Teleported [Dormant] Observer to 1010.500000, 104.000000, 1004.500000
[00:39:12] [Server thread/INFO] (Minecraft) Assigned Forcefield to slot 1 of Caster
[00:39:12] [Server thread/INFO] (Minecraft) Assigned Energy Beam to slot 2 of Caster
[00:39:12] [Server thread/INFO] (Minecraft) Assigned Flight to slot 3 of Caster
[00:39:12] [Server thread/INFO] (Minecraft) Added tag 'darkness' to [Dormant] Enemy
[00:39:12] [Server thread/INFO] (Minecraft) Assigned Thunderclap to slot 1 of Enemy
[00:39:12] [Server thread/INFO] (Minecraft) Assigned Void Beam to slot 2 of Enemy
[00:39:12] [Server thread/INFO] (Minecraft) Assigned Flight to slot 3 of Enemy
[00:39:12] [Server thread/INFO] (Minecraft) Added tag 'darkness' to [Dormant] Caster
[00:39:12] [Server thread/INFO] (Minecraft) Gave 1 [Shadow Sword] to [Dormant] Caster
[00:39:12] [Server thread/INFO] (Minecraft) Spawned test actor: CombatTarget
[00:39:12] [Server thread/INFO] (Minecraft) Teleported CombatTarget to 1000.500000, 100.000000, 1004.500000
[00:39:12] [Server thread/INFO] (Minecraft)   [1] Forcefield - Forcefield
[00:39:12] [Server thread/INFO] (Minecraft)   [2] Energy Beam - Energy Beam
[00:39:12] [Server thread/INFO] (Minecraft)   [3] Flight - Flight
[00:39:12] [Server thread/INFO] (Minecraft)   [1] Thunderclap - Thunderclap
[00:39:12] [Server thread/INFO] (Minecraft)   [2] Void Beam - Void Beam
[00:39:12] [Server thread/INFO] (Minecraft)   [3] Flight - Flight
[00:39:12] [Server thread/INFO] (Minecraft) There are 4 of a max of 20 players online: [Dormant] Enemy, [Dormant] Observer, [Dormant] Caster, [Dormant] Ally
[00:39:26] [Server thread/INFO] (powers) powers_operator_audit action=testing_control result=success actor=[Unmarked]_Enemy subject=Enemy detail=all_disabled
[00:39:26] [Server thread/INFO] (powers) powers_operator_audit action=testing_control result=success actor=[Unmarked]_Caster subject=Caster detail=all_disabled
[00:39:26] [Server thread/INFO] (powers) powers_operator_audit action=testing_control result=success actor=[Dormant]_Ally subject=Ally detail=all_disabled
[00:39:41] [Server thread/INFO] (Minecraft) [Dormant] Ally fell from a high place
[00:39:53] [Server thread/INFO] (powers) powers_operator_audit action=testing_control result=success actor=[Unmarked]_Caster subject=Caster detail=all_disabled
[00:39:56] [Server thread/INFO] (Minecraft) There are 4 of a max of 20 players online: [Unmarked] Enemy, [Dormant] Observer, [Unmarked] Caster, [Dormant] Ally
[00:39:58] [Server thread/INFO] (Minecraft) <Caster> shadow, why would amethyst stop my last spell?
[00:40:01] [Server thread/INFO] (Minecraft) <Caster> shadow, use lightning strike
[00:40:33] [Server thread/INFO] (Minecraft) Named entity PowerTestActor['CombatTarget'/249, l='ServerLevel[world]', x=984.50, y=98.00, z=1027.26] died: CombatTarget was consumed by ancient power
[00:42:44] [Server thread/INFO] (Minecraft) magic=0/0 cells; spellFields=0 (cap/tick 32); artifactFields=0
[00:42:44] [Server thread/INFO] (Minecraft) forces=0; clashes=0; auraCaps=512/player,4096/level; guardians=0
[00:42:44] [Server thread/INFO] (Minecraft) proxies=0; travelLoads=0; celestialEvents=0; forcedChunks=0
[00:42:44] [Server thread/INFO] (Minecraft) lastTick: packets=0; particles=0; entityInspections=0
[00:42:44] [Server thread/INFO] (Minecraft) configValidation: revision=0; adjustments=0; retained=0; dropped=0
[00:42:44] [Server thread/INFO] (Minecraft) operatorAudit: total=4
[00:42:44] [Server thread/INFO] (Minecraft) operatorAudit action=testing_control; result=success; count=4
[00:42:44] [Server thread/INFO] (Minecraft) physicalRays=0; rayCollisionsThisTick=0; shadowSessions=1; revealedShadowBodies=1
[00:42:44] [Server thread/INFO] (Minecraft) shadowBodies=1 (hidden=0, revealed=1); tasks=0; energy=1850; rites=0; toggles=0; casts=40; conjurations=0; planner=1; contexts=1; targetProfiles=1; creditWindows=0; forcedChunks=0; leaks=0
[00:42:44] [Server thread/INFO] (Minecraft) realmBuilds=0; containment=0 (cap/tick 256); invasions=0/64; concord=2/0
[00:42:44] [Server thread/INFO] (Minecraft) index=spellFields; dimension=minecraft:overworld; q=40; candidates=0; misses=40; stale=0; fallbackScans=0; memory~=0B
[00:42:44] [Server thread/INFO] (Minecraft) index=artifactFields; dimension=minecraft:overworld; q=0; candidates=0; misses=0; stale=0; fallbackScans=0; memory~=0B
[00:42:44] [Server thread/INFO] (Minecraft) index=amethystNatural; dimension=minecraft:overworld; q=1590; candidates=0; misses=1590; stale=6; fallbackScans=37; memory~=2480B
[00:42:44] [Server thread/INFO] (Minecraft) index=amethystWards; dimension=minecraft:overworld; q=0; candidates=0; misses=0; stale=0; fallbackScans=0; memory~=0B
[00:42:44] [Server thread/INFO] (Minecraft) index=namedTargets; dimension=minecraft:overworld; q=0; candidates=0; misses=0; stale=0; fallbackScans=0; memory~=184B
[00:42:44] [Server thread/INFO] (Minecraft) index=livingForces; dimension=minecraft:overworld; q=1448; candidates=0; misses=1448; stale=0; fallbackScans=0; memory~=0B
[00:42:44] [Server thread/INFO] (Minecraft) index=spellFields; dimension=minecraft:the_end; q=0; candidates=0; misses=0; stale=0; fallbackScans=0; memory~=0B
[00:42:44] [Server thread/INFO] (Minecraft) index=artifactFields; dimension=minecraft:the_end; q=0; candidates=0; misses=0; stale=0; fallbackScans=0; memory~=0B
[00:42:44] [Server thread/INFO] (Minecraft) index=amethystNatural; dimension=minecraft:the_end; q=0; candidates=0; misses=0; stale=0; fallbackScans=0; memory~=0B
[00:42:44] [Server thread/INFO] (Minecraft) index=amethystWards; dimension=minecraft:the_end; q=0; candidates=0; misses=0; stale=0; fallbackScans=0; memory~=0B
[00:42:44] [Server thread/INFO] (Minecraft) index=namedTargets; dimension=minecraft:the_end; q=0; candidates=0; misses=0; stale=0; fallbackScans=0; memory~=0B
[00:42:44] [Server thread/INFO] (Minecraft) index=livingForces; dimension=minecraft:the_end; q=0; candidates=0; misses=0; stale=0; fallbackScans=0; memory~=0B
[00:42:44] [Server thread/INFO] (Minecraft) index=spellFields; dimension=minecraft:the_nether; q=0; candidates=0; misses=0; stale=0; fallbackScans=0; memory~=0B
[00:42:44] [Server thread/INFO] (Minecraft) index=artifactFields; dimension=minecraft:the_nether; q=0; candidates=0; misses=0; stale=0; fallbackScans=0; memory~=0B
[00:42:44] [Server thread/INFO] (Minecraft) index=amethystNatural; dimension=minecraft:the_nether; q=0; candidates=0; misses=0; stale=0; fallbackScans=0; memory~=0B
[00:42:44] [Server thread/INFO] (Minecraft) index=amethystWards; dimension=minecraft:the_nether; q=0; candidates=0; misses=0; stale=0; fallbackScans=0; memory~=0B
[00:42:44] [Server thread/INFO] (Minecraft) index=namedTargets; dimension=minecraft:the_nether; q=0; candidates=0; misses=0; stale=0; fallbackScans=0; memory~=0B
[00:42:44] [Server thread/INFO] (Minecraft) index=livingForces; dimension=minecraft:the_nether; q=0; candidates=0; misses=0; stale=0; fallbackScans=0; memory~=0B
[00:42:44] [Server thread/INFO] (Minecraft) index=spellFields; dimension=powers:dark_realm; q=0; candidates=0; misses=0; stale=0; fallbackScans=0; memory~=0B
[00:42:44] [Server thread/INFO] (Minecraft) index=artifactFields; dimension=powers:dark_realm; q=0; candidates=0; misses=0; stale=0; fallbackScans=0; memory~=0B
[00:42:44] [Server thread/INFO] (Minecraft) index=amethystNatural; dimension=powers:dark_realm; q=0; candidates=0; misses=0; stale=0; fallbackScans=0; memory~=0B
[00:42:44] [Server thread/INFO] (Minecraft) index=amethystWards; dimension=powers:dark_realm; q=0; candidates=0; misses=0; stale=0; fallbackScans=0; memory~=0B
[00:42:44] [Server thread/INFO] (Minecraft) index=namedTargets; dimension=powers:dark_realm; q=0; candidates=0; misses=0; stale=0; fallbackScans=0; memory~=0B
[00:42:44] [Server thread/INFO] (Minecraft) index=livingForces; dimension=powers:dark_realm; q=0; candidates=0; misses=0; stale=0; fallbackScans=0; memory~=0B
[00:42:44] [Server thread/INFO] (Minecraft) index=spellFields; dimension=powers:light_realm; q=0; candidates=0; misses=0; stale=0; fallbackScans=0; memory~=0B
[00:42:44] [Server thread/INFO] (Minecraft) index=artifactFields; dimension=powers:light_realm; q=0; candidates=0; misses=0; stale=0; fallbackScans=0; memory~=0B
[00:42:44] [Server thread/INFO] (Minecraft) index=amethystNatural; dimension=powers:light_realm; q=0; candidates=0; misses=0; stale=0; fallbackScans=0; memory~=0B
[00:42:44] [Server thread/INFO] (Minecraft) index=amethystWards; dimension=powers:light_realm; q=0; candidates=0; misses=0; stale=0; fallbackScans=0; memory~=0B
[00:42:44] [Server thread/INFO] (Minecraft) index=namedTargets; dimension=powers:light_realm; q=0; candidates=0; misses=0; stale=0; fallbackScans=0; memory~=0B
[00:42:44] [Server thread/INFO] (Minecraft) index=livingForces; dimension=powers:light_realm; q=0; candidates=0; misses=0; stale=0; fallbackScans=0; memory~=0B
[00:42:44] [Server thread/INFO] (Minecraft) index=spellFields; dimension=powers:middleworld; q=0; candidates=0; misses=0; stale=0; fallbackScans=0; memory~=0B
[00:42:44] [Server thread/INFO] (Minecraft) index=artifactFields; dimension=powers:middleworld; q=0; candidates=0; misses=0; stale=0; fallbackScans=0; memory~=0B
[00:42:44] [Server thread/INFO] (Minecraft) index=amethystNatural; dimension=powers:middleworld; q=0; candidates=0; misses=0; stale=0; fallbackScans=0; memory~=0B
[00:42:44] [Server thread/INFO] (Minecraft) index=amethystWards; dimension=powers:middleworld; q=0; candidates=0; misses=0; stale=0; fallbackScans=0; memory~=0B
[00:42:44] [Server thread/INFO] (Minecraft) index=namedTargets; dimension=powers:middleworld; q=0; candidates=0; misses=0; stale=0; fallbackScans=0; memory~=0B
[00:42:44] [Server thread/INFO] (Minecraft) index=livingForces; dimension=powers:middleworld; q=0; candidates=0; misses=0; stale=0; fallbackScans=0; memory~=0B
[00:42:44] [Server thread/INFO] (Minecraft) travelTickets=0/64; perDimensionLimit=24; lastRefusal=none
[00:42:45] [Server thread/INFO] (Minecraft) missingDimensions=0; droppedDistinct=0; orphanedRuinEvents=0
[00:42:45] [Server thread/INFO] (Minecraft) questTelemetrySamples=0; publicationReadyLevels=0/20; minimumPerLevel=20
[00:42:45] [Server thread/INFO] (Minecraft) There are 4 of a max of 20 players online: [Unmarked] Enemy, [Dormant] Observer, [Unmarked] Caster, [Dormant] Ally
[00:42:45] [Server thread/INFO] (Minecraft) Shadow of Caster has the following entity data: 77.0f
[00:42:45] [Server thread/INFO] (Minecraft) Invalid or unknown entity type 'powers:testing_player'
[00:42:45] [Server thread/INFO] (Minecraft) ...y @e[type=powers:testing_player] run data get entity @e[type=powers:testing_player,limit=1] Health<--[HERE]
[00:43:20] [Server thread/INFO] (Minecraft) Caster lost connection: Disconnected
[00:43:20] [Server thread/INFO] (Minecraft) [Unmarked] Caster left the game
[00:43:20] [Server thread/INFO] (Minecraft) Ally lost connection: Disconnected
[00:43:20] [Server thread/INFO] (Minecraft) [Dormant] Ally left the game
[00:43:20] [Server thread/INFO] (Minecraft) Enemy lost connection: Disconnected
[00:43:20] [Server thread/INFO] (Minecraft) [Unmarked] Enemy left the game
[00:43:20] [Server thread/INFO] (Minecraft) Observer lost connection: Disconnected
[00:43:20] [Server thread/INFO] (Minecraft) [Dormant] Observer left the game
[00:43:25] [Server thread/INFO] (Minecraft) Unmarked 9 chunks in minecraft:overworld from [61, 61] to [63, 63] for force loading
[00:43:25] [Server thread/INFO] (Minecraft) Stopping the server
[00:43:25] [Server thread/INFO] (Minecraft) Stopping server
[00:43:25] [Server thread/INFO] (Minecraft) Saving players
[00:43:25] [Server thread/INFO] (Minecraft) Saving worlds
[00:43:25] [Server thread/INFO] (Minecraft) Saving chunks for level 'ServerLevel[world]'/minecraft:overworld
[00:43:25] [Server thread/INFO] (Minecraft) Saving chunks for level 'ServerLevel[world]'/powers:dark_realm
[00:43:25] [Server thread/INFO] (Minecraft) Saving chunks for level 'ServerLevel[world]'/minecraft:the_nether
[00:43:25] [Server thread/INFO] (Minecraft) Saving chunks for level 'ServerLevel[world]'/powers:middleworld
[00:43:25] [Server thread/INFO] (Minecraft) Saving chunks for level 'ServerLevel[world]'/minecraft:the_end
[00:43:25] [Server thread/INFO] (Minecraft) Saving chunks for level 'ServerLevel[world]'/powers:light_realm
[00:43:25] [Server thread/INFO] (Minecraft) ThreadedAnvilChunkStorage (world): All chunks are saved
[00:43:25] [Server thread/INFO] (Minecraft) ThreadedAnvilChunkStorage (dark_realm): All chunks are saved
[00:43:25] [Server thread/INFO] (Minecraft) ThreadedAnvilChunkStorage (DIM-1): All chunks are saved
[00:43:25] [Server thread/INFO] (Minecraft) ThreadedAnvilChunkStorage (middleworld): All chunks are saved
[00:43:25] [Server thread/INFO] (Minecraft) ThreadedAnvilChunkStorage (DIM1): All chunks are saved
[00:43:25] [Server thread/INFO] (Minecraft) ThreadedAnvilChunkStorage (light_realm): All chunks are saved
[00:43:25] [Server thread/INFO] (Minecraft) ThreadedAnvilChunkStorage: All dimensions are saved
