[03:36:30] [main/INFO] (FabricLoader/GameProvider) Loading Minecraft 26.2 with Fabric Loader 0.19.3
[03:36:30] [main/INFO] (FabricLoader/Mappings) Mappings not present!
[03:36:30] [main/INFO] (FabricLoader) Loading 43 mods:
	- fabric-api 0.156.0+26.2
	   |-- fabric-key-mapping-api-v1 2.0.5+e2bdee789e
	   |-- fabric-model-loading-api-v1 8.0.16+c80601bb9e
	   |-- fabric-renderer-api-v1 14.1.3+2b0d8a229e
	   |-- fabric-renderer-indigo 9.1.3+2b0d8a229e
	   |-- fabric-rendering-v1 25.3.2+515ac5339e
	   |-- fabric-screen-api-v1 5.1.0+48e3c0b09e
	   \-- fabric-sound-api-v1 2.0.5+11a26f319e
	- fabric-api-base 2.0.4+ece063239e
	- fabric-api-lookup-api-v1 2.0.17+11e1c9a39e
	- fabric-biome-api-v1 18.0.6+c7bd5b8e9e
	- fabric-block-api-v1 3.0.3+ec56b6019e
	- fabric-block-getter-api-v2 2.0.7+ec56b6019e
	- fabric-command-api-v2 3.1.0+00cb03469e
	- fabric-content-registries-v0 11.3.0+d0a699d09e
	- fabric-convention-tags-v2 4.7.0+1f023a9e9e
	- fabric-crash-report-info-v1 1.0.5+086d547a9e
	- fabric-creative-tab-api-v1 5.0.14+d871b99e9e
	- fabric-data-attachment-api-v1 2.2.18+515ac5339e
	- fabric-data-generation-api-v1 25.5.0+aed122aa9e
	- fabric-debug-api-v1 1.0.2+c792624d9e
	- fabric-dimensions-v1 5.1.11+515ac5339e
	- fabric-entity-events-v1 5.0.5+06488ac19e
	- fabric-events-interaction-v0 5.2.7+515ac5339e
	- fabric-game-rule-api-v1 4.0.8+46a6d00c9e
	- fabric-gametest-api-v1 4.0.21+4a7fa0819e
	- fabric-item-api-v1 14.4.0+49a69a7b9e
	- fabric-lifecycle-events-v1 4.1.3+4575b05f9e
	- fabric-loot-api-v3 3.0.17+06488ac19e
	- fabric-menu-api-v1 2.0.16+086d547a9e
	- fabric-message-api-v1 7.0.7+086d547a9e
	- fabric-networking-api-v1 6.3.3+72073ef09e
	- fabric-object-builder-api-v1 24.1.0+6fcd5f039e
	- fabric-particles-v1 5.0.18+d1756aa99e
	- fabric-permission-api-v1 1.0.4+536fad2f9e
	- fabric-recipe-api-v1 9.0.20+11e1c9a39e
	- fabric-registry-sync-v0 7.1.0+c7bd5b8e9e
	- fabric-rendering-fluids-v1 6.0.4+06488ac19e
	- fabric-resource-conditions-api-v1 6.1.0+10e9a28b9e
	- fabric-resource-loader-v0 3.3.20+4fc5413f9e
	- fabric-resource-loader-v1 2.0.13+9edec1269e
	- fabric-serialization-api-v1 2.0.4+11a26f319e
	- fabric-tag-api-v1 2.1.4+515ac5339e
	- fabric-transfer-api-v1 8.0.12+11dbb7d79e
	- fabric-transitive-access-wideners-v1 8.1.4+67c847259e
	- fabricloader 0.19.3
	- java 25
	- minecraft 26.2
	- mixinextras 0.5.4
	- powers 1.0.2
[03:36:30] [main/INFO] (FabricLoader/Mixin) SpongePowered MIXIN Subsystem Version=0.8.7 Source=file:/Users/james/.gradle/caches/modules-2/files-2.1/net.fabricmc/sponge-mixin/0.17.3+mixin.0.8.7/41c4a3984a80f4679e759fb9f495587acc5cdac7/sponge-mixin-0.17.3+mixin.0.8.7.jar Service=Knot/Fabric Env=SERVER
[03:36:30] [main/INFO] (FabricLoader/Mixin) Compatibility level set to JAVA_25
[03:36:30] [main/INFO] (FabricLoader/MixinExtras|Service) Initializing MixinExtras via com.llamalad7.mixinextras.service.MixinExtrasServiceImpl(version=0.5.4).
[03:36:33] [main/INFO] (powers) Loaded rank mazes: 28 light nodes, 28 darkness nodes
[03:36:33] [main/INFO] (powers) Magic collision kernel loaded: 64 actions, 2080 exhaustive interactions
[03:36:33] [main/INFO] (powers) POWERS framework initialized with 23 power(s)
[03:36:33] [main/INFO] (Minecraft) Environment: Environment[sessionHost=https://sessionserver.mojang.com, servicesHost=https://api.minecraftservices.com, profilesHost=https://api.mojang.com, name=PROD]
[03:36:34] [Worker-Main-3/INFO] (Minecraft) No existing world data, creating new world
[03:36:34] [main/INFO] (Minecraft) Loaded 1605 recipes
[03:36:34] [main/INFO] (Minecraft) Loaded 1713 advancements
[03:36:34] [main/INFO] (powers) Loaded 14 Shadow knowledge entries
[03:36:34] [main/INFO] (BiomeModificationImpl) Applied 0 biome modifications to 0 of 69 new biomes in 633.0 μs
[03:36:34] [Server thread/INFO] (Minecraft) Starting minecraft server version 26.2
[03:36:34] [Server thread/INFO] (Minecraft) Loading properties
[03:36:34] [Server thread/INFO] (Minecraft) Default game type: SURVIVAL
[03:36:34] [Server thread/INFO] (Minecraft) Generating keypair
[03:36:34] [Server thread/INFO] (Minecraft) Starting Minecraft server on *:25565
[03:36:34] [Server thread/WARN] (Minecraft) **** SERVER IS RUNNING IN OFFLINE/INSECURE MODE!
[03:36:34] [Server thread/WARN] (Minecraft) The server will make no attempt to authenticate usernames. Beware.
[03:36:34] [Server thread/WARN] (Minecraft) While this makes the game possible to play without internet access, it also opens up the ability for hackers to connect with any username they choose.
[03:36:34] [Server thread/WARN] (Minecraft) To change this, set "online-mode" to "true" in the server.properties file.
[03:36:34] [Server thread/INFO] (Minecraft) Preparing level "world"
[03:36:34] [Server thread/INFO] (Minecraft) Selecting global world spawn...
[03:36:36] [Server thread/INFO] (Minecraft) Loading 0 persistent chunks...
[03:36:36] [Server thread/INFO] (Minecraft) Preparing spawn area: 100%
[03:36:36] [Server thread/INFO] (Minecraft) Time elapsed: 1198 ms
[03:36:36] [Server thread/INFO] (Minecraft) Done (1.335s)! For help, type "help"
[03:36:36] [Server thread/INFO] (Minecraft) Saving chunks for level 'ServerLevel[world]'/minecraft:overworld
[03:36:36] [Server thread/INFO] (Minecraft) Saving chunks for level 'ServerLevel[world]'/minecraft:the_end
[03:36:36] [Server thread/INFO] (Minecraft) Saving chunks for level 'ServerLevel[world]'/minecraft:the_nether
[03:36:36] [Server thread/INFO] (Minecraft) Saving chunks for level 'ServerLevel[world]'/powers:dark_realm
[03:36:36] [Server thread/INFO] (Minecraft) Saving chunks for level 'ServerLevel[world]'/powers:light_realm
[03:36:36] [Server thread/INFO] (Minecraft) Saving chunks for level 'ServerLevel[world]'/powers:middleworld
[03:36:36] [Server thread/INFO] (Minecraft) ThreadedAnvilChunkStorage (world): All chunks are saved
[03:36:36] [Server thread/INFO] (Minecraft) ThreadedAnvilChunkStorage (DIM1): All chunks are saved
[03:36:36] [Server thread/INFO] (Minecraft) ThreadedAnvilChunkStorage (DIM-1): All chunks are saved
[03:36:36] [Server thread/INFO] (Minecraft) ThreadedAnvilChunkStorage (dark_realm): All chunks are saved
[03:36:36] [Server thread/INFO] (Minecraft) ThreadedAnvilChunkStorage (light_realm): All chunks are saved
[03:36:36] [Server thread/INFO] (Minecraft) ThreadedAnvilChunkStorage (middleworld): All chunks are saved
[03:36:36] [Server thread/INFO] (Minecraft) ThreadedAnvilChunkStorage: All dimensions are saved
[03:37:36] [Server thread/INFO] (Minecraft) Server empty for 60 seconds, pausing
[03:39:01] [Server thread/INFO] (Minecraft) CrystalCaster[/127.0.0.1:57794] logged in with entity id 1 at (-8.5, 73.0, -16.5)
[03:39:01] [Server thread/INFO] (Minecraft) [Dormant] CrystalCaster joined the game
[03:40:19] [Server thread/INFO] (Minecraft) Made CrystalCaster a server operator
[03:40:22] [Server thread/INFO] (Minecraft) CrystalCaster lost connection: Disconnected
[03:40:22] [Server thread/INFO] (Minecraft) [Dormant] CrystalCaster left the game
[03:40:45] [Server thread/INFO] (Minecraft) CrystalCaster[/127.0.0.1:57820] logged in with entity id 597 at (-8.5, 73.0, -16.30000001192093)
[03:40:45] [Server thread/INFO] (Minecraft) [Dormant] CrystalCaster joined the game
[03:40:49] [Server thread/INFO] (powers) powers_operator_audit action=testing_control result=success actor=[Dormant]_CrystalCaster subject=CrystalCaster detail=all_disabled
[03:40:51] [Server thread/INFO] (Minecraft) [[Dormant] CrystalCaster: Applied effect Resistance to [Dormant] CrystalCaster]
[03:40:51] [Server thread/INFO] (Minecraft) [[Dormant] CrystalCaster: Teleported [Dormant] CrystalCaster to 0.500000, 101.000000, 0.500000]
[03:40:52] [Server thread/INFO] (Minecraft) [[Dormant] CrystalCaster: Successfully filled 1089 block(s)]
[03:40:52] [Server thread/INFO] (Minecraft) [[Dormant] CrystalCaster: Teleported [Dormant] CrystalCaster to 0.500000, 101.000000, 0.500000]
[03:40:53] [Server thread/INFO] (Minecraft) [[Dormant] CrystalCaster: Spawned test actor: InfernoTarget]
[03:40:53] [Server thread/INFO] (Minecraft) [[Dormant] CrystalCaster: Teleported InfernoTarget to 0.500000, 101.000000, 5.500000]
[03:40:54] [Server thread/INFO] (Minecraft) [[Dormant] CrystalCaster: Modified entity data of InfernoTarget]
[03:40:54] [Server thread/INFO] (Minecraft) [[Dormant] CrystalCaster: Replaced a slot on [Dormant] CrystalCaster with [Red Crystal]]
[03:41:00] [Server thread/INFO] (Minecraft) Named entity PowerTestActor['InfernoTarget'/880, l='ServerLevel[world]', x=0.50, y=101.00, z=5.50] died: InfernoTarget was killed while fighting [Dormant] CrystalCaster
[03:41:00] [Server thread/INFO] (Minecraft) [[Dormant] CrystalCaster: Killed InfernoTarget]
[03:41:02] [Server thread/INFO] (Minecraft) [[Dormant] CrystalCaster: Teleported [Dormant] CrystalCaster to 8.500000, 101.000000, 0.500000]
[03:41:02] [Server thread/INFO] (Minecraft) [[Dormant] CrystalCaster: Replaced a slot on [Dormant] CrystalCaster with [Orange Crystal]]
[03:41:05] [Server thread/INFO] (Minecraft) [Not Secure] [[Dormant] CrystalCaster] CLONE_SWARM_PRESENT
[03:41:07] [Server thread/INFO] (Minecraft) Named entity EchoClone['CrystalCaster's Echo'/911, l='ServerLevel[world]', x=12.05, y=101.00, z=3.03] died: CrystalCaster's Echo was killed
[03:41:07] [Server thread/INFO] (Minecraft) Named entity EchoClone['CrystalCaster's Echo'/912, l='ServerLevel[world]', x=7.75, y=101.00, z=1.80] died: CrystalCaster's Echo was killed
[03:41:07] [Server thread/INFO] (Minecraft) Named entity EchoClone['CrystalCaster's Echo'/913, l='ServerLevel[world]', x=7.75, y=101.00, z=-0.80] died: CrystalCaster's Echo was killed
[03:41:07] [Server thread/INFO] (Minecraft) [[Dormant] CrystalCaster: Killed 3 entities]
[03:41:09] [Server thread/INFO] (Minecraft) [[Dormant] CrystalCaster: Teleported [Dormant] CrystalCaster to -8.500000, 106.000000, 0.500000]
[03:41:14] [Server thread/INFO] (Minecraft) [Not Secure] [[Dormant] CrystalCaster] CREATION_CHAMBER_PRESENT
[03:41:14] [Server thread/INFO] (Minecraft) [Not Secure] [[Dormant] CrystalCaster] CREATION_FRAME_PRESENT
[03:41:16] [Server thread/INFO] (Minecraft) [[Dormant] CrystalCaster: Teleported [Dormant] CrystalCaster to 0.500000, 101.000000, 0.500000]
[03:41:17] [Server thread/INFO] (Minecraft) [[Dormant] CrystalCaster: Replaced a slot on [Dormant] CrystalCaster with [Yellow Crystal]]
[03:41:22] [Server thread/INFO] (Minecraft) [[Dormant] CrystalCaster: Teleported [Dormant] CrystalCaster to 0.500000, 101.000000, 0.500000]
[03:41:22] [Server thread/INFO] (Minecraft) [[Dormant] CrystalCaster: Spawned test actor: SoulA]
[03:41:23] [Server thread/INFO] (Minecraft) [[Dormant] CrystalCaster: Spawned test actor: SoulB]
[03:41:23] [Server thread/INFO] (Minecraft) [[Dormant] CrystalCaster: Teleported SoulA to 0.500000, 101.000000, 4.500000]
[03:41:24] [Server thread/INFO] (Minecraft) [[Dormant] CrystalCaster: Teleported SoulB to 3.500000, 101.000000, 4.500000]
[03:41:24] [Server thread/INFO] (Minecraft) [[Dormant] CrystalCaster: Modified entity data of SoulA]
[03:41:25] [Server thread/INFO] (Minecraft) [[Dormant] CrystalCaster: Modified entity data of SoulB]
[03:41:25] [Server thread/INFO] (Minecraft) [[Dormant] CrystalCaster: Replaced a slot on [Dormant] CrystalCaster with [Violet Crystal]]
[03:41:29] [Server thread/INFO] (Minecraft) [[Dormant] CrystalCaster: Applied 8.0 damage to SoulA]
[03:41:32] [Server thread/INFO] (Minecraft) Named entity PowerTestActor['SoulA'/945, l='ServerLevel[world]', x=0.50, y=101.00, z=4.50] died: SoulA was killed
[03:41:32] [Server thread/INFO] (Minecraft) [[Dormant] CrystalCaster: Killed SoulA]
[03:41:32] [Server thread/INFO] (Minecraft) Named entity PowerTestActor['SoulB'/946, l='ServerLevel[world]', x=3.50, y=101.00, z=4.50] died: SoulB was killed while fighting [Dormant] CrystalCaster
[03:41:32] [Server thread/INFO] (Minecraft) [[Dormant] CrystalCaster: Killed SoulB]
[03:41:34] [Server thread/INFO] (Minecraft) [[Dormant] CrystalCaster: Teleported [Dormant] CrystalCaster to 0.500000, 101.000000, 0.500000]
[03:41:34] [Server thread/INFO] (Minecraft) [[Dormant] CrystalCaster: Replaced a slot on [Dormant] CrystalCaster with [Blue Crystal]]
[03:41:42] [Server thread/INFO] (Minecraft) [[Dormant] CrystalCaster: Spawned test actor: DreamHost]
[03:41:43] [Server thread/INFO] (Minecraft) [[Dormant] CrystalCaster: Teleported DreamHost to 0.500000, 101.000000, 4.500000]
[03:41:43] [Server thread/INFO] (Minecraft) [[Dormant] CrystalCaster: Modified entity data of DreamHost]
[03:42:00] [Server thread/INFO] (Minecraft) [[Dormant] CrystalCaster: Teleported [Dormant] CrystalCaster to 8.500000, 101.000000, 0.500000]
[03:42:01] [Server thread/INFO] (Minecraft) [[Dormant] CrystalCaster: Summoned new "RealmMate"]
[03:42:01] [Server thread/INFO] (Minecraft) [[Dormant] CrystalCaster: Replaced a slot on [Dormant] CrystalCaster with [Indigo Crystal]]
[03:42:07] [Server thread/INFO] (Minecraft) [Not Secure] [[Dormant] CrystalCaster] MIDDLEWORLD_ENTERED
[03:42:07] [Server thread/INFO] (Minecraft) [Not Secure] [[Dormant] CrystalCaster] REALM_MATE_ENTERED
[03:42:09] [Server thread/INFO] (Minecraft) ["RealmMate": Teleported "RealmMate" to 13.500000, -59.000000, 7.500000]
[03:42:13] [Server thread/INFO] (Minecraft) [Not Secure] [[Dormant] CrystalCaster] MIDDLEWORLD_RETURNED
[03:42:14] [Server thread/INFO] (Minecraft) [Not Secure] [[Dormant] CrystalCaster] REALM_MATE_RETURNED
[03:42:27] [Server thread/INFO] (Minecraft) CrystalCaster lost connection: Disconnected
[03:42:27] [Server thread/INFO] (Minecraft) [Dormant] CrystalCaster left the game
[03:42:57] [Server thread/INFO] (Minecraft) Stopping the server
[03:42:57] [Server thread/INFO] (Minecraft) Stopping server
[03:42:57] [Server thread/INFO] (Minecraft) Saving players
[03:42:57] [Server thread/INFO] (Minecraft) Saving worlds
[03:42:57] [Server thread/INFO] (Minecraft) Saving chunks for level 'ServerLevel[world]'/minecraft:overworld
[03:42:57] [Server thread/INFO] (Minecraft) Saving chunks for level 'ServerLevel[world]'/minecraft:the_end
[03:42:57] [Server thread/INFO] (Minecraft) Saving chunks for level 'ServerLevel[world]'/minecraft:the_nether
[03:42:57] [Server thread/INFO] (Minecraft) Saving chunks for level 'ServerLevel[world]'/powers:dark_realm
[03:42:57] [Server thread/INFO] (Minecraft) Saving chunks for level 'ServerLevel[world]'/powers:light_realm
[03:42:57] [Server thread/INFO] (Minecraft) Saving chunks for level 'ServerLevel[world]'/powers:middleworld
[03:42:57] [Server thread/INFO] (Minecraft) ThreadedAnvilChunkStorage (world): All chunks are saved
[03:42:57] [Server thread/INFO] (Minecraft) ThreadedAnvilChunkStorage (DIM1): All chunks are saved
[03:42:57] [Server thread/INFO] (Minecraft) ThreadedAnvilChunkStorage (DIM-1): All chunks are saved
[03:42:57] [Server thread/INFO] (Minecraft) ThreadedAnvilChunkStorage (dark_realm): All chunks are saved
[03:42:57] [Server thread/INFO] (Minecraft) ThreadedAnvilChunkStorage (light_realm): All chunks are saved
[03:42:57] [Server thread/INFO] (Minecraft) ThreadedAnvilChunkStorage (middleworld): All chunks are saved
[03:42:57] [Server thread/INFO] (Minecraft) ThreadedAnvilChunkStorage: All dimensions are saved
