To honour the JVM settings for this build a single-use Daemon process will be forked. For more on this, please refer to https://docs.gradle.org/9.5.1/userguide/gradle_daemon.html#sec:disabling_the_daemon in the Gradle documentation.
Daemon will be stopped at the end of the build 

> Configure project :
Fabric Loom: 1.17.19

> Task :auditJavaSources
> Task :auditNonItemAssets
> Task :compileJava
> Task :processResources
> Task :classes
> Task :compileClientJava
> Task :processClientResources
> Task :clientClasses
> Task :compileExampleExtensionJava
> Task :processExampleExtensionResources
> Task :exampleExtensionClasses
> Task :compileGametestJava
> Task :deleteGameTestRunDir
> Task :acceptGameTestEula
> Task :generateLog4jConfig
> Task :generateDLIConfig
> Task :configureLaunch
> Task :processGametestResources
> Task :gametestClasses

> Task :runGameTest
[03:04:44] [main/INFO] (FabricLoader/GameProvider) Loading Minecraft 26.2 with Fabric Loader 0.19.3
[03:04:44] [main/INFO] (FabricLoader/Mappings) Mappings not present!
[03:04:44] [main/INFO] (FabricLoader) Loading 45 mods:
	- fabric-api 0.156.0+26.2
	   |-- fabric-key-mapping-api-v1 2.0.5+e2bdee789e
	   |-- fabric-model-loading-api-v1 8.0.16+c80601bb9e
	   |-- fabric-renderer-api-v1 14.1.3+2b0d8a229e
	   |-- fabric-renderer-indigo 9.1.3+2b0d8a229e
	   |-- fabric-rendering-v1 25.3.2+515ac5339e
	   |-- fabric-screen-api-v1 5.1.0+48e3c0b09e
	   \-- fabric-sound-api-v1 2.0.5+11a26f319e
	- fabric-api-base 2.0.4+ece063239e
	- fabric-api-lookup-api-v1 2.0.17+11e1c9a39e
	- fabric-biome-api-v1 18.0.6+c7bd5b8e9e
	- fabric-block-api-v1 3.0.3+ec56b6019e
	- fabric-block-getter-api-v2 2.0.7+ec56b6019e
	- fabric-command-api-v2 3.1.0+00cb03469e
	- fabric-content-registries-v0 11.3.0+d0a699d09e
	- fabric-convention-tags-v2 4.7.0+1f023a9e9e
	- fabric-crash-report-info-v1 1.0.5+086d547a9e
	- fabric-creative-tab-api-v1 5.0.14+d871b99e9e
	- fabric-data-attachment-api-v1 2.2.18+515ac5339e
	- fabric-data-generation-api-v1 25.5.0+aed122aa9e
	- fabric-debug-api-v1 1.0.2+c792624d9e
	- fabric-dimensions-v1 5.1.11+515ac5339e
	- fabric-entity-events-v1 5.0.5+06488ac19e
	- fabric-events-interaction-v0 5.2.7+515ac5339e
	- fabric-game-rule-api-v1 4.0.8+46a6d00c9e
	- fabric-gametest-api-v1 4.0.21+4a7fa0819e
	- fabric-item-api-v1 14.4.0+49a69a7b9e
	- fabric-lifecycle-events-v1 4.1.3+4575b05f9e
	- fabric-loot-api-v3 3.0.17+06488ac19e
	- fabric-menu-api-v1 2.0.16+086d547a9e
	- fabric-message-api-v1 7.0.7+086d547a9e
	- fabric-networking-api-v1 6.3.3+72073ef09e
	- fabric-object-builder-api-v1 24.1.0+6fcd5f039e
	- fabric-particles-v1 5.0.18+d1756aa99e
	- fabric-permission-api-v1 1.0.4+536fad2f9e
	- fabric-recipe-api-v1 9.0.20+11e1c9a39e
	- fabric-registry-sync-v0 7.1.0+c7bd5b8e9e
	- fabric-rendering-fluids-v1 6.0.4+06488ac19e
	- fabric-resource-conditions-api-v1 6.1.0+10e9a28b9e
	- fabric-resource-loader-v0 3.3.20+4fc5413f9e
	- fabric-resource-loader-v1 2.0.13+9edec1269e
	- fabric-serialization-api-v1 2.0.4+11a26f319e
	- fabric-tag-api-v1 2.1.4+515ac5339e
	- fabric-transfer-api-v1 8.0.12+11dbb7d79e
	- fabric-transitive-access-wideners-v1 8.1.4+67c847259e
	- fabricloader 0.19.3
	- java 25
	- minecraft 26.2
	- mixinextras 0.5.4
	- powers 1.0.2
	- powers-example-extension 1.0.0
	- powers-gametest 1.0.0
[03:04:44] [main/INFO] (FabricLoader/Mixin) SpongePowered MIXIN Subsystem Version=0.8.7 Source=file:<HOME>/.gradle/caches/modules-2/files-2.1/net.fabricmc/sponge-mixin/0.17.3+mixin.0.8.7/41c4a3984a80f4679e759fb9f495587acc5cdac7/sponge-mixin-0.17.3+mixin.0.8.7.jar Service=Knot/Fabric Env=SERVER
[03:04:44] [main/INFO] (FabricLoader/Mixin) Compatibility level set to JAVA_25
[03:04:45] [main/INFO] (FabricLoader/MixinExtras|Service) Initializing MixinExtras via com.llamalad7.mixinextras.service.MixinExtrasServiceImpl(version=0.5.4).
[03:04:50] [main/INFO] (powers) POWERS config validation: revision=1; adjustments=0; retained=0; dropped=0
[03:04:50] [main/INFO] (powers) Loaded rank mazes: 28 light nodes, 28 darkness nodes
[03:04:50] [main/INFO] (powers) Magic collision kernel loaded: 64 actions, 2080 exhaustive interactions
[03:04:50] [main/INFO] (powers) POWERS framework initialized with 23 power(s)
[03:04:50] [main/INFO] (Minecraft) Environment: Environment[sessionHost=https://sessionserver.mojang.com, servicesHost=https://api.minecraftservices.com, profilesHost=https://api.mojang.com, name=PROD]
[03:04:50] [main/INFO] (FabricGameTestRunner) Starting test server
[03:04:51] [main/INFO] (Minecraft) Loaded 1605 recipes
[03:04:51] [main/INFO] (Minecraft) Loaded 1713 advancements
[03:04:51] [main/INFO] (powers) Staged 2 initial action aliases until extension registration
[03:04:51] [main/INFO] (powers) Loaded 14 Shadow knowledge entries
[03:04:51] [main/INFO] (BiomeModificationImpl) Applied 0 biome modifications to 0 of 69 new biomes in 782.0 μs
[03:04:51] [Server thread/INFO] (powers) Published action registry revision 2 with 110 canonical keys and 2 aliases
[03:04:51] [Server thread/INFO] (Minecraft) Selecting global world spawn...
[03:04:51] [Server thread/INFO] (Minecraft) Loading 0 persistent chunks...
[03:04:51] [Server thread/INFO] (Minecraft) Preparing spawn area: 100%
[03:04:51] [Server thread/INFO] (Minecraft) Time elapsed: 270 ms
[03:04:51] [Server thread/INFO] (Minecraft) Started game test server
[03:04:52] [Server thread/INFO] (Minecraft) 134 tests are now running at position -6291476, -59, -14238461!
[03:04:52] [Server thread/INFO] (Minecraft) Running test environment 'powers:invasion_isolated' batch 0 (1 tests)...
[03:04:52] [Server thread/INFO] (Minecraft) test-mock-player[embedded] logged in with entity id 1 at (0.0, 0.0, 0.0)
[03:04:52] [Server thread/INFO] (Minecraft) [Dormant] test-mock-player joined the game
[03:04:53] [Server thread/INFO] (Minecraft) [_                                                                                                                                     ]
[03:04:53] [Server thread/INFO] (Minecraft) [_                                                                                                                                     ]
[03:04:53] [Server thread/INFO] (Minecraft) [_                                                                                                                                     ]
[03:04:53] [Server thread/INFO] (Minecraft) [_                                                                                                                                     ]
[03:04:53] [Server thread/INFO] (Minecraft) [_                                                                                                                                     ]
[03:04:53] [Server thread/INFO] (Minecraft) [_                                                                                                                                     ]
[03:04:53] [Server thread/INFO] (Minecraft) [_                                                                                                                                     ]
[03:04:53] [Server thread/INFO] (Minecraft) [_                                                                                                                                     ]
[03:04:53] [Server thread/INFO] (Minecraft) [_                                                                                                                                     ]
[03:04:53] [Server thread/INFO] (Minecraft) [_                                                                                                                                     ]
[03:04:53] [Server thread/INFO] (Minecraft) [_                                                                                                                                     ]
[03:04:53] [Server thread/INFO] (Minecraft) [_                                                                                                                                     ]
[03:04:53] [Server thread/INFO] (Minecraft) [_                                                                                                                                     ]
[03:04:53] [Server thread/INFO] (Minecraft) [_                                                                                                                                     ]
[03:04:53] [Server thread/INFO] (Minecraft) [_                                                                                                                                     ]
[03:04:53] [Server thread/INFO] (Minecraft) [_                                                                                                                                     ]
[03:04:53] [Server thread/INFO] (Minecraft) [_                                                                                                                                     ]
[03:04:53] [Server thread/INFO] (Minecraft) [_                                                                                                                                     ]
[03:04:53] [Server thread/INFO] (Minecraft) [_                                                                                                                                     ]
[03:04:53] [Server thread/INFO] (Minecraft) [_                                                                                                                                     ]
[03:04:53] [Server thread/INFO] (Minecraft) [_                                                                                                                                     ]
[03:04:53] [Server thread/INFO] (Minecraft) Running test environment 'powers:artifact_recents_isolated' batch 0 (1 tests)...
[03:04:53] [Server thread/INFO] (Minecraft) [+                                                                                                                                     ]
[03:04:53] [Server thread/INFO] (Minecraft) [+                                                                                                                                     ]
[03:04:53] [Server thread/INFO] (Minecraft) test-mock-player[embedded] logged in with entity id 6 at (0.0, 0.0, 0.0)
[03:04:53] [Server thread/INFO] (Minecraft) [Dormant] test-mock-player joined the game
[03:04:53] [Server thread/INFO] (Minecraft) Running test environment 'powers:fx_lod_isolated' batch 0 (1 tests)...
[03:04:53] [Server thread/INFO] (Minecraft) test-mock-player[embedded] logged in with entity id 7 at (0.0, 0.0, 0.0)
[03:04:53] [Server thread/INFO] (Minecraft) [Dormant] test-mock-player joined the game
[03:04:53] [Server thread/INFO] (Minecraft) test-mock-player[embedded] logged in with entity id 8 at (0.0, 0.0, 0.0)
[03:04:53] [Server thread/INFO] (Minecraft) [Dormant] test-mock-player joined the game
[03:04:53] [Server thread/INFO] (Minecraft) test-mock-player[embedded] logged in with entity id 9 at (0.0, 0.0, 0.0)
[03:04:53] [Server thread/INFO] (Minecraft) [Dormant] test-mock-player joined the game
[03:04:53] [Server thread/INFO] (Minecraft) Running test environment 'qa010_hostile:synthetic_reload' batch 0 (1 tests)...
[03:04:53] [Server thread/INFO] (Minecraft) test-mock-player[embedded] logged in with entity id 10 at (0.0, 0.0, 0.0)
[03:04:53] [Server thread/INFO] (Minecraft) [Dormant] test-mock-player joined the game
[03:04:54] [Server thread/INFO] (Minecraft) Loaded 1605 recipes
[03:04:54] [Server thread/INFO] (Minecraft) Loaded 1713 advancements
[03:04:54] [Server thread/INFO] (powers) Published action registry revision 3 with 110 canonical keys and 2 aliases
[03:04:54] [Server thread/INFO] (powers) Loaded 14 Shadow knowledge entries
[03:04:54] [Server thread/INFO] (Minecraft) [+++_                                                                                                                                  ]
[03:04:54] [Server thread/INFO] (Minecraft) [+++_                                                                                                                                  ]
[03:04:54] [Server thread/INFO] (Minecraft) [+++_                                                                                                                                  ]
[03:04:54] [Server thread/INFO] (Minecraft) [+++_                                                                                                                                  ]
[03:04:54] [Server thread/INFO] (Minecraft) [+++_                                                                                                                                  ]
[03:04:54] [Server thread/INFO] (Minecraft) [+++_                                                                                                                                  ]
[03:04:54] [Server thread/INFO] (Minecraft) [+++_                                                                                                                                  ]
[03:04:54] [Server thread/INFO] (Minecraft) [+++_                                                                                                                                  ]
[03:04:54] [Server thread/INFO] (Minecraft) [+++_                                                                                                                                  ]
[03:04:54] [Server thread/INFO] (Minecraft) [+++_                                                                                                                                  ]
[03:04:54] [Server thread/INFO] (Minecraft) [+++_                                                                                                                                  ]
[03:04:54] [Server thread/INFO] (Minecraft) [+++_                                                                                                                                  ]
[03:04:54] [Server thread/INFO] (Minecraft) Running test environment 'qa010_hostile:travel_graph' batch 0 (1 tests)...
[03:04:54] [Server thread/INFO] (Minecraft) test-mock-player[embedded] logged in with entity id 238 at (0.0, 0.0, 0.0)
[03:04:54] [Server thread/INFO] (Minecraft) [Dormant] test-mock-player joined the game
[03:04:55] [Server thread/INFO] (Minecraft) [++++_                                                                                                                                 ]
[03:04:55] [Server thread/INFO] (Minecraft) [++++_                                                                                                                                 ]
[03:04:55] [Server thread/INFO] (Minecraft) [++++_                                                                                                                                 ]
[03:04:55] [Server thread/INFO] (Minecraft) Running test environment 'powers:packet_fault_isolated' batch 0 (4 tests)...
[03:04:55] [Server thread/INFO] (Minecraft) test-mock-player[embedded] logged in with entity id 321 at (0.0, 0.0, 0.0)
[03:04:55] [Server thread/INFO] (Minecraft) [Dormant] test-mock-player joined the game
[03:04:55] [Server thread/INFO] (Minecraft) test-mock-player[embedded] logged in with entity id 327 at (0.0, 0.0, 0.0)
[03:04:55] [Server thread/INFO] (Minecraft) [Dormant] test-mock-player joined the game
[03:04:55] [Server thread/INFO] (Minecraft) [++++++_++                                                                                                                             ]
[03:04:55] [Server thread/INFO] (Minecraft) [++++++_++                                                                                                                             ]
[03:04:55] [Server thread/INFO] (Minecraft) [++++++_++                                                                                                                             ]
[03:04:55] [Server thread/INFO] (Minecraft) test-mock-player[embedded] logged in with entity id 415 at (0.0, 0.0, 0.0)
[03:04:55] [Server thread/INFO] (Minecraft) [Dormant] test-mock-player joined the game
[03:04:55] [Server thread/INFO] (Minecraft) test-mock-player[embedded] logged in with entity id 420 at (0.0, 0.0, 0.0)
[03:04:55] [Server thread/INFO] (Minecraft) [Dormant] test-mock-player joined the game
[03:04:55] [Server thread/INFO] (Minecraft) [++++++_++                                                                                                                             ]
[03:04:55] [Server thread/INFO] (Minecraft) [Dormant] test-mock-player has made the advancement [We Need to Go Deeper]
[03:04:55] [Server thread/INFO] (Minecraft) test-mock-player[embedded] logged in with entity id 443 at (0.0, 0.0, 0.0)
[03:04:55] [Server thread/INFO] (Minecraft) [Dormant] test-mock-player joined the game
[03:04:55] [Server thread/INFO] (Minecraft) test-mock-player[embedded] logged in with entity id 448 at (0.0, 0.0, 0.0)
[03:04:55] [Server thread/INFO] (Minecraft) [Dormant] test-mock-player joined the game
[03:04:55] [Server thread/INFO] (Minecraft) test-mock-player lost connection: QA-009 disconnect lifecycle
[03:04:55] [Server thread/INFO] (Minecraft) [Dormant] test-mock-player left the game
[03:04:55] [Server thread/INFO] (Minecraft) test-mock-player[embedded] logged in with entity id 453 at (0.0, 0.0, 0.0)
[03:04:55] [Server thread/INFO] (Minecraft) [Dormant] test-mock-player joined the game
[03:04:55] [Server thread/INFO] (Minecraft) [++++++_++                                                                                                                             ]
[03:04:55] [Server thread/INFO] (Minecraft) [++++++_++                                                                                                                             ]
[03:04:55] [Server thread/INFO] (Minecraft) [++++++_++                                                                                                                             ]
[03:04:55] [Server thread/INFO] (Minecraft) [++++++_++                                                                                                                             ]
[03:04:55] [Server thread/INFO] (Minecraft) [++++++_++                                                                                                                             ]
[03:04:55] [Server thread/INFO] (Minecraft) [++++++_++                                                                                                                             ]
[03:04:55] [Server thread/INFO] (Minecraft) [++++++_++                                                                                                                             ]
[03:04:55] [Server thread/INFO] (Minecraft) [++++++_++                                                                                                                             ]
[03:04:55] [Server thread/INFO] (Minecraft) [++++++_++                                                                                                                             ]
[03:04:55] [Server thread/INFO] (Minecraft) [++++++_++                                                                                                                             ]
[03:04:55] [Server thread/INFO] (Minecraft) [++++++_++                                                                                                                             ]
[03:04:55] [Server thread/INFO] (Minecraft) [++++++_++                                                                                                                             ]
[03:04:55] [Server thread/INFO] (Minecraft) [++++++_++                                                                                                                             ]
[03:04:55] [Server thread/INFO] (Minecraft) [++++++_++                                                                                                                             ]
[03:04:55] [Server thread/INFO] (Minecraft) [++++++_++                                                                                                                             ]
[03:04:55] [Server thread/INFO] (Minecraft) [++++++_++                                                                                                                             ]
[03:04:55] [Server thread/INFO] (Minecraft) [++++++_++                                                                                                                             ]
[03:04:55] [Server thread/INFO] (Minecraft) [++++++_++                                                                                                                             ]
[03:04:55] [Server thread/INFO] (Minecraft) [++++++_++                                                                                                                             ]
[03:04:55] [Server thread/INFO] (Minecraft) [++++++_++                                                                                                                             ]
[03:04:55] [Server thread/INFO] (Minecraft) [++++++_++                                                                                                                             ]
[03:04:55] [Server thread/INFO] (Minecraft) [++++++_++                                                                                                                             ]
[03:04:55] [Server thread/INFO] (Minecraft) [++++++_++                                                                                                                             ]
[03:04:55] [Server thread/INFO] (Minecraft) [++++++_++                                                                                                                             ]
[03:04:55] [Server thread/INFO] (Minecraft) [++++++_++                                                                                                                             ]
[03:04:55] [Server thread/INFO] (Minecraft) [++++++_++                                                                                                                             ]
[03:04:55] [Server thread/INFO] (Minecraft) [++++++_++                                                                                                                             ]
[03:04:55] [Server thread/INFO] (Minecraft) [++++++_++                                                                                                                             ]
[03:04:55] [Server thread/INFO] (Minecraft) [++++++_++                                                                                                                             ]
[03:04:55] [Server thread/INFO] (Minecraft) [++++++_++                                                                                                                             ]
[03:04:55] [Server thread/INFO] (Minecraft) Running test environment 'powers:vfx_gallery' batch 0 (1 tests)...
[03:04:55] [Server thread/INFO] (Minecraft) test-mock-player[embedded] logged in with entity id 594 at (0.0, 0.0, 0.0)
[03:04:55] [Server thread/INFO] (Minecraft) [Dormant] test-mock-player joined the game
[03:04:56] [Server thread/INFO] (Minecraft) Running test environment 'minecraft:default' batch 0 (50 tests)...
[03:04:56] [Server thread/INFO] (Minecraft) test-mock-player[embedded] logged in with entity id 606 at (0.0, 0.0, 0.0)
[03:04:56] [Server thread/INFO] (Minecraft) [Dormant] test-mock-player joined the game
[03:04:56] [Server thread/INFO] (Minecraft) test-mock-player[embedded] logged in with entity id 609 at (0.0, 0.0, 0.0)
[03:04:56] [Server thread/INFO] (Minecraft) [Dormant] test-mock-player joined the game
[03:04:56] [Server thread/INFO] (Minecraft) test-mock-player[embedded] logged in with entity id 610 at (0.0, 0.0, 0.0)
[03:04:56] [Server thread/INFO] (Minecraft) [Dormant] test-mock-player joined the game
[03:04:56] [Server thread/INFO] (Minecraft) test-mock-player[embedded] logged in with entity id 614 at (0.0, 0.0, 0.0)
[03:04:56] [Server thread/INFO] (Minecraft) [Dormant] test-mock-player joined the game
[03:04:56] [Server thread/INFO] (Minecraft) Named entity PowerTestActor['Test_72633e8a'/615, l='ServerLevel[Test Level]', x=-6291406.50, y=-56.00, z=-14238435.50] died: Test_72633e8a died
[03:04:56] [Server thread/INFO] (Minecraft) test-mock-player[embedded] logged in with entity id 618 at (0.0, 0.0, 0.0)
[03:04:56] [Server thread/INFO] (Minecraft) [Dormant] test-mock-player joined the game
[03:04:56] [Server thread/INFO] (Minecraft) Named entity FirstVessel['The First Vessel'/620, l='ServerLevel[Test Level]', x=-6291376.50, y=-56.00, z=-14238439.50] died: death.attack.powers.celestial_ruin
[03:04:56] [Server thread/INFO] (Minecraft) test-mock-player[embedded] logged in with entity id 624 at (0.0, 0.0, 0.0)
[03:04:56] [Server thread/INFO] (Minecraft) [Dormant] test-mock-player joined the game
[03:04:56] [Server thread/INFO] (Minecraft) test-mock-player[embedded] logged in with entity id 626 at (0.0, 0.0, 0.0)
[03:04:56] [Server thread/INFO] (Minecraft) [Dormant] test-mock-player joined the game
[03:04:56] [Server thread/INFO] (Minecraft) test-mock-player[embedded] logged in with entity id 628 at (0.0, 0.0, 0.0)
[03:04:56] [Server thread/INFO] (Minecraft) [Dormant] test-mock-player joined the game
[03:04:56] [Server thread/INFO] (Minecraft) test-mock-player[embedded] logged in with entity id 630 at (0.0, 0.0, 0.0)
[03:04:56] [Server thread/INFO] (Minecraft) [Dormant] test-mock-player joined the game
[03:04:56] [Server thread/INFO] (Minecraft) test-mock-player[embedded] logged in with entity id 631 at (0.0, 0.0, 0.0)
[03:04:56] [Server thread/INFO] (Minecraft) [Dormant] test-mock-player joined the game
[03:04:56] [Server thread/INFO] (Minecraft) test-mock-player[embedded] logged in with entity id 632 at (0.0, 0.0, 0.0)
[03:04:56] [Server thread/INFO] (Minecraft) [Dormant] test-mock-player joined the game
[03:04:56] [Server thread/INFO] (Minecraft) test-mock-player[embedded] logged in with entity id 633 at (0.0, 0.0, 0.0)
[03:04:56] [Server thread/INFO] (Minecraft) [Dormant] test-mock-player joined the game
[03:04:56] [Server thread/INFO] (Minecraft) test-mock-player[embedded] logged in with entity id 635 at (0.0, 0.0, 0.0)
[03:04:56] [Server thread/INFO] (Minecraft) [Dormant] test-mock-player joined the game
[03:04:56] [Server thread/INFO] (Minecraft) test-mock-player[embedded] logged in with entity id 638 at (0.0, 0.0, 0.0)
[03:04:56] [Server thread/INFO] (Minecraft) [Dormant] test-mock-player joined the game
[03:04:56] [Server thread/INFO] (Minecraft) test-mock-player[embedded] logged in with entity id 639 at (0.0, 0.0, 0.0)
[03:04:56] [Server thread/INFO] (Minecraft) [Dormant] test-mock-player joined the game
[03:04:56] [Server thread/INFO] (Minecraft) test-mock-player[embedded] logged in with entity id 642 at (0.0, 0.0, 0.0)
[03:04:56] [Server thread/INFO] (Minecraft) [Dormant] test-mock-player joined the game
[03:04:56] [Server thread/INFO] (Minecraft) test-mock-player[embedded] logged in with entity id 643 at (0.0, 0.0, 0.0)
[03:04:56] [Server thread/INFO] (Minecraft) [Dormant] test-mock-player joined the game
[03:04:56] [Server thread/INFO] (Minecraft) [Dormant] test-mock-player has made the advancement [We Need to Go Deeper]
[03:04:56] [Server thread/INFO] (Minecraft) test-mock-player[embedded] logged in with entity id 646 at (0.0, 0.0, 0.0)
[03:04:56] [Server thread/INFO] (Minecraft) [Dormant] test-mock-player joined the game
[03:04:56] [Server thread/INFO] (Minecraft) test-mock-player[embedded] logged in with entity id 647 at (0.0, 0.0, 0.0)
[03:04:56] [Server thread/INFO] (Minecraft) [Dormant] test-mock-player joined the game
[03:04:56] [Server thread/INFO] (Minecraft) test-mock-player[embedded] logged in with entity id 648 at (0.0, 0.0, 0.0)
[03:04:56] [Server thread/INFO] (Minecraft) [Dormant] test-mock-player joined the game
[03:04:56] [Server thread/INFO] (Minecraft) test-mock-player[embedded] logged in with entity id 649 at (0.0, 0.0, 0.0)
[03:04:56] [Server thread/INFO] (Minecraft) [Dormant] test-mock-player joined the game
[03:04:56] [Server thread/INFO] (powers) powers_operator_audit action=consent_override result=success actor=test-mock-player subject=test-mock-player detail=teleport
[03:04:56] [Server thread/INFO] (powers) powers_operator_audit action=consent_override result=success actor=test-mock-player subject=test-mock-player detail=locator
[03:04:56] [Server thread/INFO] (powers) powers_operator_audit action=consent_override result=success actor=test-mock-player subject=test-mock-player detail=companion
[03:04:56] [Server thread/INFO] (powers) powers_operator_audit action=consent_override result=success actor=test-mock-player subject=test-mock-player detail=dreamwalk
[03:04:56] [Server thread/INFO] (powers) powers_operator_audit action=consent_override result=success actor=test-mock-player subject=test-mock-player detail=possession
[03:04:56] [Server thread/INFO] (Minecraft) test-mock-player[embedded] logged in with entity id 650 at (0.0, 0.0, 0.0)
[03:04:56] [Server thread/INFO] (Minecraft) [Dormant] test-mock-player joined the game
[03:04:56] [Server thread/INFO] (powers) powers_operator_audit action=consent_override result=denied actor=test-mock-player subject=test-mock-player detail=deny_energy
[03:04:56] [Server thread/INFO] (powers) powers_operator_audit action=consent_override result=success actor=test-mock-player subject=test-mock-player detail=teleport
[03:04:56] [Server thread/INFO] (Minecraft) test-mock-player[embedded] logged in with entity id 651 at (0.0, 0.0, 0.0)
[03:04:56] [Server thread/INFO] (Minecraft) [Dormant] test-mock-player joined the game
[03:04:56] [Server thread/INFO] (Minecraft) test-mock-player[embedded] logged in with entity id 652 at (0.0, 0.0, 0.0)
[03:04:56] [Server thread/INFO] (Minecraft) [Dormant] test-mock-player joined the game
[03:04:56] [Server thread/INFO] (Minecraft) test-mock-player[embedded] logged in with entity id 653 at (0.0, 0.0, 0.0)
[03:04:56] [Server thread/INFO] (Minecraft) [Dormant] test-mock-player joined the game
[03:04:56] [Server thread/INFO] (Minecraft) test-mock-player[embedded] logged in with entity id 654 at (0.0, 0.0, 0.0)
[03:04:56] [Server thread/INFO] (Minecraft) [Dormant] test-mock-player joined the game
[03:04:56] [Server thread/INFO] (Minecraft) test-mock-player[embedded] logged in with entity id 655 at (0.0, 0.0, 0.0)
[03:04:56] [Server thread/INFO] (Minecraft) [Dormant] test-mock-player joined the game
[03:04:56] [Server thread/INFO] (Minecraft) test-mock-player[embedded] logged in with entity id 656 at (0.0, 0.0, 0.0)
[03:04:56] [Server thread/INFO] (Minecraft) [Dormant] test-mock-player joined the game
[03:04:56] [Server thread/INFO] (Minecraft) test-mock-player[embedded] logged in with entity id 663 at (0.0, 0.0, 0.0)
[03:04:56] [Server thread/INFO] (Minecraft) [Dormant] test-mock-player joined the game
[03:04:56] [Server thread/INFO] (Minecraft) test-mock-player[embedded] logged in with entity id 665 at (0.0, 0.0, 0.0)
[03:04:56] [Server thread/INFO] (Minecraft) [Dormant] test-mock-player joined the game
[03:04:56] [Server thread/INFO] (Minecraft) test-mock-player[embedded] logged in with entity id 667 at (0.0, 0.0, 0.0)
[03:04:56] [Server thread/INFO] (Minecraft) [Dormant] test-mock-player joined the game
[03:04:56] [Server thread/INFO] (Minecraft) <test-mock-player> shadow, hide yourself
[03:04:56] [Server thread/INFO] (Minecraft) <test-mock-player> shadow, leave me
[03:04:56] [Server thread/INFO] (Minecraft) test-mock-player[embedded] logged in with entity id 671 at (0.0, 0.0, 0.0)
[03:04:56] [Server thread/INFO] (Minecraft) [Dormant] test-mock-player joined the game
[03:04:57] [Server thread/INFO] (Minecraft) [++++++++++ _+++++__++++___+_+++++++++++  ++++_+  _                                                                                    ]
[03:04:57] [Server thread/INFO] (Minecraft) <test-mock-player> shadow, hide yourself
[03:04:57] [Server thread/INFO] (Minecraft) Named entity ShadowCompanionEntity['Shadow of test-mock-player'/666, l='ServerLevel[Test Level]', x=-6291395.66, y=-56.00, z=-14238374.19] died: Shadow of test-mock-player died
[03:04:57] [Server thread/INFO] (Minecraft) [Dormant] test-mock-player died
[03:04:57] [Server thread/INFO] (Minecraft) [Dormant] test-mock-player died
[03:04:57] [Server thread/INFO] (Minecraft) test-mock-player[embedded] logged in with entity id 682 at (0.0, 0.0, 0.0)
[03:04:57] [Server thread/INFO] (Minecraft) [Dormant] test-mock-player joined the game
[03:04:57] [Server thread/INFO] (Minecraft) test-mock-player[embedded] logged in with entity id 683 at (0.0, 0.0, 0.0)
[03:04:57] [Server thread/INFO] (Minecraft) [Dormant] test-mock-player joined the game
[03:04:57] [Server thread/INFO] (Minecraft) test-mock-player[embedded] logged in with entity id 685 at (0.0, 0.0, 0.0)
[03:04:57] [Server thread/INFO] (Minecraft) [Dormant] test-mock-player joined the game
[03:04:57] [Server thread/INFO] (Minecraft) test-mock-player[embedded] logged in with entity id 686 at (0.0, 0.0, 0.0)
[03:04:57] [Server thread/INFO] (Minecraft) [Dormant] test-mock-player joined the game
[03:04:57] [Server thread/INFO] (Minecraft) test-mock-player[embedded] logged in with entity id 687 at (0.0, 0.0, 0.0)
[03:04:57] [Server thread/INFO] (Minecraft) [Dormant] test-mock-player joined the game
[03:04:57] [Server thread/INFO] (Minecraft) test-mock-player[embedded] logged in with entity id 692 at (0.0, 0.0, 0.0)
[03:04:57] [Server thread/INFO] (Minecraft) [Dormant] test-mock-player joined the game
[03:04:57] [Server thread/INFO] (Minecraft) test-mock-player[embedded] logged in with entity id 693 at (0.0, 0.0, 0.0)
[03:04:57] [Server thread/INFO] (Minecraft) [Dormant] test-mock-player joined the game
[03:04:57] [Server thread/INFO] (Minecraft) test-mock-player[embedded] logged in with entity id 694 at (0.0, 0.0, 0.0)
[03:04:57] [Server thread/INFO] (Minecraft) [Dormant] test-mock-player joined the game
[03:04:57] [Server thread/INFO] (Minecraft) test-mock-player[embedded] logged in with entity id 696 at (0.0, 0.0, 0.0)
[03:04:57] [Server thread/INFO] (Minecraft) [Dormant] test-mock-player joined the game
[03:04:57] [Server thread/INFO] (Minecraft) test-mock-player[embedded] logged in with entity id 698 at (0.0, 0.0, 0.0)
[03:04:57] [Server thread/INFO] (Minecraft) [Dormant] test-mock-player joined the game
[03:04:57] [Server thread/INFO] (Minecraft) test-mock-player[embedded] logged in with entity id 701 at (0.0, 0.0, 0.0)
[03:04:57] [Server thread/INFO] (Minecraft) [Dormant] test-mock-player joined the game
[03:04:57] [Server thread/INFO] (Minecraft) [+++++++++++_+++++++++++__++_+++++++++++++++++_+++_++_++_+_++                                                                          ]
[03:04:57] [Server thread/INFO] (Minecraft) [Dormant] test-mock-player has made the advancement [We Need to Go Deeper]
[03:04:58] [Server thread/INFO] (Minecraft) [+++++++++++_+++++++++++__++_+++++++++++++++++_+++_++_++_+_++                                                                          ]
[03:04:58] [Server thread/INFO] (Minecraft) [+++++++++++_+++++++++++__++++++++++++++++++++_++++++++++++++                                                                          ]
[03:04:58] [Server thread/INFO] (Minecraft) [+++++++++++++++++++++++__++++++++++++++++++++_++++++++++++++                                                                          ]
[03:04:58] [Server thread/INFO] (Minecraft) [+++++++++++++++++++++++__++++++++++++++++++++_++++++++++++++                                                                          ]
[03:04:58] [Server thread/INFO] (Minecraft) <test-mock-player> shadow, hide yourself
[03:04:58] [Server thread/INFO] (Minecraft) <test-mock-player> shadow, leave me
[03:04:58] [Server thread/INFO] (Minecraft) [+++++++++++++++++++++++_++++++++++++++++++++++++++++++++++++                                                                          ]
[03:04:58] [Server thread/INFO] (Minecraft) [+++++++++++++++++++++++_++++++++++++++++++++++++++++++++++++                                                                          ]
[03:05:44] [Server thread/INFO] (Minecraft) Running test environment 'minecraft:default' batch 1 (50 tests)...
[03:05:45] [Server thread/INFO] (Minecraft) test-mock-player[embedded] logged in with entity id 1007 at (0.0, 0.0, 0.0)
[03:05:45] [Server thread/INFO] (Minecraft) [Dormant] test-mock-player joined the game
[03:05:45] [Server thread/INFO] (Minecraft) test-mock-player[embedded] logged in with entity id 1010 at (0.0, 0.0, 0.0)
[03:05:45] [Server thread/INFO] (Minecraft) [Dormant] test-mock-player joined the game
[03:05:45] [Server thread/INFO] (Minecraft) test-mock-player[embedded] logged in with entity id 1013 at (0.0, 0.0, 0.0)
[03:05:45] [Server thread/INFO] (Minecraft) [Dormant] test-mock-player joined the game
[03:05:45] [Server thread/INFO] (Minecraft) test-mock-player[embedded] logged in with entity id 1016 at (0.0, 0.0, 0.0)
[03:05:45] [Server thread/INFO] (Minecraft) [Dormant] test-mock-player joined the game
[03:05:45] [Server thread/INFO] (Minecraft) test-mock-player[embedded] logged in with entity id 1017 at (0.0, 0.0, 0.0)
[03:05:45] [Server thread/INFO] (Minecraft) [Dormant] test-mock-player joined the game
[03:05:45] [Server thread/INFO] (Minecraft) test-mock-player[embedded] logged in with entity id 1018 at (0.0, 0.0, 0.0)
[03:05:45] [Server thread/INFO] (Minecraft) [Dormant] test-mock-player joined the game
[03:05:45] [Server thread/INFO] (Minecraft) test-mock-player[embedded] logged in with entity id 1020 at (0.0, 0.0, 0.0)
[03:05:45] [Server thread/INFO] (Minecraft) [Dormant] test-mock-player joined the game
[03:05:45] [Server thread/INFO] (Minecraft) test-mock-player[embedded] logged in with entity id 1021 at (0.0, 0.0, 0.0)
[03:05:45] [Server thread/INFO] (Minecraft) [Dormant] test-mock-player joined the game
[03:05:45] [Server thread/INFO] (Minecraft) test-mock-player[embedded] logged in with entity id 1026 at (0.0, 0.0, 0.0)
[03:05:45] [Server thread/INFO] (Minecraft) [Dormant] test-mock-player joined the game
[03:05:45] [Server thread/INFO] (Minecraft) test-mock-player[embedded] logged in with entity id 1027 at (0.0, 0.0, 0.0)
[03:05:45] [Server thread/INFO] (Minecraft) [Dormant] test-mock-player joined the game
[03:05:45] [Server thread/INFO] (Minecraft) test-mock-player[embedded] logged in with entity id 1028 at (0.0, 0.0, 0.0)
[03:05:45] [Server thread/INFO] (Minecraft) [Dormant] test-mock-player joined the game
[03:05:45] [Server thread/INFO] (Minecraft) test-mock-player[embedded] logged in with entity id 1029 at (0.0, 0.0, 0.0)
[03:05:45] [Server thread/INFO] (Minecraft) [Dormant] test-mock-player joined the game
[03:05:45] [Server thread/INFO] (Minecraft) test-mock-player[embedded] logged in with entity id 1030 at (0.0, 0.0, 0.0)
[03:05:45] [Server thread/INFO] (Minecraft) [Dormant] test-mock-player joined the game
[03:05:45] [Server thread/INFO] (Minecraft) test-mock-player[embedded] logged in with entity id 1031 at (0.0, 0.0, 0.0)
[03:05:45] [Server thread/INFO] (Minecraft) [Dormant] test-mock-player joined the game
[03:05:45] [Server thread/INFO] (Minecraft) test-mock-player[embedded] logged in with entity id 1038 at (0.0, 0.0, 0.0)
[03:05:45] [Server thread/INFO] (Minecraft) [Dormant] test-mock-player joined the game
[03:05:45] [Server thread/INFO] (Minecraft) test-mock-player[embedded] logged in with entity id 1039 at (0.0, 0.0, 0.0)
[03:05:45] [Server thread/INFO] (Minecraft) [Dormant] test-mock-player joined the game
[03:05:45] [Server thread/INFO] (Minecraft) test-mock-player[embedded] logged in with entity id 1041 at (0.0, 0.0, 0.0)
[03:05:45] [Server thread/INFO] (Minecraft) [Dormant] test-mock-player joined the game
[03:05:45] [Server thread/INFO] (Minecraft) test-mock-player[embedded] logged in with entity id 1042 at (0.0, 0.0, 0.0)
[03:05:45] [Server thread/INFO] (Minecraft) [Dormant] test-mock-player joined the game
[03:05:45] [Server thread/INFO] (Minecraft) test-mock-player[embedded] logged in with entity id 1044 at (0.0, 0.0, 0.0)
[03:05:45] [Server thread/INFO] (Minecraft) [Dormant] test-mock-player joined the game
[03:05:45] [Server thread/INFO] (Minecraft) test-mock-player[embedded] logged in with entity id 1046 at (0.0, 0.0, 0.0)
[03:05:45] [Server thread/INFO] (Minecraft) [Dormant] test-mock-player joined the game
[03:05:45] [Server thread/INFO] (Minecraft) test-mock-player[embedded] logged in with entity id 1050 at (0.0, 0.0, 0.0)
[03:05:45] [Server thread/INFO] (Minecraft) [Dormant] test-mock-player joined the game
[03:05:45] [Server thread/INFO] (Minecraft) Named entity PowerTestActor['Target_thunderclap'/1053, l='ServerLevel[Test Level]', x=-6290127.50, y=-55.00, z=-14238027.50] died: Target_thunderclap was consumed by ancient power
[03:05:45] [Server thread/INFO] (Minecraft) test-mock-player[embedded] logged in with entity id 1065 at (0.0, 0.0, 0.0)
[03:05:45] [Server thread/INFO] (Minecraft) [Dormant] test-mock-player joined the game
[03:05:45] [Server thread/INFO] (Minecraft) test-mock-player[embedded] logged in with entity id 1066 at (0.0, 0.0, 0.0)
[03:05:45] [Server thread/INFO] (Minecraft) [Dormant] test-mock-player joined the game
[03:05:45] [Server thread/INFO] (Minecraft) test-mock-player[embedded] logged in with entity id 1067 at (0.0, 0.0, 0.0)
[03:05:45] [Server thread/INFO] (Minecraft) [Dormant] test-mock-player joined the game
[03:05:45] [Server thread/INFO] (Minecraft) test-mock-player[embedded] logged in with entity id 1068 at (0.0, 0.0, 0.0)
[03:05:45] [Server thread/INFO] (Minecraft) [Dormant] test-mock-player joined the game
[03:05:45] [Server thread/INFO] (Minecraft) test-mock-player[embedded] logged in with entity id 1069 at (0.0, 0.0, 0.0)
[03:05:45] [Server thread/INFO] (Minecraft) [Dormant] test-mock-player joined the game
[03:05:45] [Server thread/INFO] (Minecraft) test-mock-player[embedded] logged in with entity id 1070 at (0.0, 0.0, 0.0)
[03:05:45] [Server thread/INFO] (Minecraft) [Dormant] test-mock-player joined the game
[03:05:45] [Server thread/INFO] (Minecraft) test-mock-player[embedded] logged in with entity id 1071 at (0.0, 0.0, 0.0)
[03:05:45] [Server thread/INFO] (Minecraft) [Dormant] test-mock-player joined the game
[03:05:45] [Server thread/INFO] (Minecraft) test-mock-player[embedded] logged in with entity id 1072 at (0.0, 0.0, 0.0)
[03:05:45] [Server thread/INFO] (Minecraft) [Dormant] test-mock-player joined the game
[03:05:45] [Server thread/INFO] (Minecraft) test-mock-player[embedded] logged in with entity id 1073 at (0.0, 0.0, 0.0)
[03:05:45] [Server thread/INFO] (Minecraft) [Dormant] test-mock-player joined the game
[03:05:45] [Server thread/INFO] (Minecraft) test-mock-player[embedded] logged in with entity id 1074 at (0.0, 0.0, 0.0)
[03:05:45] [Server thread/INFO] (Minecraft) [Dormant] test-mock-player joined the game
[03:05:45] [Server thread/INFO] (Minecraft) test-mock-player[embedded] logged in with entity id 1075 at (0.0, 0.0, 0.0)
[03:05:45] [Server thread/INFO] (Minecraft) [Dormant] test-mock-player joined the game
[03:05:45] [Server thread/INFO] (Minecraft) test-mock-player[embedded] logged in with entity id 1076 at (0.0, 0.0, 0.0)
[03:05:45] [Server thread/INFO] (Minecraft) [Dormant] test-mock-player joined the game
[03:05:45] [Server thread/INFO] (Minecraft) test-mock-player[embedded] logged in with entity id 1221 at (0.0, 0.0, 0.0)
[03:05:45] [Server thread/INFO] (Minecraft) [Dormant] test-mock-player joined the game
[03:05:45] [Server thread/INFO] (Minecraft) test-mock-player[embedded] logged in with entity id 1227 at (0.0, 0.0, 0.0)
[03:05:45] [Server thread/INFO] (Minecraft) [Dormant] test-mock-player joined the game
[03:05:45] [Server thread/INFO] (powers) PERF-012 identical mixed AI: queries=24, cacheHits=12, inspections=348, legacyInspections=540, reductionPercent=35.56
[03:05:45] [Server thread/INFO] (Minecraft) test-mock-player[embedded] logged in with entity id 1273 at (0.0, 0.0, 0.0)
[03:05:45] [Server thread/INFO] (Minecraft) [Dormant] test-mock-player joined the game
[03:05:45] [Server thread/INFO] (Minecraft) test-mock-player[embedded] logged in with entity id 1274 at (0.0, 0.0, 0.0)
[03:05:45] [Server thread/INFO] (Minecraft) [Dormant] test-mock-player joined the game
[03:05:45] [Server thread/INFO] (Minecraft) test-mock-player[embedded] logged in with entity id 1279 at (0.0, 0.0, 0.0)
[03:05:45] [Server thread/INFO] (Minecraft) [Dormant] test-mock-player joined the game
[03:05:45] [Server thread/INFO] (Minecraft) test-mock-player[embedded] logged in with entity id 1283 at (0.0, 0.0, 0.0)
[03:05:45] [Server thread/INFO] (Minecraft) [Dormant] test-mock-player joined the game
[03:05:45] [Server thread/INFO] (Minecraft) test-mock-player[embedded] logged in with entity id 1285 at (0.0, 0.0, 0.0)
[03:05:45] [Server thread/INFO] (Minecraft) [Dormant] test-mock-player joined the game
[03:05:45] [Server thread/INFO] (Minecraft) test-mock-player[embedded] logged in with entity id 1295 at (0.0, 0.0, 0.0)
[03:05:45] [Server thread/INFO] (Minecraft) [Dormant] test-mock-player joined the game
[03:05:45] [Server thread/INFO] (Minecraft) test-mock-player[embedded] logged in with entity id 1296 at (0.0, 0.0, 0.0)
[03:05:45] [Server thread/INFO] (Minecraft) [Dormant] test-mock-player joined the game
[03:05:45] [Server thread/INFO] (Minecraft) test-mock-player[embedded] logged in with entity id 1297 at (0.0, 0.0, 0.0)
[03:05:45] [Server thread/INFO] (Minecraft) [Dormant] test-mock-player joined the game
[03:05:45] [Server thread/INFO] (Minecraft) test-mock-player[embedded] logged in with entity id 1298 at (0.0, 0.0, 0.0)
[03:05:45] [Server thread/INFO] (Minecraft) [Dormant] test-mock-player joined the game
[03:05:45] [Server thread/INFO] (Minecraft) test-mock-player[embedded] logged in with entity id 1300 at (0.0, 0.0, 0.0)
[03:05:45] [Server thread/INFO] (Minecraft) [Dormant] test-mock-player joined the game
[03:05:45] [Server thread/INFO] (Minecraft) <test-mock-player> shadow, use astral projection
[03:05:45] [Server thread/INFO] (Minecraft) <test-mock-player> shadow, use blight ground
[03:05:45] [Server thread/INFO] (Minecraft) <test-mock-player> shadow, use breezy bash
[03:05:45] [Server thread/INFO] (Minecraft) <test-mock-player> shadow, use call hollowed
[03:05:45] [Server thread/INFO] (Minecraft) <test-mock-player> shadow, use double health
[03:05:45] [Server thread/INFO] (Minecraft) <test-mock-player> shadow, stop double health
[03:05:45] [Server thread/INFO] (Minecraft) <test-mock-player> shadow, use energy beam
[03:05:45] [Server thread/INFO] (Minecraft) <test-mock-player> shadow, use energy drain
[03:05:45] [Server thread/INFO] (Minecraft) <test-mock-player> shadow, use fireball
[03:05:45] [Server thread/INFO] (Minecraft) <test-mock-player> shadow, use flight
[03:05:45] [Server thread/INFO] (Minecraft) <test-mock-player> shadow, stop flight
[03:05:45] [Server thread/INFO] (Minecraft) <test-mock-player> shadow, use forcefield
[03:05:45] [Server thread/INFO] (Minecraft) <test-mock-player> shadow, stop forcefield
[03:05:45] [Server thread/INFO] (Minecraft) <test-mock-player> shadow, use gravity displacement
[03:05:45] [Server thread/INFO] (Minecraft) <test-mock-player> shadow, use ice manipulation
[03:05:45] [Server thread/INFO] (Minecraft) <test-mock-player> shadow, use invisibility
[03:05:45] [Server thread/INFO] (Minecraft) <test-mock-player> shadow, stop invisibility
[03:05:45] [Server thread/INFO] (Minecraft) <test-mock-player> shadow, use lightning strike
[03:05:45] [Server thread/INFO] (Minecraft) <test-mock-player> shadow, use nightfall dominion
[03:05:45] [Server thread/INFO] (Minecraft) <test-mock-player> shadow, stop nightfall dominion
[03:05:45] [Server thread/INFO] (Minecraft) <test-mock-player> shadow, use plant healing acceleration
[03:05:45] [Server thread/INFO] (Minecraft) <test-mock-player> shadow, use size shift
[03:05:45] [Server thread/INFO] (Minecraft) <test-mock-player> shadow, stop size shift
[03:05:45] [Server thread/INFO] (Minecraft) <test-mock-player> shadow, use speed burst
[03:05:45] [Server thread/INFO] (Minecraft) <test-mock-player> shadow, use starfall
[03:05:45] [Server thread/INFO] (Minecraft) <test-mock-player> shadow, use super speed
[03:05:45] [Server thread/INFO] (Minecraft) <test-mock-player> shadow, stop super speed
[03:05:45] [Server thread/INFO] (Minecraft) <test-mock-player> shadow, use telekinesis
[03:05:45] [Server thread/INFO] (Minecraft) <test-mock-player> shadow, use thunderclap
[03:05:45] [Server thread/INFO] (Minecraft) <test-mock-player> shadow, use time freeze
[03:05:45] [Server thread/INFO] (Minecraft) <test-mock-player> shadow, stop time freeze
[03:05:45] [Server thread/INFO] (Minecraft) <test-mock-player> shadow, use time shift
[03:05:45] [Server thread/INFO] (Minecraft) <test-mock-player> shadow, use vessel possession
[03:05:45] [Server thread/INFO] (Minecraft) <test-mock-player> shadow, use void beam
[03:05:45] [Server thread/INFO] (Minecraft) test-mock-player[embedded] logged in with entity id 1336 at (0.0, 0.0, 0.0)
[03:05:45] [Server thread/INFO] (Minecraft) [Dormant] test-mock-player joined the game
[03:05:45] [Server thread/INFO] (Minecraft) test-mock-player[embedded] logged in with entity id 1337 at (0.0, 0.0, 0.0)
[03:05:45] [Server thread/INFO] (Minecraft) [Dormant] test-mock-player joined the game
[03:05:45] [Server thread/INFO] (Minecraft) test-mock-player[embedded] logged in with entity id 1338 at (0.0, 0.0, 0.0)
[03:05:45] [Server thread/INFO] (Minecraft) [Dormant] test-mock-player joined the game
[03:05:45] [Server thread/INFO] (Minecraft) <test-mock-player> shadow, stay here
[03:05:45] [Server thread/INFO] (Minecraft) <test-mock-player> shadow, fight at far range
[03:05:45] [Server thread/INFO] (Minecraft) <test-mock-player> shadow, follow me
[03:05:45] [Server thread/INFO] (Minecraft) <test-mock-player> shadow, how does amethyst interfere with magic?
[03:05:45] [Server thread/INFO] (Minecraft) <test-mock-player> shadow, explain the darkness to me
[03:05:45] [Server thread/INFO] (Minecraft) <test-mock-player> shadow, use lightning strike
[03:05:45] [Server thread/INFO] (Minecraft) <test-mock-player> shadow, use energy beam
[03:05:45] [Server thread/INFO] (Minecraft) <test-mock-player> shadow, use lightning strike
[03:05:45] [Server thread/INFO] (Minecraft) <test-mock-player> shadow, use void beam
[03:05:45] [Server thread/INFO] (Minecraft) <test-mock-player> shadow, hide yourself
[03:05:45] [Server thread/INFO] (Minecraft) Named entity ShadowCompanionEntity['Shadow of test-mock-player'/1339, l='ServerLevel[Test Level]', x=-6290703.75, y=41.00, z=-14237371.25] died: Shadow of test-mock-player died
[03:05:45] [Server thread/INFO] (Minecraft) test-mock-player[embedded] logged in with entity id 1347 at (0.0, 0.0, 0.0)
[03:05:45] [Server thread/INFO] (Minecraft) [Dormant] test-mock-player joined the game
[03:05:45] [Server thread/INFO] (Minecraft) test-mock-player[embedded] logged in with entity id 1348 at (0.0, 0.0, 0.0)
[03:05:45] [Server thread/INFO] (Minecraft) [Dormant] test-mock-player joined the game
[03:05:45] [Server thread/INFO] (Minecraft) test-mock-player[embedded] logged in with entity id 1349 at (0.0, 0.0, 0.0)
[03:05:45] [Server thread/INFO] (Minecraft) [Dormant] test-mock-player joined the game
[03:05:46] [Server thread/INFO] (Minecraft) test-mock-player[embedded] logged in with entity id 1352 at (0.0, 0.0, 0.0)
[03:05:46] [Server thread/INFO] (Minecraft) [Dormant] test-mock-player joined the game
[03:05:46] [Server thread/INFO] (Minecraft) test-mock-player[embedded] logged in with entity id 1353 at (0.0, 0.0, 0.0)
[03:05:46] [Server thread/INFO] (Minecraft) [Dormant] test-mock-player joined the game
[03:05:46] [Server thread/INFO] (Minecraft) test-mock-player[embedded] logged in with entity id 1354 at (0.0, 0.0, 0.0)
[03:05:46] [Server thread/INFO] (Minecraft) [Dormant] test-mock-player joined the game
[03:05:46] [Server thread/INFO] (Minecraft) [++++++++++++++++++++++++++++++++++++++++++++++++++++++++++++_ ++++__++++__+_+++_+ +++++++++++++++++++++++__+++                        ]
[03:05:46] [Server thread/INFO] (Minecraft) test-mock-player[embedded] logged in with entity id 1777 at (0.0, 0.0, 0.0)
[03:05:46] [Server thread/INFO] (Minecraft) [Dormant] test-mock-player joined the game
[03:05:46] [Server thread/INFO] (Minecraft) [++++++++++++++++++++++++++++++++++++++++++++++++++++++++++++_+++++__+++++++_+++_+ +++++++++++++++++++++++__+++                        ]
[03:05:47] [Server thread/INFO] (Minecraft) [++++++++++++++++++++++++++++++++++++++++++++++++++++++++++++_+++++_++++++++_+++_+ +++++++++++++++++++++++__+++                        ]
[03:05:47] [Server thread/INFO] (Minecraft) [++++++++++++++++++++++++++++++++++++++++++++++++++++++++++++++++++_++++++++_+++++ +++++++++++++++++++++++__+++                        ]
[03:05:47] [Server thread/INFO] (Minecraft) [Dormant] test-mock-player has made the advancement [Monster Hunter]
[03:05:47] [Server thread/INFO] (Minecraft) [++++++++++++++++++++++++++++++++++++++++++++++++++++++++++++++++++_++++++++_+++++ +++++++++++++++++++++++__+++                        ]
[03:05:48] [Server thread/INFO] (Minecraft) [++++++++++++++++++++++++++++++++++++++++++++++++++++++++++++++++++_++++++++++++++ +++++++++++++++++++++++__+++                        ]
[03:05:48] [Server thread/INFO] (Minecraft) [++++++++++++++++++++++++++++++++++++++++++++++++++++++++++++++++++_++++++++++++++ +++++++++++++++++++++++__+++                        ]
[03:05:48] [Server thread/INFO] (Minecraft) [++++++++++++++++++++++++++++++++++++++++++++++++++++++++++++++++++_++++++++++++++ +++++++++++++++++++++++__+++                        ]
[03:05:48] [Server thread/INFO] (Minecraft) [+++++++++++++++++++++++++++++++++++++++++++++++++++++++++++++++++++++++++++++++++ +++++++++++++++++++++++__+++                        ]
[03:05:48] [Server thread/INFO] (Minecraft) [+++++++++++++++++++++++++++++++++++++++++++++++++++++++++++++++++++++++++++++++++ +++++++++++++++++++++++__+++                        ]
[03:05:48] [Server thread/INFO] (Minecraft) [+++++++++++++++++++++++++++++++++++++++++++++++++++++++++++++++++++++++++++++++++ +++++++++++++++++++++++__+++                        ]
[03:05:49] [Server thread/INFO] (Minecraft) [+++++++++++++++++++++++++++++++++++++++++++++++++++++++++++++++++++++++++++++++++ +++++++++++++++++++++++__+++                        ]
[03:05:49] [Server thread/INFO] (Minecraft) [+++++++++++++++++++++++++++++++++++++++++++++++++++++++++++++++++++++++++++++++++ +++++++++++++++++++++++__+++                        ]
[03:05:49] [Server thread/INFO] (Minecraft) [+++++++++++++++++++++++++++++++++++++++++++++++++++++++++++++++++++++++++++++++++ +++++++++++++++++++++++__+++                        ]
[03:05:49] [Server thread/INFO] (Minecraft) [+++++++++++++++++++++++++++++++++++++++++++++++++++++++++++++++++++++++++++++++++ +++++++++++++++++++++++__+++                        ]
[03:05:49] [Server thread/INFO] (Minecraft) test-mock-player[embedded] logged in with entity id 2346 at (0.0, 0.0, 0.0)
[03:05:49] [Server thread/INFO] (Minecraft) [Dormant] test-mock-player joined the game
[03:05:49] [Server thread/INFO] (Minecraft) [+++++++++++++++++++++++++++++++++++++++++++++++++++++++++++++++++++++++++++++++++_+++++++++++++++++++++++__+++                        ]
[03:05:49] [Server thread/INFO] (Minecraft) [+++++++++++++++++++++++++++++++++++++++++++++++++++++++++++++++++++++++++++++++++_+++++++++++++++++++++++__+++                        ]
[03:05:49] [Server thread/INFO] (Minecraft) [+++++++++++++++++++++++++++++++++++++++++++++++++++++++++++++++++++++++++++++++++_+++++++++++++++++++++++__+++                        ]
[03:05:49] [Server thread/INFO] (Minecraft) [+++++++++++++++++++++++++++++++++++++++++++++++++++++++++++++++++++++++++++++++++_+++++++++++++++++++++++__+++                        ]
[03:05:50] [Server thread/INFO] (Minecraft) [+++++++++++++++++++++++++++++++++++++++++++++++++++++++++++++++++++++++++++++++++_+++++++++++++++++++++++__+++                        ]
[03:05:50] [Server thread/INFO] (Minecraft) [+++++++++++++++++++++++++++++++++++++++++++++++++++++++++++++++++++++++++++++++++_+++++++++++++++++++++++__+++                        ]
[03:05:50] [Server thread/INFO] (Minecraft) [+++++++++++++++++++++++++++++++++++++++++++++++++++++++++++++++++++++++++++++++++_+++++++++++++++++++++++__+++                        ]
[03:05:50] [Server thread/INFO] (Minecraft) [+++++++++++++++++++++++++++++++++++++++++++++++++++++++++++++++++++++++++++++++++_+++++++++++++++++++++++__+++                        ]
[03:05:50] [Server thread/INFO] (Minecraft) [+++++++++++++++++++++++++++++++++++++++++++++++++++++++++++++++++++++++++++++++++_+++++++++++++++++++++++__+++                        ]
[03:05:50] [Server thread/INFO] (Minecraft) [+++++++++++++++++++++++++++++++++++++++++++++++++++++++++++++++++++++++++++++++++_+++++++++++++++++++++++__+++                        ]
[03:05:50] [Server thread/INFO] (powers) powers_operator_audit action=catastrophic_ritual result=success actor=test-mock-player subject=world detail=begin
[03:05:50] [Server thread/INFO] (Minecraft) [+++++++++++++++++++++++++++++++++++++++++++++++++++++++++++++++++++++++++++++++++_+++++++++++++++++++++++__+++                        ]
[03:05:50] [Server thread/INFO] (Minecraft) [+++++++++++++++++++++++++++++++++++++++++++++++++++++++++++++++++++++++++++++++++++++++++++++++++++++++++__+++                        ]
[03:05:50] [Server thread/INFO] (Minecraft) [+++++++++++++++++++++++++++++++++++++++++++++++++++++++++++++++++++++++++++++++++++++++++++++++++++++++++__+++                        ]
[03:05:51] [Server thread/INFO] (Minecraft) [+++++++++++++++++++++++++++++++++++++++++++++++++++++++++++++++++++++++++++++++++++++++++++++++++++++++++__+++                        ]
[03:05:51] [Server thread/INFO] (Minecraft) [+++++++++++++++++++++++++++++++++++++++++++++++++++++++++++++++++++++++++++++++++++++++++++++++++++++++++__+++                        ]
[03:05:51] [Server thread/INFO] (Minecraft) [+++++++++++++++++++++++++++++++++++++++++++++++++++++++++++++++++++++++++++++++++++++++++++++++++++++++++__+++                        ]
[03:05:51] [Server thread/INFO] (Minecraft) [+++++++++++++++++++++++++++++++++++++++++++++++++++++++++++++++++++++++++++++++++++++++++++++++++++++++++__+++                        ]
[03:05:51] [Server thread/INFO] (Minecraft) [+++++++++++++++++++++++++++++++++++++++++++++++++++++++++++++++++++++++++++++++++++++++++++++++++++++++++__+++                        ]
[03:05:51] [Server thread/INFO] (Minecraft) [+++++++++++++++++++++++++++++++++++++++++++++++++++++++++++++++++++++++++++++++++++++++++++++++++++++++++__+++                        ]
[03:05:51] [Server thread/INFO] (Minecraft) [+++++++++++++++++++++++++++++++++++++++++++++++++++++++++++++++++++++++++++++++++++++++++++++++++++++++++__+++                        ]
[03:05:51] [Server thread/INFO] (Minecraft) [+++++++++++++++++++++++++++++++++++++++++++++++++++++++++++++++++++++++++++++++++++++++++++++++++++++++++__+++                        ]
[03:05:51] [Server thread/INFO] (Minecraft) [+++++++++++++++++++++++++++++++++++++++++++++++++++++++++++++++++++++++++++++++++++++++++++++++++++++++++__+++                        ]
[03:05:51] [Server thread/INFO] (Minecraft) [+++++++++++++++++++++++++++++++++++++++++++++++++++++++++++++++++++++++++++++++++++++++++++++++++++++++++__+++                        ]
[03:05:51] [Server thread/INFO] (Minecraft) [+++++++++++++++++++++++++++++++++++++++++++++++++++++++++++++++++++++++++++++++++++++++++++++++++++++++++__+++                        ]
[03:05:51] [Server thread/INFO] (Minecraft) [+++++++++++++++++++++++++++++++++++++++++++++++++++++++++++++++++++++++++++++++++++++++++++++++++++++++++__+++                        ]
[03:05:52] [Server thread/INFO] (Minecraft) [+++++++++++++++++++++++++++++++++++++++++++++++++++++++++++++++++++++++++++++++++++++++++++++++++++++++++__+++                        ]
[03:05:52] [Server thread/INFO] (Minecraft) [+++++++++++++++++++++++++++++++++++++++++++++++++++++++++++++++++++++++++++++++++++++++++++++++++++++++++__+++                        ]
[03:05:52] [Server thread/INFO] (Minecraft) [+++++++++++++++++++++++++++++++++++++++++++++++++++++++++++++++++++++++++++++++++++++++++++++++++++++++++__+++                        ]
[03:05:52] [Server thread/INFO] (Minecraft) [+++++++++++++++++++++++++++++++++++++++++++++++++++++++++++++++++++++++++++++++++++++++++++++++++++++++++__+++                        ]
[03:05:52] [Server thread/INFO] (Minecraft) [+++++++++++++++++++++++++++++++++++++++++++++++++++++++++++++++++++++++++++++++++++++++++++++++++++++++++__+++                        ]
[03:05:52] [Server thread/INFO] (Minecraft) [+++++++++++++++++++++++++++++++++++++++++++++++++++++++++++++++++++++++++++++++++++++++++++++++++++++++++__+++                        ]
[03:05:52] [Server thread/INFO] (Minecraft) [+++++++++++++++++++++++++++++++++++++++++++++++++++++++++++++++++++++++++++++++++++++++++++++++++++++++++__+++                        ]
[03:05:52] [Server thread/INFO] (Minecraft) [+++++++++++++++++++++++++++++++++++++++++++++++++++++++++++++++++++++++++++++++++++++++++++++++++++++++++__+++                        ]
[03:05:52] [Server thread/INFO] (Minecraft) [+++++++++++++++++++++++++++++++++++++++++++++++++++++++++++++++++++++++++++++++++++++++++++++++++++++++++__+++                        ]
[03:05:52] [Server thread/INFO] (Minecraft) [+++++++++++++++++++++++++++++++++++++++++++++++++++++++++++++++++++++++++++++++++++++++++++++++++++++++++__+++                        ]
[03:05:52] [Server thread/INFO] (Minecraft) [+++++++++++++++++++++++++++++++++++++++++++++++++++++++++++++++++++++++++++++++++++++++++++++++++++++++++__+++                        ]
[03:05:52] [Server thread/INFO] (Minecraft) [+++++++++++++++++++++++++++++++++++++++++++++++++++++++++++++++++++++++++++++++++++++++++++++++++++++++++__+++                        ]
[03:05:52] [Server thread/INFO] (Minecraft) [++++++++++++++++++++++++++++++++++++++++++++++++++++++++++++++++++++++++++++++++++++++++++++++++++++++++++_+++                        ]
[03:05:52] [Server thread/INFO] (Minecraft) [++++++++++++++++++++++++++++++++++++++++++++++++++++++++++++++++++++++++++++++++++++++++++++++++++++++++++_+++                        ]
[03:05:56] [Server thread/INFO] (Minecraft) Running test environment 'minecraft:default' batch 2 (11 tests)...
[03:05:57] [Server thread/INFO] (Minecraft) test-mock-player[embedded] logged in with entity id 3081 at (0.0, 0.0, 0.0)
[03:05:57] [Server thread/INFO] (Minecraft) [Dormant] test-mock-player joined the game
[03:05:57] [Server thread/INFO] (Minecraft) test-mock-player[embedded] logged in with entity id 3082 at (0.0, 0.0, 0.0)
[03:05:57] [Server thread/INFO] (Minecraft) [Dormant] test-mock-player joined the game
[03:05:57] [Server thread/INFO] (Minecraft) test-mock-player[embedded] logged in with entity id 3084 at (0.0, 0.0, 0.0)
[03:05:57] [Server thread/INFO] (Minecraft) [Dormant] test-mock-player joined the game
[03:05:57] [Server thread/INFO] (Minecraft) test-mock-player[embedded] logged in with entity id 3086 at (0.0, 0.0, 0.0)
[03:05:57] [Server thread/INFO] (Minecraft) [Dormant] test-mock-player joined the game
[03:05:57] [Server thread/INFO] (Minecraft) test-mock-player[embedded] logged in with entity id 3088 at (0.0, 0.0, 0.0)
[03:05:57] [Server thread/INFO] (Minecraft) [Dormant] test-mock-player joined the game
[03:05:57] [Server thread/INFO] (Minecraft) test-mock-player[embedded] logged in with entity id 3089 at (0.0, 0.0, 0.0)
[03:05:57] [Server thread/INFO] (Minecraft) [Dormant] test-mock-player joined the game
[03:05:57] [Server thread/INFO] (Minecraft) test-mock-player[embedded] logged in with entity id 3090 at (0.0, 0.0, 0.0)
[03:05:57] [Server thread/INFO] (Minecraft) [Dormant] test-mock-player joined the game
[03:05:57] [Server thread/INFO] (Minecraft) test-mock-player[embedded] logged in with entity id 3091 at (0.0, 0.0, 0.0)
[03:05:57] [Server thread/INFO] (Minecraft) [Dormant] test-mock-player joined the game
[03:05:57] [Server thread/INFO] (Minecraft) test-mock-player[embedded] logged in with entity id 3092 at (0.0, 0.0, 0.0)
[03:05:57] [Server thread/INFO] (Minecraft) [Dormant] test-mock-player joined the game
[03:05:57] [Server thread/INFO] (Minecraft) test-mock-player[embedded] logged in with entity id 3093 at (0.0, 0.0, 0.0)
[03:05:57] [Server thread/INFO] (Minecraft) [Dormant] test-mock-player joined the game
[03:05:57] [Server thread/INFO] (Minecraft) Loaded 1605 recipes
[03:05:57] [Server thread/INFO] (Minecraft) Loaded 1713 advancements
[03:05:57] [Server thread/INFO] (powers) Published action registry revision 7 with 110 canonical keys and 2 aliases
[03:05:57] [Server thread/INFO] (powers) Loaded 14 Shadow knowledge entries
[03:05:58] [Server thread/INFO] (Minecraft) Loaded 1605 recipes
[03:05:58] [Server thread/INFO] (Minecraft) Loaded 1713 advancements
[03:05:58] [Server thread/INFO] (Minecraft) [++++++++++++++++++++++++++++++++++++++++++++++++++++++++++++++++++++++++++++++++++++++++++++++++++++++++++++++_++_+++++++             ]
[03:05:58] [Server thread/INFO] (Minecraft) [+++++++++++++++++++++++++++++++++++++++++++++++++++++++++++++++++++++++++++++++++++++++++++++++++++++++++++++++++_+++++++             ]
[03:05:58] [Server thread/INFO] (Minecraft) [+++++++++++++++++++++++++++++++++++++++++++++++++++++++++++++++++++++++++++++++++++++++++++++++++++++++++++++++++_+++++++             ]
[03:05:58] [Server thread/INFO] (Minecraft) Running test environment 'qa010_hostile:isolated' batch 0 (7 tests)...
[03:05:59] [Server thread/INFO] (Minecraft) test-mock-player[embedded] logged in with entity id 3096 at (0.0, 0.0, 0.0)
[03:05:59] [Server thread/INFO] (Minecraft) [Dormant] test-mock-player joined the game
[03:05:59] [Server thread/INFO] (Minecraft) <test-mock-player> shadow, leave me
[03:05:59] [Server thread/INFO] (Minecraft) test-mock-player[embedded] logged in with entity id 3099 at (0.0, 0.0, 0.0)
[03:05:59] [Server thread/INFO] (Minecraft) [Dormant] test-mock-player joined the game
[03:05:59] [Server thread/INFO] (Minecraft) test-mock-player[embedded] logged in with entity id 3101 at (0.0, 0.0, 0.0)
[03:05:59] [Server thread/INFO] (Minecraft) [Dormant] test-mock-player joined the game
[03:05:59] [Server thread/INFO] (Minecraft) [Dormant] test-mock-player has made the advancement [We Need to Go Deeper]
[03:05:59] [Server thread/INFO] (Minecraft) test-mock-player[embedded] logged in with entity id 3112 at (0.0, 0.0, 0.0)
[03:05:59] [Server thread/INFO] (Minecraft) [Dormant] test-mock-player joined the game
[03:05:59] [Server thread/INFO] (Minecraft) test-mock-player[embedded] logged in with entity id 3113 at (0.0, 0.0, 0.0)
[03:05:59] [Server thread/INFO] (Minecraft) [Dormant] test-mock-player joined the game
[03:05:59] [Server thread/INFO] (Minecraft) test-mock-player[embedded] logged in with entity id 3118 at (0.0, 0.0, 0.0)
[03:05:59] [Server thread/INFO] (Minecraft) [Dormant] test-mock-player joined the game
[03:05:59] [Server thread/INFO] (Minecraft) [Dormant] test-mock-player has made the advancement [Monster Hunter]
[03:05:59] [Server thread/INFO] (Minecraft) test-mock-player[embedded] logged in with entity id 3123 at (0.0, 0.0, 0.0)
[03:05:59] [Server thread/INFO] (Minecraft) [Dormant] test-mock-player joined the game
[03:05:59] [Server thread/INFO] (Minecraft) test-mock-player[embedded] logged in with entity id 3124 at (0.0, 0.0, 0.0)
[03:05:59] [Server thread/INFO] (Minecraft) [Dormant] test-mock-player joined the game
[03:05:59] [Server thread/INFO] (Minecraft) [++++++++++++++++++++++++++++++++++++++++++++++++++++++++++++++++++++++++++++++++++++++++++++++++++++++++++++++++++++++++++_+++++      ]
[03:06:00] [Server thread/INFO] (Minecraft) [++++++++++++++++++++++++++++++++++++++++++++++++++++++++++++++++++++++++++++++++++++++++++++++++++++++++++++++++++++++++++_+++++      ]
[03:06:00] [Server thread/INFO] (Minecraft) [Dormant] test-mock-player fell out of the world
[03:06:00] [Server thread/INFO] (Minecraft) [++++++++++++++++++++++++++++++++++++++++++++++++++++++++++++++++++++++++++++++++++++++++++++++++++++++++++++++++++++++++++_+++++      ]
[03:06:00] [Server thread/INFO] (Minecraft) [++++++++++++++++++++++++++++++++++++++++++++++++++++++++++++++++++++++++++++++++++++++++++++++++++++++++++++++++++++++++++_+++++      ]
[03:06:00] [Server thread/INFO] (Minecraft) [++++++++++++++++++++++++++++++++++++++++++++++++++++++++++++++++++++++++++++++++++++++++++++++++++++++++++++++++++++++++++_+++++      ]
[03:06:00] [Server thread/INFO] (Minecraft) [++++++++++++++++++++++++++++++++++++++++++++++++++++++++++++++++++++++++++++++++++++++++++++++++++++++++++++++++++++++++++_+++++      ]
[03:06:00] [Server thread/INFO] (Minecraft) [++++++++++++++++++++++++++++++++++++++++++++++++++++++++++++++++++++++++++++++++++++++++++++++++++++++++++++++++++++++++++_+++++      ]
[03:06:00] [Server thread/INFO] (Minecraft) Running test environment 'powers:packet_fault_matrix_isolated' batch 0 (1 tests)...
[03:06:00] [Server thread/INFO] (Minecraft) test-mock-player[embedded] logged in with entity id 3244 at (0.0, 0.0, 0.0)
[03:06:00] [Server thread/INFO] (Minecraft) [Dormant] test-mock-player joined the game
[03:06:00] [Server thread/INFO] (Minecraft) test-mock-player[embedded] logged in with entity id 3245 at (0.0, 0.0, 0.0)
[03:06:00] [Server thread/INFO] (Minecraft) [Dormant] test-mock-player joined the game
[03:06:00] [Server thread/INFO] (Minecraft) test-mock-player[embedded] logged in with entity id 3246 at (0.0, 0.0, 0.0)
[03:06:00] [Server thread/INFO] (Minecraft) [Dormant] test-mock-player joined the game
[03:06:00] [Server thread/INFO] (Minecraft) test-mock-player[embedded] logged in with entity id 3247 at (0.0, 0.0, 0.0)
[03:06:00] [Server thread/INFO] (Minecraft) [Dormant] test-mock-player joined the game
[03:06:00] [Server thread/INFO] (Minecraft) test-mock-player[embedded] logged in with entity id 3248 at (0.0, 0.0, 0.0)
[03:06:00] [Server thread/INFO] (Minecraft) [Dormant] test-mock-player joined the game
[03:06:00] [Server thread/INFO] (Minecraft) test-mock-player[embedded] logged in with entity id 3249 at (0.0, 0.0, 0.0)
[03:06:00] [Server thread/INFO] (Minecraft) [Dormant] test-mock-player joined the game
[03:06:00] [Server thread/INFO] (Minecraft) [++++++++++++++++++++++++++++++++++++++++++++++++++++++++++++++++++++++++++++++++++++++++++++++++++++++++++++++++++++++++++++++++_     ]
[03:06:00] [Server thread/INFO] (Minecraft) test-mock-player lost connection: QA-009 production matrix complete
[03:06:00] [Server thread/INFO] (Minecraft) [Dormant] test-mock-player left the game
[03:06:00] [Server thread/INFO] (Minecraft) test-mock-player lost connection: QA-009 production matrix complete
[03:06:00] [Server thread/INFO] (Minecraft) [Dormant] test-mock-player left the game
[03:06:00] [Server thread/INFO] (Minecraft) test-mock-player lost connection: QA-009 production matrix complete
[03:06:00] [Server thread/INFO] (Minecraft) [Dormant] test-mock-player left the game
[03:06:00] [Server thread/INFO] (Minecraft) test-mock-player lost connection: QA-009 production matrix complete
[03:06:00] [Server thread/INFO] (Minecraft) [Dormant] test-mock-player left the game
[03:06:00] [Server thread/INFO] (Minecraft) test-mock-player lost connection: QA-009 production matrix complete
[03:06:00] [Server thread/INFO] (Minecraft) [Dormant] test-mock-player left the game
[03:06:00] [Server thread/INFO] (Minecraft) test-mock-player lost connection: QA-009 production matrix complete
[03:06:00] [Server thread/INFO] (Minecraft) [Dormant] test-mock-player left the game
[03:06:00] [Server thread/INFO] (Minecraft) [STDOUT]: QA009_PRODUCTION_MATRIX profile=delay150 serverObservedByTicks=10 authoritative=selected outbound=power-state-91 offered=101 dropped=0 duplicated=0 delayed=101 reordered=99 delivered=2 expired=0 maxQueue=101 maxAgeTicks=4 duplicateSideEffects=0
[03:06:00] [Server thread/INFO] (Minecraft) [STDOUT]: QA009_PRODUCTION_MATRIX profile=delay300 serverObservedByTicks=10 authoritative=selected outbound=power-state-91 offered=101 dropped=0 duplicated=0 delayed=101 reordered=99 delivered=2 expired=0 maxQueue=101 maxAgeTicks=7 duplicateSideEffects=0
[03:06:00] [Server thread/INFO] (Minecraft) [STDOUT]: QA009_PRODUCTION_MATRIX profile=loss1 serverObservedByTicks=10 authoritative=selected outbound=power-state-91 offered=251 dropped=4 duplicated=0 delayed=0 reordered=245 delivered=2 expired=0 maxQueue=247 maxAgeTicks=3 duplicateSideEffects=0
[03:06:00] [Server thread/INFO] (Minecraft) [STDOUT]: QA009_PRODUCTION_MATRIX profile=loss5 serverObservedByTicks=10 authoritative=selected outbound=power-state-91 offered=251 dropped=14 duplicated=0 delayed=0 reordered=235 delivered=2 expired=0 maxQueue=237 maxAgeTicks=3 duplicateSideEffects=0
[03:06:00] [Server thread/INFO] (Minecraft) [STDOUT]: QA009_PRODUCTION_MATRIX profile=duplicate serverObservedByTicks=10 authoritative=selected outbound=power-state-91 offered=101 dropped=0 duplicated=101 delayed=0 reordered=198 delivered=2 expired=0 maxQueue=202 maxAgeTicks=3 duplicateSideEffects=0
[03:06:00] [Server thread/INFO] (Minecraft) [STDOUT]: QA009_PRODUCTION_MATRIX profile=reorder serverObservedByTicks=10 authoritative=selected outbound=power-state-91 offered=101 dropped=0 duplicated=0 delayed=68 reordered=99 delivered=2 expired=0 maxQueue=101 maxAgeTicks=2 duplicateSideEffects=0
[03:06:00] [Server thread/INFO] (Minecraft) Running test environment 'powers:artifact_authority_isolated' batch 0 (1 tests)...
[03:06:00] [Server thread/INFO] (Minecraft) test-mock-player[embedded] logged in with entity id 3252 at (0.0, 0.0, 0.0)
[03:06:00] [Server thread/INFO] (Minecraft) [Dormant] test-mock-player joined the game
[03:06:00] [Server thread/INFO] (Minecraft) Running test environment 'powers:artifact_stale_teleport_isolated' batch 0 (1 tests)...
[03:06:00] [Server thread/INFO] (Minecraft) [++++++++++++++++++++++++++++++++++++++++++++++++++++++++++++++++++++++++++++++++++++++++++++++++++++++++++++++++++++++++++++++++++    ]
[03:06:00] [Server thread/INFO] (Minecraft) test-mock-player[embedded] logged in with entity id 3253 at (0.0, 0.0, 0.0)
[03:06:00] [Server thread/INFO] (Minecraft) [Dormant] test-mock-player joined the game
[03:06:00] [Server thread/INFO] (Minecraft) Running test environment 'powers:ritual_isolated' batch 0 (1 tests)...
[03:06:00] [Server thread/INFO] (Minecraft) test-mock-player[embedded] logged in with entity id 3257 at (0.0, 0.0, 0.0)
[03:06:00] [Server thread/INFO] (Minecraft) [Dormant] test-mock-player joined the game
[03:06:00] [Server thread/INFO] (Minecraft) [+++++++++++++++++++++++++++++++++++++++++++++++++++++++++++++++++++++++++++++++++++++++++++++++++++++++++++++++++++++++++++++++++++_  ]
[03:06:00] [Server thread/INFO] (Minecraft) Running test environment 'powers:crystal_invalidation_isolated' batch 0 (1 tests)...
[03:06:00] [Server thread/INFO] (Minecraft) [++++++++++++++++++++++++++++++++++++++++++++++++++++++++++++++++++++++++++++++++++++++++++++++++++++++++++++++++++++++++++++++++++++  ]
[03:06:00] [Server thread/INFO] (Minecraft) test-mock-player[embedded] logged in with entity id 3263 at (0.0, 0.0, 0.0)
[03:06:00] [Server thread/INFO] (Minecraft) [Dormant] test-mock-player joined the game
[03:06:00] [Server thread/INFO] (Minecraft) Running test environment 'powers:artifact_stale_cycle_isolated' batch 0 (1 tests)...
[03:06:00] [Server thread/INFO] (Minecraft) test-mock-player[embedded] logged in with entity id 3264 at (0.0, 0.0, 0.0)
[03:06:00] [Server thread/INFO] (Minecraft) [Dormant] test-mock-player joined the game
[03:06:00] [Server thread/INFO] (Minecraft) [++++++++++++++++++++++++++++++++++++++++++++++++++++++++++++++++++++++++++++++++++++++++++++++++++++++++++++++++++++++++++++++++++++++]
[03:06:00] [Server thread/INFO] (Minecraft) ========= 134 GAME TESTS COMPLETE IN 1.148 min ======================
[03:06:00] [Server thread/INFO] (Minecraft) All 134 required tests passed :)
[03:06:00] [Server thread/INFO] (Minecraft) ====================================================
[03:06:00] [Server thread/INFO] (Minecraft) Stopping server
[03:06:00] [Server thread/INFO] (Minecraft) Saving players
[03:06:01] [Server thread/INFO] (Minecraft) test-mock-player lost connection: Server closed
[03:06:01] [Server thread/INFO] (Minecraft) [Dormant] test-mock-player left the game
[03:06:01] [Server thread/INFO] (Minecraft) test-mock-player lost connection: Server closed
[03:06:01] [Server thread/INFO] (Minecraft) [Dormant] test-mock-player left the game
[03:06:01] [Server thread/INFO] (Minecraft) test-mock-player lost connection: Server closed
[03:06:01] [Server thread/INFO] (Minecraft) [Dormant] test-mock-player left the game
[03:06:01] [Server thread/INFO] (Minecraft) test-mock-player lost connection: Server closed
[03:06:01] [Server thread/INFO] (Minecraft) [Dormant] test-mock-player left the game
[03:06:01] [Server thread/INFO] (Minecraft) test-mock-player lost connection: Server closed
[03:06:01] [Server thread/INFO] (Minecraft) [Nightfall] test-mock-player left the game
[03:06:01] [Server thread/INFO] (Minecraft) test-mock-player lost connection: Server closed
[03:06:01] [Server thread/INFO] (Minecraft) [Dormant] test-mock-player left the game
[03:06:01] [Server thread/INFO] (Minecraft) test-mock-player lost connection: Server closed
[03:06:01] [Server thread/INFO] (Minecraft) [Dormant] test-mock-player left the game
[03:06:01] [Server thread/INFO] (Minecraft) test-mock-player lost connection: Server closed
[03:06:01] [Server thread/INFO] (Minecraft) [Dormant] test-mock-player left the game
[03:06:01] [Server thread/INFO] (Minecraft) test-mock-player lost connection: Server closed
[03:06:01] [Server thread/INFO] (Minecraft) [Dormant] test-mock-player left the game
[03:06:01] [Server thread/INFO] (Minecraft) test-mock-player lost connection: Server closed
[03:06:01] [Server thread/INFO] (Minecraft) [Nightfall] test-mock-player left the game
[03:06:01] [Server thread/INFO] (Minecraft) test-mock-player lost connection: Server closed
[03:06:01] [Server thread/INFO] (Minecraft) [Dormant] test-mock-player left the game
[03:06:01] [Server thread/INFO] (Minecraft) test-mock-player lost connection: Server closed
[03:06:01] [Server thread/INFO] (Minecraft) [Dormant] test-mock-player left the game
[03:06:01] [Server thread/INFO] (Minecraft) test-mock-player lost connection: Server closed
[03:06:01] [Server thread/INFO] (Minecraft) [Dormant] test-mock-player left the game
[03:06:01] [Server thread/INFO] (Minecraft) test-mock-player lost connection: Server closed
[03:06:01] [Server thread/INFO] (Minecraft) [Dormant] test-mock-player left the game
[03:06:01] [Server thread/INFO] (Minecraft) test-mock-player lost connection: Server closed
[03:06:01] [Server thread/INFO] (Minecraft) [Unmarked] test-mock-player left the game
[03:06:01] [Server thread/INFO] (Minecraft) test-mock-player lost connection: Server closed
[03:06:01] [Server thread/INFO] (Minecraft) [Dormant] test-mock-player left the game
[03:06:01] [Server thread/INFO] (Minecraft) test-mock-player lost connection: Server closed
[03:06:01] [Server thread/INFO] (Minecraft) [Dormant] test-mock-player left the game
[03:06:01] [Server thread/INFO] (Minecraft) test-mock-player lost connection: Server closed
[03:06:01] [Server thread/INFO] (Minecraft) [Dormant] test-mock-player left the game
[03:06:01] [Server thread/INFO] (Minecraft) test-mock-player lost connection: Server closed
[03:06:01] [Server thread/INFO] (Minecraft) [Dormant] test-mock-player left the game
[03:06:01] [Server thread/INFO] (Minecraft) test-mock-player lost connection: Server closed
[03:06:01] [Server thread/INFO] (Minecraft) [Dormant] test-mock-player left the game
[03:06:01] [Server thread/INFO] (Minecraft) test-mock-player lost connection: Server closed
[03:06:01] [Server thread/INFO] (Minecraft) [Dormant] test-mock-player left the game
[03:06:01] [Server thread/INFO] (Minecraft) test-mock-player lost connection: Server closed
[03:06:01] [Server thread/INFO] (Minecraft) [Dormant] test-mock-player left the game
[03:06:01] [Server thread/INFO] (Minecraft) test-mock-player lost connection: Server closed
[03:06:01] [Server thread/INFO] (Minecraft) [Unmarked] test-mock-player left the game
[03:06:01] [Server thread/INFO] (Minecraft) test-mock-player lost connection: Server closed
[03:06:01] [Server thread/INFO] (Minecraft) [Dormant] test-mock-player left the game
[03:06:01] [Server thread/INFO] (Minecraft) test-mock-player lost connection: Server closed
[03:06:01] [Server thread/INFO] (Minecraft) [Unmarked] test-mock-player left the game
[03:06:01] [Server thread/INFO] (Minecraft) test-mock-player lost connection: Server closed
[03:06:01] [Server thread/INFO] (Minecraft) [Dormant] test-mock-player left the game
[03:06:01] [Server thread/INFO] (Minecraft) test-mock-player lost connection: Server closed
[03:06:01] [Server thread/INFO] (Minecraft) [Dormant] test-mock-player left the game
[03:06:01] [Server thread/INFO] (Minecraft) test-mock-player lost connection: Server closed
[03:06:01] [Server thread/INFO] (Minecraft) [Dormant] test-mock-player left the game
[03:06:01] [Server thread/INFO] (Minecraft) test-mock-player lost connection: Server closed
[03:06:01] [Server thread/INFO] (Minecraft) [Nightfall] test-mock-player left the game
[03:06:01] [Server thread/INFO] (Minecraft) test-mock-player lost connection: Server closed
[03:06:01] [Server thread/INFO] (Minecraft) [Dormant] test-mock-player left the game
[03:06:01] [Server thread/INFO] (Minecraft) test-mock-player lost connection: Server closed
[03:06:01] [Server thread/INFO] (Minecraft) [Dormant] test-mock-player left the game
[03:06:01] [Server thread/INFO] (Minecraft) test-mock-player lost connection: Server closed
[03:06:01] [Server thread/INFO] (Minecraft) [Dormant] test-mock-player left the game
[03:06:01] [Server thread/INFO] (Minecraft) test-mock-player lost connection: Server closed
[03:06:01] [Server thread/INFO] (Minecraft) [Dormant] test-mock-player left the game
[03:06:01] [Server thread/INFO] (Minecraft) test-mock-player lost connection: Server closed
[03:06:01] [Server thread/INFO] (Minecraft) [Dormant] test-mock-player left the game
[03:06:01] [Server thread/INFO] (Minecraft) test-mock-player lost connection: Server closed
[03:06:01] [Server thread/INFO] (Minecraft) [Dormant] test-mock-player left the game
[03:06:01] [Server thread/INFO] (Minecraft) test-mock-player lost connection: Server closed
[03:06:01] [Server thread/INFO] (Minecraft) [Dormant] test-mock-player left the game
[03:06:01] [Server thread/INFO] (Minecraft) test-mock-player lost connection: Server closed
[03:06:01] [Server thread/INFO] (Minecraft) [Dormant] test-mock-player left the game
[03:06:01] [Server thread/INFO] (Minecraft) test-mock-player lost connection: Server closed
[03:06:01] [Server thread/INFO] (Minecraft) [Dormant] test-mock-player left the game
[03:06:01] [Server thread/INFO] (Minecraft) test-mock-player lost connection: Server closed
[03:06:01] [Server thread/INFO] (Minecraft) [Dormant] test-mock-player left the game
[03:06:01] [Server thread/INFO] (Minecraft) test-mock-player lost connection: Server closed
[03:06:01] [Server thread/INFO] (Minecraft) [Dormant] test-mock-player left the game
[03:06:01] [Server thread/INFO] (Minecraft) test-mock-player lost connection: Server closed
[03:06:01] [Server thread/INFO] (Minecraft) [Dormant] test-mock-player left the game
[03:06:01] [Server thread/INFO] (Minecraft) test-mock-player lost connection: Server closed
[03:06:01] [Server thread/INFO] (Minecraft) [Dormant] test-mock-player left the game
[03:06:01] [Server thread/INFO] (Minecraft) test-mock-player lost connection: Server closed
[03:06:01] [Server thread/INFO] (Minecraft) [Dormant] test-mock-player left the game
[03:06:01] [Server thread/INFO] (Minecraft) test-mock-player lost connection: Server closed
[03:06:01] [Server thread/INFO] (Minecraft) [Dormant] test-mock-player left the game
[03:06:01] [Server thread/INFO] (Minecraft) test-mock-player lost connection: Server closed
[03:06:01] [Server thread/INFO] (Minecraft) [Dormant] test-mock-player left the game
[03:06:01] [Server thread/INFO] (Minecraft) test-mock-player lost connection: Server closed
[03:06:01] [Server thread/INFO] (Minecraft) [Dormant] test-mock-player left the game
[03:06:01] [Server thread/INFO] (Minecraft) test-mock-player lost connection: Server closed
[03:06:01] [Server thread/INFO] (Minecraft) [Dormant] test-mock-player left the game
[03:06:01] [Server thread/INFO] (Minecraft) test-mock-player lost connection: Server closed
[03:06:01] [Server thread/INFO] (Minecraft) [Dormant] test-mock-player left the game
[03:06:01] [Server thread/INFO] (Minecraft) test-mock-player lost connection: Server closed
[03:06:01] [Server thread/INFO] (Minecraft) [Dormant] test-mock-player left the game
[03:06:01] [Server thread/INFO] (Minecraft) test-mock-player lost connection: Server closed
[03:06:01] [Server thread/INFO] (Minecraft) [Dormant] test-mock-player left the game
[03:06:01] [Server thread/INFO] (Minecraft) test-mock-player lost connection: Server closed
[03:06:01] [Server thread/INFO] (Minecraft) [Dormant] test-mock-player left the game
[03:06:01] [Server thread/INFO] (Minecraft) test-mock-player lost connection: Server closed
[03:06:01] [Server thread/INFO] (Minecraft) [Unmarked] test-mock-player left the game
[03:06:01] [Server thread/INFO] (Minecraft) test-mock-player lost connection: Server closed
[03:06:01] [Server thread/INFO] (Minecraft) [Unmarked] test-mock-player left the game
[03:06:01] [Server thread/INFO] (Minecraft) test-mock-player lost connection: Server closed
[03:06:01] [Server thread/INFO] (Minecraft) [Unmarked] test-mock-player left the game
[03:06:01] [Server thread/INFO] (Minecraft) test-mock-player lost connection: Server closed
[03:06:01] [Server thread/INFO] (Minecraft) [Dormant] test-mock-player left the game
[03:06:01] [Server thread/INFO] (Minecraft) test-mock-player lost connection: Server closed
[03:06:01] [Server thread/INFO] (Minecraft) [Dormant] test-mock-player left the game
[03:06:01] [Server thread/INFO] (Minecraft) test-mock-player lost connection: Server closed
[03:06:01] [Server thread/INFO] (Minecraft) [Dormant] test-mock-player left the game
[03:06:01] [Server thread/INFO] (Minecraft) test-mock-player lost connection: Server closed
[03:06:01] [Server thread/INFO] (Minecraft) [Dormant] test-mock-player left the game
[03:06:01] [Server thread/INFO] (Minecraft) test-mock-player lost connection: Server closed
[03:06:01] [Server thread/INFO] (Minecraft) [Dormant] test-mock-player left the game
[03:06:01] [Server thread/INFO] (Minecraft) test-mock-player lost connection: Server closed
[03:06:01] [Server thread/INFO] (Minecraft) [Dormant] test-mock-player left the game
[03:06:01] [Server thread/INFO] (Minecraft) test-mock-player lost connection: Server closed
[03:06:01] [Server thread/INFO] (Minecraft) [Dormant] test-mock-player left the game
[03:06:01] [Server thread/INFO] (Minecraft) test-mock-player lost connection: Server closed
[03:06:01] [Server thread/INFO] (Minecraft) [Dormant] test-mock-player left the game
[03:06:01] [Server thread/INFO] (Minecraft) test-mock-player lost connection: Server closed
[03:06:01] [Server thread/INFO] (Minecraft) [Dormant] test-mock-player left the game
[03:06:01] [Server thread/INFO] (Minecraft) test-mock-player lost connection: Server closed
[03:06:01] [Server thread/INFO] (Minecraft) [Dormant] test-mock-player left the game
[03:06:01] [Server thread/INFO] (Minecraft) test-mock-player lost connection: Server closed
[03:06:01] [Server thread/INFO] (Minecraft) [Dormant] test-mock-player left the game
[03:06:01] [Server thread/INFO] (Minecraft) test-mock-player lost connection: Server closed
[03:06:01] [Server thread/INFO] (Minecraft) [Dormant] test-mock-player left the game
[03:06:01] [Server thread/INFO] (Minecraft) test-mock-player lost connection: Server closed
[03:06:01] [Server thread/INFO] (Minecraft) [Dormant] test-mock-player left the game
[03:06:01] [Server thread/INFO] (Minecraft) test-mock-player lost connection: Server closed
[03:06:01] [Server thread/INFO] (Minecraft) [Dormant] test-mock-player left the game
[03:06:01] [Server thread/INFO] (Minecraft) Saving worlds
[03:06:02] [Server thread/INFO] (Minecraft) Saving chunks for level 'ServerLevel[Test Level]'/minecraft:overworld
[03:06:02] [Server thread/INFO] (Minecraft) Saving chunks for level 'ServerLevel[Test Level]'/powers:light_realm
[03:06:02] [Server thread/INFO] (Minecraft) Saving chunks for level 'ServerLevel[Test Level]'/powers:dark_realm
[03:06:02] [Server thread/INFO] (Minecraft) Saving chunks for level 'ServerLevel[Test Level]'/minecraft:the_nether
[03:06:02] [Server thread/INFO] (Minecraft) Saving chunks for level 'ServerLevel[Test Level]'/minecraft:the_end
[03:06:02] [Server thread/INFO] (Minecraft) Saving chunks for level 'ServerLevel[Test Level]'/qa010_hostile:synthetic
[03:06:02] [Server thread/INFO] (Minecraft) ThreadedAnvilChunkStorage (world): All chunks are saved
[03:06:02] [Server thread/INFO] (Minecraft) ThreadedAnvilChunkStorage (light_realm): All chunks are saved
[03:06:02] [Server thread/INFO] (Minecraft) ThreadedAnvilChunkStorage (dark_realm): All chunks are saved
[03:06:02] [Server thread/INFO] (Minecraft) ThreadedAnvilChunkStorage (DIM-1): All chunks are saved
[03:06:02] [Server thread/INFO] (Minecraft) ThreadedAnvilChunkStorage (DIM1): All chunks are saved
[03:06:02] [Server thread/INFO] (Minecraft) ThreadedAnvilChunkStorage (synthetic): All chunks are saved
[03:06:02] [Server thread/INFO] (Minecraft) ThreadedAnvilChunkStorage: All dimensions are saved
[03:06:03] [Server thread/INFO] (Minecraft) Game test server shutting down

> Task :compileTestJava
> Task :processTestResources
> Task :testClasses
WARNING: A terminally deprecated method in sun.misc.Unsafe has been called
WARNING: sun.misc.Unsafe::objectFieldOffset has been called by org.joml.MemUtil$MemUtilUnsafe (file:<HOME>/.gradle/caches/modules-2/files-2.1/org.joml/joml/1.10.8/fc0a71dad90a2cf41d82a76156a0e700af8e4f8d/joml-1.10.8.jar)
WARNING: Please consider reporting this to the maintainers of class org.joml.MemUtil$MemUtilUnsafe
WARNING: sun.misc.Unsafe::objectFieldOffset will be removed in a future release
> Task :test

> Task :testPythonScripts
..............................................................................................................................................[0012] [Server thread/INFO]: SoakClient left the game
.....
----------------------------------------------------------------------
Ran 147 tests in 18.018s

OK

> Task :validateAccessWidener NO-SOURCE

> Task :validatePowerResources
POWERS resource validation passed

> Task :verifyItemDocs
> Task :verifyMagicDocs
> Task :verifyRankDocs
> Task :verifyVfxAssetAudit
> Task :check

BUILD SUCCESSFUL in 2m 44s
24 actionable tasks: 24 executed
