[07:20:59] [main/INFO] (FabricLoader/GameProvider) Loading Minecraft 26.2 with Fabric Loader 0.19.3
[07:20:59] [main/INFO] (FabricLoader/Mappings) Mappings not present!
[07:20:59] [main/INFO] (FabricLoader) Loading 51 mods:
	- fabric-api 0.156.0+26.2
	- fabric-api-base 2.0.4+ece063239e
	- fabric-api-lookup-api-v1 2.0.17+11e1c9a39e
	- fabric-biome-api-v1 18.0.6+c7bd5b8e9e
	- fabric-block-api-v1 3.0.3+ec56b6019e
	- fabric-block-getter-api-v2 2.0.7+ec56b6019e
	- fabric-client-gametest-api-v1 6.0.0+515ac5339e
	- fabric-command-api-v2 3.1.0+00cb03469e
	- fabric-content-registries-v0 11.3.0+d0a699d09e
	- fabric-convention-tags-v2 4.7.0+1f023a9e9e
	- fabric-crash-report-info-v1 1.0.5+086d547a9e
	- fabric-creative-tab-api-v1 5.0.14+d871b99e9e
	- fabric-data-attachment-api-v1 2.2.18+515ac5339e
	- fabric-data-generation-api-v1 25.5.0+aed122aa9e
	- fabric-debug-api-v1 1.0.2+c792624d9e
	- fabric-dimensions-v1 5.1.11+515ac5339e
	- fabric-entity-events-v1 5.0.5+06488ac19e
	- fabric-events-interaction-v0 5.2.7+515ac5339e
	- fabric-game-rule-api-v1 4.0.8+46a6d00c9e
	- fabric-gametest-api-v1 4.0.21+4a7fa0819e
	- fabric-item-api-v1 14.4.0+49a69a7b9e
	- fabric-key-mapping-api-v1 2.0.5+e2bdee789e
	- fabric-lifecycle-events-v1 4.1.3+4575b05f9e
	- fabric-loot-api-v3 3.0.17+06488ac19e
	- fabric-menu-api-v1 2.0.16+086d547a9e
	- fabric-message-api-v1 7.0.7+086d547a9e
	- fabric-model-loading-api-v1 8.0.16+c80601bb9e
	- fabric-networking-api-v1 6.3.3+72073ef09e
	- fabric-object-builder-api-v1 24.1.0+6fcd5f039e
	- fabric-particles-v1 5.0.18+d1756aa99e
	- fabric-permission-api-v1 1.0.4+536fad2f9e
	- fabric-recipe-api-v1 9.0.20+11e1c9a39e
	- fabric-registry-sync-v0 7.1.0+c7bd5b8e9e
	- fabric-renderer-api-v1 14.1.3+2b0d8a229e
	- fabric-renderer-indigo 9.1.3+2b0d8a229e
	- fabric-rendering-fluids-v1 6.0.4+06488ac19e
	- fabric-rendering-v1 25.3.2+515ac5339e
	- fabric-resource-conditions-api-v1 6.1.0+10e9a28b9e
	- fabric-resource-loader-v0 3.3.20+4fc5413f9e
	- fabric-resource-loader-v1 2.0.13+9edec1269e
	- fabric-screen-api-v1 5.1.0+48e3c0b09e
	- fabric-serialization-api-v1 2.0.4+11a26f319e
	- fabric-sound-api-v1 2.0.5+11a26f319e
	- fabric-tag-api-v1 2.1.4+515ac5339e
	- fabric-transfer-api-v1 8.0.12+11dbb7d79e
	- fabric-transitive-access-wideners-v1 8.1.4+67c847259e
	- fabricloader 0.19.3
	- java 25
	- minecraft 26.2
	- mixinextras 0.5.4
	- powers 1.0.2
[07:20:59] [main/INFO] (FabricLoader/Mixin) SpongePowered MIXIN Subsystem Version=0.8.7 Source=file:/Users/james/.gradle/caches/modules-2/files-2.1/net.fabricmc/sponge-mixin/0.17.3+mixin.0.8.7/41c4a3984a80f4679e759fb9f495587acc5cdac7/sponge-mixin-0.17.3+mixin.0.8.7.jar Service=Knot/Fabric Env=CLIENT
[07:20:59] [main/INFO] (FabricLoader/Mixin) Compatibility level set to JAVA_25
[07:21:00] [main/INFO] (FabricLoader/MixinExtras|Service) Initializing MixinExtras via com.llamalad7.mixinextras.service.MixinExtrasServiceImpl(version=0.5.4).
[07:21:01] [Datafixer Bootstrap #0/INFO] (Minecraft) 295 Datafixer optimizations took 166 milliseconds
[07:21:06] [Render thread/INFO] (Minecraft) Environment: Environment[sessionHost=https://sessionserver.mojang.com, servicesHost=https://api.minecraftservices.com, profilesHost=https://api.mojang.com, name=PROD]
[07:21:06] [Render thread/INFO] (Minecraft) Setting user: DarkProof
[07:21:06] [Render thread/INFO] (powers) Loaded rank mazes: 28 light nodes, 28 darkness nodes
[07:21:06] [Render thread/INFO] (powers) Magic collision kernel loaded: 64 actions, 2080 exhaustive interactions
[07:21:06] [Render thread/INFO] (powers) POWERS framework initialized with 23 power(s)
[07:21:06] [Render thread/INFO] (Indigo) [Indigo] Registering Indigo renderer!
[07:21:06] [Render thread/INFO] (Minecraft) Backend library: LWJGL version 3.4.1-snapshot
[07:21:06] [Download-2/ERROR] (Minecraft) Failed to fetch user properties
com.mojang.authlib.exceptions.InvalidCredentialsException: Status: 401
	at knot//com.mojang.authlib.exceptions.MinecraftClientHttpException.toAuthenticationException(MinecraftClientHttpException.java:70)
	at knot//com.mojang.authlib.yggdrasil.YggdrasilUserApiService.fetchProperties(YggdrasilUserApiService.java:173)
	at knot//net.minecraft.client.Minecraft.lambda$new$1(Minecraft.java:418)
	at java.base/java.util.concurrent.CompletableFuture$AsyncSupply.run(CompletableFuture.java:1789)
	at java.base/java.util.concurrent.ThreadPoolExecutor.runWorker(ThreadPoolExecutor.java:1090)
	at java.base/java.util.concurrent.ThreadPoolExecutor$Worker.run(ThreadPoolExecutor.java:614)
	at java.base/java.lang.Thread.run(Thread.java:1474)
Caused by: MinecraftClientHttpException[type=HTTP_ERROR, status=401, response=ErrorResponse[path=/player/attributes, error=null, errorMessage=null, details=null]]
	at knot//com.mojang.authlib.minecraft.client.MinecraftClient.buildHttpException(MinecraftClient.java:170)
	at knot//com.mojang.authlib.minecraft.client.MinecraftClient.readServiceResponse(MinecraftClient.java:147)
	at knot//com.mojang.authlib.minecraft.client.MinecraftClient.getWithEtag(MinecraftClient.java:81)
	at knot//com.mojang.authlib.minecraft.client.MinecraftClient.get(MinecraftClient.java:65)
	at knot//com.mojang.authlib.yggdrasil.YggdrasilUserApiService.fetchProperties(YggdrasilUserApiService.java:123)
	... 5 more
[07:21:07] [Render thread/INFO] (Minecraft) Using graphics backend OpenGL, using drivers: 4.1 Metal - 90.5
[07:21:07] [Render thread/INFO] (Minecraft) Using graphics device: Apple M3 Pro (Apple)
[07:21:07] [Render thread/INFO] (Minecraft) Using graphics device extensions: GL_ARB_draw_indirect, GL_EXT_texture_filter_anisotropic
[07:21:07] [Download-1/INFO] (Minecraft) Could not authorize you against Realms server: java.lang.RuntimeException: Failed to parse into SignedJWT: FabricMC
[07:21:07] [Download-1/ERROR] (Minecraft) Failed to fetch Realms feature flags
com.mojang.realmsclient.exception.RealmsServiceException: Realms authentication error with message 'java.lang.RuntimeException: Failed to parse into SignedJWT: FabricMC'
	at knot//com.mojang.realmsclient.client.RealmsClient.execute(RealmsClient.java:509)
	at knot//com.mojang.realmsclient.client.RealmsClient.fetchFeatureFlags(RealmsClient.java:159)
	at java.base/java.util.concurrent.CompletableFuture$AsyncSupply.run(CompletableFuture.java:1789)
	at java.base/java.util.concurrent.ThreadPoolExecutor.runWorker(ThreadPoolExecutor.java:1090)
	at java.base/java.util.concurrent.ThreadPoolExecutor$Worker.run(ThreadPoolExecutor.java:614)
	at java.base/java.lang.Thread.run(Thread.java:1474)
[07:21:07] [Render thread/INFO] (Minecraft) Reloading ResourceManager: vanilla, fabric-api, fabric-api-base, fabric-api-lookup-api-v1, fabric-biome-api-v1, fabric-block-api-v1, fabric-block-getter-api-v2, fabric-client-gametest-api-v1, fabric-command-api-v2, fabric-content-registries-v0, fabric-convention-tags-v2, fabric-crash-report-info-v1, fabric-creative-tab-api-v1, fabric-data-attachment-api-v1, fabric-data-generation-api-v1, fabric-debug-api-v1, fabric-dimensions-v1, fabric-entity-events-v1, fabric-events-interaction-v0, fabric-game-rule-api-v1, fabric-gametest-api-v1, fabric-item-api-v1, fabric-key-mapping-api-v1, fabric-lifecycle-events-v1, fabric-loot-api-v3, fabric-menu-api-v1, fabric-message-api-v1, fabric-model-loading-api-v1, fabric-networking-api-v1, fabric-object-builder-api-v1, fabric-particles-v1, fabric-permission-api-v1, fabric-recipe-api-v1, fabric-registry-sync-v0, fabric-renderer-api-v1, fabric-renderer-indigo, fabric-rendering-fluids-v1, fabric-rendering-v1, fabric-resource-conditions-api-v1, fabric-resource-loader-v0, fabric-resource-loader-v1, fabric-screen-api-v1, fabric-serialization-api-v1, fabric-sound-api-v1, fabric-tag-api-v1, fabric-transfer-api-v1, fabric-transitive-access-wideners-v1, fabricloader, powers
[07:21:08] [Worker-Main-2/INFO] (Minecraft) Found unifont_all_no_pua-17.0.01.hex, loading
[07:21:08] [Worker-Main-3/INFO] (Minecraft) Found unifont_pua-17.0.01.hex, loading
[07:21:08] [Worker-Main-2/INFO] (Minecraft) Found unifont_jp_patch-17.0.01.hex, loading
[07:21:08] [Render thread/INFO] (Minecraft) Info log when linking program containing VS minecraft:core/rendertype_crumbling and FS minecraft:core/rendertype_crumbling. Log output: WARNING: Could not find vertex shader attribute 'UV2' to match BindAttributeLocation request.

[07:21:08] [Render thread/INFO] (Minecraft) Info log when linking program containing VS minecraft:core/entity and FS minecraft:core/entity. Log output: WARNING: Could not find vertex shader attribute 'UV1' to match BindAttributeLocation request.

[07:21:08] [Render thread/INFO] (Minecraft) Info log when linking program containing VS minecraft:core/entity and FS minecraft:core/entity. Log output: WARNING: Could not find vertex shader attribute 'UV1' to match BindAttributeLocation request.
WARNING: Could not find vertex shader attribute 'Normal' to match BindAttributeLocation request.
WARNING: Could not find vertex shader attribute 'UV2' to match BindAttributeLocation request.

[07:21:08] [Render thread/INFO] (Minecraft) Info log when linking program containing VS minecraft:core/rendertype_beacon_beam and FS minecraft:core/rendertype_beacon_beam. Log output: WARNING: Could not find vertex shader attribute 'UV2' to match BindAttributeLocation request.

[07:21:08] [Render thread/INFO] (Minecraft) Info log when linking program containing VS minecraft:core/entity and FS minecraft:core/entity. Log output: WARNING: Could not find vertex shader attribute 'UV2' to match BindAttributeLocation request.

[07:21:08] [Render thread/INFO] (Minecraft) Info log when linking program containing VS minecraft:core/animate_sprite and FS minecraft:core/animate_sprite_blit. Log output: WARNING: Output of vertex shader 'fAnimationProgress' not read by fragment shader

[07:21:09] [Render thread/INFO] (Minecraft) Info log when linking program containing VS minecraft:core/entity and FS minecraft:core/entity. Log output: WARNING: Could not find vertex shader attribute 'UV1' to match BindAttributeLocation request.

[07:21:09] [Render thread/INFO] (Minecraft) Info log when linking program containing VS minecraft:core/entity and FS minecraft:core/entity. Log output: WARNING: Could not find vertex shader attribute 'UV1' to match BindAttributeLocation request.

[07:21:09] [Render thread/INFO] (Minecraft) Info log when linking program containing VS minecraft:core/entity and FS minecraft:core/entity. Log output: WARNING: Could not find vertex shader attribute 'UV1' to match BindAttributeLocation request.
WARNING: Could not find vertex shader attribute 'Normal' to match BindAttributeLocation request.
WARNING: Could not find vertex shader attribute 'UV2' to match BindAttributeLocation request.

[07:21:09] [Render thread/INFO] (Minecraft) Info log when linking program containing VS minecraft:core/entity and FS minecraft:core/entity. Log output: WARNING: Could not find vertex shader attribute 'UV1' to match BindAttributeLocation request.
WARNING: Could not find vertex shader attribute 'Normal' to match BindAttributeLocation request.

[07:21:09] [Render thread/INFO] (Minecraft) Info log when linking program containing VS minecraft:core/entity and FS minecraft:core/entity. Log output: WARNING: Could not find vertex shader attribute 'UV1' to match BindAttributeLocation request.

[07:21:09] [Render thread/INFO] (Minecraft) Info log when linking program containing VS minecraft:core/rendertype_entity_shadow and FS minecraft:core/rendertype_entity_shadow. Log output: WARNING: Could not find vertex shader attribute 'UV1' to match BindAttributeLocation request.
WARNING: Could not find vertex shader attribute 'Normal' to match BindAttributeLocation request.
WARNING: Could not find vertex shader attribute 'UV2' to match BindAttributeLocation request.

[07:21:09] [Render thread/INFO] (Minecraft) Info log when linking program containing VS minecraft:core/entity and FS minecraft:core/entity. Log output: WARNING: Could not find vertex shader attribute 'UV1' to match BindAttributeLocation request.

[07:21:09] [Render thread/INFO] (Minecraft) Info log when linking program containing VS minecraft:core/rendertype_beacon_beam and FS minecraft:core/rendertype_beacon_beam. Log output: WARNING: Could not find vertex shader attribute 'UV2' to match BindAttributeLocation request.

[07:21:09] [Render thread/INFO] (Minecraft) OpenAL initialized on device MacBook Pro Speakers
[07:21:09] [Render thread/INFO] (Minecraft) Sound engine started
[07:21:09] [Render thread/INFO] (Minecraft) Created: 512x256x0 minecraft:textures/atlas/particles.png-atlas
[07:21:09] [Render thread/INFO] (Minecraft) Created: 128x128x0 minecraft:textures/atlas/decorated_pot.png-atlas
[07:21:09] [Render thread/INFO] (Minecraft) Created: 2048x1024x0 minecraft:textures/atlas/armor_trims.png-atlas
[07:21:09] [Render thread/INFO] (Minecraft) Created: 512x256x0 minecraft:textures/atlas/paintings.png-atlas
[07:21:09] [Render thread/INFO] (Minecraft) Created: 1024x512x0 minecraft:textures/atlas/shield_patterns.png-atlas
[07:21:09] [Render thread/INFO] (Minecraft) Created: 2048x2048x4 minecraft:textures/atlas/blocks.png-atlas
[07:21:09] [Render thread/INFO] (Minecraft) Created: 512x512x0 minecraft:textures/atlas/chest.png-atlas
[07:21:09] [Render thread/INFO] (Minecraft) Created: 256x128x0 minecraft:textures/atlas/celestials.png-atlas
[07:21:09] [Render thread/INFO] (Minecraft) Created: 1024x512x0 minecraft:textures/atlas/banner_patterns.png-atlas
[07:21:09] [Render thread/INFO] (Minecraft) Created: 2048x2048x0 minecraft:textures/atlas/items.png-atlas
[07:21:09] [Render thread/INFO] (Minecraft) Created: 1024x1024x0 minecraft:textures/atlas/gui.png-atlas
[07:21:09] [Render thread/INFO] (Minecraft) Created: 128x64x0 minecraft:textures/atlas/map_decorations.png-atlas
[07:21:09] [Render thread/INFO] (Minecraft) Created: 512x512x0 minecraft:textures/atlas/shulker_boxes.png-atlas
[07:21:09] [Render thread/INFO] (Minecraft) Connecting to 127.0.0.1, 25565
[07:21:09] [Download-2/ERROR] (Minecraft) Failed to retrieve profile key pair
MinecraftClientHttpException[type=HTTP_ERROR, status=401, response=ErrorResponse[path=/player/certificates, error=null, errorMessage=null, details=null]]
	at knot//com.mojang.authlib.minecraft.client.MinecraftClient.buildHttpException(MinecraftClient.java:170)
	at knot//com.mojang.authlib.minecraft.client.MinecraftClient.readServiceResponse(MinecraftClient.java:147)
	at knot//com.mojang.authlib.minecraft.client.MinecraftClient.post(MinecraftClient.java:89)
	at knot//com.mojang.authlib.yggdrasil.YggdrasilUserApiService.getKeyPair(YggdrasilUserApiService.java:62)
	at knot//net.minecraft.client.multiplayer.AccountProfileKeyPairManager.fetchProfileKeyPair(AccountProfileKeyPairManager.java:119)
	at knot//net.minecraft.client.multiplayer.AccountProfileKeyPairManager.lambda$readOrFetchProfileKeyPair$0(AccountProfileKeyPairManager.java:72)
	at java.base/java.util.concurrent.CompletableFuture$AsyncSupply.run(CompletableFuture.java:1789)
	at java.base/java.util.concurrent.ThreadPoolExecutor.runWorker(ThreadPoolExecutor.java:1090)
	at java.base/java.util.concurrent.ThreadPoolExecutor$Worker.run(ThreadPoolExecutor.java:614)
	at java.base/java.lang.Thread.run(Thread.java:1474)
[07:21:11] [Render thread/INFO] (Minecraft) Loaded 58 advancements
[07:21:11] [Render thread/INFO] (powers) QA client role=exact-7548160-blight-ground loaded 15 scripted steps
[07:21:11] [Render thread/INFO] (Minecraft) Resizing Dynamic Transforms UBO, capacity limit of 2 reached during a single frame. New capacity will be 4.
[07:21:11] [Render thread/INFO] (Minecraft) Resizing Dynamic Transforms UBO, capacity limit of 4 reached during a single frame. New capacity will be 8.
[07:21:11] [Render thread/INFO] (Minecraft) Resizing Chunk Sections UBO, capacity limit of 2 reached during a single frame. New capacity will be 8.
[07:21:11] [Render thread/INFO] (Minecraft) Resizing Chunk Sections UBO, capacity limit of 8 reached during a single frame. New capacity will be 16.
[07:21:11] [Render thread/INFO] (Minecraft) Resizing Chunk Sections UBO, capacity limit of 16 reached during a single frame. New capacity will be 32.
[07:21:11] [Render thread/INFO] (Minecraft) Resizing Chunk Sections UBO, capacity limit of 32 reached during a single frame. New capacity will be 64.
[07:21:11] [Render thread/INFO] (Minecraft) Resizing Chunk Sections UBO, capacity limit of 64 reached during a single frame. New capacity will be 128.
[07:21:12] [Render thread/INFO] (Minecraft) Resizing Chunk Sections UBO, capacity limit of 128 reached during a single frame. New capacity will be 256.
[07:21:12] [Render thread/INFO] (powers) QA client role=exact-7548160-blight-ground connected as DarkProof to 127.0.0.1:25565
[07:21:12] [Render thread/INFO] (Minecraft) Resizing Chunk Sections UBO, capacity limit of 256 reached during a single frame. New capacity will be 512.
[07:21:14] [Render thread/INFO] (powers) QA client role=exact-7548160-blight-ground executed CLOSE [screen] at connected tick 60
[07:21:15] [Render thread/INFO] (powers) QA client role=exact-7548160-blight-ground executed COMMAND [powers testing on] at connected tick 80
[07:21:15] [Render thread/INFO] (Minecraft) [System] [CHAT] Testing limits — energy: DISABLED, cooldowns: DISABLED
[07:21:16] [Render thread/INFO] (powers) QA client role=exact-7548160-blight-ground executed COMMAND [tag @s add darkness] at connected tick 100
[07:21:16] [Render thread/INFO] (Minecraft) [System] [CHAT] Target either already has the tag or has too many tags
[07:21:16] [Render thread/INFO] (powers) QA client role=exact-7548160-blight-ground executed COMMAND [advancement grant @s through powers:darkness/level_10] at connected tick 110
[07:21:16] [Render thread/INFO] (Minecraft) [System] [CHAT] Couldn't grant 11 advancements to [Unmarked] DarkProof as they already have them
[07:21:17] [Render thread/INFO] (powers) QA client role=exact-7548160-blight-ground executed COMMAND [item replace entity @s weapon.mainhand with powers:lycanbane] at connected tick 120
[07:21:17] [Render thread/INFO] (powers) QA client role=exact-7548160-blight-ground captured its connected-world evidence
[07:21:17] [Render thread/INFO] (Minecraft) [System] [CHAT] Replaced a slot on [Unmarked] DarkProof with [Shadow Sword]
[07:21:17] [Render thread/INFO] (Minecraft) [System] [CHAT] Saved screenshot as 2026-08-14_07.21.17.png
[07:21:18] [Render thread/INFO] (powers) QA client role=exact-7548160-blight-ground executed COMMAND [execute in minecraft:overworld run fill 2390 99 2390 2410 100 2410 minecraft:stone] at connected tick 140
[07:21:18] [Render thread/INFO] (Minecraft) [System] [CHAT] Successfully filled 332 block(s)
[07:21:18] [Render thread/INFO] (powers) QA client role=exact-7548160-blight-ground executed COMMAND [execute in minecraft:overworld run fill 2390 101 2390 2410 115 2410 minecraft:air] at connected tick 150
[07:21:18] [Render thread/INFO] (Minecraft) [System] [CHAT] Successfully filled 2029 block(s)
[07:21:19] [Render thread/INFO] (powers) QA client role=exact-7548160-blight-ground executed COMMAND [execute in minecraft:overworld run tp @s 2400.5 101 2400.5 0 0] at connected tick 170
[07:21:19] [Render thread/INFO] (Minecraft) [System] [CHAT] Teleported [Unmarked] DarkProof to 2400.500000, 101.000000, 2400.500000
[07:21:21] [Render thread/INFO] (powers) QA client role=exact-7548160-blight-ground executed ARTIFACT [darkness unique/blight_ground -1] at connected tick 200
[07:21:25] [Render thread/INFO] (powers) QA client role=exact-7548160-blight-ground executed COMMAND [execute if block 2400 100 2400 powers:darkness run say DARK_ARTIFACT_BLIGHT_CENTER_PRESENT] at connected tick 280
[07:21:25] [Render thread/INFO] (Minecraft) [System] [CHAT] [[Unmarked] DarkProof] DARK_ARTIFACT_BLIGHT_CENTER_PRESENT
[07:21:25] [Render thread/INFO] (powers) QA client role=exact-7548160-blight-ground executed COMMAND [execute if block 2394 100 2400 powers:darkness run say DARK_ARTIFACT_BLIGHT_EDGE_PRESENT] at connected tick 290
[07:21:25] [Render thread/INFO] (Minecraft) [System] [CHAT] [[Unmarked] DarkProof] DARK_ARTIFACT_BLIGHT_EDGE_PRESENT
[07:21:26] [Render thread/INFO] (powers) QA client role=exact-7548160-blight-ground executed SCREENSHOT [dark-artifact-blight-ground-exact] at connected tick 300
[07:21:26] [Render thread/INFO] (Minecraft) [System] [CHAT] Saved screenshot as 2026-08-14_07.21.26.png
[07:21:27] [Render thread/INFO] (powers) QA client role=exact-7548160-blight-ground executed COMMAND [item replace entity @s weapon.mainhand with minecraft:air] at connected tick 330
[07:21:27] [Render thread/INFO] (Minecraft) [System] [CHAT] Replaced a slot on [Unmarked] DarkProof with [Air]
[07:21:29] [Render thread/INFO] (powers) QA client role=exact-7548160-blight-ground executed COMMAND [powers diagnose] at connected tick 360
[07:21:29] [Render thread/INFO] (Minecraft) [System] [CHAT] magic=14/5 cells; spellFields=0 (cap/tick 32); artifactFields=0
[07:21:29] [Render thread/INFO] (Minecraft) [System] [CHAT] forces=251; clashes=0; auraCaps=512/player,4096/level; guardians=0
[07:21:29] [Render thread/INFO] (Minecraft) [System] [CHAT] proxies=0; travelLoads=0; celestialEvents=0; forcedChunks=0
[07:21:29] [Render thread/INFO] (Minecraft) [System] [CHAT] lastTick: packets=3; particles=128; entityInspections=0
[07:21:29] [Render thread/INFO] (Minecraft) [System] [CHAT] configValidation: revision=0; adjustments=0; retained=0; dropped=0
[07:21:29] [Render thread/INFO] (Minecraft) [System] [CHAT] operatorAudit: total=2
[07:21:29] [Render thread/INFO] (Minecraft) [System] [CHAT] operatorAudit action=testing_control; result=success; count=2
[07:21:29] [Render thread/INFO] (Minecraft) [System] [CHAT] Energy history: spent=0 restored=0 net=0
[07:21:29] [Render thread/INFO] (Minecraft) [System] [CHAT] physicalRays=0; rayCollisionsThisTick=0; shadowSessions=0; revealedShadowBodies=0
[07:21:29] [Render thread/INFO] (Minecraft) [System] [CHAT] shadowBodies=0 (hidden=0, revealed=0); tasks=0; energy=0; rites=0; toggles=0; casts=0; conjurations=0; planner=0; contexts=0; targetProfiles=0; creditWindows=0; forcedChunks=0; leaks=0
[07:21:29] [Render thread/INFO] (Minecraft) [System] [CHAT] realmBuilds=0; containment=0 (cap/tick 256); invasions=0/64; concord=0/0
[07:21:29] [Render thread/INFO] (Minecraft) [System] [CHAT] index=spellFields; dimension=minecraft:overworld; q=4; candidates=0; misses=4; stale=0; fallbackScans=0; memory~=0B
[07:21:29] [Render thread/INFO] (Minecraft) [System] [CHAT] index=artifactFields; dimension=minecraft:overworld; q=0; candidates=0; misses=0; stale=0; fallbackScans=0; memory~=0B
[07:21:29] [Render thread/INFO] (Minecraft) [System] [CHAT] index=amethystNatural; dimension=minecraft:overworld; q=234; candidates=0; misses=234; stale=26; fallbackScans=42; memory~=1280B
[07:21:29] [Render thread/INFO] (Minecraft) [System] [CHAT] index=amethystWards; dimension=minecraft:overworld; q=0; candidates=0; misses=0; stale=0; fallbackScans=0; memory~=0B
[07:21:29] [Render thread/INFO] (Minecraft) [System] [CHAT] index=namedTargets; dimension=minecraft:overworld; q=0; candidates=0; misses=0; stale=0; fallbackScans=0; memory~=0B
[07:21:29] [Render thread/INFO] (Minecraft) [System] [CHAT] index=livingForces; dimension=minecraft:overworld; q=45542; candidates=169636; misses=45528; stale=0; fallbackScans=0; memory~=12528B
[07:21:29] [Render thread/INFO] (Minecraft) [System] [CHAT] index=spellFields; dimension=minecraft:the_end; q=0; candidates=0; misses=0; stale=0; fallbackScans=0; memory~=0B
[07:21:29] [Render thread/INFO] (Minecraft) [System] [CHAT] index=artifactFields; dimension=minecraft:the_end; q=0; candidates=0; misses=0; stale=0; fallbackScans=0; memory~=0B
[07:21:29] [Render thread/INFO] (Minecraft) [System] [CHAT] index=amethystNatural; dimension=minecraft:the_end; q=0; candidates=0; misses=0; stale=0; fallbackScans=0; memory~=0B
[07:21:29] [Render thread/INFO] (Minecraft) [System] [CHAT] index=amethystWards; dimension=minecraft:the_end; q=0; candidates=0; misses=0; stale=0; fallbackScans=0; memory~=0B
[07:21:29] [Render thread/INFO] (Minecraft) [System] [CHAT] index=namedTargets; dimension=minecraft:the_end; q=0; candidates=0; misses=0; stale=0; fallbackScans=0; memory~=0B
[07:21:29] [Render thread/INFO] (Minecraft) [System] [CHAT] index=livingForces; dimension=minecraft:the_end; q=0; candidates=0; misses=0; stale=0; fallbackScans=0; memory~=0B
[07:21:29] [Render thread/INFO] (Minecraft) [System] [CHAT] index=spellFields; dimension=minecraft:the_nether; q=0; candidates=0; misses=0; stale=0; fallbackScans=0; memory~=0B
[07:21:29] [Render thread/INFO] (Minecraft) [System] [CHAT] index=artifactFields; dimension=minecraft:the_nether; q=0; candidates=0; misses=0; stale=0; fallbackScans=0; memory~=0B
[07:21:29] [Render thread/INFO] (Minecraft) [System] [CHAT] index=amethystNatural; dimension=minecraft:the_nether; q=0; candidates=0; misses=0; stale=0; fallbackScans=0; memory~=0B
[07:21:29] [Render thread/INFO] (Minecraft) [System] [CHAT] index=amethystWards; dimension=minecraft:the_nether; q=0; candidates=0; misses=0; stale=0; fallbackScans=0; memory~=0B
[07:21:29] [Render thread/INFO] (Minecraft) [System] [CHAT] index=namedTargets; dimension=minecraft:the_nether; q=0; candidates=0; misses=0; stale=0; fallbackScans=0; memory~=0B
[07:21:29] [Render thread/INFO] (Minecraft) [System] [CHAT] index=livingForces; dimension=minecraft:the_nether; q=0; candidates=0; misses=0; stale=0; fallbackScans=0; memory~=0B
[07:21:29] [Render thread/INFO] (Minecraft) [System] [CHAT] index=spellFields; dimension=powers:dark_realm; q=0; candidates=0; misses=0; stale=0; fallbackScans=0; memory~=0B
[07:21:29] [Render thread/INFO] (Minecraft) [System] [CHAT] index=artifactFields; dimension=powers:dark_realm; q=0; candidates=0; misses=0; stale=0; fallbackScans=0; memory~=0B
[07:21:29] [Render thread/INFO] (Minecraft) [System] [CHAT] index=amethystNatural; dimension=powers:dark_realm; q=0; candidates=0; misses=0; stale=0; fallbackScans=0; memory~=0B
[07:21:29] [Render thread/INFO] (Minecraft) [System] [CHAT] index=amethystWards; dimension=powers:dark_realm; q=0; candidates=0; misses=0; stale=0; fallbackScans=0; memory~=0B
[07:21:29] [Render thread/INFO] (Minecraft) [System] [CHAT] index=namedTargets; dimension=powers:dark_realm; q=0; candidates=0; misses=0; stale=0; fallbackScans=0; memory~=0B
[07:21:29] [Render thread/INFO] (Minecraft) [System] [CHAT] index=livingForces; dimension=powers:dark_realm; q=0; candidates=0; misses=0; stale=0; fallbackScans=0; memory~=0B
[07:21:29] [Render thread/INFO] (Minecraft) [System] [CHAT] index=spellFields; dimension=powers:light_realm; q=0; candidates=0; misses=0; stale=0; fallbackScans=0; memory~=0B
[07:21:29] [Render thread/INFO] (Minecraft) [System] [CHAT] index=artifactFields; dimension=powers:light_realm; q=0; candidates=0; misses=0; stale=0; fallbackScans=0; memory~=0B
[07:21:29] [Render thread/INFO] (Minecraft) [System] [CHAT] index=amethystNatural; dimension=powers:light_realm; q=0; candidates=0; misses=0; stale=0; fallbackScans=0; memory~=0B
[07:21:29] [Render thread/INFO] (Minecraft) [System] [CHAT] index=amethystWards; dimension=powers:light_realm; q=0; candidates=0; misses=0; stale=0; fallbackScans=0; memory~=0B
[07:21:29] [Render thread/INFO] (Minecraft) [System] [CHAT] index=namedTargets; dimension=powers:light_realm; q=0; candidates=0; misses=0; stale=0; fallbackScans=0; memory~=0B
[07:21:29] [Render thread/INFO] (Minecraft) [System] [CHAT] index=livingForces; dimension=powers:light_realm; q=0; candidates=0; misses=0; stale=0; fallbackScans=0; memory~=0B
[07:21:29] [Render thread/INFO] (Minecraft) [System] [CHAT] index=spellFields; dimension=powers:middleworld; q=0; candidates=0; misses=0; stale=0; fallbackScans=0; memory~=0B
[07:21:29] [Render thread/INFO] (Minecraft) [System] [CHAT] index=artifactFields; dimension=powers:middleworld; q=0; candidates=0; misses=0; stale=0; fallbackScans=0; memory~=0B
[07:21:29] [Render thread/INFO] (Minecraft) [System] [CHAT] index=amethystNatural; dimension=powers:middleworld; q=0; candidates=0; misses=0; stale=0; fallbackScans=0; memory~=0B
[07:21:29] [Render thread/INFO] (Minecraft) [System] [CHAT] index=amethystWards; dimension=powers:middleworld; q=0; candidates=0; misses=0; stale=0; fallbackScans=0; memory~=0B
[07:21:29] [Render thread/INFO] (Minecraft) [System] [CHAT] index=namedTargets; dimension=powers:middleworld; q=0; candidates=0; misses=0; stale=0; fallbackScans=0; memory~=0B
[07:21:29] [Render thread/INFO] (Minecraft) [System] [CHAT] index=livingForces; dimension=powers:middleworld; q=0; candidates=0; misses=0; stale=0; fallbackScans=0; memory~=0B
[07:21:29] [Render thread/INFO] (Minecraft) [System] [CHAT] travelTickets=0/64; perDimensionLimit=24; lastRefusal=none
[07:21:29] [Render thread/INFO] (Minecraft) [System] [CHAT] missingDimensions=0; droppedDistinct=0; orphanedRuinEvents=0
[07:21:29] [Render thread/INFO] (Minecraft) [System] [CHAT] questTelemetrySamples=0; publicationReadyLevels=0/20; minimumPerLevel=20
[07:21:29] [Render thread/INFO] (Minecraft) [System] [CHAT] testing: energy=disabled; cooldowns=disabled
[07:21:29] [Render thread/INFO] (powers) QA client role=exact-7548160-blight-ground executed SCREENSHOT [dark-artifact-blight-ground-complete] at connected tick 370
[07:21:29] [Render thread/INFO] (Minecraft) [System] [CHAT] Saved screenshot as 2026-08-14_07.21.29.png
