[01:15:00] [main/INFO] (FabricLoader/GameProvider) Loading Minecraft 26.2 with Fabric Loader 0.19.3
[01:15:00] [main/INFO] (FabricLoader/Mappings) Mappings not present!
[01:15:00] [main/INFO] (FabricLoader) Loading 43 mods:
	- fabric-api 0.156.0+26.2
	   |-- fabric-key-mapping-api-v1 2.0.5+e2bdee789e
	   |-- fabric-model-loading-api-v1 8.0.16+c80601bb9e
	   |-- fabric-renderer-api-v1 14.1.3+2b0d8a229e
	   |-- fabric-renderer-indigo 9.1.3+2b0d8a229e
	   |-- fabric-rendering-v1 25.3.2+515ac5339e
	   |-- fabric-screen-api-v1 5.1.0+48e3c0b09e
	   \-- fabric-sound-api-v1 2.0.5+11a26f319e
	- fabric-api-base 2.0.4+ece063239e
	- fabric-api-lookup-api-v1 2.0.17+11e1c9a39e
	- fabric-biome-api-v1 18.0.6+c7bd5b8e9e
	- fabric-block-api-v1 3.0.3+ec56b6019e
	- fabric-block-getter-api-v2 2.0.7+ec56b6019e
	- fabric-command-api-v2 3.1.0+00cb03469e
	- fabric-content-registries-v0 11.3.0+d0a699d09e
	- fabric-convention-tags-v2 4.7.0+1f023a9e9e
	- fabric-crash-report-info-v1 1.0.5+086d547a9e
	- fabric-creative-tab-api-v1 5.0.14+d871b99e9e
	- fabric-data-attachment-api-v1 2.2.18+515ac5339e
	- fabric-data-generation-api-v1 25.5.0+aed122aa9e
	- fabric-debug-api-v1 1.0.2+c792624d9e
	- fabric-dimensions-v1 5.1.11+515ac5339e
	- fabric-entity-events-v1 5.0.5+06488ac19e
	- fabric-events-interaction-v0 5.2.7+515ac5339e
	- fabric-game-rule-api-v1 4.0.8+46a6d00c9e
	- fabric-gametest-api-v1 4.0.21+4a7fa0819e
	- fabric-item-api-v1 14.4.0+49a69a7b9e
	- fabric-lifecycle-events-v1 4.1.3+4575b05f9e
	- fabric-loot-api-v3 3.0.17+06488ac19e
	- fabric-menu-api-v1 2.0.16+086d547a9e
	- fabric-message-api-v1 7.0.7+086d547a9e
	- fabric-networking-api-v1 6.3.3+72073ef09e
	- fabric-object-builder-api-v1 24.1.0+6fcd5f039e
	- fabric-particles-v1 5.0.18+d1756aa99e
	- fabric-permission-api-v1 1.0.4+536fad2f9e
	- fabric-recipe-api-v1 9.0.20+11e1c9a39e
	- fabric-registry-sync-v0 7.1.0+c7bd5b8e9e
	- fabric-rendering-fluids-v1 6.0.4+06488ac19e
	- fabric-resource-conditions-api-v1 6.1.0+10e9a28b9e
	- fabric-resource-loader-v0 3.3.20+4fc5413f9e
	- fabric-resource-loader-v1 2.0.13+9edec1269e
	- fabric-serialization-api-v1 2.0.4+11a26f319e
	- fabric-tag-api-v1 2.1.4+515ac5339e
	- fabric-transfer-api-v1 8.0.12+11dbb7d79e
	- fabric-transitive-access-wideners-v1 8.1.4+67c847259e
	- fabricloader 0.19.3
	- java 25
	- minecraft 26.2
	- mixinextras 0.5.4
	- powers 1.0.2
[01:15:00] [main/INFO] (FabricLoader/Mixin) SpongePowered MIXIN Subsystem Version=0.8.7 Source=file:/Users/james/.gradle/caches/modules-2/files-2.1/net.fabricmc/sponge-mixin/0.17.3+mixin.0.8.7/41c4a3984a80f4679e759fb9f495587acc5cdac7/sponge-mixin-0.17.3+mixin.0.8.7.jar Service=Knot/Fabric Env=SERVER
[01:15:00] [main/INFO] (FabricLoader/Mixin) Compatibility level set to JAVA_25
[01:15:00] [main/INFO] (FabricLoader/MixinExtras|Service) Initializing MixinExtras via com.llamalad7.mixinextras.service.MixinExtrasServiceImpl(version=0.5.4).
[01:15:03] [main/INFO] (powers) Loaded rank mazes: 28 light nodes, 28 darkness nodes
[01:15:03] [main/INFO] (powers) Magic collision kernel loaded: 64 actions, 2080 exhaustive interactions
[01:15:03] [main/INFO] (powers) POWERS framework initialized with 23 power(s)
[01:15:03] [main/INFO] (Minecraft) Environment: Environment[sessionHost=https://sessionserver.mojang.com, servicesHost=https://api.minecraftservices.com, profilesHost=https://api.mojang.com, name=PROD]
[01:15:04] [Worker-Main-2/INFO] (Minecraft) No existing world data, creating new world
[01:15:04] [main/INFO] (Minecraft) Loaded 1605 recipes
[01:15:04] [main/INFO] (Minecraft) Loaded 1713 advancements
[01:15:04] [main/INFO] (powers) Loaded 14 Shadow knowledge entries
[01:15:04] [main/INFO] (BiomeModificationImpl) Applied 0 biome modifications to 0 of 69 new biomes in 527.7 μs
[01:15:04] [Server thread/INFO] (Minecraft) Starting minecraft server version 26.2
[01:15:04] [Server thread/INFO] (Minecraft) Loading properties
[01:15:04] [Server thread/INFO] (Minecraft) Default game type: SURVIVAL
[01:15:04] [Server thread/INFO] (Minecraft) Generating keypair
[01:15:04] [Server thread/INFO] (Minecraft) Starting Minecraft server on *:25565
[01:15:04] [Server thread/WARN] (Minecraft) **** SERVER IS RUNNING IN OFFLINE/INSECURE MODE!
[01:15:04] [Server thread/WARN] (Minecraft) The server will make no attempt to authenticate usernames. Beware.
[01:15:04] [Server thread/WARN] (Minecraft) While this makes the game possible to play without internet access, it also opens up the ability for hackers to connect with any username they choose.
[01:15:04] [Server thread/WARN] (Minecraft) To change this, set "online-mode" to "true" in the server.properties file.
[01:15:04] [Server thread/INFO] (Minecraft) Preparing level "world"
[01:15:05] [Server thread/INFO] (Minecraft) Selecting global world spawn...
[01:15:06] [Server thread/INFO] (Minecraft) Loading 0 persistent chunks...
[01:15:06] [Server thread/INFO] (Minecraft) Preparing spawn area: 100%
[01:15:06] [Server thread/INFO] (Minecraft) Time elapsed: 1548 ms
[01:15:06] [Server thread/INFO] (Minecraft) Done (1.677s)! For help, type "help"
[01:15:06] [Server thread/INFO] (Minecraft) Saving chunks for level 'ServerLevel[world]'/minecraft:overworld
[01:15:06] [Server thread/INFO] (Minecraft) Saving chunks for level 'ServerLevel[world]'/powers:middleworld
[01:15:06] [Server thread/INFO] (Minecraft) Saving chunks for level 'ServerLevel[world]'/minecraft:the_end
[01:15:06] [Server thread/INFO] (Minecraft) Saving chunks for level 'ServerLevel[world]'/powers:light_realm
[01:15:06] [Server thread/INFO] (Minecraft) Saving chunks for level 'ServerLevel[world]'/powers:dark_realm
[01:15:06] [Server thread/INFO] (Minecraft) Saving chunks for level 'ServerLevel[world]'/minecraft:the_nether
[01:15:06] [Server thread/INFO] (Minecraft) ThreadedAnvilChunkStorage (world): All chunks are saved
[01:15:06] [Server thread/INFO] (Minecraft) ThreadedAnvilChunkStorage (middleworld): All chunks are saved
[01:15:06] [Server thread/INFO] (Minecraft) ThreadedAnvilChunkStorage (DIM1): All chunks are saved
[01:15:06] [Server thread/INFO] (Minecraft) ThreadedAnvilChunkStorage (light_realm): All chunks are saved
[01:15:06] [Server thread/INFO] (Minecraft) ThreadedAnvilChunkStorage (dark_realm): All chunks are saved
[01:15:06] [Server thread/INFO] (Minecraft) ThreadedAnvilChunkStorage (DIM-1): All chunks are saved
[01:15:06] [Server thread/INFO] (Minecraft) ThreadedAnvilChunkStorage: All dimensions are saved
[01:15:26] [Server thread/INFO] (Minecraft) SpellAnchor[/127.0.0.1:55603] logged in with entity id 11 at (3.5, 79.0, 5.5)
[01:15:26] [Server thread/INFO] (Minecraft) [Dormant] SpellAnchor joined the game
[01:15:39] [Server thread/INFO] (Minecraft) Made SpellAnchor a server operator
[01:15:41] [Server thread/INFO] (powers) powers_operator_audit action=testing_control result=success actor=[Dormant]_SpellAnchor subject=SpellAnchor detail=all_disabled
[01:15:42] [Server thread/INFO] (Minecraft) [[Dormant] SpellAnchor: Set own game mode to Creative Mode]
[01:15:43] [Server thread/INFO] (Minecraft) [[Dormant] SpellAnchor: Teleported [Dormant] SpellAnchor to 0.500000, 101.000000, 0.500000]
[01:15:44] [Server thread/INFO] (Minecraft) [[Dormant] SpellAnchor: Successfully filled 289 block(s)]
[01:15:46] [Server thread/INFO] (Minecraft) [[Dormant] SpellAnchor: Created team [qa_anchor]]
[01:15:47] [Server thread/INFO] (Minecraft) [[Dormant] SpellAnchor: Added [Dormant] SpellAnchor to team [qa_anchor]]
[01:15:48] [Server thread/INFO] (Minecraft) [[Dormant] SpellAnchor: Summoned new Test_a304de4a]
[01:15:49] [Server thread/INFO] (Minecraft) [[Dormant] SpellAnchor: Modified entity data of Test_a304de4a]
[01:15:50] [Server thread/INFO] (Minecraft) [[Dormant] SpellAnchor: Added Test_a304de4a to team [qa_anchor]]
[01:15:51] [Server thread/INFO] (Minecraft) [[Dormant] SpellAnchor: Replaced a slot on [Dormant] SpellAnchor with [The Deepbound Grimoire]]
[01:17:17] [Server thread/INFO] (Minecraft) SpellAnchor lost connection: Disconnected
[01:17:17] [Server thread/INFO] (Minecraft) [Dormant] SpellAnchor left the game
[01:17:23] [Server thread/INFO] (Minecraft) No entity was found
[01:18:00] [Server thread/INFO] (Minecraft) AnchorTarget[/127.0.0.1:55640] logged in with entity id 646 at (-1.5, 101.0, 2.5)
[01:18:00] [Server thread/INFO] (Minecraft) [Dormant] AnchorTarget joined the game
[01:18:09] [Server thread/INFO] (Minecraft) AnchorCaster[/127.0.0.1:55650] logged in with entity id 888 at (-3.5, 101.0, -7.5)
[01:18:09] [Server thread/INFO] (Minecraft) [Dormant] AnchorCaster joined the game
[01:18:23] [Server thread/INFO] (Minecraft) Made AnchorTarget a server operator
[01:18:23] [Server thread/INFO] (Minecraft) Made AnchorCaster a server operator
[01:18:30] [Server thread/INFO] (Minecraft) [[Dormant] AnchorTarget: Set own game mode to Creative Mode]
[01:18:32] [Server thread/INFO] (Minecraft) [[Dormant] AnchorTarget: Teleported [Dormant] AnchorTarget to 0.500000, 101.000000, 5.500000]
[01:18:39] [Server thread/INFO] (powers) powers_operator_audit action=testing_control result=success actor=[Dormant]_AnchorCaster subject=AnchorCaster detail=all_disabled
[01:18:40] [Server thread/INFO] (Minecraft) [[Dormant] AnchorCaster: Set own game mode to Creative Mode]
[01:18:41] [Server thread/INFO] (Minecraft) [[Dormant] AnchorCaster: Teleported [Dormant] AnchorCaster to 0.500000, 101.000000, 0.500000]
[01:18:42] [Server thread/INFO] (Minecraft) [[Dormant] AnchorCaster: Replaced a slot on [Dormant] AnchorCaster with [The Deepbound Grimoire]]
[01:19:06] [Server thread/INFO] (Minecraft) AnchorTarget lost connection: Disconnected
[01:19:06] [Server thread/INFO] (Minecraft) [Dormant] AnchorTarget left the game
[01:19:06] [Server thread/INFO] (Minecraft) AnchorCaster lost connection: Disconnected
[01:19:06] [Server thread/INFO] (Minecraft) [Dormant] AnchorCaster left the game
[01:19:15] [Server thread/INFO] (Minecraft) Stopping the server
[01:19:15] [Server thread/INFO] (Minecraft) Stopping server
[01:19:15] [Server thread/INFO] (Minecraft) Saving players
[01:19:15] [Server thread/INFO] (Minecraft) Saving worlds
[01:19:15] [Server thread/INFO] (Minecraft) Saving chunks for level 'ServerLevel[world]'/minecraft:overworld
[01:19:15] [Server thread/INFO] (Minecraft) Saving chunks for level 'ServerLevel[world]'/powers:middleworld
[01:19:15] [Server thread/INFO] (Minecraft) Saving chunks for level 'ServerLevel[world]'/minecraft:the_end
[01:19:15] [Server thread/INFO] (Minecraft) Saving chunks for level 'ServerLevel[world]'/powers:light_realm
[01:19:15] [Server thread/INFO] (Minecraft) Saving chunks for level 'ServerLevel[world]'/powers:dark_realm
[01:19:15] [Server thread/INFO] (Minecraft) Saving chunks for level 'ServerLevel[world]'/minecraft:the_nether
[01:19:15] [Server thread/INFO] (Minecraft) ThreadedAnvilChunkStorage (world): All chunks are saved
[01:19:15] [Server thread/INFO] (Minecraft) ThreadedAnvilChunkStorage (middleworld): All chunks are saved
[01:19:15] [Server thread/INFO] (Minecraft) ThreadedAnvilChunkStorage (DIM1): All chunks are saved
[01:19:15] [Server thread/INFO] (Minecraft) ThreadedAnvilChunkStorage (light_realm): All chunks are saved
[01:19:15] [Server thread/INFO] (Minecraft) ThreadedAnvilChunkStorage (dark_realm): All chunks are saved
[01:19:15] [Server thread/INFO] (Minecraft) ThreadedAnvilChunkStorage (DIM-1): All chunks are saved
[01:19:15] [Server thread/INFO] (Minecraft) ThreadedAnvilChunkStorage: All dimensions are saved
