To honour the JVM settings for this build a single-use Daemon process will be forked. For more on this, please refer to https://docs.gradle.org/9.5.1/userguide/gradle_daemon.html#sec:disabling_the_daemon in the Gradle documentation.
Daemon will be stopped at the end of the build

> Configure project :
Fabric Loom: 1.17.19

> Task :auditJavaSources
> Task :auditNonItemAssets
> Task :compileJava
> Task :processResources
> Task :classes
> Task :compileClientJava
> Task :processClientResources
> Task :clientClasses
> Task :compileExampleExtensionJava
> Task :processExampleExtensionResources
> Task :exampleExtensionClasses
> Task :compileGametestJava
> Task :deleteGameTestRunDir
> Task :acceptGameTestEula
> Task :generateLog4jConfig
> Task :generateDLIConfig
> Task :configureLaunch
> Task :processGametestResources
> Task :gametestClasses

> Task :runGameTest
[14:36:17] [main/INFO] (FabricLoader/GameProvider) Loading Minecraft 26.2 with Fabric Loader 0.19.3
[14:36:17] [main/INFO] (FabricLoader/Mappings) Mappings not present!
[14:36:17] [main/INFO] (FabricLoader) Loading 45 mods:
	- fabric-api 0.156.0+26.2
	   |-- fabric-key-mapping-api-v1 2.0.5+e2bdee789e
	   |-- fabric-model-loading-api-v1 8.0.16+c80601bb9e
	   |-- fabric-renderer-api-v1 14.1.3+2b0d8a229e
	   |-- fabric-renderer-indigo 9.1.3+2b0d8a229e
	   |-- fabric-rendering-v1 25.3.2+515ac5339e
	   |-- fabric-screen-api-v1 5.1.0+48e3c0b09e
	   \-- fabric-sound-api-v1 2.0.5+11a26f319e
	- fabric-api-base 2.0.4+ece063239e
	- fabric-api-lookup-api-v1 2.0.17+11e1c9a39e
	- fabric-biome-api-v1 18.0.6+c7bd5b8e9e
	- fabric-block-api-v1 3.0.3+ec56b6019e
	- fabric-block-getter-api-v2 2.0.7+ec56b6019e
	- fabric-command-api-v2 3.1.0+00cb03469e
	- fabric-content-registries-v0 11.3.0+d0a699d09e
	- fabric-convention-tags-v2 4.7.0+1f023a9e9e
	- fabric-crash-report-info-v1 1.0.5+086d547a9e
	- fabric-creative-tab-api-v1 5.0.14+d871b99e9e
	- fabric-data-attachment-api-v1 2.2.18+515ac5339e
	- fabric-data-generation-api-v1 25.5.0+aed122aa9e
	- fabric-debug-api-v1 1.0.2+c792624d9e
	- fabric-dimensions-v1 5.1.11+515ac5339e
	- fabric-entity-events-v1 5.0.5+06488ac19e
	- fabric-events-interaction-v0 5.2.7+515ac5339e
	- fabric-game-rule-api-v1 4.0.8+46a6d00c9e
	- fabric-gametest-api-v1 4.0.21+4a7fa0819e
	- fabric-item-api-v1 14.4.0+49a69a7b9e
	- fabric-lifecycle-events-v1 4.1.3+4575b05f9e
	- fabric-loot-api-v3 3.0.17+06488ac19e
	- fabric-menu-api-v1 2.0.16+086d547a9e
	- fabric-message-api-v1 7.0.7+086d547a9e
	- fabric-networking-api-v1 6.3.3+72073ef09e
	- fabric-object-builder-api-v1 24.1.0+6fcd5f039e
	- fabric-particles-v1 5.0.18+d1756aa99e
	- fabric-permission-api-v1 1.0.4+536fad2f9e
	- fabric-recipe-api-v1 9.0.20+11e1c9a39e
	- fabric-registry-sync-v0 7.1.0+c7bd5b8e9e
	- fabric-rendering-fluids-v1 6.0.4+06488ac19e
	- fabric-resource-conditions-api-v1 6.1.0+10e9a28b9e
	- fabric-resource-loader-v0 3.3.20+4fc5413f9e
	- fabric-resource-loader-v1 2.0.13+9edec1269e
	- fabric-serialization-api-v1 2.0.4+11a26f319e
	- fabric-tag-api-v1 2.1.4+515ac5339e
	- fabric-transfer-api-v1 8.0.12+11dbb7d79e
	- fabric-transitive-access-wideners-v1 8.1.4+67c847259e
	- fabricloader 0.19.3
	- java 25
	- minecraft 26.2
	- mixinextras 0.5.4
	- powers 1.0.2
	- powers-example-extension 1.0.0
	- powers-gametest 1.0.0
[14:36:17] [main/INFO] (FabricLoader/Mixin) SpongePowered MIXIN Subsystem Version=0.8.7 Source=file:<GRADLE_CACHE>/caches/modules-2/files-2.1/net.fabricmc/sponge-mixin/0.17.3+mixin.0.8.7/41c4a3984a80f4679e759fb9f495587acc5cdac7/sponge-mixin-0.17.3+mixin.0.8.7.jar Service=Knot/Fabric Env=SERVER
[14:36:17] [main/INFO] (FabricLoader/Mixin) Compatibility level set to JAVA_25
[14:36:18] [main/INFO] (FabricLoader/MixinExtras|Service) Initializing MixinExtras via com.llamalad7.mixinextras.service.MixinExtrasServiceImpl(version=0.5.4).
[14:36:22] [main/INFO] (powers) POWERS config validation: revision=1; adjustments=0; retained=0; dropped=0
[14:36:22] [main/INFO] (powers) Loaded rank mazes: 28 light nodes, 28 darkness nodes
[14:36:22] [main/INFO] (powers) Magic collision kernel loaded: 64 actions, 2080 exhaustive interactions
[14:36:22] [main/INFO] (powers) POWERS framework initialized with 23 power(s)
[14:36:22] [main/INFO] (Minecraft) Environment: Environment[sessionHost=https://sessionserver.mojang.com, servicesHost=https://api.minecraftservices.com, profilesHost=https://api.mojang.com, name=PROD]
[14:36:22] [main/INFO] (FabricGameTestRunner) Starting test server
[14:36:23] [main/INFO] (Minecraft) Loaded 1605 recipes
[14:36:23] [main/INFO] (Minecraft) Loaded 1713 advancements
[14:36:23] [main/INFO] (powers) Staged 2 initial action aliases until extension registration
[14:36:23] [main/INFO] (powers) Loaded 14 Shadow knowledge entries
[14:36:23] [main/INFO] (BiomeModificationImpl) Applied 0 biome modifications to 0 of 69 new biomes in 855.5 μs
[14:36:23] [Server thread/INFO] (powers) Published action registry revision 2 with 110 canonical keys and 2 aliases
[14:36:23] [Server thread/INFO] (Minecraft) Selecting global world spawn...
[14:36:23] [Server thread/INFO] (Minecraft) Loading 0 persistent chunks...
[14:36:23] [Server thread/INFO] (Minecraft) Preparing spawn area: 100%
[14:36:23] [Server thread/INFO] (Minecraft) Time elapsed: 217 ms
[14:36:23] [Server thread/INFO] (Minecraft) Started game test server
[14:36:23] [Server thread/INFO] (Minecraft) 138 tests are now running at position -5827911, -59, -2213035!
[14:36:24] [Server thread/INFO] (Minecraft) Running test environment 'powers:invasion_isolated' batch 0 (1 tests)...
[14:36:24] [Server thread/INFO] (Minecraft) [                                                                                                                                          ]
[14:36:24] [Server thread/INFO] (Minecraft) test-mock-player[embedded] logged in with entity id 1 at (0.0, 0.0, 0.0)
[14:36:24] [Server thread/INFO] (Minecraft) [Dormant] test-mock-player joined the game
[14:36:24] [Server thread/INFO] (Minecraft) [_                                                                                                                                         ]
[14:36:24] [Server thread/INFO] (Minecraft) [_                                                                                                                                         ]
[14:36:24] [Server thread/INFO] (Minecraft) [_                                                                                                                                         ]
[14:36:25] [Server thread/INFO] (Minecraft) [_                                                                                                                                         ]
[14:36:25] [Server thread/INFO] (Minecraft) [_                                                                                                                                         ]
[14:36:25] [Server thread/INFO] (Minecraft) [_                                                                                                                                         ]
[14:36:25] [Server thread/INFO] (Minecraft) [_                                                                                                                                         ]
[14:36:25] [Server thread/INFO] (Minecraft) [_                                                                                                                                         ]
[14:36:25] [Server thread/INFO] (Minecraft) [_                                                                                                                                         ]
[14:36:25] [Server thread/INFO] (Minecraft) [_                                                                                                                                         ]
[14:36:25] [Server thread/INFO] (Minecraft) [_                                                                                                                                         ]
[14:36:25] [Server thread/INFO] (Minecraft) [_                                                                                                                                         ]
[14:36:25] [Server thread/INFO] (Minecraft) [_                                                                                                                                         ]
[14:36:25] [Server thread/INFO] (Minecraft) [_                                                                                                                                         ]
[14:36:25] [Server thread/INFO] (Minecraft) [_                                                                                                                                         ]
[14:36:25] [Server thread/INFO] (Minecraft) [_                                                                                                                                         ]
[14:36:25] [Server thread/INFO] (Minecraft) [_                                                                                                                                         ]
[14:36:25] [Server thread/INFO] (Minecraft) [_                                                                                                                                         ]
[14:36:25] [Server thread/INFO] (Minecraft) [_                                                                                                                                         ]
[14:36:25] [Server thread/INFO] (Minecraft) [_                                                                                                                                         ]
[14:36:25] [Server thread/INFO] (Minecraft) [_                                                                                                                                         ]
[14:36:25] [Server thread/INFO] (Minecraft) Running test environment 'powers:artifact_stale_teleport_isolated' batch 0 (1 tests)...
[14:36:25] [Server thread/INFO] (Minecraft) [+                                                                                                                                         ]
[14:36:25] [Server thread/INFO] (Minecraft) [+                                                                                                                                         ]
[14:36:25] [Server thread/INFO] (Minecraft) test-mock-player[embedded] logged in with entity id 6 at (0.0, 0.0, 0.0)
[14:36:25] [Server thread/INFO] (Minecraft) [Dormant] test-mock-player joined the game
[14:36:25] [Server thread/INFO] (Minecraft) Running test environment 'qa010_hostile:isolated' batch 0 (7 tests)...
[14:36:25] [Server thread/INFO] (Minecraft) test-mock-player[embedded] logged in with entity id 7 at (0.0, 0.0, 0.0)
[14:36:25] [Server thread/INFO] (Minecraft) [Dormant] test-mock-player joined the game
[14:36:25] [Server thread/INFO] (Minecraft) <test-mock-player> shadow, leave me
[14:36:25] [Server thread/INFO] (Minecraft) test-mock-player[embedded] logged in with entity id 10 at (0.0, 0.0, 0.0)
[14:36:25] [Server thread/INFO] (Minecraft) [Dormant] test-mock-player joined the game
[14:36:25] [Server thread/INFO] (Minecraft) test-mock-player[embedded] logged in with entity id 12 at (0.0, 0.0, 0.0)
[14:36:25] [Server thread/INFO] (Minecraft) [Dormant] test-mock-player joined the game
[14:36:26] [Server thread/INFO] (Minecraft) [Dormant] test-mock-player has made the advancement [We Need to Go Deeper]
[14:36:26] [Server thread/INFO] (Minecraft) test-mock-player[embedded] logged in with entity id 17 at (0.0, 0.0, 0.0)
[14:36:26] [Server thread/INFO] (Minecraft) [Dormant] test-mock-player joined the game
[14:36:26] [Server thread/INFO] (Minecraft) test-mock-player[embedded] logged in with entity id 18 at (0.0, 0.0, 0.0)
[14:36:26] [Server thread/INFO] (Minecraft) [Dormant] test-mock-player joined the game
[14:36:26] [Server thread/INFO] (Minecraft) test-mock-player[embedded] logged in with entity id 23 at (0.0, 0.0, 0.0)
[14:36:26] [Server thread/INFO] (Minecraft) [Dormant] test-mock-player joined the game
[14:36:26] [Server thread/INFO] (Minecraft) [Dormant] test-mock-player has made the advancement [Monster Hunter]
[14:36:26] [Server thread/INFO] (Minecraft) test-mock-player[embedded] logged in with entity id 28 at (0.0, 0.0, 0.0)
[14:36:26] [Server thread/INFO] (Minecraft) [Dormant] test-mock-player joined the game
[14:36:26] [Server thread/INFO] (Minecraft) test-mock-player[embedded] logged in with entity id 29 at (0.0, 0.0, 0.0)
[14:36:26] [Server thread/INFO] (Minecraft) [Dormant] test-mock-player joined the game
[14:36:27] [Server thread/INFO] (Minecraft) [+++_+++++                                                                                                                                 ]
[14:36:27] [Server thread/INFO] (Minecraft) [+++_+++++                                                                                                                                 ]
[14:36:27] [Server thread/INFO] (Minecraft) [Dormant] test-mock-player fell out of the world
[14:36:27] [Server thread/INFO] (Minecraft) [+++_+++++                                                                                                                                 ]
[14:36:27] [Server thread/INFO] (Minecraft) [+++_+++++                                                                                                                                 ]
[14:36:27] [Server thread/INFO] (Minecraft) [+++_+++++                                                                                                                                 ]
[14:36:27] [Server thread/INFO] (Minecraft) [+++_+++++                                                                                                                                 ]
[14:36:27] [Server thread/INFO] (Minecraft) [+++_+++++                                                                                                                                 ]
[14:36:27] [Server thread/INFO] (Minecraft) Running test environment 'qa010_hostile:travel_graph' batch 0 (1 tests)...
[14:36:27] [Server thread/INFO] (Minecraft) test-mock-player[embedded] logged in with entity id 147 at (0.0, 0.0, 0.0)
[14:36:27] [Server thread/INFO] (Minecraft) [Dormant] test-mock-player joined the game
[14:36:27] [Server thread/INFO] (Minecraft) [+++++++++_                                                                                                                                ]
[14:36:27] [Server thread/INFO] (Minecraft) [+++++++++_                                                                                                                                ]
[14:36:27] [Server thread/INFO] (Minecraft) [+++++++++_                                                                                                                                ]
[14:36:27] [Server thread/INFO] (Minecraft) Running test environment 'powers:packet_fault_isolated' batch 0 (4 tests)...
[14:36:27] [Server thread/INFO] (Minecraft) test-mock-player[embedded] logged in with entity id 228 at (0.0, 0.0, 0.0)
[14:36:27] [Server thread/INFO] (Minecraft) [Dormant] test-mock-player joined the game
[14:36:27] [Server thread/INFO] (Minecraft) test-mock-player[embedded] logged in with entity id 229 at (0.0, 0.0, 0.0)
[14:36:27] [Server thread/INFO] (Minecraft) [Dormant] test-mock-player joined the game
[14:36:27] [Server thread/INFO] (Minecraft) [+++++++++++++_                                                                                                                            ]
[14:36:27] [Server thread/INFO] (Minecraft) [+++++++++++++_                                                                                                                            ]
[14:36:27] [Server thread/INFO] (Minecraft) [+++++++++++++_                                                                                                                            ]
[14:36:27] [Server thread/INFO] (Minecraft) test-mock-player[embedded] logged in with entity id 303 at (0.0, 0.0, 0.0)
[14:36:27] [Server thread/INFO] (Minecraft) [Dormant] test-mock-player joined the game
[14:36:27] [Server thread/INFO] (Minecraft) test-mock-player[embedded] logged in with entity id 308 at (0.0, 0.0, 0.0)
[14:36:27] [Server thread/INFO] (Minecraft) [Dormant] test-mock-player joined the game
[14:36:27] [Server thread/INFO] (Minecraft) [+++++++++++++_                                                                                                                            ]
[14:36:27] [Server thread/INFO] (Minecraft) [Dormant] test-mock-player has made the advancement [We Need to Go Deeper]
[14:36:28] [Server thread/INFO] (Minecraft) test-mock-player[embedded] logged in with entity id 334 at (0.0, 0.0, 0.0)
[14:36:28] [Server thread/INFO] (Minecraft) [Dormant] test-mock-player joined the game
[14:36:28] [Server thread/INFO] (Minecraft) test-mock-player[embedded] logged in with entity id 339 at (0.0, 0.0, 0.0)
[14:36:28] [Server thread/INFO] (Minecraft) [Dormant] test-mock-player joined the game
[14:36:28] [Server thread/INFO] (Minecraft) test-mock-player lost connection: QA-009 disconnect lifecycle
[14:36:28] [Server thread/INFO] (Minecraft) [Dormant] test-mock-player left the game
[14:36:28] [Server thread/INFO] (Minecraft) test-mock-player[embedded] logged in with entity id 344 at (0.0, 0.0, 0.0)
[14:36:28] [Server thread/INFO] (Minecraft) [Dormant] test-mock-player joined the game
[14:36:28] [Server thread/INFO] (Minecraft) [+++++++++++++_                                                                                                                            ]
[14:36:28] [Server thread/INFO] (Minecraft) [+++++++++++++_                                                                                                                            ]
[14:36:28] [Server thread/INFO] (Minecraft) [+++++++++++++_                                                                                                                            ]
[14:36:28] [Server thread/INFO] (Minecraft) [+++++++++++++_                                                                                                                            ]
[14:36:28] [Server thread/INFO] (Minecraft) [+++++++++++++_                                                                                                                            ]
[14:36:28] [Server thread/INFO] (Minecraft) [+++++++++++++_                                                                                                                            ]
[14:36:28] [Server thread/INFO] (Minecraft) [+++++++++++++_                                                                                                                            ]
[14:36:28] [Server thread/INFO] (Minecraft) [+++++++++++++_                                                                                                                            ]
[14:36:28] [Server thread/INFO] (Minecraft) [+++++++++++++_                                                                                                                            ]
[14:36:28] [Server thread/INFO] (Minecraft) [+++++++++++++_                                                                                                                            ]
[14:36:28] [Server thread/INFO] (Minecraft) [+++++++++++++_                                                                                                                            ]
[14:36:28] [Server thread/INFO] (Minecraft) [+++++++++++++_                                                                                                                            ]
[14:36:28] [Server thread/INFO] (Minecraft) [+++++++++++++_                                                                                                                            ]
[14:36:28] [Server thread/INFO] (Minecraft) [+++++++++++++_                                                                                                                            ]
[14:36:28] [Server thread/INFO] (Minecraft) [+++++++++++++_                                                                                                                            ]
[14:36:28] [Server thread/INFO] (Minecraft) [+++++++++++++_                                                                                                                            ]
[14:36:28] [Server thread/INFO] (Minecraft) [+++++++++++++_                                                                                                                            ]
[14:36:28] [Server thread/INFO] (Minecraft) [+++++++++++++_                                                                                                                            ]
[14:36:28] [Server thread/INFO] (Minecraft) [+++++++++++++_                                                                                                                            ]
[14:36:28] [Server thread/INFO] (Minecraft) [+++++++++++++_                                                                                                                            ]
[14:36:28] [Server thread/INFO] (Minecraft) [+++++++++++++_                                                                                                                            ]
[14:36:28] [Server thread/INFO] (Minecraft) [+++++++++++++_                                                                                                                            ]
[14:36:28] [Server thread/INFO] (Minecraft) [+++++++++++++_                                                                                                                            ]
[14:36:28] [Server thread/INFO] (Minecraft) [+++++++++++++_                                                                                                                            ]
[14:36:28] [Server thread/INFO] (Minecraft) [+++++++++++++_                                                                                                                            ]
[14:36:28] [Server thread/INFO] (Minecraft) [+++++++++++++_                                                                                                                            ]
[14:36:28] [Server thread/INFO] (Minecraft) [+++++++++++++_                                                                                                                            ]
[14:36:28] [Server thread/INFO] (Minecraft) [+++++++++++++_                                                                                                                            ]
[14:36:28] [Server thread/INFO] (Minecraft) [+++++++++++++_                                                                                                                            ]
[14:36:28] [Server thread/INFO] (Minecraft) [+++++++++++++_                                                                                                                            ]
[14:36:28] [Server thread/INFO] (Minecraft) Running test environment 'powers:artifact_recents_isolated' batch 0 (1 tests)...
[14:36:28] [Server thread/INFO] (Minecraft) [++++++++++++++                                                                                                                            ]
[14:36:28] [Server thread/INFO] (Minecraft) test-mock-player[embedded] logged in with entity id 454 at (0.0, 0.0, 0.0)
[14:36:28] [Server thread/INFO] (Minecraft) [Dormant] test-mock-player joined the game
[14:36:28] [Server thread/INFO] (Minecraft) Running test environment 'qa010_hostile:synthetic_reload' batch 0 (1 tests)...
[14:36:28] [Server thread/INFO] (Minecraft) test-mock-player[embedded] logged in with entity id 455 at (0.0, 0.0, 0.0)
[14:36:28] [Server thread/INFO] (Minecraft) [Dormant] test-mock-player joined the game
[14:36:29] [Server thread/INFO] (Minecraft) Loaded 1605 recipes
[14:36:29] [Server thread/INFO] (Minecraft) Loaded 1713 advancements
[14:36:29] [Server thread/INFO] (powers) Published action registry revision 3 with 110 canonical keys and 2 aliases
[14:36:29] [Server thread/INFO] (powers) Loaded 14 Shadow knowledge entries
[14:36:29] [Server thread/INFO] (Minecraft) [+++++++++++++++_                                                                                                                          ]
[14:36:29] [Server thread/INFO] (Minecraft) [+++++++++++++++_                                                                                                                          ]
[14:36:29] [Server thread/INFO] (Minecraft) [+++++++++++++++_                                                                                                                          ]
[14:36:29] [Server thread/INFO] (Minecraft) [+++++++++++++++_                                                                                                                          ]
[14:36:29] [Server thread/INFO] (Minecraft) [+++++++++++++++_                                                                                                                          ]
[14:36:29] [Server thread/INFO] (Minecraft) [+++++++++++++++_                                                                                                                          ]
[14:36:29] [Server thread/INFO] (Minecraft) [+++++++++++++++_                                                                                                                          ]
[14:36:29] [Server thread/INFO] (Minecraft) [+++++++++++++++_                                                                                                                          ]
[14:36:29] [Server thread/INFO] (Minecraft) [+++++++++++++++_                                                                                                                          ]
[14:36:29] [Server thread/INFO] (Minecraft) [+++++++++++++++_                                                                                                                          ]
[14:36:29] [Server thread/INFO] (Minecraft) [+++++++++++++++_                                                                                                                          ]
[14:36:30] [Server thread/INFO] (Minecraft) Running test environment 'powers:packet_fault_matrix_isolated' batch 0 (1 tests)...
[14:36:30] [Server thread/INFO] (Minecraft) test-mock-player[embedded] logged in with entity id 684 at (0.0, 0.0, 0.0)
[14:36:30] [Server thread/INFO] (Minecraft) [Dormant] test-mock-player joined the game
[14:36:30] [Server thread/INFO] (Minecraft) test-mock-player[embedded] logged in with entity id 685 at (0.0, 0.0, 0.0)
[14:36:30] [Server thread/INFO] (Minecraft) [Dormant] test-mock-player joined the game
[14:36:30] [Server thread/INFO] (Minecraft) test-mock-player[embedded] logged in with entity id 686 at (0.0, 0.0, 0.0)
[14:36:30] [Server thread/INFO] (Minecraft) [Dormant] test-mock-player joined the game
[14:36:30] [Server thread/INFO] (Minecraft) test-mock-player[embedded] logged in with entity id 687 at (0.0, 0.0, 0.0)
[14:36:30] [Server thread/INFO] (Minecraft) [Dormant] test-mock-player joined the game
[14:36:30] [Server thread/INFO] (Minecraft) test-mock-player[embedded] logged in with entity id 688 at (0.0, 0.0, 0.0)
[14:36:30] [Server thread/INFO] (Minecraft) [Dormant] test-mock-player joined the game
[14:36:30] [Server thread/INFO] (Minecraft) test-mock-player[embedded] logged in with entity id 689 at (0.0, 0.0, 0.0)
[14:36:30] [Server thread/INFO] (Minecraft) [Dormant] test-mock-player joined the game
[14:36:30] [Server thread/INFO] (Minecraft) [++++++++++++++++_                                                                                                                         ]
[14:36:30] [Server thread/INFO] (Minecraft) test-mock-player lost connection: QA-009 production matrix complete
[14:36:30] [Server thread/INFO] (Minecraft) [Dormant] test-mock-player left the game
[14:36:30] [Server thread/INFO] (Minecraft) test-mock-player lost connection: QA-009 production matrix complete
[14:36:30] [Server thread/INFO] (Minecraft) [Dormant] test-mock-player left the game
[14:36:30] [Server thread/INFO] (Minecraft) test-mock-player lost connection: QA-009 production matrix complete
[14:36:30] [Server thread/INFO] (Minecraft) [Dormant] test-mock-player left the game
[14:36:30] [Server thread/INFO] (Minecraft) test-mock-player lost connection: QA-009 production matrix complete
[14:36:30] [Server thread/INFO] (Minecraft) [Dormant] test-mock-player left the game
[14:36:30] [Server thread/INFO] (Minecraft) test-mock-player lost connection: QA-009 production matrix complete
[14:36:30] [Server thread/INFO] (Minecraft) [Dormant] test-mock-player left the game
[14:36:30] [Server thread/INFO] (Minecraft) test-mock-player lost connection: QA-009 production matrix complete
[14:36:30] [Server thread/INFO] (Minecraft) [Dormant] test-mock-player left the game
[14:36:30] [Server thread/INFO] (Minecraft) [STDOUT]: QA009_PRODUCTION_MATRIX profile=delay150 serverObservedByTicks=10 authoritative=selected outbound=power-state-91 offered=101 dropped=0 duplicated=0 delayed=101 reordered=99 delivered=2 expired=0 maxQueue=101 maxAgeTicks=4 duplicateSideEffects=0
[14:36:30] [Server thread/INFO] (Minecraft) [STDOUT]: QA009_PRODUCTION_MATRIX profile=delay300 serverObservedByTicks=10 authoritative=selected outbound=power-state-91 offered=101 dropped=0 duplicated=0 delayed=101 reordered=99 delivered=2 expired=0 maxQueue=101 maxAgeTicks=7 duplicateSideEffects=0
[14:36:30] [Server thread/INFO] (Minecraft) [STDOUT]: QA009_PRODUCTION_MATRIX profile=loss1 serverObservedByTicks=10 authoritative=selected outbound=power-state-91 offered=251 dropped=1 duplicated=0 delayed=0 reordered=248 delivered=2 expired=0 maxQueue=250 maxAgeTicks=3 duplicateSideEffects=0
[14:36:30] [Server thread/INFO] (Minecraft) [STDOUT]: QA009_PRODUCTION_MATRIX profile=loss5 serverObservedByTicks=12 authoritative=safe-loss/retry outbound=power-state-91 offered=251 dropped=15 duplicated=0 delayed=0 reordered=235 delivered=1 expired=0 maxQueue=236 maxAgeTicks=3 duplicateSideEffects=0
[14:36:30] [Server thread/INFO] (Minecraft) [STDOUT]: QA009_PRODUCTION_MATRIX profile=duplicate serverObservedByTicks=10 authoritative=selected outbound=power-state-91 offered=101 dropped=0 duplicated=101 delayed=0 reordered=198 delivered=2 expired=0 maxQueue=202 maxAgeTicks=3 duplicateSideEffects=0
[14:36:30] [Server thread/INFO] (Minecraft) [STDOUT]: QA009_PRODUCTION_MATRIX profile=reorder serverObservedByTicks=10 authoritative=selected outbound=power-state-91 offered=101 dropped=0 duplicated=0 delayed=68 reordered=99 delivered=2 expired=0 maxQueue=101 maxAgeTicks=2 duplicateSideEffects=0
[14:36:30] [Server thread/INFO] (Minecraft) Running test environment 'powers:artifact_authority_isolated' batch 0 (1 tests)...
[14:36:30] [Server thread/INFO] (Minecraft) test-mock-player[embedded] logged in with entity id 693 at (0.0, 0.0, 0.0)
[14:36:30] [Server thread/INFO] (Minecraft) [Dormant] test-mock-player joined the game
[14:36:30] [Server thread/INFO] (Minecraft) [+++++++++++++++++_                                                                                                                        ]
[14:36:30] [Server thread/INFO] (Minecraft) Running test environment 'powers:crystal_invalidation_isolated' batch 0 (1 tests)...
[14:36:30] [Server thread/INFO] (Minecraft) test-mock-player[embedded] logged in with entity id 695 at (0.0, 0.0, 0.0)
[14:36:30] [Server thread/INFO] (Minecraft) [Dormant] test-mock-player joined the game
[14:36:30] [Server thread/INFO] (Minecraft) Running test environment 'powers:fx_lod_isolated' batch 0 (1 tests)...
[14:36:30] [Server thread/INFO] (Minecraft) test-mock-player[embedded] logged in with entity id 696 at (0.0, 0.0, 0.0)
[14:36:30] [Server thread/INFO] (Minecraft) [Dormant] test-mock-player joined the game
[14:36:30] [Server thread/INFO] (Minecraft) test-mock-player[embedded] logged in with entity id 697 at (0.0, 0.0, 0.0)
[14:36:30] [Server thread/INFO] (Minecraft) [Dormant] test-mock-player joined the game
[14:36:30] [Server thread/INFO] (Minecraft) test-mock-player[embedded] logged in with entity id 698 at (0.0, 0.0, 0.0)
[14:36:30] [Server thread/INFO] (Minecraft) [Dormant] test-mock-player joined the game
[14:36:30] [Server thread/INFO] (Minecraft) Running test environment 'minecraft:default' batch 0 (50 tests)...
[14:36:30] [Server thread/INFO] (Minecraft) test-mock-player[embedded] logged in with entity id 699 at (0.0, 0.0, 0.0)
[14:36:30] [Server thread/INFO] (Minecraft) [Dormant] test-mock-player joined the game
[14:36:30] [Server thread/INFO] (Minecraft) test-mock-player[embedded] logged in with entity id 702 at (0.0, 0.0, 0.0)
[14:36:30] [Server thread/INFO] (Minecraft) [Dormant] test-mock-player joined the game
[14:36:30] [Server thread/INFO] (Minecraft) test-mock-player[embedded] logged in with entity id 703 at (0.0, 0.0, 0.0)
[14:36:30] [Server thread/INFO] (Minecraft) [Dormant] test-mock-player joined the game
[14:36:30] [Server thread/INFO] (Minecraft) test-mock-player[embedded] logged in with entity id 704 at (0.0, 0.0, 0.0)
[14:36:30] [Server thread/INFO] (Minecraft) [Dormant] test-mock-player joined the game
[14:36:30] [Server thread/INFO] (Minecraft) test-mock-player[embedded] logged in with entity id 710 at (0.0, 0.0, 0.0)
[14:36:30] [Server thread/INFO] (Minecraft) [Dormant] test-mock-player joined the game
[14:36:30] [Server thread/INFO] (Minecraft) test-mock-player[embedded] logged in with entity id 711 at (0.0, 0.0, 0.0)
[14:36:30] [Server thread/INFO] (Minecraft) [Dormant] test-mock-player joined the game
[14:36:30] [Server thread/INFO] (Minecraft) test-mock-player[embedded] logged in with entity id 717 at (0.0, 0.0, 0.0)
[14:36:30] [Server thread/INFO] (Minecraft) [Dormant] test-mock-player joined the game
[14:36:30] [Server thread/INFO] (Minecraft) test-mock-player[embedded] logged in with entity id 719 at (0.0, 0.0, 0.0)
[14:36:30] [Server thread/INFO] (Minecraft) [Dormant] test-mock-player joined the game
[14:36:30] [Server thread/INFO] (Minecraft) test-mock-player[embedded] logged in with entity id 721 at (0.0, 0.0, 0.0)
[14:36:30] [Server thread/INFO] (Minecraft) [Dormant] test-mock-player joined the game
[14:36:30] [Server thread/INFO] (Minecraft) <test-mock-player> shadow, hide yourself
[14:36:30] [Server thread/INFO] (Minecraft) <test-mock-player> shadow, leave me
[14:36:30] [Server thread/INFO] (Minecraft) test-mock-player[embedded] logged in with entity id 725 at (0.0, 0.0, 0.0)
[14:36:30] [Server thread/INFO] (Minecraft) [Dormant] test-mock-player joined the game
[14:36:30] [Server thread/INFO] (Minecraft) test-mock-player[embedded] logged in with entity id 726 at (0.0, 0.0, 0.0)
[14:36:30] [Server thread/INFO] (Minecraft) [Dormant] test-mock-player joined the game
[14:36:30] [Server thread/INFO] (Minecraft) test-mock-player[embedded] logged in with entity id 727 at (0.0, 0.0, 0.0)
[14:36:30] [Server thread/INFO] (Minecraft) [Dormant] test-mock-player joined the game
[14:36:30] [Server thread/INFO] (Minecraft) test-mock-player[embedded] logged in with entity id 728 at (0.0, 0.0, 0.0)
[14:36:30] [Server thread/INFO] (Minecraft) [Dormant] test-mock-player joined the game
[14:36:30] [Server thread/INFO] (Minecraft) test-mock-player[embedded] logged in with entity id 733 at (0.0, 0.0, 0.0)
[14:36:30] [Server thread/INFO] (Minecraft) [Dormant] test-mock-player joined the game
[14:36:30] [Server thread/INFO] (Minecraft) test-mock-player[embedded] logged in with entity id 734 at (0.0, 0.0, 0.0)
[14:36:30] [Server thread/INFO] (Minecraft) [Dormant] test-mock-player joined the game
[14:36:30] [Server thread/INFO] (Minecraft) test-mock-player[embedded] logged in with entity id 735 at (0.0, 0.0, 0.0)
[14:36:30] [Server thread/INFO] (Minecraft) [Dormant] test-mock-player joined the game
[14:36:30] [Server thread/INFO] (Minecraft) test-mock-player[embedded] logged in with entity id 737 at (0.0, 0.0, 0.0)
[14:36:30] [Server thread/INFO] (Minecraft) [Dormant] test-mock-player joined the game
[14:36:30] [Server thread/INFO] (Minecraft) test-mock-player[embedded] logged in with entity id 739 at (0.0, 0.0, 0.0)
[14:36:30] [Server thread/INFO] (Minecraft) [Dormant] test-mock-player joined the game
[14:36:30] [Server thread/INFO] (Minecraft) test-mock-player[embedded] logged in with entity id 742 at (0.0, 0.0, 0.0)
[14:36:30] [Server thread/INFO] (Minecraft) [Dormant] test-mock-player joined the game
[14:36:30] [Server thread/INFO] (Minecraft) test-mock-player[embedded] logged in with entity id 744 at (0.0, 0.0, 0.0)
[14:36:30] [Server thread/INFO] (Minecraft) [Dormant] test-mock-player joined the game
[14:36:30] [Server thread/INFO] (Minecraft) test-mock-player[embedded] logged in with entity id 747 at (0.0, 0.0, 0.0)
[14:36:30] [Server thread/INFO] (Minecraft) [Dormant] test-mock-player joined the game
[14:36:30] [Server thread/INFO] (Minecraft) test-mock-player[embedded] logged in with entity id 750 at (0.0, 0.0, 0.0)
[14:36:30] [Server thread/INFO] (Minecraft) [Dormant] test-mock-player joined the game
[14:36:30] [Server thread/INFO] (Minecraft) test-mock-player[embedded] logged in with entity id 753 at (0.0, 0.0, 0.0)
[14:36:30] [Server thread/INFO] (Minecraft) [Dormant] test-mock-player joined the game
[14:36:30] [Server thread/INFO] (Minecraft) test-mock-player[embedded] logged in with entity id 754 at (0.0, 0.0, 0.0)
[14:36:30] [Server thread/INFO] (Minecraft) [Dormant] test-mock-player joined the game
[14:36:30] [Server thread/INFO] (Minecraft) test-mock-player[embedded] logged in with entity id 755 at (0.0, 0.0, 0.0)
[14:36:30] [Server thread/INFO] (Minecraft) [Dormant] test-mock-player joined the game
[14:36:30] [Server thread/INFO] (Minecraft) test-mock-player[embedded] logged in with entity id 757 at (0.0, 0.0, 0.0)
[14:36:30] [Server thread/INFO] (Minecraft) [Dormant] test-mock-player joined the game
[14:36:30] [Server thread/INFO] (Minecraft) <test-mock-player> shadow, hide yourself
[14:36:30] [Server thread/INFO] (Minecraft) Named entity ShadowCompanionEntity['Shadow of test-mock-player'/720, l='ServerLevel[Test Level]', x=-5827905.58, y=-56.00, z=-2212965.14] died: Shadow of test-mock-player died
[14:36:30] [Server thread/INFO] (Minecraft) test-mock-player[embedded] logged in with entity id 760 at (0.0, 0.0, 0.0)
[14:36:30] [Server thread/INFO] (Minecraft) [Dormant] test-mock-player joined the game
[14:36:30] [Server thread/INFO] (Minecraft) Named entity FirstVessel['The First Vessel'/768, l='ServerLevel[Test Level]', x=-5827862.50, y=-56.00, z=-2212911.50] died: death.attack.powers.celestial_ruin
[14:36:30] [Server thread/INFO] (Minecraft) test-mock-player[embedded] logged in with entity id 771 at (0.0, 0.0, 0.0)
[14:36:30] [Server thread/INFO] (Minecraft) [Dormant] test-mock-player joined the game
[14:36:30] [Server thread/INFO] (Minecraft) test-mock-player[embedded] logged in with entity id 773 at (0.0, 0.0, 0.0)
[14:36:30] [Server thread/INFO] (Minecraft) [Dormant] test-mock-player joined the game
[14:36:30] [Server thread/INFO] (Minecraft) test-mock-player[embedded] logged in with entity id 774 at (0.0, 0.0, 0.0)
[14:36:30] [Server thread/INFO] (Minecraft) [Dormant] test-mock-player joined the game
[14:36:30] [Server thread/INFO] (Minecraft) test-mock-player[embedded] logged in with entity id 778 at (0.0, 0.0, 0.0)
[14:36:30] [Server thread/INFO] (Minecraft) [Dormant] test-mock-player joined the game
[14:36:30] [Server thread/INFO] (Minecraft) Named entity PowerTestActor['Test_92e67c64'/779, l='ServerLevel[Test Level]', x=-5827817.50, y=-56.00, z=-2212907.50] died: Test_92e67c64 died
[14:36:30] [Server thread/INFO] (Minecraft) test-mock-player[embedded] logged in with entity id 782 at (0.0, 0.0, 0.0)
[14:36:30] [Server thread/INFO] (Minecraft) [Dormant] test-mock-player joined the game
[14:36:30] [Server thread/INFO] (Minecraft) test-mock-player[embedded] logged in with entity id 784 at (0.0, 0.0, 0.0)
[14:36:30] [Server thread/INFO] (Minecraft) [Dormant] test-mock-player joined the game
[14:36:30] [Server thread/INFO] (Minecraft) test-mock-player[embedded] logged in with entity id 786 at (0.0, 0.0, 0.0)
[14:36:30] [Server thread/INFO] (Minecraft) [Dormant] test-mock-player joined the game
[14:36:30] [Server thread/INFO] (Minecraft) test-mock-player[embedded] logged in with entity id 788 at (0.0, 0.0, 0.0)
[14:36:30] [Server thread/INFO] (Minecraft) [Dormant] test-mock-player joined the game
[14:36:30] [Server thread/INFO] (Minecraft) test-mock-player[embedded] logged in with entity id 789 at (0.0, 0.0, 0.0)
[14:36:30] [Server thread/INFO] (Minecraft) [Dormant] test-mock-player joined the game
[14:36:30] [Server thread/INFO] (Minecraft) test-mock-player[embedded] logged in with entity id 790 at (0.0, 0.0, 0.0)
[14:36:30] [Server thread/INFO] (Minecraft) [Dormant] test-mock-player joined the game
[14:36:30] [Server thread/INFO] (Minecraft) test-mock-player[embedded] logged in with entity id 791 at (0.0, 0.0, 0.0)
[14:36:30] [Server thread/INFO] (Minecraft) [Dormant] test-mock-player joined the game
[14:36:30] [Server thread/INFO] (Minecraft) test-mock-player[embedded] logged in with entity id 793 at (0.0, 0.0, 0.0)
[14:36:30] [Server thread/INFO] (Minecraft) [Dormant] test-mock-player joined the game
[14:36:30] [Server thread/INFO] (Minecraft) [Dormant] test-mock-player died
[14:36:30] [Server thread/INFO] (Minecraft) [Dormant] test-mock-player died
[14:36:30] [Server thread/INFO] (Minecraft) test-mock-player[embedded] logged in with entity id 811 at (0.0, 0.0, 0.0)
[14:36:30] [Server thread/INFO] (Minecraft) [Dormant] test-mock-player joined the game
[14:36:30] [Server thread/INFO] (Minecraft) [+++++++++++++++++++++_++++++++++_+++_++_++_+_+___++++__+++++++++++++++                                                                    ]
[14:36:30] [Server thread/INFO] (Minecraft) [+++++++++++++++++++++_++++++++++_+++_++_++_+_++_+++++_++++++++++++++++                                                                    ]
[14:36:31] [Server thread/INFO] (Minecraft) [+++++++++++++++++++++_++++++++++_++++++++++++++++++++_++++++++++++++++                                                                    ]
[14:36:31] [Server thread/INFO] (Minecraft) [+++++++++++++++++++++_++++++++++_++++++++++++++++++++_++++++++++++++++                                                                    ]
[14:36:31] [Server thread/INFO] (Minecraft) [++++++++++++++++++++++++++++++++_++++++++++++++++++++_++++++++++++++++                                                                    ]
[14:36:31] [Server thread/INFO] (Minecraft) <test-mock-player> shadow, hide yourself
[14:36:31] [Server thread/INFO] (Minecraft) [+++++++++++++++++++++++++++++++++++++++++++++++++++++_++++++++++++++++                                                                    ]
[14:36:31] [Server thread/INFO] (Minecraft) [+++++++++++++++++++++++++++++++++++++++++++++++++++++_++++++++++++++++                                                                    ]
[14:37:20] [Server thread/INFO] (Minecraft) Running test environment 'minecraft:default' batch 1 (50 tests)...
[14:37:21] [Server thread/INFO] (Minecraft) [++++++++++++++++++++++++++++++++++++++++++++++++++++++++++++++++++++++                                                                    ]
[14:37:21] [Server thread/INFO] (Minecraft) test-mock-player[embedded] logged in with entity id 1082 at (0.0, 0.0, 0.0)
[14:37:21] [Server thread/INFO] (Minecraft) [Dormant] test-mock-player joined the game
[14:37:21] [Server thread/INFO] (Minecraft) test-mock-player[embedded] logged in with entity id 1083 at (0.0, 0.0, 0.0)
[14:37:21] [Server thread/INFO] (Minecraft) [Dormant] test-mock-player joined the game
[14:37:21] [Server thread/INFO] (Minecraft) test-mock-player[embedded] logged in with entity id 1086 at (0.0, 0.0, 0.0)
[14:37:21] [Server thread/INFO] (Minecraft) [Dormant] test-mock-player joined the game
[14:37:21] [Server thread/INFO] (Minecraft) test-mock-player[embedded] logged in with entity id 1087 at (0.0, 0.0, 0.0)
[14:37:21] [Server thread/INFO] (Minecraft) [Dormant] test-mock-player joined the game
[14:37:21] [Server thread/INFO] (Minecraft) [Dormant] test-mock-player has made the advancement [We Need to Go Deeper]
[14:37:21] [Server thread/INFO] (Minecraft) test-mock-player[embedded] logged in with entity id 1090 at (0.0, 0.0, 0.0)
[14:37:21] [Server thread/INFO] (Minecraft) [Dormant] test-mock-player joined the game
[14:37:21] [Server thread/INFO] (Minecraft) test-mock-player[embedded] logged in with entity id 1091 at (0.0, 0.0, 0.0)
[14:37:21] [Server thread/INFO] (Minecraft) [Dormant] test-mock-player joined the game
[14:37:21] [Server thread/INFO] (Minecraft) test-mock-player[embedded] logged in with entity id 1092 at (0.0, 0.0, 0.0)
[14:37:21] [Server thread/INFO] (Minecraft) [Dormant] test-mock-player joined the game
[14:37:21] [Server thread/INFO] (Minecraft) test-mock-player[embedded] logged in with entity id 1093 at (0.0, 0.0, 0.0)
[14:37:21] [Server thread/INFO] (Minecraft) [Dormant] test-mock-player joined the game
[14:37:21] [Server thread/INFO] (powers) powers_operator_audit action=consent_override result=success actor=test-mock-player subject=test-mock-player detail=teleport
[14:37:21] [Server thread/INFO] (powers) powers_operator_audit action=consent_override result=success actor=test-mock-player subject=test-mock-player detail=locator
[14:37:21] [Server thread/INFO] (powers) powers_operator_audit action=consent_override result=success actor=test-mock-player subject=test-mock-player detail=companion
[14:37:21] [Server thread/INFO] (powers) powers_operator_audit action=consent_override result=success actor=test-mock-player subject=test-mock-player detail=dreamwalk
[14:37:21] [Server thread/INFO] (powers) powers_operator_audit action=consent_override result=success actor=test-mock-player subject=test-mock-player detail=possession
[14:37:21] [Server thread/INFO] (Minecraft) test-mock-player[embedded] logged in with entity id 1094 at (0.0, 0.0, 0.0)
[14:37:21] [Server thread/INFO] (Minecraft) [Dormant] test-mock-player joined the game
[14:37:21] [Server thread/INFO] (powers) powers_operator_audit action=consent_override result=denied actor=test-mock-player subject=test-mock-player detail=deny_energy
[14:37:21] [Server thread/INFO] (powers) powers_operator_audit action=consent_override result=success actor=test-mock-player subject=test-mock-player detail=teleport
[14:37:21] [Server thread/INFO] (Minecraft) test-mock-player[embedded] logged in with entity id 1095 at (0.0, 0.0, 0.0)
[14:37:21] [Server thread/INFO] (Minecraft) [Dormant] test-mock-player joined the game
[14:37:21] [Server thread/INFO] (Minecraft) test-mock-player[embedded] logged in with entity id 1096 at (0.0, 0.0, 0.0)
[14:37:21] [Server thread/INFO] (Minecraft) [Dormant] test-mock-player joined the game
[14:37:21] [Server thread/INFO] (Minecraft) test-mock-player[embedded] logged in with entity id 1097 at (0.0, 0.0, 0.0)
[14:37:21] [Server thread/INFO] (Minecraft) [Dormant] test-mock-player joined the game
[14:37:21] [Server thread/INFO] (Minecraft) test-mock-player[embedded] logged in with entity id 1098 at (0.0, 0.0, 0.0)
[14:37:21] [Server thread/INFO] (Minecraft) [Dormant] test-mock-player joined the game
[14:37:21] [Server thread/INFO] (Minecraft) test-mock-player[embedded] logged in with entity id 1100 at (0.0, 0.0, 0.0)
[14:37:21] [Server thread/INFO] (Minecraft) [Dormant] test-mock-player joined the game
[14:37:21] [Server thread/INFO] (Minecraft) test-mock-player[embedded] logged in with entity id 1104 at (0.0, 0.0, 0.0)
[14:37:21] [Server thread/INFO] (Minecraft) [Dormant] test-mock-player joined the game
[14:37:21] [Server thread/INFO] (Minecraft) test-mock-player[embedded] logged in with entity id 1105 at (0.0, 0.0, 0.0)
[14:37:21] [Server thread/INFO] (Minecraft) [Dormant] test-mock-player joined the game
[14:37:21] [Server thread/INFO] (Minecraft) test-mock-player[embedded] logged in with entity id 1106 at (0.0, 0.0, 0.0)
[14:37:21] [Server thread/INFO] (Minecraft) [Dormant] test-mock-player joined the game
[14:37:21] [Server thread/INFO] (Minecraft) test-mock-player[embedded] logged in with entity id 1113 at (0.0, 0.0, 0.0)
[14:37:21] [Server thread/INFO] (Minecraft) [Dormant] test-mock-player joined the game
[14:37:21] [Server thread/INFO] (Minecraft) test-mock-player[embedded] logged in with entity id 1114 at (0.0, 0.0, 0.0)
[14:37:21] [Server thread/INFO] (Minecraft) [Dormant] test-mock-player joined the game
[14:37:21] [Server thread/INFO] (Minecraft) test-mock-player[embedded] logged in with entity id 1116 at (0.0, 0.0, 0.0)
[14:37:21] [Server thread/INFO] (Minecraft) [Dormant] test-mock-player joined the game
[14:37:21] [Server thread/INFO] (Minecraft) test-mock-player[embedded] logged in with entity id 1117 at (0.0, 0.0, 0.0)
[14:37:21] [Server thread/INFO] (Minecraft) [Dormant] test-mock-player joined the game
[14:37:21] [Server thread/INFO] (Minecraft) test-mock-player[embedded] logged in with entity id 1119 at (0.0, 0.0, 0.0)
[14:37:21] [Server thread/INFO] (Minecraft) [Dormant] test-mock-player joined the game
[14:37:21] [Server thread/INFO] (Minecraft) test-mock-player[embedded] logged in with entity id 1120 at (0.0, 0.0, 0.0)
[14:37:21] [Server thread/INFO] (Minecraft) [Dormant] test-mock-player joined the game
[14:37:21] [Server thread/INFO] (Minecraft) test-mock-player[embedded] logged in with entity id 1121 at (0.0, 0.0, 0.0)
[14:37:21] [Server thread/INFO] (Minecraft) [Dormant] test-mock-player joined the game
[14:37:21] [Server thread/INFO] (Minecraft) test-mock-player[embedded] logged in with entity id 1122 at (0.0, 0.0, 0.0)
[14:37:21] [Server thread/INFO] (Minecraft) [Dormant] test-mock-player joined the game
[14:37:21] [Server thread/INFO] (Minecraft) Named entity PowerTestActor['Target_thunderclap'/1125, l='ServerLevel[Test Level]', x=-5826278.50, y=-55.00, z=-2212584.50] died: Target_thunderclap was consumed by ancient power
[14:37:22] [Server thread/INFO] (Minecraft) test-mock-player[embedded] logged in with entity id 1137 at (0.0, 0.0, 0.0)
[14:37:22] [Server thread/INFO] (Minecraft) [Dormant] test-mock-player joined the game
[14:37:22] [Server thread/INFO] (Minecraft) test-mock-player[embedded] logged in with entity id 1138 at (0.0, 0.0, 0.0)
[14:37:22] [Server thread/INFO] (Minecraft) [Dormant] test-mock-player joined the game
[14:37:22] [Server thread/INFO] (Minecraft) test-mock-player[embedded] logged in with entity id 1139 at (0.0, 0.0, 0.0)
[14:37:22] [Server thread/INFO] (Minecraft) [Dormant] test-mock-player joined the game
[14:37:22] [Server thread/INFO] (Minecraft) test-mock-player[embedded] logged in with entity id 1140 at (0.0, 0.0, 0.0)
[14:37:22] [Server thread/INFO] (Minecraft) [Dormant] test-mock-player joined the game
[14:37:22] [Server thread/INFO] (Minecraft) test-mock-player[embedded] logged in with entity id 1141 at (0.0, 0.0, 0.0)
[14:37:22] [Server thread/INFO] (Minecraft) [Dormant] test-mock-player joined the game
[14:37:22] [Server thread/INFO] (Minecraft) test-mock-player[embedded] logged in with entity id 1142 at (0.0, 0.0, 0.0)
[14:37:22] [Server thread/INFO] (Minecraft) [Dormant] test-mock-player joined the game
[14:37:22] [Server thread/INFO] (Minecraft) test-mock-player[embedded] logged in with entity id 1143 at (0.0, 0.0, 0.0)
[14:37:22] [Server thread/INFO] (Minecraft) [Dormant] test-mock-player joined the game
[14:37:22] [Server thread/INFO] (Minecraft) test-mock-player[embedded] logged in with entity id 1144 at (0.0, 0.0, 0.0)
[14:37:22] [Server thread/INFO] (Minecraft) [Dormant] test-mock-player joined the game
[14:37:22] [Server thread/INFO] (Minecraft) test-mock-player[embedded] logged in with entity id 1145 at (0.0, 0.0, 0.0)
[14:37:22] [Server thread/INFO] (Minecraft) [Dormant] test-mock-player joined the game
[14:37:22] [Server thread/INFO] (Minecraft) test-mock-player[embedded] logged in with entity id 1146 at (0.0, 0.0, 0.0)
[14:37:22] [Server thread/INFO] (Minecraft) [Dormant] test-mock-player joined the game
[14:37:22] [Server thread/INFO] (Minecraft) test-mock-player[embedded] logged in with entity id 1147 at (0.0, 0.0, 0.0)
[14:37:22] [Server thread/INFO] (Minecraft) [Dormant] test-mock-player joined the game
[14:37:22] [Server thread/INFO] (Minecraft) test-mock-player[embedded] logged in with entity id 1148 at (0.0, 0.0, 0.0)
[14:37:22] [Server thread/INFO] (Minecraft) [Dormant] test-mock-player joined the game
[14:37:22] [Server thread/INFO] (Minecraft) test-mock-player[embedded] logged in with entity id 1151 at (0.0, 0.0, 0.0)
[14:37:22] [Server thread/INFO] (Minecraft) [Dormant] test-mock-player joined the game
[14:37:22] [Server thread/INFO] (Minecraft) test-mock-player[embedded] logged in with entity id 1157 at (0.0, 0.0, 0.0)
[14:37:22] [Server thread/INFO] (Minecraft) [Dormant] test-mock-player joined the game
[14:37:22] [Server thread/INFO] (powers) PERF-012 identical mixed AI: queries=24, cacheHits=12, inspections=348, legacyInspections=540, reductionPercent=35.56
[14:37:22] [Server thread/INFO] (Minecraft) test-mock-player[embedded] logged in with entity id 1345 at (0.0, 0.0, 0.0)
[14:37:22] [Server thread/INFO] (Minecraft) [Dormant] test-mock-player joined the game
[14:37:22] [Server thread/INFO] (Minecraft) test-mock-player[embedded] logged in with entity id 1346 at (0.0, 0.0, 0.0)
[14:37:22] [Server thread/INFO] (Minecraft) [Dormant] test-mock-player joined the game
[14:37:22] [Server thread/INFO] (Minecraft) test-mock-player[embedded] logged in with entity id 1351 at (0.0, 0.0, 0.0)
[14:37:22] [Server thread/INFO] (Minecraft) [Dormant] test-mock-player joined the game
[14:37:22] [Server thread/INFO] (Minecraft) test-mock-player[embedded] logged in with entity id 1355 at (0.0, 0.0, 0.0)
[14:37:22] [Server thread/INFO] (Minecraft) [Dormant] test-mock-player joined the game
[14:37:22] [Server thread/INFO] (Minecraft) test-mock-player[embedded] logged in with entity id 1357 at (0.0, 0.0, 0.0)
[14:37:22] [Server thread/INFO] (Minecraft) [Dormant] test-mock-player joined the game
[14:37:22] [Server thread/INFO] (Minecraft) test-mock-player[embedded] logged in with entity id 1367 at (0.0, 0.0, 0.0)
[14:37:22] [Server thread/INFO] (Minecraft) [Dormant] test-mock-player joined the game
[14:37:22] [Server thread/INFO] (Minecraft) test-mock-player[embedded] logged in with entity id 1368 at (0.0, 0.0, 0.0)
[14:37:22] [Server thread/INFO] (Minecraft) [Dormant] test-mock-player joined the game
[14:37:22] [Server thread/INFO] (Minecraft) test-mock-player[embedded] logged in with entity id 1369 at (0.0, 0.0, 0.0)
[14:37:22] [Server thread/INFO] (Minecraft) [Dormant] test-mock-player joined the game
[14:37:22] [Server thread/INFO] (Minecraft) test-mock-player[embedded] logged in with entity id 1370 at (0.0, 0.0, 0.0)
[14:37:22] [Server thread/INFO] (Minecraft) [Dormant] test-mock-player joined the game
[14:37:22] [Server thread/INFO] (Minecraft) test-mock-player[embedded] logged in with entity id 1372 at (0.0, 0.0, 0.0)
[14:37:22] [Server thread/INFO] (Minecraft) [Dormant] test-mock-player joined the game
[14:37:22] [Server thread/INFO] (Minecraft) <test-mock-player> shadow, use astral projection
[14:37:22] [Server thread/INFO] (Minecraft) <test-mock-player> shadow, use blight ground
[14:37:22] [Server thread/INFO] (Minecraft) <test-mock-player> shadow, use breezy bash
[14:37:22] [Server thread/INFO] (Minecraft) <test-mock-player> shadow, use call hollowed
[14:37:22] [Server thread/INFO] (Minecraft) <test-mock-player> shadow, use double health
[14:37:22] [Server thread/INFO] (Minecraft) <test-mock-player> shadow, stop double health
[14:37:22] [Server thread/INFO] (Minecraft) <test-mock-player> shadow, use energy beam
[14:37:22] [Server thread/INFO] (Minecraft) <test-mock-player> shadow, use energy drain
[14:37:22] [Server thread/INFO] (Minecraft) <test-mock-player> shadow, use fireball
[14:37:22] [Server thread/INFO] (Minecraft) <test-mock-player> shadow, use flight
[14:37:22] [Server thread/INFO] (Minecraft) <test-mock-player> shadow, stop flight
[14:37:22] [Server thread/INFO] (Minecraft) <test-mock-player> shadow, use forcefield
[14:37:22] [Server thread/INFO] (Minecraft) <test-mock-player> shadow, stop forcefield
[14:37:22] [Server thread/INFO] (Minecraft) <test-mock-player> shadow, use gravity displacement
[14:37:22] [Server thread/INFO] (Minecraft) <test-mock-player> shadow, use ice manipulation
[14:37:22] [Server thread/INFO] (Minecraft) <test-mock-player> shadow, use invisibility
[14:37:22] [Server thread/INFO] (Minecraft) <test-mock-player> shadow, stop invisibility
[14:37:22] [Server thread/INFO] (Minecraft) <test-mock-player> shadow, use lightning strike
[14:37:22] [Server thread/INFO] (Minecraft) <test-mock-player> shadow, use nightfall dominion
[14:37:22] [Server thread/INFO] (Minecraft) <test-mock-player> shadow, stop nightfall dominion
[14:37:22] [Server thread/INFO] (Minecraft) <test-mock-player> shadow, use plant healing acceleration
[14:37:22] [Server thread/INFO] (Minecraft) <test-mock-player> shadow, use size shift
[14:37:22] [Server thread/INFO] (Minecraft) <test-mock-player> shadow, stop size shift
[14:37:22] [Server thread/INFO] (Minecraft) <test-mock-player> shadow, use speed burst
[14:37:22] [Server thread/INFO] (Minecraft) <test-mock-player> shadow, use starfall
[14:37:22] [Server thread/INFO] (Minecraft) <test-mock-player> shadow, use super speed
[14:37:22] [Server thread/INFO] (Minecraft) <test-mock-player> shadow, stop super speed
[14:37:22] [Server thread/INFO] (Minecraft) <test-mock-player> shadow, use telekinesis
[14:37:22] [Server thread/INFO] (Minecraft) <test-mock-player> shadow, use thunderclap
[14:37:22] [Server thread/INFO] (Minecraft) <test-mock-player> shadow, use time freeze
[14:37:22] [Server thread/INFO] (Minecraft) <test-mock-player> shadow, stop time freeze
[14:37:22] [Server thread/INFO] (Minecraft) <test-mock-player> shadow, use time shift
[14:37:22] [Server thread/INFO] (Minecraft) <test-mock-player> shadow, use vessel possession
[14:37:22] [Server thread/INFO] (Minecraft) <test-mock-player> shadow, use void beam
[14:37:22] [Server thread/INFO] (Minecraft) test-mock-player[embedded] logged in with entity id 1408 at (0.0, 0.0, 0.0)
[14:37:22] [Server thread/INFO] (Minecraft) [Dormant] test-mock-player joined the game
[14:37:22] [Server thread/INFO] (Minecraft) test-mock-player[embedded] logged in with entity id 1409 at (0.0, 0.0, 0.0)
[14:37:22] [Server thread/INFO] (Minecraft) [Dormant] test-mock-player joined the game
[14:37:22] [Server thread/INFO] (Minecraft) test-mock-player[embedded] logged in with entity id 1410 at (0.0, 0.0, 0.0)
[14:37:22] [Server thread/INFO] (Minecraft) [Dormant] test-mock-player joined the game
[14:37:22] [Server thread/INFO] (Minecraft) <test-mock-player> shadow, stay here
[14:37:22] [Server thread/INFO] (Minecraft) <test-mock-player> shadow, fight at far range
[14:37:22] [Server thread/INFO] (Minecraft) <test-mock-player> shadow, follow me
[14:37:22] [Server thread/INFO] (Minecraft) <test-mock-player> shadow, how does amethyst interfere with magic?
[14:37:22] [Server thread/INFO] (Minecraft) <test-mock-player> shadow, explain the darkness to me
[14:37:22] [Server thread/INFO] (Minecraft) <test-mock-player> shadow, use lightning strike
[14:37:22] [Server thread/INFO] (Minecraft) <test-mock-player> shadow, use energy beam
[14:37:22] [Server thread/INFO] (Minecraft) <test-mock-player> shadow, use lightning strike
[14:37:22] [Server thread/INFO] (Minecraft) <test-mock-player> shadow, use void beam
[14:37:22] [Server thread/INFO] (Minecraft) <test-mock-player> shadow, hide yourself
[14:37:22] [Server thread/INFO] (Minecraft) Named entity ShadowCompanionEntity['Shadow of test-mock-player'/1411, l='ServerLevel[Test Level]', x=-5827108.75, y=41.00, z=-2211928.25] died: Shadow of test-mock-player died
[14:37:22] [Server thread/INFO] (Minecraft) test-mock-player[embedded] logged in with entity id 1419 at (0.0, 0.0, 0.0)
[14:37:22] [Server thread/INFO] (Minecraft) [Dormant] test-mock-player joined the game
[14:37:22] [Server thread/INFO] (Minecraft) test-mock-player[embedded] logged in with entity id 1420 at (0.0, 0.0, 0.0)
[14:37:22] [Server thread/INFO] (Minecraft) [Dormant] test-mock-player joined the game
[14:37:22] [Server thread/INFO] (Minecraft) test-mock-player[embedded] logged in with entity id 1421 at (0.0, 0.0, 0.0)
[14:37:22] [Server thread/INFO] (Minecraft) [Dormant] test-mock-player joined the game
[14:37:22] [Server thread/INFO] (Minecraft) test-mock-player[embedded] logged in with entity id 1426 at (0.0, 0.0, 0.0)
[14:37:22] [Server thread/INFO] (Minecraft) [Dormant] test-mock-player joined the game
[14:37:22] [Server thread/INFO] (Minecraft) test-mock-player[embedded] logged in with entity id 1427 at (0.0, 0.0, 0.0)
[14:37:22] [Server thread/INFO] (Minecraft) [Dormant] test-mock-player joined the game
[14:37:22] [Server thread/INFO] (Minecraft) test-mock-player[embedded] logged in with entity id 1428 at (0.0, 0.0, 0.0)
[14:37:22] [Server thread/INFO] (Minecraft) [Dormant] test-mock-player joined the game
[14:37:22] [Server thread/INFO] (Minecraft) [++++++++++++++++++++++++++++++++++++++++++++++++++++++++++++++++++++++__++_+++++++__+++++++_+_ ++++++++++++++++++++__+++                  ]
[14:37:22] [Server thread/INFO] (Minecraft) [Dormant] test-mock-player has made the advancement [We Need to Go Deeper]
[14:37:23] [Server thread/INFO] (Minecraft) [++++++++++++++++++++++++++++++++++++++++++++++++++++++++++++++++++++++__++_++++++++++++++++_+_ ++++++++++++++++++++__+++                  ]
[14:37:23] [Server thread/INFO] (Minecraft) [++++++++++++++++++++++++++++++++++++++++++++++++++++++++++++++++++++++__+++++++++++++++++++_+_ ++++++++++++++++++++__+++                  ]
[14:37:23] [Server thread/INFO] (Minecraft) [Dormant] test-mock-player has made the advancement [Monster Hunter]
[14:37:23] [Server thread/INFO] (Minecraft) [++++++++++++++++++++++++++++++++++++++++++++++++++++++++++++++++++++++__+++++++++++++++++++++_ ++++++++++++++++++++__+++                  ]
[14:37:24] [Server thread/INFO] (Minecraft) [++++++++++++++++++++++++++++++++++++++++++++++++++++++++++++++++++++++__++++++++++++++++++++++ ++++++++++++++++++++__+++                  ]
[14:37:24] [Server thread/INFO] (Minecraft) <test-mock-player> shadow, leave me
[14:37:24] [Server thread/INFO] (Minecraft) [++++++++++++++++++++++++++++++++++++++++++++++++++++++++++++++++++++++_+++++++++++++++++++++++ ++++++++++++++++++++__+++                  ]
[14:37:24] [Server thread/INFO] (Minecraft) [++++++++++++++++++++++++++++++++++++++++++++++++++++++++++++++++++++++_+++++++++++++++++++++++ ++++++++++++++++++++__+++                  ]
[14:37:25] [Server thread/INFO] (Minecraft) [++++++++++++++++++++++++++++++++++++++++++++++++++++++++++++++++++++++++++++++++++++++++++++++ ++++++++++++++++++++__+++                  ]
[14:37:25] [Server thread/INFO] (Minecraft) [++++++++++++++++++++++++++++++++++++++++++++++++++++++++++++++++++++++++++++++++++++++++++++++ ++++++++++++++++++++__+++                  ]
[14:37:25] [Server thread/INFO] (Minecraft) [++++++++++++++++++++++++++++++++++++++++++++++++++++++++++++++++++++++++++++++++++++++++++++++ ++++++++++++++++++++__+++                  ]
[14:37:25] [Server thread/INFO] (Minecraft) [++++++++++++++++++++++++++++++++++++++++++++++++++++++++++++++++++++++++++++++++++++++++++++++ ++++++++++++++++++++__+++                  ]
[14:37:25] [Server thread/INFO] (Minecraft) [++++++++++++++++++++++++++++++++++++++++++++++++++++++++++++++++++++++++++++++++++++++++++++++ ++++++++++++++++++++__+++                  ]
[14:37:25] [Server thread/INFO] (Minecraft) [++++++++++++++++++++++++++++++++++++++++++++++++++++++++++++++++++++++++++++++++++++++++++++++ ++++++++++++++++++++__+++                  ]
[14:37:25] [Server thread/INFO] (Minecraft) [++++++++++++++++++++++++++++++++++++++++++++++++++++++++++++++++++++++++++++++++++++++++++++++ ++++++++++++++++++++__+++                  ]
[14:37:26] [Server thread/INFO] (Minecraft) [++++++++++++++++++++++++++++++++++++++++++++++++++++++++++++++++++++++++++++++++++++++++++++++ ++++++++++++++++++++__+++                  ]
[14:37:26] [Server thread/INFO] (Minecraft) test-mock-player[embedded] logged in with entity id 2393 at (0.0, 0.0, 0.0)
[14:37:26] [Server thread/INFO] (Minecraft) [Dormant] test-mock-player joined the game
[14:37:26] [Server thread/INFO] (Minecraft) [++++++++++++++++++++++++++++++++++++++++++++++++++++++++++++++++++++++++++++++++++++++++++++++_++++++++++++++++++++__+++                  ]
[14:37:26] [Server thread/INFO] (Minecraft) [++++++++++++++++++++++++++++++++++++++++++++++++++++++++++++++++++++++++++++++++++++++++++++++_++++++++++++++++++++__+++                  ]
[14:37:26] [Server thread/INFO] (Minecraft) [++++++++++++++++++++++++++++++++++++++++++++++++++++++++++++++++++++++++++++++++++++++++++++++_++++++++++++++++++++__+++                  ]
[14:37:26] [Server thread/INFO] (Minecraft) [++++++++++++++++++++++++++++++++++++++++++++++++++++++++++++++++++++++++++++++++++++++++++++++_++++++++++++++++++++__+++                  ]
[14:37:26] [Server thread/INFO] (Minecraft) [++++++++++++++++++++++++++++++++++++++++++++++++++++++++++++++++++++++++++++++++++++++++++++++_++++++++++++++++++++__+++                  ]
[14:37:26] [Server thread/INFO] (Minecraft) [++++++++++++++++++++++++++++++++++++++++++++++++++++++++++++++++++++++++++++++++++++++++++++++_++++++++++++++++++++__+++                  ]
[14:37:26] [Server thread/INFO] (Minecraft) [++++++++++++++++++++++++++++++++++++++++++++++++++++++++++++++++++++++++++++++++++++++++++++++_++++++++++++++++++++__+++                  ]
[14:37:26] [Server thread/INFO] (Minecraft) [++++++++++++++++++++++++++++++++++++++++++++++++++++++++++++++++++++++++++++++++++++++++++++++_++++++++++++++++++++__+++                  ]
[14:37:26] [Server thread/INFO] (Minecraft) [++++++++++++++++++++++++++++++++++++++++++++++++++++++++++++++++++++++++++++++++++++++++++++++_++++++++++++++++++++__+++                  ]
[14:37:27] [Server thread/INFO] (Minecraft) [++++++++++++++++++++++++++++++++++++++++++++++++++++++++++++++++++++++++++++++++++++++++++++++_++++++++++++++++++++__+++                  ]
[14:37:27] [Server thread/INFO] (powers) powers_operator_audit action=catastrophic_ritual result=success actor=test-mock-player subject=world detail=begin
[14:37:27] [Server thread/INFO] (Minecraft) [+++++++++++++++++++++++++++++++++++++++++++++++++++++++++++++++++++++++++++++++++++++++++++++++++++++++++++++++++++__+++                  ]
[14:37:27] [Server thread/INFO] (Minecraft) [+++++++++++++++++++++++++++++++++++++++++++++++++++++++++++++++++++++++++++++++++++++++++++++++++++++++++++++++++++__+++                  ]
[14:37:27] [Server thread/INFO] (Minecraft) [+++++++++++++++++++++++++++++++++++++++++++++++++++++++++++++++++++++++++++++++++++++++++++++++++++++++++++++++++++__+++                  ]
[14:37:27] [Server thread/INFO] (Minecraft) [+++++++++++++++++++++++++++++++++++++++++++++++++++++++++++++++++++++++++++++++++++++++++++++++++++++++++++++++++++__+++                  ]
[14:37:27] [Server thread/INFO] (Minecraft) [+++++++++++++++++++++++++++++++++++++++++++++++++++++++++++++++++++++++++++++++++++++++++++++++++++++++++++++++++++__+++                  ]
[14:37:27] [Server thread/INFO] (Minecraft) [+++++++++++++++++++++++++++++++++++++++++++++++++++++++++++++++++++++++++++++++++++++++++++++++++++++++++++++++++++__+++                  ]
[14:37:27] [Server thread/INFO] (Minecraft) [+++++++++++++++++++++++++++++++++++++++++++++++++++++++++++++++++++++++++++++++++++++++++++++++++++++++++++++++++++__+++                  ]
[14:37:27] [Server thread/INFO] (Minecraft) [+++++++++++++++++++++++++++++++++++++++++++++++++++++++++++++++++++++++++++++++++++++++++++++++++++++++++++++++++++__+++                  ]
[14:37:27] [Server thread/INFO] (Minecraft) [+++++++++++++++++++++++++++++++++++++++++++++++++++++++++++++++++++++++++++++++++++++++++++++++++++++++++++++++++++__+++                  ]
[14:37:27] [Server thread/INFO] (Minecraft) [+++++++++++++++++++++++++++++++++++++++++++++++++++++++++++++++++++++++++++++++++++++++++++++++++++++++++++++++++++__+++                  ]
[14:37:28] [Server thread/INFO] (Minecraft) [+++++++++++++++++++++++++++++++++++++++++++++++++++++++++++++++++++++++++++++++++++++++++++++++++++++++++++++++++++__+++                  ]
[14:37:28] [Server thread/INFO] (Minecraft) [+++++++++++++++++++++++++++++++++++++++++++++++++++++++++++++++++++++++++++++++++++++++++++++++++++++++++++++++++++__+++                  ]
[14:37:28] [Server thread/INFO] (Minecraft) [+++++++++++++++++++++++++++++++++++++++++++++++++++++++++++++++++++++++++++++++++++++++++++++++++++++++++++++++++++__+++                  ]
[14:37:28] [Server thread/INFO] (Minecraft) [+++++++++++++++++++++++++++++++++++++++++++++++++++++++++++++++++++++++++++++++++++++++++++++++++++++++++++++++++++__+++                  ]
[14:37:28] [Server thread/INFO] (Minecraft) [+++++++++++++++++++++++++++++++++++++++++++++++++++++++++++++++++++++++++++++++++++++++++++++++++++++++++++++++++++__+++                  ]
[14:37:28] [Server thread/INFO] (Minecraft) [+++++++++++++++++++++++++++++++++++++++++++++++++++++++++++++++++++++++++++++++++++++++++++++++++++++++++++++++++++__+++                  ]
[14:37:28] [Server thread/INFO] (Minecraft) [+++++++++++++++++++++++++++++++++++++++++++++++++++++++++++++++++++++++++++++++++++++++++++++++++++++++++++++++++++__+++                  ]
[14:37:28] [Server thread/INFO] (Minecraft) [+++++++++++++++++++++++++++++++++++++++++++++++++++++++++++++++++++++++++++++++++++++++++++++++++++++++++++++++++++__+++                  ]
[14:37:28] [Server thread/INFO] (Minecraft) [+++++++++++++++++++++++++++++++++++++++++++++++++++++++++++++++++++++++++++++++++++++++++++++++++++++++++++++++++++__+++                  ]
[14:37:28] [Server thread/INFO] (Minecraft) [+++++++++++++++++++++++++++++++++++++++++++++++++++++++++++++++++++++++++++++++++++++++++++++++++++++++++++++++++++__+++                  ]
[14:37:29] [Server thread/INFO] (Minecraft) [+++++++++++++++++++++++++++++++++++++++++++++++++++++++++++++++++++++++++++++++++++++++++++++++++++++++++++++++++++__+++                  ]
[14:37:29] [Server thread/INFO] (Minecraft) [+++++++++++++++++++++++++++++++++++++++++++++++++++++++++++++++++++++++++++++++++++++++++++++++++++++++++++++++++++__+++                  ]
[14:37:29] [Server thread/INFO] (Minecraft) [+++++++++++++++++++++++++++++++++++++++++++++++++++++++++++++++++++++++++++++++++++++++++++++++++++++++++++++++++++__+++                  ]
[14:37:29] [Server thread/INFO] (Minecraft) [+++++++++++++++++++++++++++++++++++++++++++++++++++++++++++++++++++++++++++++++++++++++++++++++++++++++++++++++++++__+++                  ]
[14:37:29] [Server thread/INFO] (Minecraft) [+++++++++++++++++++++++++++++++++++++++++++++++++++++++++++++++++++++++++++++++++++++++++++++++++++++++++++++++++++__+++                  ]
[14:37:29] [Server thread/INFO] (Minecraft) [+++++++++++++++++++++++++++++++++++++++++++++++++++++++++++++++++++++++++++++++++++++++++++++++++++++++++++++++++++__+++                  ]
[14:37:29] [Server thread/INFO] (Minecraft) [++++++++++++++++++++++++++++++++++++++++++++++++++++++++++++++++++++++++++++++++++++++++++++++++++++++++++++++++++++_+++                  ]
[14:37:29] [Server thread/INFO] (Minecraft) [++++++++++++++++++++++++++++++++++++++++++++++++++++++++++++++++++++++++++++++++++++++++++++++++++++++++++++++++++++_+++                  ]
[14:37:34] [Server thread/INFO] (Minecraft) Running test environment 'minecraft:default' batch 2 (15 tests)...
[14:37:35] [Server thread/INFO] (Minecraft) test-mock-player[embedded] logged in with entity id 3101 at (0.0, 0.0, 0.0)
[14:37:35] [Server thread/INFO] (Minecraft) [Dormant] test-mock-player joined the game
[14:37:35] [Server thread/INFO] (Minecraft) test-mock-player[embedded] logged in with entity id 3102 at (0.0, 0.0, 0.0)
[14:37:35] [Server thread/INFO] (Minecraft) [Dormant] test-mock-player joined the game
[14:37:35] [Server thread/INFO] (Minecraft) test-mock-player[embedded] logged in with entity id 3104 at (0.0, 0.0, 0.0)
[14:37:35] [Server thread/INFO] (Minecraft) [Dormant] test-mock-player joined the game
[14:37:35] [Server thread/INFO] (Minecraft) test-mock-player[embedded] logged in with entity id 3105 at (0.0, 0.0, 0.0)
[14:37:35] [Server thread/INFO] (Minecraft) [Dormant] test-mock-player joined the game
[14:37:35] [Server thread/INFO] (Minecraft) test-mock-player[embedded] logged in with entity id 3106 at (0.0, 0.0, 0.0)
[14:37:35] [Server thread/INFO] (Minecraft) [Dormant] test-mock-player joined the game
[14:37:35] [Server thread/INFO] (Minecraft) test-mock-player[embedded] logged in with entity id 3107 at (0.0, 0.0, 0.0)
[14:37:35] [Server thread/INFO] (Minecraft) [Dormant] test-mock-player joined the game
[14:37:35] [Server thread/INFO] (Minecraft) test-mock-player[embedded] logged in with entity id 3109 at (0.0, 0.0, 0.0)
[14:37:35] [Server thread/INFO] (Minecraft) [Dormant] test-mock-player joined the game
[14:37:35] [Server thread/INFO] (Minecraft) test-mock-player[embedded] logged in with entity id 3111 at (0.0, 0.0, 0.0)
[14:37:35] [Server thread/INFO] (Minecraft) [Dormant] test-mock-player joined the game
[14:37:35] [Server thread/INFO] (Minecraft) test-mock-player[embedded] logged in with entity id 3112 at (0.0, 0.0, 0.0)
[14:37:35] [Server thread/INFO] (Minecraft) [Dormant] test-mock-player joined the game
[14:37:35] [Server thread/INFO] (Minecraft) test-mock-player[embedded] logged in with entity id 3113 at (0.0, 0.0, 0.0)
[14:37:35] [Server thread/INFO] (Minecraft) [Dormant] test-mock-player joined the game
[14:37:35] [Server thread/INFO] (Minecraft) test-mock-player[embedded] logged in with entity id 3114 at (0.0, 0.0, 0.0)
[14:37:35] [Server thread/INFO] (Minecraft) [Dormant] test-mock-player joined the game
[14:37:35] [Server thread/INFO] (Minecraft) test-mock-player[embedded] logged in with entity id 3115 at (0.0, 0.0, 0.0)
[14:37:35] [Server thread/INFO] (Minecraft) [Dormant] test-mock-player joined the game
[14:37:35] [Server thread/INFO] (Minecraft) test-mock-player[embedded] logged in with entity id 3116 at (0.0, 0.0, 0.0)
[14:37:35] [Server thread/INFO] (Minecraft) [Dormant] test-mock-player joined the game
[14:37:35] [Server thread/INFO] (Minecraft) [++++++++++++++++++++++++++++++++++++++++++++++++++++++++++++++++++++++++++++++++++++++++++++++++++++++++++++++++++++++++_+_+++__+++++++   ]
[14:37:36] [Server thread/INFO] (Minecraft) Loaded 1605 recipes
[14:37:36] [Server thread/INFO] (Minecraft) Loaded 1713 advancements
[14:37:36] [Server thread/INFO] (powers) Published action registry revision 7 with 110 canonical keys and 2 aliases
[14:37:36] [Server thread/INFO] (powers) Loaded 14 Shadow knowledge entries
[14:37:37] [Server thread/INFO] (Minecraft) Loaded 1605 recipes
[14:37:37] [Server thread/INFO] (Minecraft) Loaded 1713 advancements
[14:37:37] [Server thread/INFO] (Minecraft) [++++++++++++++++++++++++++++++++++++++++++++++++++++++++++++++++++++++++++++++++++++++++++++++++++++++++++++++++++++++++_+++++_++++++++   ]
[14:37:37] [Server thread/INFO] (Minecraft) [++++++++++++++++++++++++++++++++++++++++++++++++++++++++++++++++++++++++++++++++++++++++++++++++++++++++++++++++++++++++++++++_++++++++   ]
[14:37:37] [Server thread/INFO] (Minecraft) Running test environment 'powers:artifact_stale_cycle_isolated' batch 0 (1 tests)...
[14:37:37] [Server thread/INFO] (Minecraft) test-mock-player[embedded] logged in with entity id 3120 at (0.0, 0.0, 0.0)
[14:37:37] [Server thread/INFO] (Minecraft) [Dormant] test-mock-player joined the game
[14:37:37] [Server thread/INFO] (Minecraft) Running test environment 'powers:ritual_isolated' batch 0 (1 tests)...
[14:37:37] [Server thread/INFO] (Minecraft) [++++++++++++++++++++++++++++++++++++++++++++++++++++++++++++++++++++++++++++++++++++++++++++++++++++++++++++++++++++++++++++++++++++++++  ]
[14:37:37] [Server thread/INFO] (Minecraft) test-mock-player[embedded] logged in with entity id 3121 at (0.0, 0.0, 0.0)
[14:37:37] [Server thread/INFO] (Minecraft) [Dormant] test-mock-player joined the game
[14:37:37] [Server thread/INFO] (Minecraft) [++++++++++++++++++++++++++++++++++++++++++++++++++++++++++++++++++++++++++++++++++++++++++++++++++++++++++++++++++++++++++++++++++++++++_ ]
[14:37:37] [Server thread/INFO] (Minecraft) Running test environment 'powers:vfx_gallery' batch 0 (1 tests)...
[14:37:37] [Server thread/INFO] (Minecraft) test-mock-player[embedded] logged in with entity id 3127 at (0.0, 0.0, 0.0)
[14:37:37] [Server thread/INFO] (Minecraft) [Dormant] test-mock-player joined the game
[14:37:37] [Server thread/INFO] (Minecraft) [+++++++++++++++++++++++++++++++++++++++++++++++++++++++++++++++++++++++++++++++++++++++++++++++++++++++++++++++++++++++++++++++++++++++++_]
[14:37:37] [Server thread/INFO] (Minecraft) [++++++++++++++++++++++++++++++++++++++++++++++++++++++++++++++++++++++++++++++++++++++++++++++++++++++++++++++++++++++++++++++++++++++++++]
[14:37:37] [Server thread/INFO] (Minecraft) ========= 138 GAME TESTS COMPLETE IN 1.234 min ======================
[14:37:37] [Server thread/INFO] (Minecraft) All 138 required tests passed :)
[14:37:37] [Server thread/INFO] (Minecraft) ====================================================
[14:37:37] [Server thread/INFO] (Minecraft) Stopping server
[14:37:37] [Server thread/INFO] (Minecraft) Saving players
[14:37:37] [Server thread/INFO] (Minecraft) test-mock-player lost connection: Server closed
[14:37:37] [Server thread/INFO] (Minecraft) [Dormant] test-mock-player left the game
[14:37:37] [Server thread/INFO] (Minecraft) test-mock-player lost connection: Server closed
[14:37:37] [Server thread/INFO] (Minecraft) [Unmarked] test-mock-player left the game
[14:37:37] [Server thread/INFO] (Minecraft) test-mock-player lost connection: Server closed
[14:37:37] [Server thread/INFO] (Minecraft) [Dormant] test-mock-player left the game
[14:37:37] [Server thread/INFO] (Minecraft) test-mock-player lost connection: Server closed
[14:37:37] [Server thread/INFO] (Minecraft) [Dormant] test-mock-player left the game
[14:37:37] [Server thread/INFO] (Minecraft) test-mock-player lost connection: Server closed
[14:37:37] [Server thread/INFO] (Minecraft) [Dormant] test-mock-player left the game
[14:37:37] [Server thread/INFO] (Minecraft) test-mock-player lost connection: Server closed
[14:37:37] [Server thread/INFO] (Minecraft) [Dormant] test-mock-player left the game
[14:37:37] [Server thread/INFO] (Minecraft) test-mock-player lost connection: Server closed
[14:37:37] [Server thread/INFO] (Minecraft) [Nightfall] test-mock-player left the game
[14:37:37] [Server thread/INFO] (Minecraft) test-mock-player lost connection: Server closed
[14:37:37] [Server thread/INFO] (Minecraft) [Dormant] test-mock-player left the game
[14:37:37] [Server thread/INFO] (Minecraft) test-mock-player lost connection: Server closed
[14:37:37] [Server thread/INFO] (Minecraft) [Dormant] test-mock-player left the game
[14:37:37] [Server thread/INFO] (Minecraft) test-mock-player lost connection: Server closed
[14:37:37] [Server thread/INFO] (Minecraft) [Dormant] test-mock-player left the game
[14:37:37] [Server thread/INFO] (Minecraft) test-mock-player lost connection: Server closed
[14:37:37] [Server thread/INFO] (Minecraft) [Dormant] test-mock-player left the game
[14:37:37] [Server thread/INFO] (Minecraft) test-mock-player lost connection: Server closed
[14:37:37] [Server thread/INFO] (Minecraft) [Dormant] test-mock-player left the game
[14:37:37] [Server thread/INFO] (Minecraft) test-mock-player lost connection: Server closed
[14:37:37] [Server thread/INFO] (Minecraft) [Dormant] test-mock-player left the game
[14:37:37] [Server thread/INFO] (Minecraft) test-mock-player lost connection: Server closed
[14:37:37] [Server thread/INFO] (Minecraft) [Dormant] test-mock-player left the game
[14:37:37] [Server thread/INFO] (Minecraft) test-mock-player lost connection: Server closed
[14:37:37] [Server thread/INFO] (Minecraft) [Dormant] test-mock-player left the game
[14:37:37] [Server thread/INFO] (Minecraft) test-mock-player lost connection: Server closed
[14:37:37] [Server thread/INFO] (Minecraft) [Dormant] test-mock-player left the game
[14:37:37] [Server thread/INFO] (Minecraft) test-mock-player lost connection: Server closed
[14:37:37] [Server thread/INFO] (Minecraft) [Unmarked] test-mock-player left the game
[14:37:37] [Server thread/INFO] (Minecraft) test-mock-player lost connection: Server closed
[14:37:37] [Server thread/INFO] (Minecraft) [Dormant] test-mock-player left the game
[14:37:37] [Server thread/INFO] (Minecraft) test-mock-player lost connection: Server closed
[14:37:37] [Server thread/INFO] (Minecraft) [Dormant] test-mock-player left the game
[14:37:37] [Server thread/INFO] (Minecraft) test-mock-player lost connection: Server closed
[14:37:37] [Server thread/INFO] (Minecraft) [Dormant] test-mock-player left the game
[14:37:37] [Server thread/INFO] (Minecraft) test-mock-player lost connection: Server closed
[14:37:37] [Server thread/INFO] (Minecraft) [Dormant] test-mock-player left the game
[14:37:37] [Server thread/INFO] (Minecraft) test-mock-player lost connection: Server closed
[14:37:37] [Server thread/INFO] (Minecraft) [Nightfall] test-mock-player left the game
[14:37:37] [Server thread/INFO] (Minecraft) test-mock-player lost connection: Server closed
[14:37:37] [Server thread/INFO] (Minecraft) [Dormant] test-mock-player left the game
[14:37:37] [Server thread/INFO] (Minecraft) test-mock-player lost connection: Server closed
[14:37:37] [Server thread/INFO] (Minecraft) [Dormant] test-mock-player left the game
[14:37:37] [Server thread/INFO] (Minecraft) test-mock-player lost connection: Server closed
[14:37:37] [Server thread/INFO] (Minecraft) [Dormant] test-mock-player left the game
[14:37:37] [Server thread/INFO] (Minecraft) test-mock-player lost connection: Server closed
[14:37:37] [Server thread/INFO] (Minecraft) [Dormant] test-mock-player left the game
[14:37:37] [Server thread/INFO] (Minecraft) test-mock-player lost connection: Server closed
[14:37:37] [Server thread/INFO] (Minecraft) [Dormant] test-mock-player left the game
[14:37:37] [Server thread/INFO] (Minecraft) test-mock-player lost connection: Server closed
[14:37:37] [Server thread/INFO] (Minecraft) [Dormant] test-mock-player left the game
[14:37:37] [Server thread/INFO] (Minecraft) test-mock-player lost connection: Server closed
[14:37:37] [Server thread/INFO] (Minecraft) [Dormant] test-mock-player left the game
[14:37:37] [Server thread/INFO] (Minecraft) test-mock-player lost connection: Server closed
[14:37:37] [Server thread/INFO] (Minecraft) [Dormant] test-mock-player left the game
[14:37:37] [Server thread/INFO] (Minecraft) test-mock-player lost connection: Server closed
[14:37:37] [Server thread/INFO] (Minecraft) [Dormant] test-mock-player left the game
[14:37:37] [Server thread/INFO] (Minecraft) test-mock-player lost connection: Server closed
[14:37:37] [Server thread/INFO] (Minecraft) [Dormant] test-mock-player left the game
[14:37:37] [Server thread/INFO] (Minecraft) test-mock-player lost connection: Server closed
[14:37:37] [Server thread/INFO] (Minecraft) [Dormant] test-mock-player left the game
[14:37:37] [Server thread/INFO] (Minecraft) test-mock-player lost connection: Server closed
[14:37:37] [Server thread/INFO] (Minecraft) [Dormant] test-mock-player left the game
[14:37:37] [Server thread/INFO] (Minecraft) test-mock-player lost connection: Server closed
[14:37:37] [Server thread/INFO] (Minecraft) [Dormant] test-mock-player left the game
[14:37:37] [Server thread/INFO] (Minecraft) test-mock-player lost connection: Server closed
[14:37:37] [Server thread/INFO] (Minecraft) [Dormant] test-mock-player left the game
[14:37:37] [Server thread/INFO] (Minecraft) test-mock-player lost connection: Server closed
[14:37:37] [Server thread/INFO] (Minecraft) [Dormant] test-mock-player left the game
[14:37:37] [Server thread/INFO] (Minecraft) test-mock-player lost connection: Server closed
[14:37:37] [Server thread/INFO] (Minecraft) [Dormant] test-mock-player left the game
[14:37:37] [Server thread/INFO] (Minecraft) test-mock-player lost connection: Server closed
[14:37:37] [Server thread/INFO] (Minecraft) [Dormant] test-mock-player left the game
[14:37:37] [Server thread/INFO] (Minecraft) test-mock-player lost connection: Server closed
[14:37:37] [Server thread/INFO] (Minecraft) [Dormant] test-mock-player left the game
[14:37:37] [Server thread/INFO] (Minecraft) test-mock-player lost connection: Server closed
[14:37:37] [Server thread/INFO] (Minecraft) [Dormant] test-mock-player left the game
[14:37:37] [Server thread/INFO] (Minecraft) test-mock-player lost connection: Server closed
[14:37:37] [Server thread/INFO] (Minecraft) [Dormant] test-mock-player left the game
[14:37:37] [Server thread/INFO] (Minecraft) test-mock-player lost connection: Server closed
[14:37:37] [Server thread/INFO] (Minecraft) [Dormant] test-mock-player left the game
[14:37:37] [Server thread/INFO] (Minecraft) test-mock-player lost connection: Server closed
[14:37:37] [Server thread/INFO] (Minecraft) [Dormant] test-mock-player left the game
[14:37:38] [Server thread/INFO] (Minecraft) test-mock-player lost connection: Server closed
[14:37:38] [Server thread/INFO] (Minecraft) [Dormant] test-mock-player left the game
[14:37:38] [Server thread/INFO] (Minecraft) test-mock-player lost connection: Server closed
[14:37:38] [Server thread/INFO] (Minecraft) [Dormant] test-mock-player left the game
[14:37:38] [Server thread/INFO] (Minecraft) test-mock-player lost connection: Server closed
[14:37:38] [Server thread/INFO] (Minecraft) [Dormant] test-mock-player left the game
[14:37:38] [Server thread/INFO] (Minecraft) test-mock-player lost connection: Server closed
[14:37:38] [Server thread/INFO] (Minecraft) [Dormant] test-mock-player left the game
[14:37:38] [Server thread/INFO] (Minecraft) test-mock-player lost connection: Server closed
[14:37:38] [Server thread/INFO] (Minecraft) [Dormant] test-mock-player left the game
[14:37:38] [Server thread/INFO] (Minecraft) test-mock-player lost connection: Server closed
[14:37:38] [Server thread/INFO] (Minecraft) [Dormant] test-mock-player left the game
[14:37:38] [Server thread/INFO] (Minecraft) test-mock-player lost connection: Server closed
[14:37:38] [Server thread/INFO] (Minecraft) [Dormant] test-mock-player left the game
[14:37:38] [Server thread/INFO] (Minecraft) test-mock-player lost connection: Server closed
[14:37:38] [Server thread/INFO] (Minecraft) [Dormant] test-mock-player left the game
[14:37:38] [Server thread/INFO] (Minecraft) test-mock-player lost connection: Server closed
[14:37:38] [Server thread/INFO] (Minecraft) [Dormant] test-mock-player left the game
[14:37:38] [Server thread/INFO] (Minecraft) test-mock-player lost connection: Server closed
[14:37:38] [Server thread/INFO] (Minecraft) [Dormant] test-mock-player left the game
[14:37:38] [Server thread/INFO] (Minecraft) test-mock-player lost connection: Server closed
[14:37:38] [Server thread/INFO] (Minecraft) [Dormant] test-mock-player left the game
[14:37:38] [Server thread/INFO] (Minecraft) test-mock-player lost connection: Server closed
[14:37:38] [Server thread/INFO] (Minecraft) [Dormant] test-mock-player left the game
[14:37:38] [Server thread/INFO] (Minecraft) test-mock-player lost connection: Server closed
[14:37:38] [Server thread/INFO] (Minecraft) [Unmarked] test-mock-player left the game
[14:37:38] [Server thread/INFO] (Minecraft) test-mock-player lost connection: Server closed
[14:37:38] [Server thread/INFO] (Minecraft) [Unmarked] test-mock-player left the game
[14:37:38] [Server thread/INFO] (Minecraft) test-mock-player lost connection: Server closed
[14:37:38] [Server thread/INFO] (Minecraft) [Unmarked] test-mock-player left the game
[14:37:38] [Server thread/INFO] (Minecraft) test-mock-player lost connection: Server closed
[14:37:38] [Server thread/INFO] (Minecraft) [Dormant] test-mock-player left the game
[14:37:38] [Server thread/INFO] (Minecraft) test-mock-player lost connection: Server closed
[14:37:38] [Server thread/INFO] (Minecraft) [Dormant] test-mock-player left the game
[14:37:38] [Server thread/INFO] (Minecraft) test-mock-player lost connection: Server closed
[14:37:38] [Server thread/INFO] (Minecraft) [Dormant] test-mock-player left the game
[14:37:38] [Server thread/INFO] (Minecraft) test-mock-player lost connection: Server closed
[14:37:38] [Server thread/INFO] (Minecraft) [Dormant] test-mock-player left the game
[14:37:38] [Server thread/INFO] (Minecraft) test-mock-player lost connection: Server closed
[14:37:38] [Server thread/INFO] (Minecraft) [Dormant] test-mock-player left the game
[14:37:38] [Server thread/INFO] (Minecraft) test-mock-player lost connection: Server closed
[14:37:38] [Server thread/INFO] (Minecraft) [Dormant] test-mock-player left the game
[14:37:38] [Server thread/INFO] (Minecraft) test-mock-player lost connection: Server closed
[14:37:38] [Server thread/INFO] (Minecraft) [Dormant] test-mock-player left the game
[14:37:38] [Server thread/INFO] (Minecraft) test-mock-player lost connection: Server closed
[14:37:38] [Server thread/INFO] (Minecraft) [Dormant] test-mock-player left the game
[14:37:38] [Server thread/INFO] (Minecraft) test-mock-player lost connection: Server closed
[14:37:38] [Server thread/INFO] (Minecraft) [Dormant] test-mock-player left the game
[14:37:38] [Server thread/INFO] (Minecraft) test-mock-player lost connection: Server closed
[14:37:38] [Server thread/INFO] (Minecraft) [Dormant] test-mock-player left the game
[14:37:38] [Server thread/INFO] (Minecraft) test-mock-player lost connection: Server closed
[14:37:38] [Server thread/INFO] (Minecraft) [Dormant] test-mock-player left the game
[14:37:38] [Server thread/INFO] (Minecraft) Saving worlds
[14:37:39] [Server thread/INFO] (Minecraft) Saving chunks for level 'ServerLevel[Test Level]'/minecraft:overworld
[14:37:39] [Server thread/INFO] (Minecraft) Saving chunks for level 'ServerLevel[Test Level]'/minecraft:the_nether
[14:37:39] [Server thread/INFO] (Minecraft) Saving chunks for level 'ServerLevel[Test Level]'/minecraft:the_end
[14:37:39] [Server thread/INFO] (Minecraft) Saving chunks for level 'ServerLevel[Test Level]'/powers:light_realm
[14:37:39] [Server thread/INFO] (Minecraft) Saving chunks for level 'ServerLevel[Test Level]'/qa010_hostile:synthetic
[14:37:39] [Server thread/INFO] (Minecraft) Saving chunks for level 'ServerLevel[Test Level]'/powers:dark_realm
[14:37:39] [Server thread/INFO] (Minecraft) ThreadedAnvilChunkStorage (world): All chunks are saved
[14:37:39] [Server thread/INFO] (Minecraft) ThreadedAnvilChunkStorage (DIM-1): All chunks are saved
[14:37:39] [Server thread/INFO] (Minecraft) ThreadedAnvilChunkStorage (DIM1): All chunks are saved
[14:37:39] [Server thread/INFO] (Minecraft) ThreadedAnvilChunkStorage (light_realm): All chunks are saved
[14:37:39] [Server thread/INFO] (Minecraft) ThreadedAnvilChunkStorage (synthetic): All chunks are saved
[14:37:39] [Server thread/INFO] (Minecraft) ThreadedAnvilChunkStorage (dark_realm): All chunks are saved
[14:37:39] [Server thread/INFO] (Minecraft) ThreadedAnvilChunkStorage: All dimensions are saved
[14:37:39] [Server thread/INFO] (Minecraft) Game test server shutting down

> Task :compileTestJava
> Task :processTestResources
> Task :testClasses
WARNING: A terminally deprecated method in sun.misc.Unsafe has been called
WARNING: sun.misc.Unsafe::objectFieldOffset has been called by org.joml.MemUtil$MemUtilUnsafe (file:<GRADLE_CACHE>/caches/modules-2/files-2.1/org.joml/joml/1.10.8/fc0a71dad90a2cf41d82a76156a0e700af8e4f8d/joml-1.10.8.jar)
WARNING: Please consider reporting this to the maintainers of class org.joml.MemUtil$MemUtilUnsafe
WARNING: sun.misc.Unsafe::objectFieldOffset will be removed in a future release
> Task :test

> Task :testPythonScripts
..............................................................................................................................................[0012] [Server thread/INFO]: SoakClient left the game
.....................................
----------------------------------------------------------------------
Ran 179 tests in 44.695s

OK

> Task :validateAccessWidener NO-SOURCE

> Task :validatePowerResources
POWERS resource validation passed

> Task :verifyItemDocs
> Task :verifyMagicDocs
> Task :verifyRankDocs
> Task :verifyVfxAssetAudit
> Task :check

BUILD SUCCESSFUL in 3m 19s
24 actionable tasks: 24 executed
