To honour the JVM settings for this build a single-use Daemon process will be forked. For more on this, please refer to https://docs.gradle.org/9.5.1/userguide/gradle_daemon.html#sec:disabling_the_daemon in the Gradle documentation.
Daemon will be stopped at the end of the build 

> Configure project :
Fabric Loom: 1.17.19

> Task :compileJava
> Task :processResources
> Task :classes
> Task :compileClientJava
> Task :processClientResources
> Task :clientClasses
> Task :compileGametestJava
> Task :deleteGameTestRunDir UP-TO-DATE
> Task :acceptGameTestEula
> Task :generateLog4jConfig
> Task :generateDLIConfig
> Task :configureLaunch
> Task :processGametestResources
> Task :gametestClasses

> Task :runGameTest
[07:55:06] [main/INFO] (FabricLoader/GameProvider) Loading Minecraft 26.2 with Fabric Loader 0.19.3
[07:55:06] [main/INFO] (FabricLoader/Mappings) Mappings not present!
[07:55:07] [main/INFO] (FabricLoader) Loading 44 mods:
	- fabric-api 0.156.0+26.2
	   |-- fabric-key-mapping-api-v1 2.0.5+e2bdee789e
	   |-- fabric-model-loading-api-v1 8.0.16+c80601bb9e
	   |-- fabric-renderer-api-v1 14.1.3+2b0d8a229e
	   |-- fabric-renderer-indigo 9.1.3+2b0d8a229e
	   |-- fabric-rendering-v1 25.3.2+515ac5339e
	   |-- fabric-screen-api-v1 5.1.0+48e3c0b09e
	   \-- fabric-sound-api-v1 2.0.5+11a26f319e
	- fabric-api-base 2.0.4+ece063239e
	- fabric-api-lookup-api-v1 2.0.17+11e1c9a39e
	- fabric-biome-api-v1 18.0.6+c7bd5b8e9e
	- fabric-block-api-v1 3.0.3+ec56b6019e
	- fabric-block-getter-api-v2 2.0.7+ec56b6019e
	- fabric-command-api-v2 3.1.0+00cb03469e
	- fabric-content-registries-v0 11.3.0+d0a699d09e
	- fabric-convention-tags-v2 4.7.0+1f023a9e9e
	- fabric-crash-report-info-v1 1.0.5+086d547a9e
	- fabric-creative-tab-api-v1 5.0.14+d871b99e9e
	- fabric-data-attachment-api-v1 2.2.18+515ac5339e
	- fabric-data-generation-api-v1 25.5.0+aed122aa9e
	- fabric-debug-api-v1 1.0.2+c792624d9e
	- fabric-dimensions-v1 5.1.11+515ac5339e
	- fabric-entity-events-v1 5.0.5+06488ac19e
	- fabric-events-interaction-v0 5.2.7+515ac5339e
	- fabric-game-rule-api-v1 4.0.8+46a6d00c9e
	- fabric-gametest-api-v1 4.0.21+4a7fa0819e
	- fabric-item-api-v1 14.4.0+49a69a7b9e
	- fabric-lifecycle-events-v1 4.1.3+4575b05f9e
	- fabric-loot-api-v3 3.0.17+06488ac19e
	- fabric-menu-api-v1 2.0.16+086d547a9e
	- fabric-message-api-v1 7.0.7+086d547a9e
	- fabric-networking-api-v1 6.3.3+72073ef09e
	- fabric-object-builder-api-v1 24.1.0+6fcd5f039e
	- fabric-particles-v1 5.0.18+d1756aa99e
	- fabric-permission-api-v1 1.0.4+536fad2f9e
	- fabric-recipe-api-v1 9.0.20+11e1c9a39e
	- fabric-registry-sync-v0 7.1.0+c7bd5b8e9e
	- fabric-rendering-fluids-v1 6.0.4+06488ac19e
	- fabric-resource-conditions-api-v1 6.1.0+10e9a28b9e
	- fabric-resource-loader-v0 3.3.20+4fc5413f9e
	- fabric-resource-loader-v1 2.0.13+9edec1269e
	- fabric-serialization-api-v1 2.0.4+11a26f319e
	- fabric-tag-api-v1 2.1.4+515ac5339e
	- fabric-transfer-api-v1 8.0.12+11dbb7d79e
	- fabric-transitive-access-wideners-v1 8.1.4+67c847259e
	- fabricloader 0.19.3
	- java 25
	- minecraft 26.2
	- mixinextras 0.5.4
	- powers 1.0.2
	- powers-gametest 1.0.0
[07:55:07] [main/INFO] (FabricLoader/Mixin) SpongePowered MIXIN Subsystem Version=0.8.7 Source=file:/Users/james/.gradle/caches/modules-2/files-2.1/net.fabricmc/sponge-mixin/0.17.3+mixin.0.8.7/41c4a3984a80f4679e759fb9f495587acc5cdac7/sponge-mixin-0.17.3+mixin.0.8.7.jar Service=Knot/Fabric Env=SERVER
[07:55:07] [main/INFO] (FabricLoader/Mixin) Compatibility level set to JAVA_25
[07:55:07] [main/INFO] (FabricLoader/MixinExtras|Service) Initializing MixinExtras via com.llamalad7.mixinextras.service.MixinExtrasServiceImpl(version=0.5.4).
[07:55:12] [main/INFO] (powers) Loaded rank mazes: 28 light nodes, 28 darkness nodes
[07:55:12] [main/INFO] (powers) Magic collision kernel loaded: 64 actions, 2080 exhaustive interactions
[07:55:12] [main/INFO] (powers) POWERS framework initialized with 23 power(s)
[07:55:12] [main/INFO] (Minecraft) Environment: Environment[sessionHost=https://sessionserver.mojang.com, servicesHost=https://api.minecraftservices.com, profilesHost=https://api.mojang.com, name=PROD]
[07:55:12] [main/INFO] (FabricGameTestRunner) Starting test server
[07:55:13] [main/INFO] (Minecraft) Loaded 1605 recipes
[07:55:13] [main/INFO] (Minecraft) Loaded 1713 advancements
[07:55:13] [main/INFO] (powers) Loaded 14 Shadow knowledge entries
[07:55:13] [main/INFO] (BiomeModificationImpl) Applied 0 biome modifications to 0 of 69 new biomes in 595.2 μs
[07:55:14] [Server thread/INFO] (Minecraft) Selecting global world spawn...
[07:55:14] [Server thread/INFO] (Minecraft) Loading 0 persistent chunks...
[07:55:14] [Server thread/INFO] (Minecraft) Preparing spawn area: 100%
[07:55:14] [Server thread/INFO] (Minecraft) Time elapsed: 349 ms
[07:55:14] [Server thread/INFO] (Minecraft) Will run tests matching powers-gametest:connected_bot_profile_game_tests_connected_ten_fifty_and_hundred_player_profiles (1 tests)
[07:55:14] [Server thread/INFO] (Minecraft) Started game test server
[07:55:14] [Server thread/INFO] (Minecraft) 1 tests are now running at position 112130, -59, 695416!
[07:55:15] [Server thread/INFO] (Minecraft) Running test environment 'minecraft:default' batch 0 (1 tests)...
[07:55:16] [Server thread/INFO] (Minecraft) test-mock-player[embedded] logged in with entity id 1 at (0.0, 0.0, 0.0)
[07:55:16] [Server thread/INFO] (Minecraft) [Dormant] test-mock-player joined the game
[07:55:16] [Server thread/INFO] (Minecraft) test-mock-player[embedded] logged in with entity id 2 at (0.0, 0.0, 0.0)
[07:55:16] [Server thread/INFO] (Minecraft) [Dormant] test-mock-player joined the game
[07:55:16] [Server thread/INFO] (Minecraft) test-mock-player[embedded] logged in with entity id 3 at (0.0, 0.0, 0.0)
[07:55:16] [Server thread/INFO] (Minecraft) [Dormant] test-mock-player joined the game
[07:55:16] [Server thread/INFO] (Minecraft) test-mock-player[embedded] logged in with entity id 4 at (0.0, 0.0, 0.0)
[07:55:16] [Server thread/INFO] (Minecraft) [Dormant] test-mock-player joined the game
[07:55:16] [Server thread/INFO] (Minecraft) test-mock-player[embedded] logged in with entity id 5 at (0.0, 0.0, 0.0)
[07:55:16] [Server thread/INFO] (Minecraft) [Dormant] test-mock-player joined the game
[07:55:16] [Server thread/INFO] (Minecraft) test-mock-player[embedded] logged in with entity id 6 at (0.0, 0.0, 0.0)
[07:55:16] [Server thread/INFO] (Minecraft) [Dormant] test-mock-player joined the game
[07:55:16] [Server thread/INFO] (Minecraft) test-mock-player[embedded] logged in with entity id 7 at (0.0, 0.0, 0.0)
[07:55:16] [Server thread/INFO] (Minecraft) [Dormant] test-mock-player joined the game
[07:55:16] [Server thread/INFO] (Minecraft) test-mock-player[embedded] logged in with entity id 8 at (0.0, 0.0, 0.0)
[07:55:16] [Server thread/INFO] (Minecraft) [Dormant] test-mock-player joined the game
[07:55:16] [Server thread/INFO] (Minecraft) test-mock-player[embedded] logged in with entity id 9 at (0.0, 0.0, 0.0)
[07:55:16] [Server thread/INFO] (Minecraft) [Dormant] test-mock-player joined the game
[07:55:16] [Server thread/INFO] (Minecraft) test-mock-player[embedded] logged in with entity id 10 at (0.0, 0.0, 0.0)
[07:55:16] [Server thread/INFO] (Minecraft) [Dormant] test-mock-player joined the game
[07:55:16] [Server thread/WARN] (Minecraft) Can't keep up! Is the server overloaded? Running 2042ms or 40 ticks behind
[07:55:17] [Server thread/INFO] (Minecraft) [_]
[07:55:18] [Server thread/INFO] (Minecraft) [_]
[07:55:19] [Server thread/INFO] (Minecraft) [_]
[07:55:20] [Server thread/INFO] (Minecraft) [_]
[07:55:21] [Server thread/INFO] (Minecraft) [_]
[07:55:22] [Server thread/INFO] (Minecraft) [_]
[07:55:23] [Server thread/INFO] (Minecraft) [_]
[07:55:24] [Server thread/INFO] (Minecraft) [_]
[07:55:25] [Server thread/INFO] (Minecraft) [_]
[07:55:26] [Server thread/INFO] (Minecraft) [_]
[07:55:27] [Server thread/INFO] (Minecraft) [_]
[07:55:28] [Server thread/INFO] (Minecraft) [_]
[07:55:29] [Server thread/INFO] (Minecraft) [_]
[07:55:30] [Server thread/INFO] (Minecraft) [_]
[07:55:31] [Server thread/INFO] (Minecraft) [_]
[07:55:32] [Server thread/INFO] (Minecraft) [_]
[07:55:33] [Server thread/INFO] (Minecraft) [_]
[07:55:34] [Server thread/INFO] (Minecraft) [_]
[07:55:35] [Server thread/INFO] (Minecraft) [_]
[07:55:36] [Server thread/INFO] (Minecraft) [_]
[07:55:37] [Server thread/INFO] (Minecraft) [_]
[07:55:38] [Server thread/INFO] (Minecraft) [_]
[07:55:39] [Server thread/INFO] (Minecraft) [_]
[07:55:40] [Server thread/INFO] (Minecraft) [_]
[07:55:41] [Server thread/INFO] (Minecraft) [_]
[07:55:42] [Server thread/INFO] (Minecraft) [_]
[07:55:43] [Server thread/INFO] (Minecraft) [_]
[07:55:44] [Server thread/INFO] (Minecraft) [_]
[07:55:45] [Server thread/INFO] (Minecraft) [_]
[07:55:46] [Server thread/INFO] (Minecraft) [_]
[07:55:47] [Server thread/INFO] (Minecraft) [_]
[07:55:48] [Server thread/INFO] (Minecraft) [_]
[07:55:49] [Server thread/INFO] (Minecraft) [_]
[07:55:50] [Server thread/INFO] (Minecraft) [_]
[07:55:51] [Server thread/INFO] (Minecraft) [_]
[07:55:52] [Server thread/INFO] (Minecraft) [_]
[07:55:53] [Server thread/INFO] (Minecraft) [_]
[07:55:54] [Server thread/INFO] (Minecraft) [_]
[07:55:55] [Server thread/INFO] (Minecraft) [_]
[07:55:56] [Server thread/INFO] (Minecraft) [_]
[07:55:57] [Server thread/INFO] (Minecraft) [_]
[07:55:58] [Server thread/INFO] (Minecraft) [_]
[07:55:59] [Server thread/INFO] (Minecraft) [_]
[07:56:00] [Server thread/INFO] (Minecraft) [_]
[07:56:01] [Server thread/INFO] (Minecraft) [_]
[07:56:02] [Server thread/INFO] (Minecraft) [_]
[07:56:03] [Server thread/INFO] (Minecraft) [_]
[07:56:04] [Server thread/INFO] (Minecraft) [_]
[07:56:05] [Server thread/INFO] (Minecraft) [_]
[07:56:06] [Server thread/INFO] (Minecraft) [_]
[07:56:07] [Server thread/INFO] (Minecraft) [_]
[07:56:08] [Server thread/INFO] (Minecraft) [_]
[07:56:09] [Server thread/INFO] (Minecraft) [_]
[07:56:10] [Server thread/INFO] (Minecraft) [_]
[07:56:11] [Server thread/INFO] (Minecraft) [_]
[07:56:12] [Server thread/INFO] (Minecraft) [_]
[07:56:13] [Server thread/INFO] (Minecraft) [_]
[07:56:14] [Server thread/INFO] (Minecraft) [_]
[07:56:15] [Server thread/INFO] (Minecraft) [_]
[07:56:16] [Server thread/INFO] (Minecraft) [_]
[07:56:17] [Server thread/INFO] (Minecraft) [_]
[07:56:18] [Server thread/INFO] (Minecraft) [_]
[07:56:19] [Server thread/INFO] (Minecraft) [_]
[07:56:20] [Server thread/INFO] (Minecraft) [_]
[07:56:21] [Server thread/INFO] (Minecraft) [_]
[07:56:22] [Server thread/INFO] (Minecraft) [_]
[07:56:23] [Server thread/INFO] (Minecraft) [_]
[07:56:24] [Server thread/INFO] (Minecraft) [_]
[07:56:25] [Server thread/INFO] (Minecraft) [_]
[07:56:26] [Server thread/INFO] (Minecraft) [_]
[07:56:27] [Server thread/INFO] (Minecraft) [_]
[07:56:28] [Server thread/INFO] (Minecraft) [_]
[07:56:29] [Server thread/INFO] (Minecraft) [_]
[07:56:30] [Server thread/INFO] (Minecraft) [_]
[07:56:31] [Server thread/INFO] (Minecraft) [_]
[07:56:32] [Server thread/INFO] (Minecraft) [_]
[07:56:33] [Server thread/INFO] (Minecraft) [_]
[07:56:34] [Server thread/INFO] (Minecraft) [_]
[07:56:35] [Server thread/INFO] (Minecraft) [_]
[07:56:36] [Server thread/INFO] (Minecraft) [_]
[07:56:37] [Server thread/INFO] (Minecraft) [_]
[07:56:38] [Server thread/INFO] (Minecraft) [_]
[07:56:39] [Server thread/INFO] (Minecraft) [_]
[07:56:40] [Server thread/INFO] (Minecraft) [_]
[07:56:41] [Server thread/INFO] (Minecraft) [_]
[07:56:42] [Server thread/INFO] (Minecraft) [_]
[07:56:43] [Server thread/INFO] (Minecraft) [_]
[07:56:44] [Server thread/INFO] (Minecraft) [_]
[07:56:45] [Server thread/INFO] (Minecraft) [_]
[07:56:46] [Server thread/INFO] (Minecraft) [_]
[07:56:47] [Server thread/INFO] (Minecraft) [_]
[07:56:48] [Server thread/INFO] (Minecraft) [_]
[07:56:49] [Server thread/INFO] (Minecraft) [_]
[07:56:50] [Server thread/INFO] (Minecraft) [_]
[07:56:51] [Server thread/INFO] (Minecraft) [_]
[07:56:52] [Server thread/INFO] (Minecraft) [_]
[07:56:53] [Server thread/INFO] (Minecraft) [_]
[07:56:54] [Server thread/INFO] (Minecraft) [_]
[07:56:55] [Server thread/INFO] (Minecraft) [_]
[07:56:56] [Server thread/INFO] (Minecraft) [_]
[07:56:57] [Server thread/INFO] (Minecraft) [_]
[07:56:58] [Server thread/INFO] (Minecraft) [_]
[07:56:59] [Server thread/INFO] (Minecraft) [_]
[07:57:00] [Server thread/INFO] (Minecraft) [_]
[07:57:01] [Server thread/INFO] (Minecraft) [_]
[07:57:02] [Server thread/INFO] (Minecraft) [_]
[07:57:03] [Server thread/INFO] (Minecraft) [_]
[07:57:04] [Server thread/INFO] (Minecraft) [_]
[07:57:05] [Server thread/INFO] (Minecraft) [_]
[07:57:06] [Server thread/INFO] (Minecraft) [_]
[07:57:07] [Server thread/INFO] (Minecraft) [_]
[07:57:08] [Server thread/INFO] (Minecraft) [_]
[07:57:09] [Server thread/INFO] (Minecraft) [_]
[07:57:10] [Server thread/INFO] (Minecraft) [_]
[07:57:11] [Server thread/INFO] (Minecraft) [_]
[07:57:12] [Server thread/INFO] (Minecraft) [_]
[07:57:13] [Server thread/INFO] (Minecraft) [_]
[07:57:14] [Server thread/INFO] (Minecraft) [_]
[07:57:15] [Server thread/INFO] (Minecraft) [_]
[07:57:16] [Server thread/INFO] (Minecraft) [_]
[07:57:17] [Server thread/INFO] (Minecraft) [_]
[07:57:18] [Server thread/INFO] (Minecraft) [_]
[07:57:19] [Server thread/INFO] (Minecraft) [_]
[07:57:20] [Server thread/INFO] (Minecraft) [_]
[07:57:21] [Server thread/INFO] (Minecraft) [_]
[07:57:22] [Server thread/INFO] (Minecraft) [_]
[07:57:23] [Server thread/INFO] (Minecraft) [_]
[07:57:24] [Server thread/INFO] (Minecraft) [_]
[07:57:25] [Server thread/INFO] (Minecraft) [_]
[07:57:26] [Server thread/INFO] (Minecraft) [_]
[07:57:27] [Server thread/INFO] (Minecraft) [_]
[07:57:28] [Server thread/INFO] (Minecraft) [_]
[07:57:29] [Server thread/INFO] (Minecraft) [_]
[07:57:30] [Server thread/INFO] (Minecraft) [_]
[07:57:31] [Server thread/INFO] (Minecraft) [_]
[07:57:32] [Server thread/INFO] (Minecraft) [_]
[07:57:33] [Server thread/INFO] (Minecraft) [_]
[07:57:34] [Server thread/INFO] (Minecraft) [_]
[07:57:35] [Server thread/INFO] (Minecraft) [_]
[07:57:36] [Server thread/INFO] (Minecraft) [_]
[07:57:37] [Server thread/INFO] (Minecraft) [_]
[07:57:38] [Server thread/INFO] (Minecraft) [_]
[07:57:39] [Server thread/INFO] (Minecraft) [_]
[07:57:40] [Server thread/INFO] (Minecraft) [_]
[07:57:41] [Server thread/INFO] (Minecraft) [_]
[07:57:42] [Server thread/INFO] (Minecraft) [_]
[07:57:43] [Server thread/INFO] (Minecraft) [_]
[07:57:44] [Server thread/INFO] (Minecraft) [_]
[07:57:45] [Server thread/INFO] (Minecraft) [_]
[07:57:46] [Server thread/INFO] (Minecraft) [_]
[07:57:47] [Server thread/INFO] (Minecraft) [_]
[07:57:48] [Server thread/INFO] (Minecraft) [_]
[07:57:49] [Server thread/INFO] (Minecraft) [_]
[07:57:50] [Server thread/INFO] (Minecraft) [_]
[07:57:51] [Server thread/INFO] (Minecraft) [_]
[07:57:52] [Server thread/INFO] (Minecraft) [_]
[07:57:53] [Server thread/INFO] (Minecraft) [_]
[07:57:54] [Server thread/INFO] (Minecraft) [_]
[07:57:55] [Server thread/INFO] (Minecraft) [_]
[07:57:56] [Server thread/INFO] (Minecraft) [_]
[07:57:57] [Server thread/INFO] (Minecraft) [_]
[07:57:58] [Server thread/INFO] (Minecraft) [_]
[07:57:59] [Server thread/INFO] (Minecraft) [_]
[07:58:00] [Server thread/INFO] (Minecraft) [_]
[07:58:01] [Server thread/INFO] (Minecraft) [_]
[07:58:02] [Server thread/INFO] (Minecraft) [_]
[07:58:03] [Server thread/INFO] (Minecraft) [_]
[07:58:04] [Server thread/INFO] (Minecraft) [_]
[07:58:05] [Server thread/INFO] (Minecraft) [_]
[07:58:06] [Server thread/INFO] (Minecraft) [_]
[07:58:07] [Server thread/INFO] (Minecraft) [_]
[07:58:08] [Server thread/INFO] (Minecraft) [_]
[07:58:09] [Server thread/INFO] (Minecraft) [_]
[07:58:10] [Server thread/INFO] (Minecraft) [_]
[07:58:11] [Server thread/INFO] (Minecraft) [_]
[07:58:12] [Server thread/INFO] (Minecraft) [_]
[07:58:13] [Server thread/INFO] (Minecraft) [_]
[07:58:14] [Server thread/INFO] (Minecraft) [_]
[07:58:15] [Server thread/INFO] (Minecraft) [_]
[07:58:16] [Server thread/INFO] (Minecraft) [_]
[07:58:17] [Server thread/INFO] (Minecraft) [_]
[07:58:18] [Server thread/INFO] (Minecraft) [_]
[07:58:19] [Server thread/INFO] (Minecraft) [_]
[07:58:20] [Server thread/INFO] (Minecraft) [_]
[07:58:21] [Server thread/INFO] (Minecraft) [_]
[07:58:22] [Server thread/INFO] (Minecraft) [_]
[07:58:23] [Server thread/INFO] (Minecraft) [_]
[07:58:24] [Server thread/INFO] (Minecraft) [_]
[07:58:25] [Server thread/INFO] (Minecraft) [_]
[07:58:26] [Server thread/INFO] (Minecraft) [_]
[07:58:27] [Server thread/INFO] (Minecraft) [_]
[07:58:28] [Server thread/INFO] (Minecraft) [_]
[07:58:29] [Server thread/INFO] (Minecraft) [_]
[07:58:30] [Server thread/INFO] (Minecraft) [_]
[07:58:31] [Server thread/INFO] (Minecraft) [_]
[07:58:32] [Server thread/INFO] (Minecraft) [_]
[07:58:33] [Server thread/INFO] (Minecraft) [_]
[07:58:34] [Server thread/INFO] (Minecraft) [_]
[07:58:35] [Server thread/INFO] (Minecraft) [_]
[07:58:36] [Server thread/INFO] (Minecraft) [_]
[07:58:37] [Server thread/INFO] (Minecraft) [_]
[07:58:38] [Server thread/INFO] (Minecraft) [_]
[07:58:39] [Server thread/INFO] (Minecraft) [_]
[07:58:40] [Server thread/INFO] (Minecraft) [_]
[07:58:41] [Server thread/INFO] (Minecraft) [_]
[07:58:42] [Server thread/INFO] (Minecraft) [_]
[07:58:43] [Server thread/INFO] (Minecraft) [_]
[07:58:44] [Server thread/INFO] (Minecraft) [_]
[07:58:45] [Server thread/INFO] (Minecraft) [_]
[07:58:46] [Server thread/INFO] (Minecraft) [_]
[07:58:47] [Server thread/INFO] (Minecraft) [_]
[07:58:48] [Server thread/INFO] (Minecraft) [_]
[07:58:49] [Server thread/INFO] (Minecraft) [_]
[07:58:50] [Server thread/INFO] (Minecraft) [_]
[07:58:51] [Server thread/INFO] (Minecraft) [_]
[07:58:52] [Server thread/INFO] (Minecraft) [_]
[07:58:53] [Server thread/INFO] (Minecraft) [_]
[07:58:54] [Server thread/INFO] (Minecraft) [_]
[07:58:55] [Server thread/INFO] (Minecraft) [_]
[07:58:56] [Server thread/INFO] (Minecraft) [_]
[07:58:57] [Server thread/INFO] (Minecraft) [_]
[07:58:58] [Server thread/INFO] (Minecraft) [_]
[07:58:59] [Server thread/INFO] (Minecraft) [_]
[07:59:00] [Server thread/INFO] (Minecraft) [_]
[07:59:01] [Server thread/INFO] (Minecraft) [_]
[07:59:02] [Server thread/INFO] (Minecraft) [_]
[07:59:03] [Server thread/INFO] (Minecraft) [_]
[07:59:04] [Server thread/INFO] (Minecraft) [_]
[07:59:05] [Server thread/INFO] (Minecraft) [_]
[07:59:06] [Server thread/INFO] (Minecraft) [_]
[07:59:07] [Server thread/INFO] (Minecraft) [_]
[07:59:08] [Server thread/INFO] (Minecraft) [_]
[07:59:09] [Server thread/INFO] (Minecraft) [_]
[07:59:10] [Server thread/INFO] (Minecraft) [_]
[07:59:11] [Server thread/INFO] (Minecraft) [_]
[07:59:12] [Server thread/INFO] (Minecraft) [_]
[07:59:13] [Server thread/INFO] (Minecraft) [_]
[07:59:14] [Server thread/INFO] (Minecraft) [_]
[07:59:15] [Server thread/INFO] (Minecraft) [_]
[07:59:16] [Server thread/INFO] (Minecraft) [_]
[07:59:17] [Server thread/INFO] (Minecraft) [_]
[07:59:18] [Server thread/INFO] (Minecraft) [_]
[07:59:19] [Server thread/INFO] (Minecraft) [_]
[07:59:20] [Server thread/INFO] (Minecraft) [_]
[07:59:21] [Server thread/INFO] (Minecraft) [_]
[07:59:22] [Server thread/INFO] (Minecraft) [_]
[07:59:23] [Server thread/INFO] (Minecraft) [_]
[07:59:24] [Server thread/INFO] (Minecraft) [_]
[07:59:25] [Server thread/INFO] (Minecraft) [_]
[07:59:26] [Server thread/INFO] (Minecraft) [_]
[07:59:27] [Server thread/INFO] (Minecraft) [_]
[07:59:28] [Server thread/INFO] (Minecraft) [_]
[07:59:29] [Server thread/INFO] (Minecraft) [_]
[07:59:30] [Server thread/INFO] (Minecraft) [_]
[07:59:31] [Server thread/INFO] (Minecraft) [_]
[07:59:32] [Server thread/INFO] (Minecraft) [_]
[07:59:33] [Server thread/INFO] (Minecraft) [_]
[07:59:34] [Server thread/INFO] (Minecraft) [_]
[07:59:35] [Server thread/INFO] (Minecraft) [_]
[07:59:36] [Server thread/INFO] (Minecraft) [_]
[07:59:37] [Server thread/INFO] (Minecraft) [_]
[07:59:38] [Server thread/INFO] (Minecraft) [_]
[07:59:39] [Server thread/INFO] (Minecraft) [_]
[07:59:40] [Server thread/INFO] (Minecraft) [_]
[07:59:41] [Server thread/INFO] (Minecraft) [_]
[07:59:42] [Server thread/INFO] (Minecraft) [_]
[07:59:43] [Server thread/INFO] (Minecraft) [_]
[07:59:44] [Server thread/INFO] (Minecraft) [_]
[07:59:45] [Server thread/INFO] (Minecraft) [_]
[07:59:46] [Server thread/INFO] (Minecraft) [_]
[07:59:47] [Server thread/INFO] (Minecraft) [_]
[07:59:48] [Server thread/INFO] (Minecraft) [_]
[07:59:49] [Server thread/INFO] (Minecraft) [_]
[07:59:50] [Server thread/INFO] (Minecraft) [_]
[07:59:51] [Server thread/INFO] (Minecraft) [_]
[07:59:52] [Server thread/INFO] (Minecraft) [_]
[07:59:53] [Server thread/INFO] (Minecraft) [_]
[07:59:54] [Server thread/INFO] (Minecraft) [_]
[07:59:55] [Server thread/INFO] (Minecraft) [_]
[07:59:56] [Server thread/INFO] (Minecraft) [_]
[07:59:57] [Server thread/INFO] (Minecraft) [_]
[07:59:58] [Server thread/INFO] (Minecraft) [_]
[07:59:59] [Server thread/INFO] (Minecraft) [_]
[08:00:00] [Server thread/INFO] (Minecraft) [_]
[08:00:01] [Server thread/INFO] (Minecraft) [_]
[08:00:02] [Server thread/INFO] (Minecraft) [_]
[08:00:03] [Server thread/INFO] (Minecraft) [_]
[08:00:04] [Server thread/INFO] (Minecraft) [_]
[08:00:05] [Server thread/INFO] (Minecraft) [_]
[08:00:06] [Server thread/INFO] (Minecraft) [_]
[08:00:07] [Server thread/INFO] (Minecraft) [_]
[08:00:08] [Server thread/INFO] (Minecraft) [_]
[08:00:09] [Server thread/INFO] (Minecraft) [_]
[08:00:10] [Server thread/INFO] (Minecraft) [_]
[08:00:11] [Server thread/INFO] (Minecraft) [_]
[08:00:12] [Server thread/INFO] (Minecraft) [_]
[08:00:13] [Server thread/INFO] (Minecraft) [_]
[08:00:14] [Server thread/INFO] (Minecraft) [_]
[08:00:15] [Server thread/INFO] (Minecraft) [_]
[08:00:16] [Server thread/INFO] (Minecraft) [_]
[08:00:17] [Server thread/INFO] (Minecraft) [_]
[08:00:18] [Server thread/INFO] (Minecraft) [_]
[08:00:19] [Server thread/INFO] (Minecraft) [_]
[08:00:20] [Server thread/INFO] (Minecraft) [_]
[08:00:21] [Server thread/INFO] (Minecraft) [_]
[08:00:22] [Server thread/INFO] (Minecraft) [_]
[08:00:23] [Server thread/INFO] (Minecraft) [_]
[08:00:24] [Server thread/INFO] (Minecraft) [_]
[08:00:25] [Server thread/INFO] (Minecraft) [_]
[08:00:26] [Server thread/INFO] (Minecraft) [_]
[08:00:27] [Server thread/INFO] (Minecraft) [_]
[08:00:28] [Server thread/INFO] (Minecraft) [_]
[08:00:29] [Server thread/INFO] (Minecraft) [_]
[08:00:30] [Server thread/INFO] (Minecraft) [_]
[08:00:31] [Server thread/INFO] (Minecraft) [_]
[08:00:32] [Server thread/INFO] (Minecraft) [_]
[08:00:33] [Server thread/INFO] (Minecraft) [_]
[08:00:34] [Server thread/INFO] (Minecraft) [_]
[08:00:35] [Server thread/INFO] (Minecraft) [_]
[08:00:36] [Server thread/INFO] (Minecraft) [_]
[08:00:37] [Server thread/INFO] (Minecraft) [_]
[08:00:38] [Server thread/INFO] (Minecraft) [_]
[08:00:39] [Server thread/INFO] (Minecraft) [_]
[08:00:40] [Server thread/INFO] (Minecraft) [_]
[08:00:41] [Server thread/INFO] (Minecraft) [_]
[08:00:42] [Server thread/INFO] (Minecraft) [_]
[08:00:43] [Server thread/INFO] (Minecraft) [_]
[08:00:44] [Server thread/INFO] (Minecraft) [_]
[08:00:45] [Server thread/INFO] (Minecraft) [_]
[08:00:46] [Server thread/INFO] (Minecraft) [_]
[08:00:47] [Server thread/INFO] (Minecraft) [_]
[08:00:48] [Server thread/INFO] (Minecraft) [_]
[08:00:49] [Server thread/INFO] (Minecraft) [_]
[08:00:50] [Server thread/INFO] (Minecraft) [_]
[08:00:51] [Server thread/INFO] (Minecraft) [_]
[08:00:52] [Server thread/INFO] (Minecraft) [_]
[08:00:53] [Server thread/INFO] (Minecraft) [_]
[08:00:54] [Server thread/INFO] (Minecraft) [_]
[08:00:55] [Server thread/INFO] (Minecraft) [_]
[08:00:56] [Server thread/INFO] (Minecraft) [_]
[08:00:57] [Server thread/INFO] (Minecraft) [_]
[08:00:58] [Server thread/INFO] (Minecraft) [_]
[08:00:59] [Server thread/INFO] (Minecraft) [_]
[08:01:00] [Server thread/INFO] (Minecraft) [_]
[08:01:01] [Server thread/INFO] (Minecraft) [_]
[08:01:02] [Server thread/INFO] (Minecraft) [_]
[08:01:03] [Server thread/INFO] (Minecraft) [_]
[08:01:04] [Server thread/INFO] (Minecraft) [_]
[08:01:05] [Server thread/INFO] (Minecraft) [_]
[08:01:06] [Server thread/INFO] (Minecraft) [_]
[08:01:07] [Server thread/INFO] (Minecraft) [_]
[08:01:08] [Server thread/INFO] (Minecraft) [_]
[08:01:09] [Server thread/INFO] (Minecraft) [_]
[08:01:10] [Server thread/INFO] (Minecraft) [_]
[08:01:11] [Server thread/INFO] (Minecraft) [_]
[08:01:12] [Server thread/INFO] (Minecraft) [_]
[08:01:13] [Server thread/INFO] (Minecraft) [_]
[08:01:14] [Server thread/INFO] (Minecraft) [_]
[08:01:15] [Server thread/INFO] (Minecraft) [_]
[08:01:16] [Server thread/INFO] (Minecraft) [_]
[08:01:17] [Server thread/INFO] (Minecraft) [_]
[08:01:18] [Server thread/INFO] (Minecraft) [_]
[08:01:19] [Server thread/INFO] (Minecraft) [_]
[08:01:20] [Server thread/INFO] (Minecraft) [_]
[08:01:21] [Server thread/INFO] (Minecraft) [_]
[08:01:22] [Server thread/INFO] (Minecraft) [_]
[08:01:23] [Server thread/INFO] (Minecraft) [_]
[08:01:24] [Server thread/INFO] (Minecraft) [_]
[08:01:25] [Server thread/INFO] (Minecraft) [_]
[08:01:26] [Server thread/INFO] (Minecraft) [_]
[08:01:27] [Server thread/INFO] (Minecraft) [_]
[08:01:28] [Server thread/INFO] (Minecraft) [_]
[08:01:29] [Server thread/INFO] (Minecraft) [_]
[08:01:30] [Server thread/INFO] (Minecraft) [_]
[08:01:31] [Server thread/INFO] (Minecraft) [_]
[08:01:32] [Server thread/INFO] (Minecraft) [_]
[08:01:33] [Server thread/INFO] (Minecraft) [_]
[08:01:34] [Server thread/INFO] (Minecraft) [_]
[08:01:35] [Server thread/INFO] (Minecraft) [_]
[08:01:36] [Server thread/INFO] (Minecraft) [_]
[08:01:37] [Server thread/INFO] (Minecraft) [_]
[08:01:38] [Server thread/INFO] (Minecraft) [_]
[08:01:39] [Server thread/INFO] (Minecraft) [_]
[08:01:40] [Server thread/INFO] (Minecraft) [_]
[08:01:41] [Server thread/INFO] (Minecraft) [_]
[08:01:42] [Server thread/INFO] (Minecraft) [_]
[08:01:43] [Server thread/INFO] (Minecraft) [_]
[08:01:44] [Server thread/INFO] (Minecraft) [_]
[08:01:45] [Server thread/INFO] (Minecraft) [_]
[08:01:46] [Server thread/INFO] (Minecraft) [_]
[08:01:47] [Server thread/INFO] (Minecraft) [_]
[08:01:48] [Server thread/INFO] (Minecraft) [_]
[08:01:49] [Server thread/INFO] (Minecraft) [_]
[08:01:50] [Server thread/INFO] (Minecraft) [_]
[08:01:51] [Server thread/INFO] (Minecraft) [_]
[08:01:52] [Server thread/INFO] (Minecraft) [_]
[08:01:53] [Server thread/INFO] (Minecraft) [_]
[08:01:54] [Server thread/INFO] (Minecraft) [_]
[08:01:55] [Server thread/INFO] (Minecraft) [_]
[08:01:56] [Server thread/INFO] (Minecraft) [_]
[08:01:57] [Server thread/INFO] (Minecraft) [_]
[08:01:58] [Server thread/INFO] (Minecraft) [_]
[08:01:59] [Server thread/INFO] (Minecraft) [_]
[08:02:00] [Server thread/INFO] (Minecraft) [_]
[08:02:01] [Server thread/INFO] (Minecraft) [_]
[08:02:02] [Server thread/INFO] (Minecraft) [_]
[08:02:03] [Server thread/INFO] (Minecraft) [_]
[08:02:04] [Server thread/INFO] (Minecraft) [_]
[08:02:05] [Server thread/INFO] (Minecraft) [_]
[08:02:06] [Server thread/INFO] (Minecraft) [_]
[08:02:07] [Server thread/INFO] (Minecraft) [_]
[08:02:08] [Server thread/INFO] (Minecraft) [_]
[08:02:09] [Server thread/INFO] (Minecraft) [_]
[08:02:10] [Server thread/INFO] (Minecraft) [_]
[08:02:11] [Server thread/INFO] (Minecraft) [_]
[08:02:12] [Server thread/INFO] (Minecraft) [_]
[08:02:13] [Server thread/INFO] (Minecraft) [_]
[08:02:14] [Server thread/INFO] (Minecraft) [_]
[08:02:15] [Server thread/INFO] (Minecraft) [_]
[08:02:16] [Server thread/INFO] (Minecraft) [_]
[08:02:17] [Server thread/INFO] (Minecraft) [_]
[08:02:18] [Server thread/INFO] (Minecraft) [_]
[08:02:19] [Server thread/INFO] (Minecraft) [_]
[08:02:20] [Server thread/INFO] (Minecraft) [_]
[08:02:21] [Server thread/INFO] (Minecraft) [_]
[08:02:22] [Server thread/INFO] (Minecraft) [_]
[08:02:23] [Server thread/INFO] (Minecraft) [_]
[08:02:24] [Server thread/INFO] (Minecraft) [_]
[08:02:25] [Server thread/INFO] (Minecraft) [_]
[08:02:26] [Server thread/INFO] (Minecraft) [_]
[08:02:27] [Server thread/INFO] (Minecraft) [_]
[08:02:28] [Server thread/INFO] (Minecraft) [_]
[08:02:29] [Server thread/INFO] (Minecraft) [_]
[08:02:30] [Server thread/INFO] (Minecraft) [_]
[08:02:31] [Server thread/INFO] (Minecraft) [_]
[08:02:32] [Server thread/INFO] (Minecraft) [_]
[08:02:33] [Server thread/INFO] (Minecraft) [_]
[08:02:34] [Server thread/INFO] (Minecraft) [_]
[08:02:35] [Server thread/INFO] (Minecraft) [_]
[08:02:36] [Server thread/INFO] (Minecraft) [_]
[08:02:37] [Server thread/INFO] (Minecraft) [_]
[08:02:38] [Server thread/INFO] (Minecraft) [_]
[08:02:39] [Server thread/INFO] (Minecraft) [_]
[08:02:40] [Server thread/INFO] (Minecraft) [_]
[08:02:41] [Server thread/INFO] (Minecraft) [_]
[08:02:42] [Server thread/INFO] (Minecraft) [_]
[08:02:43] [Server thread/INFO] (Minecraft) [_]
[08:02:44] [Server thread/INFO] (Minecraft) [_]
[08:02:45] [Server thread/INFO] (Minecraft) [_]
[08:02:46] [Server thread/INFO] (Minecraft) [_]
[08:02:47] [Server thread/INFO] (Minecraft) [_]
[08:02:48] [Server thread/INFO] (Minecraft) [_]
[08:02:49] [Server thread/INFO] (Minecraft) [_]
[08:02:50] [Server thread/INFO] (Minecraft) [_]
[08:02:51] [Server thread/INFO] (Minecraft) [_]
[08:02:52] [Server thread/INFO] (Minecraft) [_]
[08:02:53] [Server thread/INFO] (Minecraft) [_]
[08:02:54] [Server thread/INFO] (Minecraft) [_]
[08:02:55] [Server thread/INFO] (Minecraft) [_]
[08:02:56] [Server thread/INFO] (Minecraft) [_]
[08:02:57] [Server thread/INFO] (Minecraft) [_]
[08:02:58] [Server thread/INFO] (Minecraft) [_]
[08:02:59] [Server thread/INFO] (Minecraft) [_]
[08:03:00] [Server thread/INFO] (Minecraft) [_]
[08:03:01] [Server thread/INFO] (Minecraft) [_]
[08:03:02] [Server thread/INFO] (Minecraft) [_]
[08:03:03] [Server thread/INFO] (Minecraft) [_]
[08:03:04] [Server thread/INFO] (Minecraft) [_]
[08:03:05] [Server thread/INFO] (Minecraft) [_]
[08:03:06] [Server thread/INFO] (Minecraft) [_]
[08:03:07] [Server thread/INFO] (Minecraft) [_]
[08:03:08] [Server thread/INFO] (Minecraft) [_]
[08:03:09] [Server thread/INFO] (Minecraft) [_]
[08:03:10] [Server thread/INFO] (Minecraft) [_]
[08:03:11] [Server thread/INFO] (Minecraft) [_]
[08:03:12] [Server thread/INFO] (Minecraft) [_]
[08:03:13] [Server thread/INFO] (Minecraft) [_]
[08:03:14] [Server thread/INFO] (Minecraft) [_]
[08:03:15] [Server thread/INFO] (Minecraft) [_]
[08:03:16] [Server thread/INFO] (Minecraft) [_]
[08:03:17] [Server thread/INFO] (Minecraft) [_]
[08:03:18] [Server thread/INFO] (Minecraft) [_]
[08:03:19] [Server thread/INFO] (Minecraft) [_]
[08:03:20] [Server thread/INFO] (Minecraft) [_]
[08:03:21] [Server thread/INFO] (Minecraft) [_]
[08:03:22] [Server thread/INFO] (Minecraft) [_]
[08:03:23] [Server thread/INFO] (Minecraft) [_]
[08:03:24] [Server thread/INFO] (Minecraft) [_]
[08:03:25] [Server thread/INFO] (Minecraft) [_]
[08:03:26] [Server thread/INFO] (Minecraft) [_]
[08:03:27] [Server thread/INFO] (Minecraft) [_]
[08:03:28] [Server thread/INFO] (Minecraft) [_]
[08:03:29] [Server thread/INFO] (Minecraft) [_]
[08:03:30] [Server thread/INFO] (Minecraft) [_]
[08:03:31] [Server thread/INFO] (Minecraft) [_]
[08:03:32] [Server thread/INFO] (Minecraft) [_]
[08:03:33] [Server thread/INFO] (Minecraft) [_]
[08:03:34] [Server thread/INFO] (Minecraft) [_]
[08:03:35] [Server thread/INFO] (Minecraft) [_]
[08:03:36] [Server thread/INFO] (Minecraft) [_]
[08:03:37] [Server thread/INFO] (Minecraft) [_]
[08:03:38] [Server thread/INFO] (Minecraft) [_]
[08:03:39] [Server thread/INFO] (Minecraft) [_]
[08:03:40] [Server thread/INFO] (Minecraft) [_]
[08:03:41] [Server thread/INFO] (Minecraft) [_]
[08:03:42] [Server thread/INFO] (Minecraft) [_]
[08:03:43] [Server thread/INFO] (Minecraft) [_]
[08:03:44] [Server thread/INFO] (Minecraft) [_]
[08:03:45] [Server thread/INFO] (Minecraft) [_]
[08:03:46] [Server thread/INFO] (Minecraft) [_]
[08:03:47] [Server thread/INFO] (Minecraft) [_]
[08:03:48] [Server thread/INFO] (Minecraft) [_]
[08:03:49] [Server thread/INFO] (Minecraft) [_]
[08:03:50] [Server thread/INFO] (Minecraft) [_]
[08:03:51] [Server thread/INFO] (Minecraft) [_]
[08:03:52] [Server thread/INFO] (Minecraft) [_]
[08:03:53] [Server thread/INFO] (Minecraft) [_]
[08:03:54] [Server thread/INFO] (Minecraft) [_]
[08:03:55] [Server thread/INFO] (Minecraft) [_]
[08:03:56] [Server thread/INFO] (Minecraft) [_]
[08:03:57] [Server thread/INFO] (Minecraft) [_]
[08:03:58] [Server thread/INFO] (Minecraft) [_]
[08:03:59] [Server thread/INFO] (Minecraft) [_]
[08:04:00] [Server thread/INFO] (Minecraft) [_]
[08:04:01] [Server thread/INFO] (Minecraft) [_]
[08:04:02] [Server thread/INFO] (Minecraft) [_]
[08:04:03] [Server thread/INFO] (Minecraft) [_]
[08:04:04] [Server thread/INFO] (Minecraft) [_]
[08:04:05] [Server thread/INFO] (Minecraft) [_]
[08:04:06] [Server thread/INFO] (Minecraft) [_]
[08:04:07] [Server thread/INFO] (Minecraft) [_]
[08:04:08] [Server thread/INFO] (Minecraft) [_]
[08:04:09] [Server thread/INFO] (Minecraft) [_]
[08:04:10] [Server thread/INFO] (Minecraft) [_]
[08:04:11] [Server thread/INFO] (Minecraft) [_]
[08:04:12] [Server thread/INFO] (Minecraft) [_]
[08:04:13] [Server thread/INFO] (Minecraft) [_]
[08:04:14] [Server thread/INFO] (Minecraft) [_]
[08:04:15] [Server thread/INFO] (Minecraft) [_]
[08:04:16] [Server thread/INFO] (Minecraft) [_]
[08:04:17] [Server thread/INFO] (Minecraft) [_]
[08:04:18] [Server thread/INFO] (Minecraft) [_]
[08:04:19] [Server thread/INFO] (Minecraft) [_]
[08:04:20] [Server thread/INFO] (Minecraft) [_]
[08:04:21] [Server thread/INFO] (Minecraft) [_]
[08:04:22] [Server thread/INFO] (Minecraft) [_]
[08:04:23] [Server thread/INFO] (Minecraft) [_]
[08:04:24] [Server thread/INFO] (Minecraft) [_]
[08:04:25] [Server thread/INFO] (Minecraft) [_]
[08:04:26] [Server thread/INFO] (Minecraft) [_]
[08:04:27] [Server thread/INFO] (Minecraft) [_]
[08:04:28] [Server thread/INFO] (Minecraft) [_]
[08:04:29] [Server thread/INFO] (Minecraft) [_]
[08:04:30] [Server thread/INFO] (Minecraft) [_]
[08:04:31] [Server thread/INFO] (Minecraft) [_]
[08:04:32] [Server thread/INFO] (Minecraft) [_]
[08:04:33] [Server thread/INFO] (Minecraft) [_]
[08:04:34] [Server thread/INFO] (Minecraft) [_]
[08:04:35] [Server thread/INFO] (Minecraft) [_]
[08:04:36] [Server thread/INFO] (Minecraft) [_]
[08:04:37] [Server thread/INFO] (Minecraft) [_]
[08:04:38] [Server thread/INFO] (Minecraft) [_]
[08:04:39] [Server thread/INFO] (Minecraft) [_]
[08:04:40] [Server thread/INFO] (Minecraft) [_]
[08:04:41] [Server thread/INFO] (Minecraft) [_]
[08:04:42] [Server thread/INFO] (Minecraft) [_]
[08:04:43] [Server thread/INFO] (Minecraft) [_]
[08:04:44] [Server thread/INFO] (Minecraft) [_]
[08:04:45] [Server thread/INFO] (Minecraft) [_]
[08:04:46] [Server thread/INFO] (Minecraft) [_]
[08:04:47] [Server thread/INFO] (Minecraft) [_]
[08:04:48] [Server thread/INFO] (Minecraft) [_]
[08:04:49] [Server thread/INFO] (Minecraft) [_]
[08:04:50] [Server thread/INFO] (Minecraft) [_]
[08:04:51] [Server thread/INFO] (Minecraft) [_]
[08:04:52] [Server thread/INFO] (Minecraft) [_]
[08:04:53] [Server thread/INFO] (Minecraft) [_]
[08:04:54] [Server thread/INFO] (Minecraft) [_]
[08:04:55] [Server thread/INFO] (Minecraft) [_]
[08:04:56] [Server thread/INFO] (Minecraft) [_]
[08:04:57] [Server thread/INFO] (Minecraft) [_]
[08:04:58] [Server thread/INFO] (Minecraft) [_]
[08:04:59] [Server thread/INFO] (Minecraft) [_]
[08:05:00] [Server thread/INFO] (Minecraft) [_]
[08:05:01] [Server thread/INFO] (Minecraft) [_]
[08:05:02] [Server thread/INFO] (Minecraft) [_]
[08:05:03] [Server thread/INFO] (Minecraft) [_]
[08:05:04] [Server thread/INFO] (Minecraft) [_]
[08:05:05] [Server thread/INFO] (Minecraft) [_]
[08:05:06] [Server thread/INFO] (Minecraft) [_]
[08:05:07] [Server thread/INFO] (Minecraft) [_]
[08:05:08] [Server thread/INFO] (Minecraft) [_]
[08:05:09] [Server thread/INFO] (Minecraft) [_]
[08:05:10] [Server thread/INFO] (Minecraft) [_]
[08:05:11] [Server thread/INFO] (Minecraft) [_]
[08:05:12] [Server thread/INFO] (Minecraft) [_]
[08:05:13] [Server thread/INFO] (Minecraft) [_]
[08:05:14] [Server thread/INFO] (Minecraft) [_]
[08:05:15] [Server thread/INFO] (Minecraft) [_]
[08:05:16] [Server thread/INFO] (Minecraft) [_]
[08:05:17] [Server thread/INFO] (Minecraft) [_]
[08:05:18] [Server thread/INFO] (Minecraft) [_]
[08:05:19] [Server thread/INFO] (Minecraft) [_]
[08:05:20] [Server thread/INFO] (Minecraft) [_]
[08:05:21] [Server thread/INFO] (Minecraft) [_]
[08:05:22] [Server thread/INFO] (Minecraft) [_]
[08:05:23] [Server thread/INFO] (Minecraft) [_]
[08:05:24] [Server thread/INFO] (Minecraft) [_]
[08:05:25] [Server thread/INFO] (Minecraft) [_]
[08:05:26] [Server thread/INFO] (Minecraft) [_]
[08:05:27] [Server thread/INFO] (Minecraft) [_]
[08:05:28] [Server thread/INFO] (Minecraft) [_]
[08:05:29] [Server thread/INFO] (Minecraft) [_]
[08:05:30] [Server thread/INFO] (Minecraft) [_]
[08:05:31] [Server thread/INFO] (Minecraft) [_]
[08:05:32] [Server thread/INFO] (Minecraft) [_]
[08:05:33] [Server thread/INFO] (Minecraft) [_]
[08:05:34] [Server thread/INFO] (Minecraft) [_]
[08:05:35] [Server thread/INFO] (Minecraft) [_]
[08:05:36] [Server thread/INFO] (Minecraft) [_]
[08:05:37] [Server thread/INFO] (Minecraft) [_]
[08:05:38] [Server thread/INFO] (Minecraft) [_]
[08:05:39] [Server thread/INFO] (Minecraft) [_]
[08:05:40] [Server thread/INFO] (Minecraft) [_]
[08:05:41] [Server thread/INFO] (Minecraft) [_]
[08:05:42] [Server thread/INFO] (Minecraft) [_]
[08:05:43] [Server thread/INFO] (Minecraft) [_]
[08:05:44] [Server thread/INFO] (Minecraft) [_]
[08:05:45] [Server thread/INFO] (Minecraft) [_]
[08:05:46] [Server thread/INFO] (Minecraft) [_]
[08:05:47] [Server thread/INFO] (Minecraft) [_]
[08:05:48] [Server thread/INFO] (Minecraft) [_]
[08:05:49] [Server thread/INFO] (Minecraft) [_]
[08:05:50] [Server thread/INFO] (Minecraft) [_]
[08:05:51] [Server thread/INFO] (Minecraft) [_]
[08:05:52] [Server thread/INFO] (Minecraft) [_]
[08:05:53] [Server thread/INFO] (Minecraft) [_]
[08:05:54] [Server thread/INFO] (Minecraft) [_]
[08:05:55] [Server thread/INFO] (Minecraft) [_]
[08:05:56] [Server thread/INFO] (Minecraft) [_]
[08:05:57] [Server thread/INFO] (Minecraft) [_]
[08:05:58] [Server thread/INFO] (Minecraft) [_]
[08:05:59] [Server thread/INFO] (Minecraft) [_]
[08:06:00] [Server thread/INFO] (Minecraft) [_]
[08:06:01] [Server thread/INFO] (Minecraft) [_]
[08:06:02] [Server thread/INFO] (Minecraft) [_]
[08:06:03] [Server thread/INFO] (Minecraft) [_]
[08:06:04] [Server thread/INFO] (Minecraft) [_]
[08:06:05] [Server thread/INFO] (Minecraft) [_]
[08:06:06] [Server thread/INFO] (Minecraft) [_]
[08:06:07] [Server thread/INFO] (Minecraft) [_]
[08:06:08] [Server thread/INFO] (Minecraft) [_]
[08:06:09] [Server thread/INFO] (Minecraft) [_]
[08:06:10] [Server thread/INFO] (Minecraft) [_]
[08:06:11] [Server thread/INFO] (Minecraft) [_]
[08:06:12] [Server thread/INFO] (Minecraft) [_]
[08:06:13] [Server thread/INFO] (Minecraft) [_]
[08:06:14] [Server thread/INFO] (Minecraft) [_]
[08:06:15] [Server thread/INFO] (Minecraft) [_]
[08:06:16] [Server thread/INFO] (Minecraft) [_]
[08:06:17] [Server thread/INFO] (Minecraft) [_]
[08:06:18] [Server thread/INFO] (Minecraft) [_]
[08:06:19] [Server thread/INFO] (Minecraft) [_]
[08:06:20] [Server thread/INFO] (Minecraft) [_]
[08:06:21] [Server thread/INFO] (Minecraft) [_]
[08:06:22] [Server thread/INFO] (Minecraft) [_]
[08:06:23] [Server thread/INFO] (Minecraft) [_]
[08:06:24] [Server thread/INFO] (Minecraft) [_]
[08:06:25] [Server thread/INFO] (Minecraft) [_]
[08:06:26] [Server thread/INFO] (Minecraft) [_]
[08:06:27] [Server thread/INFO] (Minecraft) [_]
[08:06:28] [Server thread/INFO] (Minecraft) [_]
[08:06:29] [Server thread/INFO] (Minecraft) [_]
[08:06:30] [Server thread/INFO] (Minecraft) [_]
[08:06:31] [Server thread/INFO] (Minecraft) [_]
[08:06:32] [Server thread/INFO] (Minecraft) [_]
[08:06:33] [Server thread/INFO] (Minecraft) [_]
[08:06:34] [Server thread/INFO] (Minecraft) [_]
[08:06:35] [Server thread/INFO] (Minecraft) [_]
[08:06:36] [Server thread/INFO] (Minecraft) [_]
[08:06:37] [Server thread/INFO] (Minecraft) [_]
[08:06:38] [Server thread/INFO] (Minecraft) [_]
[08:06:39] [Server thread/INFO] (Minecraft) [_]
[08:06:40] [Server thread/INFO] (Minecraft) [_]
[08:06:41] [Server thread/INFO] (Minecraft) [_]
[08:06:42] [Server thread/INFO] (Minecraft) [_]
[08:06:43] [Server thread/INFO] (Minecraft) [_]
[08:06:44] [Server thread/INFO] (Minecraft) [_]
[08:06:45] [Server thread/INFO] (Minecraft) [_]
[08:06:46] [Server thread/INFO] (Minecraft) [_]
[08:06:47] [Server thread/INFO] (Minecraft) [_]
[08:06:48] [Server thread/INFO] (Minecraft) [_]
[08:06:49] [Server thread/INFO] (Minecraft) [_]
[08:06:50] [Server thread/INFO] (Minecraft) [_]
[08:06:51] [Server thread/INFO] (Minecraft) [_]
[08:06:52] [Server thread/INFO] (Minecraft) [_]
[08:06:53] [Server thread/INFO] (Minecraft) [_]
[08:06:54] [Server thread/INFO] (Minecraft) [_]
[08:06:55] [Server thread/INFO] (Minecraft) [_]
[08:06:56] [Server thread/INFO] (Minecraft) [_]
[08:06:57] [Server thread/INFO] (Minecraft) [_]
[08:06:58] [Server thread/INFO] (Minecraft) [_]
[08:06:59] [Server thread/INFO] (Minecraft) [_]
[08:07:00] [Server thread/INFO] (Minecraft) [_]
[08:07:01] [Server thread/INFO] (Minecraft) [_]
[08:07:02] [Server thread/INFO] (Minecraft) [_]
[08:07:03] [Server thread/INFO] (Minecraft) [_]
[08:07:04] [Server thread/INFO] (Minecraft) [_]
[08:07:05] [Server thread/INFO] (Minecraft) [_]
[08:07:06] [Server thread/INFO] (Minecraft) [_]
[08:07:07] [Server thread/INFO] (Minecraft) [_]
[08:07:08] [Server thread/INFO] (Minecraft) [_]
[08:07:09] [Server thread/INFO] (Minecraft) [_]
[08:07:10] [Server thread/INFO] (Minecraft) [_]
[08:07:11] [Server thread/INFO] (Minecraft) [_]
[08:07:12] [Server thread/INFO] (Minecraft) [_]
[08:07:13] [Server thread/INFO] (Minecraft) [_]
[08:07:14] [Server thread/INFO] (Minecraft) [_]
[08:07:15] [Server thread/INFO] (Minecraft) [_]
[08:07:16] [Server thread/INFO] (Minecraft) [_]
[08:07:17] [Server thread/INFO] (Minecraft) [_]
[08:07:18] [Server thread/INFO] (Minecraft) [_]
[08:07:19] [Server thread/INFO] (Minecraft) [_]
[08:07:20] [Server thread/INFO] (Minecraft) [_]
[08:07:21] [Server thread/INFO] (Minecraft) [_]
[08:07:22] [Server thread/INFO] (Minecraft) [_]
[08:07:23] [Server thread/INFO] (Minecraft) [_]
[08:07:24] [Server thread/INFO] (Minecraft) [_]
[08:07:25] [Server thread/INFO] (Minecraft) [_]
[08:07:26] [Server thread/INFO] (Minecraft) [_]
[08:07:27] [Server thread/INFO] (Minecraft) [_]
[08:07:28] [Server thread/INFO] (Minecraft) [_]
[08:07:29] [Server thread/INFO] (Minecraft) [_]
[08:07:30] [Server thread/INFO] (Minecraft) [_]
[08:07:31] [Server thread/INFO] (Minecraft) [_]
[08:07:32] [Server thread/INFO] (Minecraft) [_]
[08:07:33] [Server thread/INFO] (Minecraft) [_]
[08:07:34] [Server thread/INFO] (Minecraft) [_]
[08:07:35] [Server thread/INFO] (Minecraft) [_]
[08:07:36] [Server thread/INFO] (Minecraft) [_]
[08:07:37] [Server thread/INFO] (Minecraft) [_]
[08:07:38] [Server thread/INFO] (Minecraft) [_]
[08:07:39] [Server thread/INFO] (Minecraft) [_]
[08:07:40] [Server thread/INFO] (Minecraft) [_]
[08:07:41] [Server thread/INFO] (Minecraft) [_]
[08:07:42] [Server thread/INFO] (Minecraft) [_]
[08:07:43] [Server thread/INFO] (Minecraft) [_]
[08:07:44] [Server thread/INFO] (Minecraft) [_]
[08:07:45] [Server thread/INFO] (Minecraft) [_]
[08:07:46] [Server thread/INFO] (Minecraft) [_]
[08:07:47] [Server thread/INFO] (Minecraft) [_]
[08:07:48] [Server thread/INFO] (Minecraft) [_]
[08:07:49] [Server thread/INFO] (Minecraft) [_]
[08:07:50] [Server thread/INFO] (Minecraft) [_]
[08:07:51] [Server thread/INFO] (Minecraft) [_]
[08:07:52] [Server thread/INFO] (Minecraft) [_]
[08:07:53] [Server thread/INFO] (Minecraft) [_]
[08:07:54] [Server thread/INFO] (Minecraft) [_]
[08:07:55] [Server thread/INFO] (Minecraft) [_]
[08:07:56] [Server thread/INFO] (Minecraft) [_]
[08:07:57] [Server thread/INFO] (Minecraft) [_]
[08:07:58] [Server thread/INFO] (Minecraft) [_]
[08:07:59] [Server thread/INFO] (Minecraft) [_]
[08:08:00] [Server thread/INFO] (Minecraft) [_]
[08:08:01] [Server thread/INFO] (Minecraft) [_]
[08:08:02] [Server thread/INFO] (Minecraft) [_]
[08:08:03] [Server thread/INFO] (Minecraft) [_]
[08:08:04] [Server thread/INFO] (Minecraft) [_]
[08:08:05] [Server thread/INFO] (Minecraft) [_]
[08:08:06] [Server thread/INFO] (Minecraft) [_]
[08:08:07] [Server thread/INFO] (Minecraft) [_]
[08:08:08] [Server thread/INFO] (Minecraft) [_]
[08:08:09] [Server thread/INFO] (Minecraft) [_]
[08:08:10] [Server thread/INFO] (Minecraft) [_]
[08:08:11] [Server thread/INFO] (Minecraft) [_]
[08:08:12] [Server thread/INFO] (Minecraft) [_]
[08:08:13] [Server thread/INFO] (Minecraft) [_]
[08:08:14] [Server thread/INFO] (Minecraft) [_]
[08:08:15] [Server thread/INFO] (Minecraft) [_]
[08:08:16] [Server thread/INFO] (Minecraft) [_]
[08:08:17] [Server thread/INFO] (Minecraft) [_]
[08:08:18] [Server thread/INFO] (Minecraft) [_]
[08:08:19] [Server thread/INFO] (Minecraft) [_]
[08:08:20] [Server thread/INFO] (Minecraft) [_]
[08:08:21] [Server thread/INFO] (Minecraft) [_]
[08:08:22] [Server thread/INFO] (Minecraft) [_]
[08:08:23] [Server thread/INFO] (Minecraft) [_]
[08:08:24] [Server thread/INFO] (Minecraft) [_]
[08:08:25] [Server thread/INFO] (Minecraft) [_]
[08:08:26] [Server thread/INFO] (Minecraft) [_]
[08:08:27] [Server thread/INFO] (Minecraft) [_]
[08:08:28] [Server thread/INFO] (Minecraft) [_]
[08:08:29] [Server thread/INFO] (Minecraft) [_]
[08:08:30] [Server thread/INFO] (Minecraft) [_]
[08:08:31] [Server thread/INFO] (Minecraft) [_]
[08:08:32] [Server thread/INFO] (Minecraft) [_]
[08:08:33] [Server thread/INFO] (Minecraft) [_]
[08:08:34] [Server thread/INFO] (Minecraft) [_]
[08:08:35] [Server thread/INFO] (Minecraft) [_]
[08:08:36] [Server thread/INFO] (Minecraft) [_]
[08:08:37] [Server thread/INFO] (Minecraft) [_]
[08:08:38] [Server thread/INFO] (Minecraft) [_]
[08:08:39] [Server thread/INFO] (Minecraft) [_]
[08:08:40] [Server thread/INFO] (Minecraft) [_]
[08:08:41] [Server thread/INFO] (Minecraft) [_]
[08:08:42] [Server thread/INFO] (Minecraft) [_]
[08:08:43] [Server thread/INFO] (Minecraft) [_]
[08:08:44] [Server thread/INFO] (Minecraft) [_]
[08:08:45] [Server thread/INFO] (Minecraft) [_]
[08:08:46] [Server thread/INFO] (Minecraft) [_]
[08:08:47] [Server thread/INFO] (Minecraft) [_]
[08:08:48] [Server thread/INFO] (Minecraft) [_]
[08:08:49] [Server thread/INFO] (Minecraft) [_]
[08:08:50] [Server thread/INFO] (Minecraft) [_]
[08:08:51] [Server thread/INFO] (Minecraft) [_]
[08:08:52] [Server thread/INFO] (Minecraft) [_]
[08:08:53] [Server thread/INFO] (Minecraft) [_]
[08:08:54] [Server thread/INFO] (Minecraft) [_]
[08:08:55] [Server thread/INFO] (Minecraft) [_]
[08:08:56] [Server thread/INFO] (Minecraft) [_]
[08:08:57] [Server thread/INFO] (Minecraft) [_]
[08:08:58] [Server thread/INFO] (Minecraft) [_]
[08:08:59] [Server thread/INFO] (Minecraft) [_]
[08:09:00] [Server thread/INFO] (Minecraft) [_]
[08:09:01] [Server thread/INFO] (Minecraft) [_]
[08:09:02] [Server thread/INFO] (Minecraft) [_]
[08:09:03] [Server thread/INFO] (Minecraft) [_]
[08:09:04] [Server thread/INFO] (Minecraft) [_]
[08:09:05] [Server thread/INFO] (Minecraft) [_]
[08:09:06] [Server thread/INFO] (Minecraft) [_]
[08:09:07] [Server thread/INFO] (Minecraft) [_]
[08:09:08] [Server thread/INFO] (Minecraft) [_]
[08:09:09] [Server thread/INFO] (Minecraft) [_]
[08:09:10] [Server thread/INFO] (Minecraft) [_]
[08:09:11] [Server thread/INFO] (Minecraft) [_]
[08:09:12] [Server thread/INFO] (Minecraft) [_]
[08:09:13] [Server thread/INFO] (Minecraft) [_]
[08:09:14] [Server thread/INFO] (Minecraft) [_]
[08:09:15] [Server thread/INFO] (Minecraft) [_]
[08:09:16] [Server thread/INFO] (Minecraft) [_]
[08:09:17] [Server thread/INFO] (Minecraft) [_]
[08:09:18] [Server thread/INFO] (Minecraft) [_]
[08:09:19] [Server thread/INFO] (Minecraft) [_]
[08:09:20] [Server thread/INFO] (Minecraft) [_]
[08:09:21] [Server thread/INFO] (Minecraft) [_]
[08:09:22] [Server thread/INFO] (Minecraft) [_]
[08:09:23] [Server thread/INFO] (Minecraft) [_]
[08:09:24] [Server thread/INFO] (Minecraft) [_]
[08:09:25] [Server thread/INFO] (Minecraft) [_]
[08:09:26] [Server thread/INFO] (Minecraft) [_]
[08:09:27] [Server thread/INFO] (Minecraft) [_]
[08:09:28] [Server thread/INFO] (Minecraft) [_]
[08:09:29] [Server thread/INFO] (Minecraft) [_]
[08:09:30] [Server thread/INFO] (Minecraft) [_]
[08:09:31] [Server thread/INFO] (Minecraft) [_]
[08:09:32] [Server thread/INFO] (Minecraft) [_]
[08:09:33] [Server thread/INFO] (Minecraft) [_]
[08:09:34] [Server thread/INFO] (Minecraft) [_]
[08:09:35] [Server thread/INFO] (Minecraft) [_]
[08:09:36] [Server thread/INFO] (Minecraft) [_]
[08:09:37] [Server thread/INFO] (Minecraft) [_]
[08:09:38] [Server thread/INFO] (Minecraft) [_]
[08:09:39] [Server thread/INFO] (Minecraft) [_]
[08:09:40] [Server thread/INFO] (Minecraft) [_]
[08:09:41] [Server thread/INFO] (Minecraft) [_]
[08:09:42] [Server thread/INFO] (Minecraft) [_]
[08:09:43] [Server thread/INFO] (Minecraft) [_]
[08:09:44] [Server thread/INFO] (Minecraft) [_]
[08:09:45] [Server thread/INFO] (Minecraft) [_]
[08:09:46] [Server thread/INFO] (Minecraft) [_]
[08:09:47] [Server thread/INFO] (Minecraft) [_]
[08:09:48] [Server thread/INFO] (Minecraft) [_]
[08:09:49] [Server thread/INFO] (Minecraft) [_]
[08:09:50] [Server thread/INFO] (Minecraft) [_]
[08:09:51] [Server thread/INFO] (Minecraft) [_]
[08:09:52] [Server thread/INFO] (Minecraft) [_]
[08:09:53] [Server thread/INFO] (Minecraft) [_]
[08:09:54] [Server thread/INFO] (Minecraft) [_]
[08:09:55] [Server thread/INFO] (Minecraft) [_]
[08:09:56] [Server thread/INFO] (Minecraft) [_]
[08:09:57] [Server thread/INFO] (Minecraft) [_]
[08:09:58] [Server thread/INFO] (Minecraft) [_]
[08:09:59] [Server thread/INFO] (Minecraft) [_]
[08:10:00] [Server thread/INFO] (Minecraft) [_]
[08:10:01] [Server thread/INFO] (Minecraft) [_]
[08:10:02] [Server thread/INFO] (Minecraft) [_]
[08:10:03] [Server thread/INFO] (Minecraft) [_]
[08:10:04] [Server thread/INFO] (Minecraft) [_]
[08:10:05] [Server thread/INFO] (Minecraft) [_]
[08:10:06] [Server thread/INFO] (Minecraft) [_]
[08:10:07] [Server thread/INFO] (Minecraft) [_]
[08:10:08] [Server thread/INFO] (Minecraft) [_]
[08:10:09] [Server thread/INFO] (Minecraft) [_]
[08:10:10] [Server thread/INFO] (Minecraft) [_]
[08:10:11] [Server thread/INFO] (Minecraft) [_]
[08:10:12] [Server thread/INFO] (Minecraft) [_]
[08:10:13] [Server thread/INFO] (Minecraft) [_]
[08:10:14] [Server thread/INFO] (Minecraft) [_]
[08:10:15] [Server thread/INFO] (Minecraft) [_]
[08:10:16] [Server thread/INFO] (Minecraft) [_]
[08:10:17] [Server thread/INFO] (Minecraft) [_]
[08:10:18] [Server thread/INFO] (Minecraft) [_]
[08:10:19] [Server thread/INFO] (Minecraft) [_]
[08:10:20] [Server thread/INFO] (Minecraft) [_]
[08:10:21] [Server thread/INFO] (Minecraft) [_]
[08:10:22] [Server thread/INFO] (Minecraft) [_]
[08:10:23] [Server thread/INFO] (Minecraft) [_]
[08:10:24] [Server thread/INFO] (Minecraft) [_]
[08:10:25] [Server thread/INFO] (Minecraft) [_]
[08:10:26] [Server thread/INFO] (Minecraft) [_]
[08:10:27] [Server thread/INFO] (Minecraft) [_]
[08:10:28] [Server thread/INFO] (Minecraft) [_]
[08:10:29] [Server thread/INFO] (Minecraft) [_]
[08:10:30] [Server thread/INFO] (Minecraft) [_]
[08:10:31] [Server thread/INFO] (Minecraft) [_]
[08:10:32] [Server thread/INFO] (Minecraft) [_]
[08:10:33] [Server thread/INFO] (Minecraft) [_]
[08:10:34] [Server thread/INFO] (Minecraft) [_]
[08:10:35] [Server thread/INFO] (Minecraft) [_]
[08:10:36] [Server thread/INFO] (Minecraft) [_]
[08:10:37] [Server thread/INFO] (Minecraft) [_]
[08:10:38] [Server thread/INFO] (Minecraft) [_]
[08:10:39] [Server thread/INFO] (Minecraft) [_]
[08:10:40] [Server thread/INFO] (Minecraft) [_]
[08:10:41] [Server thread/INFO] (Minecraft) [_]
[08:10:42] [Server thread/INFO] (Minecraft) [_]
[08:10:43] [Server thread/INFO] (Minecraft) [_]
[08:10:44] [Server thread/INFO] (Minecraft) [_]
[08:10:45] [Server thread/INFO] (Minecraft) [_]
[08:10:46] [Server thread/INFO] (Minecraft) [_]
[08:10:47] [Server thread/INFO] (Minecraft) [_]
[08:10:48] [Server thread/INFO] (Minecraft) [_]
[08:10:49] [Server thread/INFO] (Minecraft) [_]
[08:10:50] [Server thread/INFO] (Minecraft) [_]
[08:10:51] [Server thread/INFO] (Minecraft) [_]
[08:10:52] [Server thread/INFO] (Minecraft) [_]
[08:10:53] [Server thread/INFO] (Minecraft) [_]
[08:10:54] [Server thread/INFO] (Minecraft) [_]
[08:10:55] [Server thread/INFO] (Minecraft) [_]
[08:10:56] [Server thread/INFO] (Minecraft) [_]
[08:10:57] [Server thread/INFO] (Minecraft) [_]
[08:10:58] [Server thread/INFO] (Minecraft) [_]
[08:10:59] [Server thread/INFO] (Minecraft) [_]
[08:11:00] [Server thread/INFO] (Minecraft) [_]
[08:11:01] [Server thread/INFO] (Minecraft) [_]
[08:11:02] [Server thread/INFO] (Minecraft) [_]
[08:11:03] [Server thread/INFO] (Minecraft) [_]
[08:11:04] [Server thread/INFO] (Minecraft) [_]
[08:11:05] [Server thread/INFO] (Minecraft) [_]
[08:11:06] [Server thread/INFO] (Minecraft) [_]
[08:11:07] [Server thread/INFO] (Minecraft) [_]
[08:11:08] [Server thread/INFO] (Minecraft) [_]
[08:11:09] [Server thread/INFO] (Minecraft) [_]
[08:11:10] [Server thread/INFO] (Minecraft) [_]
[08:11:11] [Server thread/INFO] (Minecraft) [_]
[08:11:12] [Server thread/INFO] (Minecraft) [_]
[08:11:13] [Server thread/INFO] (Minecraft) [_]
[08:11:14] [Server thread/INFO] (Minecraft) [_]
[08:11:15] [Server thread/INFO] (Minecraft) [_]
[08:11:16] [Server thread/INFO] (Minecraft) [_]
[08:11:17] [Server thread/INFO] (Minecraft) [_]
[08:11:18] [Server thread/INFO] (Minecraft) [_]
[08:11:19] [Server thread/INFO] (Minecraft) [_]
[08:11:20] [Server thread/INFO] (Minecraft) [_]
[08:11:21] [Server thread/INFO] (Minecraft) [_]
[08:11:22] [Server thread/INFO] (Minecraft) [_]
[08:11:23] [Server thread/INFO] (Minecraft) [_]
[08:11:24] [Server thread/INFO] (Minecraft) [_]
[08:11:25] [Server thread/INFO] (Minecraft) [_]
[08:11:26] [Server thread/INFO] (Minecraft) [_]
[08:11:27] [Server thread/INFO] (Minecraft) [_]
[08:11:28] [Server thread/INFO] (Minecraft) [_]
[08:11:29] [Server thread/INFO] (Minecraft) [_]
[08:11:30] [Server thread/INFO] (Minecraft) [_]
[08:11:31] [Server thread/INFO] (Minecraft) [_]
[08:11:32] [Server thread/INFO] (Minecraft) [_]
[08:11:33] [Server thread/INFO] (Minecraft) [_]
[08:11:34] [Server thread/INFO] (Minecraft) [_]
[08:11:35] [Server thread/INFO] (Minecraft) [_]
[08:11:36] [Server thread/INFO] (Minecraft) [_]
[08:11:37] [Server thread/INFO] (Minecraft) [_]
[08:11:38] [Server thread/INFO] (Minecraft) [_]
[08:11:39] [Server thread/INFO] (Minecraft) [_]
[08:11:40] [Server thread/INFO] (Minecraft) [_]
[08:11:41] [Server thread/INFO] (Minecraft) [_]
[08:11:42] [Server thread/INFO] (Minecraft) [_]
[08:11:43] [Server thread/INFO] (Minecraft) [_]
[08:11:44] [Server thread/INFO] (Minecraft) [_]
[08:11:45] [Server thread/INFO] (Minecraft) [_]
[08:11:46] [Server thread/INFO] (Minecraft) [_]
[08:11:47] [Server thread/INFO] (Minecraft) [_]
[08:11:48] [Server thread/INFO] (Minecraft) [_]
[08:11:49] [Server thread/INFO] (Minecraft) [_]
[08:11:50] [Server thread/INFO] (Minecraft) [_]
[08:11:51] [Server thread/INFO] (Minecraft) [_]
[08:11:52] [Server thread/INFO] (Minecraft) [_]
[08:11:53] [Server thread/INFO] (Minecraft) [_]
[08:11:54] [Server thread/INFO] (Minecraft) [_]
[08:11:55] [Server thread/INFO] (Minecraft) [_]
[08:11:56] [Server thread/INFO] (Minecraft) [_]
[08:11:57] [Server thread/INFO] (Minecraft) [_]
[08:11:58] [Server thread/INFO] (Minecraft) [_]
[08:11:59] [Server thread/INFO] (Minecraft) [_]
[08:12:00] [Server thread/INFO] (Minecraft) [_]
[08:12:01] [Server thread/INFO] (Minecraft) [_]
[08:12:02] [Server thread/INFO] (Minecraft) [_]
[08:12:03] [Server thread/INFO] (Minecraft) [_]
[08:12:04] [Server thread/INFO] (Minecraft) [_]
[08:12:05] [Server thread/INFO] (Minecraft) [_]
[08:12:06] [Server thread/INFO] (Minecraft) [_]
[08:12:07] [Server thread/INFO] (Minecraft) [_]
[08:12:08] [Server thread/INFO] (Minecraft) [_]
[08:12:09] [Server thread/INFO] (Minecraft) [_]
[08:12:10] [Server thread/INFO] (Minecraft) [_]
[08:12:11] [Server thread/INFO] (Minecraft) [_]
[08:12:12] [Server thread/INFO] (Minecraft) [_]
[08:12:13] [Server thread/INFO] (Minecraft) [_]
[08:12:14] [Server thread/INFO] (Minecraft) [_]
[08:12:15] [Server thread/INFO] (Minecraft) [_]
[08:12:16] [Server thread/INFO] (Minecraft) [_]
[08:12:17] [Server thread/INFO] (Minecraft) [_]
[08:12:18] [Server thread/INFO] (Minecraft) [_]
[08:12:19] [Server thread/INFO] (Minecraft) [_]
[08:12:20] [Server thread/INFO] (Minecraft) [_]
[08:12:21] [Server thread/INFO] (Minecraft) [_]
[08:12:22] [Server thread/INFO] (Minecraft) [_]
[08:12:23] [Server thread/INFO] (Minecraft) [_]
[08:12:24] [Server thread/INFO] (Minecraft) [_]
[08:12:25] [Server thread/INFO] (Minecraft) [_]
[08:12:26] [Server thread/INFO] (Minecraft) [_]
[08:12:27] [Server thread/INFO] (Minecraft) [_]
[08:12:28] [Server thread/INFO] (Minecraft) [_]
[08:12:29] [Server thread/INFO] (Minecraft) [_]
[08:12:30] [Server thread/INFO] (Minecraft) [_]
[08:12:31] [Server thread/INFO] (Minecraft) [_]
[08:12:32] [Server thread/INFO] (Minecraft) [_]
[08:12:33] [Server thread/INFO] (Minecraft) [_]
[08:12:34] [Server thread/INFO] (Minecraft) [_]
[08:12:35] [Server thread/INFO] (Minecraft) [_]
[08:12:36] [Server thread/INFO] (Minecraft) [_]
[08:12:37] [Server thread/INFO] (Minecraft) [_]
[08:12:38] [Server thread/INFO] (Minecraft) [_]
[08:12:39] [Server thread/INFO] (Minecraft) [_]
[08:12:40] [Server thread/INFO] (Minecraft) [_]
[08:12:41] [Server thread/INFO] (Minecraft) [_]
[08:12:42] [Server thread/INFO] (Minecraft) [_]
[08:12:43] [Server thread/INFO] (Minecraft) [_]
[08:12:44] [Server thread/INFO] (Minecraft) [_]
[08:12:45] [Server thread/INFO] (Minecraft) [_]
[08:12:46] [Server thread/INFO] (Minecraft) [_]
[08:12:47] [Server thread/INFO] (Minecraft) [_]
[08:12:48] [Server thread/INFO] (Minecraft) [_]
[08:12:49] [Server thread/INFO] (Minecraft) [_]
[08:12:50] [Server thread/INFO] (Minecraft) [_]
[08:12:51] [Server thread/INFO] (Minecraft) [_]
[08:12:52] [Server thread/INFO] (Minecraft) [_]
[08:12:53] [Server thread/INFO] (Minecraft) [_]
[08:12:54] [Server thread/INFO] (Minecraft) [_]
[08:12:55] [Server thread/INFO] (Minecraft) [_]
[08:12:56] [Server thread/INFO] (Minecraft) [_]
[08:12:57] [Server thread/INFO] (Minecraft) [_]
[08:12:58] [Server thread/INFO] (Minecraft) [_]
[08:12:59] [Server thread/INFO] (Minecraft) [_]
[08:13:00] [Server thread/INFO] (Minecraft) [_]
[08:13:01] [Server thread/INFO] (Minecraft) [_]
[08:13:02] [Server thread/INFO] (Minecraft) [_]
[08:13:03] [Server thread/INFO] (Minecraft) [_]
[08:13:04] [Server thread/INFO] (Minecraft) [_]
[08:13:05] [Server thread/INFO] (Minecraft) [_]
[08:13:06] [Server thread/INFO] (Minecraft) [_]
[08:13:07] [Server thread/INFO] (Minecraft) [_]
[08:13:08] [Server thread/INFO] (Minecraft) [_]
[08:13:09] [Server thread/INFO] (Minecraft) [_]
[08:13:10] [Server thread/INFO] (Minecraft) [_]
[08:13:11] [Server thread/INFO] (Minecraft) [_]
[08:13:12] [Server thread/INFO] (Minecraft) [_]
[08:13:13] [Server thread/INFO] (Minecraft) [_]
[08:13:14] [Server thread/INFO] (Minecraft) [_]
[08:13:15] [Server thread/INFO] (Minecraft) [_]
[08:13:16] [Server thread/INFO] (Minecraft) [_]
[08:13:17] [Server thread/INFO] (Minecraft) [_]
[08:13:18] [Server thread/INFO] (Minecraft) [_]
[08:13:19] [Server thread/INFO] (Minecraft) [_]
[08:13:20] [Server thread/INFO] (Minecraft) [_]
[08:13:21] [Server thread/INFO] (Minecraft) [_]
[08:13:22] [Server thread/INFO] (Minecraft) [_]
[08:13:23] [Server thread/INFO] (Minecraft) [_]
[08:13:24] [Server thread/INFO] (Minecraft) [_]
[08:13:25] [Server thread/INFO] (Minecraft) [_]
[08:13:26] [Server thread/INFO] (Minecraft) [_]
[08:13:27] [Server thread/INFO] (Minecraft) [_]
[08:13:28] [Server thread/INFO] (Minecraft) [_]
[08:13:29] [Server thread/INFO] (Minecraft) [_]
[08:13:30] [Server thread/INFO] (Minecraft) [_]
[08:13:31] [Server thread/INFO] (Minecraft) [_]
[08:13:32] [Server thread/INFO] (Minecraft) [_]
[08:13:33] [Server thread/INFO] (Minecraft) [_]
[08:13:34] [Server thread/INFO] (Minecraft) [_]
[08:13:35] [Server thread/INFO] (Minecraft) [_]
[08:13:36] [Server thread/INFO] (Minecraft) [_]
[08:13:37] [Server thread/INFO] (Minecraft) [_]
[08:13:38] [Server thread/INFO] (Minecraft) [_]
[08:13:39] [Server thread/INFO] (Minecraft) [_]
[08:13:40] [Server thread/INFO] (Minecraft) [_]
[08:13:41] [Server thread/INFO] (Minecraft) [_]
[08:13:42] [Server thread/INFO] (Minecraft) [_]
[08:13:43] [Server thread/INFO] (Minecraft) [_]
[08:13:44] [Server thread/INFO] (Minecraft) [_]
[08:13:45] [Server thread/INFO] (Minecraft) [_]
[08:13:46] [Server thread/INFO] (Minecraft) [_]
[08:13:47] [Server thread/INFO] (Minecraft) [_]
[08:13:48] [Server thread/INFO] (Minecraft) [_]
[08:13:49] [Server thread/INFO] (Minecraft) [_]
[08:13:50] [Server thread/INFO] (Minecraft) [_]
[08:13:51] [Server thread/INFO] (Minecraft) [_]
[08:13:52] [Server thread/INFO] (Minecraft) [_]
[08:13:53] [Server thread/INFO] (Minecraft) [_]
[08:13:54] [Server thread/INFO] (Minecraft) [_]
[08:13:55] [Server thread/INFO] (Minecraft) [_]
[08:13:56] [Server thread/INFO] (Minecraft) [_]
[08:13:57] [Server thread/INFO] (Minecraft) [_]
[08:13:58] [Server thread/INFO] (Minecraft) [_]
[08:13:59] [Server thread/INFO] (Minecraft) [_]
[08:14:00] [Server thread/INFO] (Minecraft) [_]
[08:14:01] [Server thread/INFO] (Minecraft) [_]
[08:14:02] [Server thread/INFO] (Minecraft) [_]
[08:14:03] [Server thread/INFO] (Minecraft) [_]
[08:14:04] [Server thread/INFO] (Minecraft) [_]
[08:14:05] [Server thread/INFO] (Minecraft) [_]
[08:14:06] [Server thread/INFO] (Minecraft) [_]
[08:14:07] [Server thread/INFO] (Minecraft) [_]
[08:14:08] [Server thread/INFO] (Minecraft) [_]
[08:14:09] [Server thread/INFO] (Minecraft) [_]
[08:14:10] [Server thread/INFO] (Minecraft) [_]
[08:14:11] [Server thread/INFO] (Minecraft) [_]
[08:14:12] [Server thread/INFO] (Minecraft) [_]
[08:14:13] [Server thread/INFO] (Minecraft) [_]
[08:14:14] [Server thread/INFO] (Minecraft) [_]
[08:14:15] [Server thread/INFO] (Minecraft) [_]
[08:14:16] [Server thread/INFO] (Minecraft) [_]
[08:14:17] [Server thread/INFO] (Minecraft) [_]
[08:14:18] [Server thread/INFO] (Minecraft) [_]
[08:14:19] [Server thread/INFO] (Minecraft) [_]
[08:14:20] [Server thread/INFO] (Minecraft) [_]
[08:14:21] [Server thread/INFO] (Minecraft) [_]
[08:14:22] [Server thread/INFO] (Minecraft) [_]
[08:14:23] [Server thread/INFO] (Minecraft) [_]
[08:14:24] [Server thread/INFO] (Minecraft) [_]
[08:14:25] [Server thread/INFO] (Minecraft) [_]
[08:14:26] [Server thread/INFO] (Minecraft) [_]
[08:14:27] [Server thread/INFO] (Minecraft) [_]
[08:14:28] [Server thread/INFO] (Minecraft) [_]
[08:14:29] [Server thread/INFO] (Minecraft) [_]
[08:14:30] [Server thread/INFO] (Minecraft) [_]
[08:14:31] [Server thread/INFO] (Minecraft) [_]
[08:14:32] [Server thread/INFO] (Minecraft) [_]
[08:14:33] [Server thread/INFO] (Minecraft) [_]
[08:14:34] [Server thread/INFO] (Minecraft) [_]
[08:14:35] [Server thread/INFO] (Minecraft) [_]
[08:14:36] [Server thread/INFO] (Minecraft) [_]
[08:14:37] [Server thread/INFO] (Minecraft) [_]
[08:14:38] [Server thread/INFO] (Minecraft) [_]
[08:14:39] [Server thread/INFO] (Minecraft) [_]
[08:14:40] [Server thread/INFO] (Minecraft) [_]
[08:14:41] [Server thread/INFO] (Minecraft) [_]
[08:14:42] [Server thread/INFO] (Minecraft) [_]
[08:14:43] [Server thread/INFO] (Minecraft) [_]
[08:14:44] [Server thread/INFO] (Minecraft) [_]
[08:14:45] [Server thread/INFO] (Minecraft) [_]
[08:14:46] [Server thread/INFO] (Minecraft) [_]
[08:14:47] [Server thread/INFO] (Minecraft) [_]
[08:14:48] [Server thread/INFO] (Minecraft) [_]
[08:14:49] [Server thread/INFO] (Minecraft) [_]
[08:14:50] [Server thread/INFO] (Minecraft) [_]
[08:14:51] [Server thread/INFO] (Minecraft) [_]
[08:14:52] [Server thread/INFO] (Minecraft) [_]
[08:14:53] [Server thread/INFO] (Minecraft) [_]
[08:14:54] [Server thread/INFO] (Minecraft) [_]
[08:14:55] [Server thread/INFO] (Minecraft) [_]
[08:14:56] [Server thread/INFO] (Minecraft) [_]
[08:14:57] [Server thread/INFO] (Minecraft) [_]
[08:14:58] [Server thread/INFO] (Minecraft) [_]
[08:14:59] [Server thread/INFO] (Minecraft) [_]
[08:15:00] [Server thread/INFO] (Minecraft) [_]
[08:15:01] [Server thread/INFO] (Minecraft) [_]
[08:15:02] [Server thread/INFO] (Minecraft) [_]
[08:15:03] [Server thread/INFO] (Minecraft) [_]
[08:15:04] [Server thread/INFO] (Minecraft) [_]
[08:15:05] [Server thread/INFO] (Minecraft) [_]
[08:15:06] [Server thread/INFO] (Minecraft) [_]
[08:15:07] [Server thread/INFO] (Minecraft) [_]
[08:15:08] [Server thread/INFO] (Minecraft) [_]
[08:15:09] [Server thread/INFO] (Minecraft) [_]
[08:15:10] [Server thread/INFO] (Minecraft) [_]
[08:15:11] [Server thread/INFO] (Minecraft) [_]
[08:15:12] [Server thread/INFO] (Minecraft) [_]
[08:15:13] [Server thread/INFO] (Minecraft) [_]
[08:15:14] [Server thread/INFO] (Minecraft) [_]
[08:15:15] [Server thread/INFO] (Minecraft) [_]
[08:15:16] [Server thread/INFO] (Minecraft) [_]
[08:15:17] [Server thread/INFO] (Minecraft) [_]
[08:15:18] [Server thread/INFO] (Minecraft) [_]
[08:15:19] [Server thread/INFO] (Minecraft) [_]
[08:15:20] [Server thread/INFO] (Minecraft) [_]
[08:15:21] [Server thread/INFO] (Minecraft) [_]
[08:15:22] [Server thread/INFO] (Minecraft) [_]
[08:15:23] [Server thread/INFO] (Minecraft) [_]
[08:15:24] [Server thread/INFO] (Minecraft) [_]
[08:15:25] [Server thread/INFO] (Minecraft) [_]
[08:15:26] [Server thread/INFO] (Minecraft) [_]
[08:15:27] [Server thread/INFO] (Minecraft) [_]
[08:15:28] [Server thread/INFO] (Minecraft) [_]
[08:15:29] [Server thread/INFO] (Minecraft) [_]
[08:15:30] [Server thread/INFO] (Minecraft) [_]
[08:15:31] [Server thread/INFO] (Minecraft) [_]
[08:15:32] [Server thread/INFO] (Minecraft) [_]
[08:15:33] [Server thread/INFO] (Minecraft) [_]
[08:15:34] [Server thread/INFO] (Minecraft) [_]
[08:15:35] [Server thread/INFO] (Minecraft) [_]
[08:15:36] [Server thread/INFO] (Minecraft) [_]
[08:15:37] [Server thread/INFO] (Minecraft) [_]
[08:15:38] [Server thread/INFO] (Minecraft) [_]
[08:15:39] [Server thread/INFO] (Minecraft) [_]
[08:15:40] [Server thread/INFO] (Minecraft) [_]
[08:15:41] [Server thread/INFO] (Minecraft) [_]
[08:15:42] [Server thread/INFO] (Minecraft) [_]
[08:15:43] [Server thread/INFO] (Minecraft) [_]
[08:15:44] [Server thread/INFO] (Minecraft) [_]
[08:15:45] [Server thread/INFO] (Minecraft) [_]
[08:15:46] [Server thread/INFO] (Minecraft) [_]
[08:15:47] [Server thread/INFO] (Minecraft) [_]
[08:15:48] [Server thread/INFO] (Minecraft) [_]
[08:15:49] [Server thread/INFO] (Minecraft) [_]
[08:15:50] [Server thread/INFO] (Minecraft) [_]
[08:15:51] [Server thread/INFO] (Minecraft) [_]
[08:15:52] [Server thread/INFO] (Minecraft) [_]
[08:15:53] [Server thread/INFO] (Minecraft) [_]
[08:15:54] [Server thread/INFO] (Minecraft) [_]
[08:15:55] [Server thread/INFO] (Minecraft) [_]
[08:15:56] [Server thread/INFO] (Minecraft) [_]
[08:15:57] [Server thread/INFO] (Minecraft) [_]
[08:15:58] [Server thread/INFO] (Minecraft) [_]
[08:15:59] [Server thread/INFO] (Minecraft) [_]
[08:16:00] [Server thread/INFO] (Minecraft) [_]
[08:16:01] [Server thread/INFO] (Minecraft) [_]
[08:16:02] [Server thread/INFO] (Minecraft) [_]
[08:16:03] [Server thread/INFO] (Minecraft) [_]
[08:16:04] [Server thread/INFO] (Minecraft) [_]
[08:16:05] [Server thread/INFO] (Minecraft) [_]
[08:16:06] [Server thread/INFO] (Minecraft) [_]
[08:16:07] [Server thread/INFO] (Minecraft) [_]
[08:16:08] [Server thread/INFO] (Minecraft) [_]
[08:16:09] [Server thread/INFO] (Minecraft) [_]
[08:16:10] [Server thread/INFO] (Minecraft) [_]
[08:16:11] [Server thread/INFO] (Minecraft) [_]
[08:16:12] [Server thread/INFO] (Minecraft) [_]
[08:16:13] [Server thread/INFO] (Minecraft) [_]
[08:16:14] [Server thread/INFO] (Minecraft) [_]
[08:16:15] [Server thread/INFO] (Minecraft) [_]
[08:16:16] [Server thread/INFO] (Minecraft) [_]
[08:16:17] [Server thread/INFO] (Minecraft) [_]
[08:16:18] [Server thread/INFO] (Minecraft) [_]
[08:16:19] [Server thread/INFO] (Minecraft) [_]
[08:16:20] [Server thread/INFO] (Minecraft) [_]
[08:16:21] [Server thread/INFO] (Minecraft) [_]
[08:16:22] [Server thread/INFO] (Minecraft) [_]
[08:16:23] [Server thread/INFO] (Minecraft) [_]
[08:16:24] [Server thread/INFO] (Minecraft) [_]
[08:16:25] [Server thread/INFO] (Minecraft) [_]
[08:16:26] [Server thread/INFO] (Minecraft) [_]
[08:16:27] [Server thread/INFO] (Minecraft) [_]
[08:16:28] [Server thread/INFO] (Minecraft) [_]
[08:16:29] [Server thread/INFO] (Minecraft) [_]
[08:16:30] [Server thread/INFO] (Minecraft) [_]
[08:16:31] [Server thread/INFO] (Minecraft) [_]
[08:16:32] [Server thread/INFO] (Minecraft) [_]
[08:16:33] [Server thread/INFO] (Minecraft) [_]
[08:16:34] [Server thread/INFO] (Minecraft) [_]
[08:16:35] [Server thread/INFO] (Minecraft) [_]
[08:16:36] [Server thread/INFO] (Minecraft) [_]
[08:16:37] [Server thread/INFO] (Minecraft) [_]
[08:16:38] [Server thread/INFO] (Minecraft) [_]
[08:16:39] [Server thread/INFO] (Minecraft) [_]
[08:16:40] [Server thread/INFO] (Minecraft) [_]
[08:16:41] [Server thread/INFO] (Minecraft) [_]
[08:16:42] [Server thread/INFO] (Minecraft) [_]
[08:16:43] [Server thread/INFO] (Minecraft) [_]
[08:16:44] [Server thread/INFO] (Minecraft) [_]
[08:16:45] [Server thread/INFO] (Minecraft) [_]
[08:16:46] [Server thread/INFO] (Minecraft) [_]
[08:16:47] [Server thread/INFO] (Minecraft) [_]
[08:16:48] [Server thread/INFO] (Minecraft) [_]
[08:16:49] [Server thread/INFO] (Minecraft) [_]
[08:16:50] [Server thread/INFO] (Minecraft) [_]
[08:16:51] [Server thread/INFO] (Minecraft) [_]
[08:16:52] [Server thread/INFO] (Minecraft) [_]
[08:16:53] [Server thread/INFO] (Minecraft) [_]
[08:16:54] [Server thread/INFO] (Minecraft) [_]
[08:16:55] [Server thread/INFO] (Minecraft) [_]
[08:16:56] [Server thread/INFO] (Minecraft) [_]
[08:16:57] [Server thread/INFO] (Minecraft) [_]
[08:16:58] [Server thread/INFO] (Minecraft) [_]
[08:16:59] [Server thread/INFO] (Minecraft) [_]
[08:17:00] [Server thread/INFO] (Minecraft) [_]
[08:17:01] [Server thread/INFO] (Minecraft) [_]
[08:17:02] [Server thread/INFO] (Minecraft) [_]
[08:17:03] [Server thread/INFO] (Minecraft) [_]
[08:17:04] [Server thread/INFO] (Minecraft) [_]
[08:17:05] [Server thread/INFO] (Minecraft) [_]
[08:17:06] [Server thread/INFO] (Minecraft) [_]
[08:17:07] [Server thread/INFO] (Minecraft) [_]
[08:17:08] [Server thread/INFO] (Minecraft) [_]
[08:17:09] [Server thread/INFO] (Minecraft) [_]
[08:17:10] [Server thread/INFO] (Minecraft) [_]
[08:17:11] [Server thread/INFO] (Minecraft) [_]
[08:17:12] [Server thread/INFO] (Minecraft) [_]
[08:17:13] [Server thread/INFO] (Minecraft) [_]
[08:17:14] [Server thread/INFO] (Minecraft) [_]
[08:17:15] [Server thread/INFO] (Minecraft) [_]
[08:17:16] [Server thread/INFO] (Minecraft) [_]
[08:17:17] [Server thread/INFO] (Minecraft) [_]
[08:17:18] [Server thread/INFO] (Minecraft) [_]
[08:17:19] [Server thread/INFO] (Minecraft) [_]
[08:17:20] [Server thread/INFO] (Minecraft) [_]
[08:17:21] [Server thread/INFO] (Minecraft) [_]
[08:17:22] [Server thread/INFO] (Minecraft) [_]
[08:17:23] [Server thread/INFO] (Minecraft) [_]
[08:17:24] [Server thread/INFO] (Minecraft) [_]
[08:17:25] [Server thread/INFO] (Minecraft) [_]
[08:17:26] [Server thread/INFO] (Minecraft) [_]
[08:17:27] [Server thread/INFO] (Minecraft) [_]
[08:17:28] [Server thread/INFO] (Minecraft) [_]
[08:17:29] [Server thread/INFO] (Minecraft) [_]
[08:17:30] [Server thread/INFO] (Minecraft) [_]
[08:17:31] [Server thread/INFO] (Minecraft) [_]
[08:17:32] [Server thread/INFO] (Minecraft) [_]
[08:17:33] [Server thread/INFO] (Minecraft) [_]
[08:17:34] [Server thread/INFO] (Minecraft) [_]
[08:17:35] [Server thread/INFO] (Minecraft) [_]
[08:17:36] [Server thread/INFO] (Minecraft) [_]
[08:17:37] [Server thread/INFO] (Minecraft) [_]
[08:17:38] [Server thread/INFO] (Minecraft) [_]
[08:17:39] [Server thread/INFO] (Minecraft) [_]
[08:17:40] [Server thread/INFO] (Minecraft) [_]
[08:17:41] [Server thread/INFO] (Minecraft) [_]
[08:17:42] [Server thread/INFO] (Minecraft) [_]
[08:17:43] [Server thread/INFO] (Minecraft) [_]
[08:17:44] [Server thread/INFO] (Minecraft) [_]
[08:17:45] [Server thread/INFO] (Minecraft) [_]
[08:17:46] [Server thread/INFO] (Minecraft) [_]
[08:17:47] [Server thread/INFO] (Minecraft) [_]
[08:17:48] [Server thread/INFO] (Minecraft) [_]
[08:17:49] [Server thread/INFO] (Minecraft) [_]
[08:17:50] [Server thread/INFO] (Minecraft) [_]
[08:17:51] [Server thread/INFO] (Minecraft) [_]
[08:17:52] [Server thread/INFO] (Minecraft) [_]
[08:17:53] [Server thread/INFO] (Minecraft) [_]
[08:17:54] [Server thread/INFO] (Minecraft) [_]
[08:17:55] [Server thread/INFO] (Minecraft) [_]
[08:17:56] [Server thread/INFO] (Minecraft) [_]
[08:17:57] [Server thread/INFO] (Minecraft) [_]
[08:17:58] [Server thread/INFO] (Minecraft) [_]
[08:17:59] [Server thread/INFO] (Minecraft) [_]
[08:18:00] [Server thread/INFO] (Minecraft) [_]
[08:18:01] [Server thread/INFO] (Minecraft) [_]
[08:18:02] [Server thread/INFO] (Minecraft) [_]
[08:18:03] [Server thread/INFO] (Minecraft) [_]
[08:18:04] [Server thread/INFO] (Minecraft) [_]
[08:18:05] [Server thread/INFO] (Minecraft) [_]
[08:18:06] [Server thread/INFO] (Minecraft) [_]
[08:18:07] [Server thread/INFO] (Minecraft) [_]
[08:18:08] [Server thread/INFO] (Minecraft) [_]
[08:18:09] [Server thread/INFO] (Minecraft) [_]
[08:18:10] [Server thread/INFO] (Minecraft) [_]
[08:18:11] [Server thread/INFO] (Minecraft) [_]
[08:18:12] [Server thread/INFO] (Minecraft) [_]
[08:18:13] [Server thread/INFO] (Minecraft) [_]
[08:18:14] [Server thread/INFO] (Minecraft) [_]
[08:18:15] [Server thread/INFO] (Minecraft) [_]
[08:18:16] [Server thread/INFO] (Minecraft) [_]
[08:18:17] [Server thread/INFO] (Minecraft) [_]
[08:18:18] [Server thread/INFO] (Minecraft) [_]
[08:18:19] [Server thread/INFO] (Minecraft) [_]
[08:18:20] [Server thread/INFO] (Minecraft) [_]
[08:18:21] [Server thread/INFO] (Minecraft) [_]
[08:18:22] [Server thread/INFO] (Minecraft) [_]
[08:18:23] [Server thread/INFO] (Minecraft) [_]
[08:18:24] [Server thread/INFO] (Minecraft) [_]
[08:18:25] [Server thread/INFO] (Minecraft) [_]
[08:18:26] [Server thread/INFO] (Minecraft) [_]
[08:18:27] [Server thread/INFO] (Minecraft) [_]
[08:18:28] [Server thread/INFO] (Minecraft) [_]
[08:18:29] [Server thread/INFO] (Minecraft) [_]
[08:18:30] [Server thread/INFO] (Minecraft) [_]
[08:18:31] [Server thread/INFO] (Minecraft) [_]
[08:18:32] [Server thread/INFO] (Minecraft) [_]
[08:18:33] [Server thread/INFO] (Minecraft) [_]
[08:18:34] [Server thread/INFO] (Minecraft) [_]
[08:18:35] [Server thread/INFO] (Minecraft) [_]
[08:18:36] [Server thread/INFO] (Minecraft) [_]
[08:18:37] [Server thread/INFO] (Minecraft) [_]
[08:18:38] [Server thread/INFO] (Minecraft) [_]
[08:18:39] [Server thread/INFO] (Minecraft) [_]
[08:18:40] [Server thread/INFO] (Minecraft) [_]
[08:18:41] [Server thread/INFO] (Minecraft) [_]
[08:18:42] [Server thread/INFO] (Minecraft) [_]
[08:18:43] [Server thread/INFO] (Minecraft) [_]
[08:18:44] [Server thread/INFO] (Minecraft) [_]
[08:18:45] [Server thread/INFO] (Minecraft) [_]
[08:18:46] [Server thread/INFO] (Minecraft) [_]
[08:18:47] [Server thread/INFO] (Minecraft) [_]
[08:18:48] [Server thread/INFO] (Minecraft) [_]
[08:18:49] [Server thread/INFO] (Minecraft) [_]
[08:18:50] [Server thread/INFO] (Minecraft) [_]
[08:18:51] [Server thread/INFO] (Minecraft) [_]
[08:18:52] [Server thread/INFO] (Minecraft) [_]
[08:18:53] [Server thread/INFO] (Minecraft) [_]
[08:18:54] [Server thread/INFO] (Minecraft) [_]
[08:18:55] [Server thread/INFO] (Minecraft) [_]
[08:18:56] [Server thread/INFO] (Minecraft) [_]
[08:18:57] [Server thread/INFO] (Minecraft) [_]
[08:18:58] [Server thread/INFO] (Minecraft) [_]
[08:18:59] [Server thread/INFO] (Minecraft) [_]
[08:19:00] [Server thread/INFO] (Minecraft) [_]
[08:19:01] [Server thread/INFO] (Minecraft) [_]
[08:19:02] [Server thread/INFO] (Minecraft) [_]
[08:19:03] [Server thread/INFO] (Minecraft) [_]
[08:19:04] [Server thread/INFO] (Minecraft) [_]
[08:19:05] [Server thread/INFO] (Minecraft) [_]
[08:19:06] [Server thread/INFO] (Minecraft) [_]
[08:19:07] [Server thread/INFO] (Minecraft) [_]
[08:19:08] [Server thread/INFO] (Minecraft) [_]
[08:19:09] [Server thread/INFO] (Minecraft) [_]
[08:19:10] [Server thread/INFO] (Minecraft) [_]
[08:19:11] [Server thread/INFO] (Minecraft) [_]
[08:19:12] [Server thread/INFO] (Minecraft) [_]
[08:19:13] [Server thread/INFO] (Minecraft) [_]
[08:19:14] [Server thread/INFO] (Minecraft) [_]
[08:19:15] [Server thread/INFO] (Minecraft) [_]
[08:19:16] [Server thread/INFO] (Minecraft) [_]
[08:19:17] [Server thread/INFO] (Minecraft) [_]
[08:19:18] [Server thread/INFO] (Minecraft) [_]
[08:19:19] [Server thread/INFO] (Minecraft) [_]
[08:19:20] [Server thread/INFO] (Minecraft) [_]
[08:19:21] [Server thread/INFO] (Minecraft) [_]
[08:19:22] [Server thread/INFO] (Minecraft) [_]
[08:19:23] [Server thread/INFO] (Minecraft) [_]
[08:19:24] [Server thread/INFO] (Minecraft) [_]
[08:19:25] [Server thread/INFO] (Minecraft) [_]
[08:19:26] [Server thread/INFO] (Minecraft) [_]
[08:19:27] [Server thread/INFO] (Minecraft) [_]
[08:19:28] [Server thread/INFO] (Minecraft) [_]
[08:19:29] [Server thread/INFO] (Minecraft) [_]
[08:19:30] [Server thread/INFO] (Minecraft) [_]
[08:19:31] [Server thread/INFO] (Minecraft) [_]
[08:19:32] [Server thread/INFO] (Minecraft) [_]
[08:19:33] [Server thread/INFO] (Minecraft) [_]
[08:19:34] [Server thread/INFO] (Minecraft) [_]
[08:19:35] [Server thread/INFO] (Minecraft) [_]
[08:19:36] [Server thread/INFO] (Minecraft) [_]
[08:19:37] [Server thread/INFO] (Minecraft) [_]
[08:19:38] [Server thread/INFO] (Minecraft) [_]
[08:19:39] [Server thread/INFO] (Minecraft) [_]
[08:19:40] [Server thread/INFO] (Minecraft) [_]
[08:19:41] [Server thread/INFO] (Minecraft) [_]
[08:19:42] [Server thread/INFO] (Minecraft) [_]
[08:19:43] [Server thread/INFO] (Minecraft) [_]
[08:19:44] [Server thread/INFO] (Minecraft) [_]
[08:19:45] [Server thread/INFO] (Minecraft) [_]
[08:19:46] [Server thread/INFO] (Minecraft) [_]
[08:19:47] [Server thread/INFO] (Minecraft) [_]
[08:19:48] [Server thread/INFO] (Minecraft) [_]
[08:19:49] [Server thread/INFO] (Minecraft) [_]
[08:19:50] [Server thread/INFO] (Minecraft) [_]
[08:19:51] [Server thread/INFO] (Minecraft) [_]
[08:19:52] [Server thread/INFO] (Minecraft) [_]
[08:19:53] [Server thread/INFO] (Minecraft) [_]
[08:19:54] [Server thread/INFO] (Minecraft) [_]
[08:19:55] [Server thread/INFO] (Minecraft) [_]
[08:19:56] [Server thread/INFO] (Minecraft) [_]
[08:19:57] [Server thread/INFO] (Minecraft) [_]
[08:19:58] [Server thread/INFO] (Minecraft) [_]
[08:19:59] [Server thread/INFO] (Minecraft) [_]
[08:20:00] [Server thread/INFO] (Minecraft) [_]
[08:20:01] [Server thread/INFO] (Minecraft) [_]
[08:20:02] [Server thread/INFO] (Minecraft) [_]
[08:20:03] [Server thread/INFO] (Minecraft) [_]
[08:20:04] [Server thread/INFO] (Minecraft) [_]
[08:20:05] [Server thread/INFO] (Minecraft) [_]
[08:20:06] [Server thread/INFO] (Minecraft) [_]
[08:20:07] [Server thread/INFO] (Minecraft) [_]
[08:20:08] [Server thread/INFO] (Minecraft) [_]
[08:20:09] [Server thread/INFO] (Minecraft) [_]
[08:20:10] [Server thread/INFO] (Minecraft) [_]
[08:20:11] [Server thread/INFO] (Minecraft) [_]
[08:20:12] [Server thread/INFO] (Minecraft) [_]
[08:20:13] [Server thread/INFO] (Minecraft) [_]
[08:20:14] [Server thread/INFO] (Minecraft) [_]
[08:20:15] [Server thread/INFO] (Minecraft) [_]
[08:20:16] [Server thread/INFO] (Minecraft) [_]
[08:20:17] [Server thread/INFO] (Minecraft) [_]
[08:20:18] [Server thread/INFO] (Minecraft) [_]
[08:20:19] [Server thread/INFO] (Minecraft) [_]
[08:20:20] [Server thread/INFO] (Minecraft) [_]
[08:20:21] [Server thread/INFO] (Minecraft) [_]
[08:20:22] [Server thread/INFO] (Minecraft) [_]
[08:20:23] [Server thread/INFO] (Minecraft) [_]
[08:20:24] [Server thread/INFO] (Minecraft) [_]
[08:20:25] [Server thread/INFO] (Minecraft) [_]
[08:20:26] [Server thread/INFO] (Minecraft) [_]
[08:20:27] [Server thread/INFO] (Minecraft) [_]
[08:20:28] [Server thread/INFO] (Minecraft) [_]
[08:20:29] [Server thread/INFO] (Minecraft) [_]
[08:20:30] [Server thread/INFO] (Minecraft) [_]
[08:20:31] [Server thread/INFO] (Minecraft) [_]
[08:20:32] [Server thread/INFO] (Minecraft) [_]
[08:20:33] [Server thread/INFO] (Minecraft) [_]
[08:20:34] [Server thread/INFO] (Minecraft) [_]
[08:20:35] [Server thread/INFO] (Minecraft) [_]
[08:20:36] [Server thread/INFO] (Minecraft) [_]
[08:20:37] [Server thread/INFO] (Minecraft) [_]
[08:20:38] [Server thread/INFO] (Minecraft) [_]
[08:20:39] [Server thread/INFO] (Minecraft) [_]
[08:20:40] [Server thread/INFO] (Minecraft) [_]
[08:20:41] [Server thread/INFO] (Minecraft) [_]
[08:20:42] [Server thread/INFO] (Minecraft) [_]
[08:20:43] [Server thread/INFO] (Minecraft) [_]
[08:20:44] [Server thread/INFO] (Minecraft) [_]
[08:20:45] [Server thread/INFO] (Minecraft) [_]
[08:20:46] [Server thread/INFO] (Minecraft) [_]
[08:20:47] [Server thread/INFO] (Minecraft) [_]
[08:20:48] [Server thread/INFO] (Minecraft) [_]
[08:20:49] [Server thread/INFO] (Minecraft) [_]
[08:20:50] [Server thread/INFO] (Minecraft) [_]
[08:20:51] [Server thread/INFO] (Minecraft) [_]
[08:20:52] [Server thread/INFO] (Minecraft) [_]
[08:20:53] [Server thread/INFO] (Minecraft) [_]
[08:20:54] [Server thread/INFO] (Minecraft) [_]
[08:20:55] [Server thread/INFO] (Minecraft) [_]
[08:20:56] [Server thread/INFO] (Minecraft) [_]
[08:20:57] [Server thread/INFO] (Minecraft) [_]
[08:20:58] [Server thread/INFO] (Minecraft) [_]
[08:20:59] [Server thread/INFO] (Minecraft) [_]
[08:21:00] [Server thread/INFO] (Minecraft) [_]
[08:21:01] [Server thread/INFO] (Minecraft) [_]
[08:21:02] [Server thread/INFO] (Minecraft) [_]
[08:21:03] [Server thread/INFO] (Minecraft) [_]
[08:21:04] [Server thread/INFO] (Minecraft) [_]
[08:21:05] [Server thread/INFO] (Minecraft) [_]
[08:21:06] [Server thread/INFO] (Minecraft) [_]
[08:21:07] [Server thread/INFO] (Minecraft) [_]
[08:21:08] [Server thread/INFO] (Minecraft) [_]
[08:21:09] [Server thread/INFO] (Minecraft) [_]
[08:21:10] [Server thread/INFO] (Minecraft) [_]
[08:21:11] [Server thread/INFO] (Minecraft) [_]
[08:21:12] [Server thread/INFO] (Minecraft) [_]
[08:21:13] [Server thread/INFO] (Minecraft) [_]
[08:21:14] [Server thread/INFO] (Minecraft) [_]
[08:21:15] [Server thread/INFO] (Minecraft) [_]
[08:21:16] [Server thread/INFO] (Minecraft) [_]
[08:21:17] [Server thread/INFO] (Minecraft) [_]
[08:21:18] [Server thread/INFO] (Minecraft) [_]
[08:21:19] [Server thread/INFO] (Minecraft) [_]
[08:21:20] [Server thread/INFO] (Minecraft) [_]
[08:21:21] [Server thread/INFO] (Minecraft) [_]
[08:21:22] [Server thread/INFO] (Minecraft) [_]
[08:21:23] [Server thread/INFO] (Minecraft) [_]
[08:21:24] [Server thread/INFO] (Minecraft) [_]
[08:21:25] [Server thread/INFO] (Minecraft) [_]
[08:21:26] [Server thread/INFO] (Minecraft) [_]
[08:21:27] [Server thread/INFO] (Minecraft) [_]
[08:21:28] [Server thread/INFO] (Minecraft) [_]
[08:21:29] [Server thread/INFO] (Minecraft) [_]
[08:21:30] [Server thread/INFO] (Minecraft) [_]
[08:21:31] [Server thread/INFO] (Minecraft) [_]
[08:21:32] [Server thread/INFO] (Minecraft) [_]
[08:21:33] [Server thread/INFO] (Minecraft) [_]
[08:21:34] [Server thread/INFO] (Minecraft) [_]
[08:21:35] [Server thread/INFO] (Minecraft) [_]
[08:21:36] [Server thread/INFO] (Minecraft) [_]
[08:21:37] [Server thread/INFO] (Minecraft) [_]
[08:21:38] [Server thread/INFO] (Minecraft) [_]
[08:21:39] [Server thread/INFO] (Minecraft) [_]
[08:21:40] [Server thread/INFO] (Minecraft) [_]
[08:21:41] [Server thread/INFO] (Minecraft) [_]
[08:21:42] [Server thread/INFO] (Minecraft) [_]
[08:21:43] [Server thread/INFO] (Minecraft) [_]
[08:21:44] [Server thread/INFO] (Minecraft) [_]
[08:21:45] [Server thread/INFO] (Minecraft) [_]
[08:21:46] [Server thread/INFO] (Minecraft) [_]
[08:21:47] [Server thread/INFO] (Minecraft) [_]
[08:21:48] [Server thread/INFO] (Minecraft) [_]
[08:21:49] [Server thread/INFO] (Minecraft) [_]
[08:21:50] [Server thread/INFO] (Minecraft) [_]
[08:21:51] [Server thread/INFO] (Minecraft) [_]
[08:21:52] [Server thread/INFO] (Minecraft) [_]
[08:21:53] [Server thread/INFO] (Minecraft) [_]
[08:21:54] [Server thread/INFO] (Minecraft) [_]
[08:21:55] [Server thread/INFO] (Minecraft) [_]
[08:21:56] [Server thread/INFO] (Minecraft) [_]
[08:21:57] [Server thread/INFO] (Minecraft) [_]
[08:21:58] [Server thread/INFO] (Minecraft) [_]
[08:21:59] [Server thread/INFO] (Minecraft) [_]
[08:22:00] [Server thread/INFO] (Minecraft) [_]
[08:22:01] [Server thread/INFO] (Minecraft) [_]
[08:22:02] [Server thread/INFO] (Minecraft) [_]
[08:22:03] [Server thread/INFO] (Minecraft) [_]
[08:22:04] [Server thread/INFO] (Minecraft) [_]
[08:22:05] [Server thread/INFO] (Minecraft) [_]
[08:22:06] [Server thread/INFO] (Minecraft) [_]
[08:22:07] [Server thread/INFO] (Minecraft) [_]
[08:22:08] [Server thread/INFO] (Minecraft) [_]
[08:22:09] [Server thread/INFO] (Minecraft) [_]
[08:22:10] [Server thread/INFO] (Minecraft) [_]
[08:22:11] [Server thread/INFO] (Minecraft) [_]
[08:22:12] [Server thread/INFO] (Minecraft) [_]
[08:22:13] [Server thread/INFO] (Minecraft) [_]
[08:22:14] [Server thread/INFO] (Minecraft) [_]
[08:22:15] [Server thread/INFO] (Minecraft) [_]
[08:22:16] [Server thread/INFO] (Minecraft) [_]
[08:22:17] [Server thread/INFO] (Minecraft) [_]
[08:22:18] [Server thread/INFO] (Minecraft) [_]
[08:22:19] [Server thread/INFO] (Minecraft) [_]
[08:22:20] [Server thread/INFO] (Minecraft) [_]
[08:22:21] [Server thread/INFO] (Minecraft) [_]
[08:22:22] [Server thread/INFO] (Minecraft) [_]
[08:22:23] [Server thread/INFO] (Minecraft) [_]
[08:22:24] [Server thread/INFO] (Minecraft) [_]
[08:22:25] [Server thread/INFO] (Minecraft) [_]
[08:22:26] [Server thread/INFO] (Minecraft) [_]
[08:22:27] [Server thread/INFO] (Minecraft) [_]
[08:22:28] [Server thread/INFO] (Minecraft) [_]
[08:22:29] [Server thread/INFO] (Minecraft) [_]
[08:22:30] [Server thread/INFO] (Minecraft) [_]
[08:22:31] [Server thread/INFO] (Minecraft) [_]
[08:22:32] [Server thread/INFO] (Minecraft) [_]
[08:22:33] [Server thread/INFO] (Minecraft) [_]
[08:22:34] [Server thread/INFO] (Minecraft) [_]
[08:22:35] [Server thread/INFO] (Minecraft) [_]
[08:22:36] [Server thread/INFO] (Minecraft) [_]
[08:22:37] [Server thread/INFO] (Minecraft) [_]
[08:22:38] [Server thread/INFO] (Minecraft) [_]
[08:22:39] [Server thread/INFO] (Minecraft) [_]
[08:22:40] [Server thread/INFO] (Minecraft) [_]
[08:22:41] [Server thread/INFO] (Minecraft) [_]
[08:22:42] [Server thread/INFO] (Minecraft) [_]
[08:22:43] [Server thread/INFO] (Minecraft) [_]
[08:22:44] [Server thread/INFO] (Minecraft) [_]
[08:22:45] [Server thread/INFO] (Minecraft) [_]
[08:22:46] [Server thread/INFO] (Minecraft) [_]
[08:22:47] [Server thread/INFO] (Minecraft) [_]
[08:22:48] [Server thread/INFO] (Minecraft) [_]
[08:22:49] [Server thread/INFO] (Minecraft) [_]
[08:22:50] [Server thread/INFO] (Minecraft) [_]
[08:22:51] [Server thread/INFO] (Minecraft) [_]
[08:22:52] [Server thread/INFO] (Minecraft) [_]
[08:22:53] [Server thread/INFO] (Minecraft) [_]
[08:22:54] [Server thread/INFO] (Minecraft) [_]
[08:22:55] [Server thread/INFO] (Minecraft) [_]
[08:22:56] [Server thread/INFO] (Minecraft) [_]
[08:22:57] [Server thread/INFO] (Minecraft) [_]
[08:22:58] [Server thread/INFO] (Minecraft) [_]
[08:22:59] [Server thread/INFO] (Minecraft) [_]
[08:23:00] [Server thread/INFO] (Minecraft) [_]
[08:23:01] [Server thread/INFO] (Minecraft) [_]
[08:23:02] [Server thread/INFO] (Minecraft) [_]
[08:23:03] [Server thread/INFO] (Minecraft) [_]
[08:23:04] [Server thread/INFO] (Minecraft) [_]
[08:23:05] [Server thread/INFO] (Minecraft) [_]
[08:23:06] [Server thread/INFO] (Minecraft) [_]
[08:23:07] [Server thread/INFO] (Minecraft) [_]
[08:23:08] [Server thread/INFO] (Minecraft) [_]
[08:23:09] [Server thread/INFO] (Minecraft) [_]
[08:23:10] [Server thread/INFO] (Minecraft) [_]
[08:23:11] [Server thread/INFO] (Minecraft) [_]
[08:23:12] [Server thread/INFO] (Minecraft) [_]
[08:23:13] [Server thread/INFO] (Minecraft) [_]
[08:23:14] [Server thread/INFO] (Minecraft) [_]
[08:23:15] [Server thread/INFO] (Minecraft) [_]
[08:23:16] [Server thread/INFO] (Minecraft) [_]
[08:23:17] [Server thread/INFO] (Minecraft) [_]
[08:23:18] [Server thread/INFO] (Minecraft) [_]
[08:23:19] [Server thread/INFO] (Minecraft) [_]
[08:23:20] [Server thread/INFO] (Minecraft) [_]
[08:23:21] [Server thread/INFO] (Minecraft) [_]
[08:23:22] [Server thread/INFO] (Minecraft) [_]
[08:23:23] [Server thread/INFO] (Minecraft) [_]
[08:23:24] [Server thread/INFO] (Minecraft) [_]
[08:23:25] [Server thread/INFO] (Minecraft) [_]
[08:23:26] [Server thread/INFO] (Minecraft) [_]
[08:23:27] [Server thread/INFO] (Minecraft) [_]
[08:23:28] [Server thread/INFO] (Minecraft) [_]
[08:23:29] [Server thread/INFO] (Minecraft) [_]
[08:23:30] [Server thread/INFO] (Minecraft) [_]
[08:23:31] [Server thread/INFO] (Minecraft) [_]
[08:23:32] [Server thread/INFO] (Minecraft) [_]
[08:23:33] [Server thread/INFO] (Minecraft) [_]
[08:23:34] [Server thread/INFO] (Minecraft) [_]
[08:23:35] [Server thread/INFO] (Minecraft) [_]
[08:23:36] [Server thread/INFO] (Minecraft) [_]
[08:23:37] [Server thread/INFO] (Minecraft) [_]
[08:23:38] [Server thread/INFO] (Minecraft) [_]
[08:23:39] [Server thread/INFO] (Minecraft) [_]
[08:23:40] [Server thread/INFO] (Minecraft) [_]
[08:23:41] [Server thread/INFO] (Minecraft) [_]
[08:23:42] [Server thread/INFO] (Minecraft) [_]
[08:23:43] [Server thread/INFO] (Minecraft) [_]
[08:23:44] [Server thread/INFO] (Minecraft) [_]
[08:23:45] [Server thread/INFO] (Minecraft) [_]
[08:23:46] [Server thread/INFO] (Minecraft) [_]
[08:23:47] [Server thread/INFO] (Minecraft) [_]
[08:23:48] [Server thread/INFO] (Minecraft) [_]
[08:23:49] [Server thread/INFO] (Minecraft) [_]
[08:23:50] [Server thread/INFO] (Minecraft) [_]
[08:23:51] [Server thread/INFO] (Minecraft) [_]
[08:23:52] [Server thread/INFO] (Minecraft) [_]
[08:23:53] [Server thread/INFO] (Minecraft) [_]
[08:23:54] [Server thread/INFO] (Minecraft) [_]
[08:23:55] [Server thread/INFO] (Minecraft) [_]
[08:23:56] [Server thread/INFO] (Minecraft) [_]
[08:23:57] [Server thread/INFO] (Minecraft) [_]
[08:23:58] [Server thread/INFO] (Minecraft) [_]
[08:23:59] [Server thread/INFO] (Minecraft) [_]
[08:24:00] [Server thread/INFO] (Minecraft) [_]
[08:24:01] [Server thread/INFO] (Minecraft) [_]
[08:24:02] [Server thread/INFO] (Minecraft) [_]
[08:24:03] [Server thread/INFO] (Minecraft) [_]
[08:24:04] [Server thread/INFO] (Minecraft) [_]
[08:24:05] [Server thread/INFO] (Minecraft) [_]
[08:24:06] [Server thread/INFO] (Minecraft) [_]
[08:24:07] [Server thread/INFO] (Minecraft) [_]
[08:24:08] [Server thread/INFO] (Minecraft) [_]
[08:24:09] [Server thread/INFO] (Minecraft) [_]
[08:24:10] [Server thread/INFO] (Minecraft) [_]
[08:24:11] [Server thread/INFO] (Minecraft) [_]
[08:24:12] [Server thread/INFO] (Minecraft) [_]
[08:24:13] [Server thread/INFO] (Minecraft) [_]
[08:24:14] [Server thread/INFO] (Minecraft) [_]
[08:24:15] [Server thread/INFO] (Minecraft) [_]
[08:24:16] [Server thread/INFO] (Minecraft) [_]
[08:24:17] [Server thread/INFO] (Minecraft) [_]
[08:24:18] [Server thread/INFO] (Minecraft) [_]
[08:24:19] [Server thread/INFO] (Minecraft) [_]
[08:24:20] [Server thread/INFO] (Minecraft) [_]
[08:24:21] [Server thread/INFO] (Minecraft) [_]
[08:24:22] [Server thread/INFO] (Minecraft) [_]
[08:24:23] [Server thread/INFO] (Minecraft) [_]
[08:24:24] [Server thread/INFO] (Minecraft) [_]
[08:24:25] [Server thread/INFO] (Minecraft) [_]
[08:24:26] [Server thread/INFO] (Minecraft) [_]
[08:24:27] [Server thread/INFO] (Minecraft) [_]
[08:24:28] [Server thread/INFO] (Minecraft) [_]
[08:24:29] [Server thread/INFO] (Minecraft) [_]
[08:24:30] [Server thread/INFO] (Minecraft) [_]
[08:24:31] [Server thread/INFO] (Minecraft) [_]
[08:24:32] [Server thread/INFO] (Minecraft) [_]
[08:24:33] [Server thread/INFO] (Minecraft) [_]
[08:24:34] [Server thread/INFO] (Minecraft) [_]
[08:24:35] [Server thread/INFO] (Minecraft) [_]
[08:24:36] [Server thread/INFO] (Minecraft) [_]
[08:24:37] [Server thread/INFO] (Minecraft) [_]
[08:24:38] [Server thread/INFO] (Minecraft) [_]
[08:24:39] [Server thread/INFO] (Minecraft) [_]
[08:24:40] [Server thread/INFO] (Minecraft) [_]
[08:24:41] [Server thread/INFO] (Minecraft) [_]
[08:24:42] [Server thread/INFO] (Minecraft) [_]
[08:24:43] [Server thread/INFO] (Minecraft) [_]
[08:24:44] [Server thread/INFO] (Minecraft) [_]
[08:24:45] [Server thread/INFO] (Minecraft) [_]
[08:24:46] [Server thread/INFO] (Minecraft) [_]
[08:24:47] [Server thread/INFO] (Minecraft) [_]
[08:24:48] [Server thread/INFO] (Minecraft) [_]
[08:24:49] [Server thread/INFO] (Minecraft) [_]
[08:24:50] [Server thread/INFO] (Minecraft) [_]
[08:24:51] [Server thread/INFO] (Minecraft) [_]
[08:24:52] [Server thread/INFO] (Minecraft) [_]
[08:24:53] [Server thread/INFO] (Minecraft) [_]
[08:24:54] [Server thread/INFO] (Minecraft) [_]
[08:24:55] [Server thread/INFO] (Minecraft) [_]
[08:24:56] [Server thread/INFO] (Minecraft) [_]
[08:24:57] [Server thread/INFO] (Minecraft) [_]
[08:24:58] [Server thread/INFO] (Minecraft) [_]
[08:24:59] [Server thread/INFO] (Minecraft) [_]
[08:25:00] [Server thread/INFO] (Minecraft) [_]
[08:25:01] [Server thread/INFO] (Minecraft) [_]
[08:25:02] [Server thread/INFO] (Minecraft) [_]
[08:25:03] [Server thread/INFO] (Minecraft) [_]
[08:25:04] [Server thread/INFO] (Minecraft) [_]
[08:25:05] [Server thread/INFO] (Minecraft) [_]
[08:25:06] [Server thread/INFO] (Minecraft) [_]
[08:25:07] [Server thread/INFO] (Minecraft) [_]
[08:25:08] [Server thread/INFO] (Minecraft) [_]
[08:25:09] [Server thread/INFO] (Minecraft) [_]
[08:25:10] [Server thread/INFO] (Minecraft) [_]
[08:25:11] [Server thread/INFO] (Minecraft) [_]
[08:25:12] [Server thread/INFO] (Minecraft) [_]
[08:25:13] [Server thread/INFO] (Minecraft) [_]
[08:25:14] [Server thread/INFO] (Minecraft) [_]
[08:25:15] [Server thread/INFO] (Minecraft) [_]
[08:25:16] [Server thread/INFO] (Minecraft) [_]
[08:25:16] [Server thread/INFO] (powers) Completed POWERS profile 10p-30m: p95=7.446125 ms, p99=8.894833 ms, report=/private/tmp/powers-perf-a5ac119-10/build/run/gameTest/profiles/connected-10p-30m.json
[08:25:16] [Server thread/INFO] (Minecraft) [+]
[08:25:16] [Server thread/INFO] (Minecraft) ========= 1 GAME TESTS COMPLETE IN 30.03 min ======================
[08:25:16] [Server thread/INFO] (Minecraft) All 1 required tests passed :)
[08:25:16] [Server thread/INFO] (Minecraft) ====================================================
[08:25:16] [Server thread/INFO] (Minecraft) Stopping server
[08:25:16] [Server thread/INFO] (Minecraft) Saving players
[08:25:16] [Server thread/INFO] (Minecraft) test-mock-player lost connection: Server closed
[08:25:16] [Server thread/INFO] (Minecraft) [Dormant] test-mock-player left the game
[08:25:16] [Server thread/INFO] (Minecraft) test-mock-player lost connection: Server closed
[08:25:16] [Server thread/INFO] (Minecraft) [Dormant] test-mock-player left the game
[08:25:16] [Server thread/INFO] (Minecraft) test-mock-player lost connection: Server closed
[08:25:16] [Server thread/INFO] (Minecraft) [Dormant] test-mock-player left the game
[08:25:16] [Server thread/INFO] (Minecraft) test-mock-player lost connection: Server closed
[08:25:16] [Server thread/INFO] (Minecraft) [Dormant] test-mock-player left the game
[08:25:16] [Server thread/INFO] (Minecraft) test-mock-player lost connection: Server closed
[08:25:16] [Server thread/INFO] (Minecraft) [Dormant] test-mock-player left the game
[08:25:16] [Server thread/INFO] (Minecraft) Saving worlds
[08:25:16] [Server thread/INFO] (Minecraft) Saving chunks for level 'ServerLevel[Test Level]'/minecraft:overworld
[08:25:16] [Server thread/INFO] (Minecraft) Saving chunks for level 'ServerLevel[Test Level]'/minecraft:the_end
[08:25:16] [Server thread/INFO] (Minecraft) Saving chunks for level 'ServerLevel[Test Level]'/minecraft:the_nether
[08:25:16] [Server thread/INFO] (Minecraft) ThreadedAnvilChunkStorage (world): All chunks are saved
[08:25:16] [Server thread/INFO] (Minecraft) ThreadedAnvilChunkStorage (DIM1): All chunks are saved
[08:25:16] [Server thread/INFO] (Minecraft) ThreadedAnvilChunkStorage (DIM-1): All chunks are saved
[08:25:16] [Server thread/INFO] (Minecraft) ThreadedAnvilChunkStorage: All dimensions are saved
[08:25:16] [Server thread/INFO] (Minecraft) Game test server shutting down

BUILD SUCCESSFUL in 30m 27s
11 actionable tasks: 10 executed, 1 up-to-date
