[06:45:01] [main/INFO] (FabricLoader/GameProvider) Loading Minecraft 26.2 with Fabric Loader 0.19.3
[06:45:01] [main/INFO] (FabricLoader/Mappings) Mappings not present!
[06:45:01] [main/INFO] (FabricLoader) Loading 51 mods:
	- fabric-api 0.156.0+26.2
	- fabric-api-base 2.0.4+ece063239e
	- fabric-api-lookup-api-v1 2.0.17+11e1c9a39e
	- fabric-biome-api-v1 18.0.6+c7bd5b8e9e
	- fabric-block-api-v1 3.0.3+ec56b6019e
	- fabric-block-getter-api-v2 2.0.7+ec56b6019e
	- fabric-client-gametest-api-v1 6.0.0+515ac5339e
	- fabric-command-api-v2 3.1.0+00cb03469e
	- fabric-content-registries-v0 11.3.0+d0a699d09e
	- fabric-convention-tags-v2 4.7.0+1f023a9e9e
	- fabric-crash-report-info-v1 1.0.5+086d547a9e
	- fabric-creative-tab-api-v1 5.0.14+d871b99e9e
	- fabric-data-attachment-api-v1 2.2.18+515ac5339e
	- fabric-data-generation-api-v1 25.5.0+aed122aa9e
	- fabric-debug-api-v1 1.0.2+c792624d9e
	- fabric-dimensions-v1 5.1.11+515ac5339e
	- fabric-entity-events-v1 5.0.5+06488ac19e
	- fabric-events-interaction-v0 5.2.7+515ac5339e
	- fabric-game-rule-api-v1 4.0.8+46a6d00c9e
	- fabric-gametest-api-v1 4.0.21+4a7fa0819e
	- fabric-item-api-v1 14.4.0+49a69a7b9e
	- fabric-key-mapping-api-v1 2.0.5+e2bdee789e
	- fabric-lifecycle-events-v1 4.1.3+4575b05f9e
	- fabric-loot-api-v3 3.0.17+06488ac19e
	- fabric-menu-api-v1 2.0.16+086d547a9e
	- fabric-message-api-v1 7.0.7+086d547a9e
	- fabric-model-loading-api-v1 8.0.16+c80601bb9e
	- fabric-networking-api-v1 6.3.3+72073ef09e
	- fabric-object-builder-api-v1 24.1.0+6fcd5f039e
	- fabric-particles-v1 5.0.18+d1756aa99e
	- fabric-permission-api-v1 1.0.4+536fad2f9e
	- fabric-recipe-api-v1 9.0.20+11e1c9a39e
	- fabric-registry-sync-v0 7.1.0+c7bd5b8e9e
	- fabric-renderer-api-v1 14.1.3+2b0d8a229e
	- fabric-renderer-indigo 9.1.3+2b0d8a229e
	- fabric-rendering-fluids-v1 6.0.4+06488ac19e
	- fabric-rendering-v1 25.3.2+515ac5339e
	- fabric-resource-conditions-api-v1 6.1.0+10e9a28b9e
	- fabric-resource-loader-v0 3.3.20+4fc5413f9e
	- fabric-resource-loader-v1 2.0.13+9edec1269e
	- fabric-screen-api-v1 5.1.0+48e3c0b09e
	- fabric-serialization-api-v1 2.0.4+11a26f319e
	- fabric-sound-api-v1 2.0.5+11a26f319e
	- fabric-tag-api-v1 2.1.4+515ac5339e
	- fabric-transfer-api-v1 8.0.12+11dbb7d79e
	- fabric-transitive-access-wideners-v1 8.1.4+67c847259e
	- fabricloader 0.19.3
	- java 25
	- minecraft 26.2
	- mixinextras 0.5.4
	- powers 1.0.2
[06:45:01] [main/INFO] (FabricLoader/Mixin) SpongePowered MIXIN Subsystem Version=0.8.7 Source=file:/Users/james/.gradle/caches/modules-2/files-2.1/net.fabricmc/sponge-mixin/0.17.3+mixin.0.8.7/41c4a3984a80f4679e759fb9f495587acc5cdac7/sponge-mixin-0.17.3+mixin.0.8.7.jar Service=Knot/Fabric Env=CLIENT
[06:45:01] [main/INFO] (FabricLoader/Mixin) Compatibility level set to JAVA_25
[06:45:01] [main/INFO] (FabricLoader/MixinExtras|Service) Initializing MixinExtras via com.llamalad7.mixinextras.service.MixinExtrasServiceImpl(version=0.5.4).
[06:45:02] [Datafixer Bootstrap #0/INFO] (Minecraft) 295 Datafixer optimizations took 163 milliseconds
[06:45:04] [Render thread/INFO] (Minecraft) Environment: Environment[sessionHost=https://sessionserver.mojang.com, servicesHost=https://api.minecraftservices.com, profilesHost=https://api.mojang.com, name=PROD]
[06:45:04] [Render thread/INFO] (Minecraft) Setting user: DarkRealmExact
[06:45:04] [Render thread/INFO] (powers) Loaded rank mazes: 28 light nodes, 28 darkness nodes
[06:45:04] [Render thread/INFO] (powers) Magic collision kernel loaded: 64 actions, 2080 exhaustive interactions
[06:45:04] [Render thread/INFO] (powers) POWERS framework initialized with 23 power(s)
[06:45:04] [Render thread/INFO] (Indigo) [Indigo] Registering Indigo renderer!
[06:45:04] [Download-2/ERROR] (Minecraft) Failed to fetch user properties
com.mojang.authlib.exceptions.InvalidCredentialsException: Status: 401
	at knot//com.mojang.authlib.exceptions.MinecraftClientHttpException.toAuthenticationException(MinecraftClientHttpException.java:70)
	at knot//com.mojang.authlib.yggdrasil.YggdrasilUserApiService.fetchProperties(YggdrasilUserApiService.java:173)
	at knot//net.minecraft.client.Minecraft.lambda$new$1(Minecraft.java:418)
	at java.base/java.util.concurrent.CompletableFuture$AsyncSupply.run(CompletableFuture.java:1789)
	at java.base/java.util.concurrent.ThreadPoolExecutor.runWorker(ThreadPoolExecutor.java:1090)
	at java.base/java.util.concurrent.ThreadPoolExecutor$Worker.run(ThreadPoolExecutor.java:614)
	at java.base/java.lang.Thread.run(Thread.java:1474)
Caused by: MinecraftClientHttpException[type=HTTP_ERROR, status=401, response=ErrorResponse[path=/player/attributes, error=null, errorMessage=null, details=null]]
	at knot//com.mojang.authlib.minecraft.client.MinecraftClient.buildHttpException(MinecraftClient.java:170)
	at knot//com.mojang.authlib.minecraft.client.MinecraftClient.readServiceResponse(MinecraftClient.java:147)
	at knot//com.mojang.authlib.minecraft.client.MinecraftClient.getWithEtag(MinecraftClient.java:81)
	at knot//com.mojang.authlib.minecraft.client.MinecraftClient.get(MinecraftClient.java:65)
	at knot//com.mojang.authlib.yggdrasil.YggdrasilUserApiService.fetchProperties(YggdrasilUserApiService.java:123)
	... 5 more
[06:45:05] [Render thread/INFO] (Minecraft) Backend library: LWJGL version 3.4.1-snapshot
[06:45:05] [Render thread/INFO] (Minecraft) Using graphics backend OpenGL, using drivers: 4.1 Metal - 90.5
[06:45:05] [Render thread/INFO] (Minecraft) Using graphics device: Apple M3 Pro (Apple)
[06:45:05] [Render thread/INFO] (Minecraft) Using graphics device extensions: GL_ARB_draw_indirect, GL_EXT_texture_filter_anisotropic
[06:45:05] [Download-1/INFO] (Minecraft) Could not authorize you against Realms server: java.lang.RuntimeException: Failed to parse into SignedJWT: FabricMC
[06:45:05] [Download-1/ERROR] (Minecraft) Failed to fetch Realms feature flags
com.mojang.realmsclient.exception.RealmsServiceException: Realms authentication error with message 'java.lang.RuntimeException: Failed to parse into SignedJWT: FabricMC'
	at knot//com.mojang.realmsclient.client.RealmsClient.execute(RealmsClient.java:509)
	at knot//com.mojang.realmsclient.client.RealmsClient.fetchFeatureFlags(RealmsClient.java:159)
	at java.base/java.util.concurrent.CompletableFuture$AsyncSupply.run(CompletableFuture.java:1789)
	at java.base/java.util.concurrent.ThreadPoolExecutor.runWorker(ThreadPoolExecutor.java:1090)
	at java.base/java.util.concurrent.ThreadPoolExecutor$Worker.run(ThreadPoolExecutor.java:614)
	at java.base/java.lang.Thread.run(Thread.java:1474)
[06:45:06] [Render thread/INFO] (Minecraft) Reloading ResourceManager: vanilla, fabric-api, fabric-api-base, fabric-api-lookup-api-v1, fabric-biome-api-v1, fabric-block-api-v1, fabric-block-getter-api-v2, fabric-client-gametest-api-v1, fabric-command-api-v2, fabric-content-registries-v0, fabric-convention-tags-v2, fabric-crash-report-info-v1, fabric-creative-tab-api-v1, fabric-data-attachment-api-v1, fabric-data-generation-api-v1, fabric-debug-api-v1, fabric-dimensions-v1, fabric-entity-events-v1, fabric-events-interaction-v0, fabric-game-rule-api-v1, fabric-gametest-api-v1, fabric-item-api-v1, fabric-key-mapping-api-v1, fabric-lifecycle-events-v1, fabric-loot-api-v3, fabric-menu-api-v1, fabric-message-api-v1, fabric-model-loading-api-v1, fabric-networking-api-v1, fabric-object-builder-api-v1, fabric-particles-v1, fabric-permission-api-v1, fabric-recipe-api-v1, fabric-registry-sync-v0, fabric-renderer-api-v1, fabric-renderer-indigo, fabric-rendering-fluids-v1, fabric-rendering-v1, fabric-resource-conditions-api-v1, fabric-resource-loader-v0, fabric-resource-loader-v1, fabric-screen-api-v1, fabric-serialization-api-v1, fabric-sound-api-v1, fabric-tag-api-v1, fabric-transfer-api-v1, fabric-transitive-access-wideners-v1, fabricloader, powers
[06:45:06] [Worker-Main-8/INFO] (Minecraft) Found unifont_all_no_pua-17.0.01.hex, loading
[06:45:06] [Worker-Main-4/INFO] (Minecraft) Found unifont_pua-17.0.01.hex, loading
[06:45:06] [Worker-Main-6/INFO] (Minecraft) Found unifont_jp_patch-17.0.01.hex, loading
[06:45:07] [Render thread/INFO] (Minecraft) Info log when linking program containing VS minecraft:core/rendertype_beacon_beam and FS minecraft:core/rendertype_beacon_beam. Log output: WARNING: Could not find vertex shader attribute 'UV2' to match BindAttributeLocation request.

[06:45:07] [Render thread/INFO] (Minecraft) Info log when linking program containing VS minecraft:core/entity and FS minecraft:core/entity. Log output: WARNING: Could not find vertex shader attribute 'UV1' to match BindAttributeLocation request.

[06:45:07] [Render thread/INFO] (Minecraft) Info log when linking program containing VS minecraft:core/entity and FS minecraft:core/entity. Log output: WARNING: Could not find vertex shader attribute 'UV1' to match BindAttributeLocation request.

[06:45:07] [Render thread/INFO] (Minecraft) Info log when linking program containing VS minecraft:core/animate_sprite and FS minecraft:core/animate_sprite_blit. Log output: WARNING: Output of vertex shader 'fAnimationProgress' not read by fragment shader

[06:45:07] [Render thread/INFO] (Minecraft) Info log when linking program containing VS minecraft:core/rendertype_beacon_beam and FS minecraft:core/rendertype_beacon_beam. Log output: WARNING: Could not find vertex shader attribute 'UV2' to match BindAttributeLocation request.

[06:45:07] [Render thread/INFO] (Minecraft) Info log when linking program containing VS minecraft:core/entity and FS minecraft:core/entity. Log output: WARNING: Could not find vertex shader attribute 'UV1' to match BindAttributeLocation request.
WARNING: Could not find vertex shader attribute 'Normal' to match BindAttributeLocation request.
WARNING: Could not find vertex shader attribute 'UV2' to match BindAttributeLocation request.

[06:45:07] [Render thread/INFO] (Minecraft) Info log when linking program containing VS minecraft:core/entity and FS minecraft:core/entity. Log output: WARNING: Could not find vertex shader attribute 'UV1' to match BindAttributeLocation request.
WARNING: Could not find vertex shader attribute 'Normal' to match BindAttributeLocation request.
WARNING: Could not find vertex shader attribute 'UV2' to match BindAttributeLocation request.

[06:45:07] [Render thread/INFO] (Minecraft) Info log when linking program containing VS minecraft:core/entity and FS minecraft:core/entity. Log output: WARNING: Could not find vertex shader attribute 'UV1' to match BindAttributeLocation request.

[06:45:07] [Render thread/INFO] (Minecraft) Info log when linking program containing VS minecraft:core/entity and FS minecraft:core/entity. Log output: WARNING: Could not find vertex shader attribute 'UV2' to match BindAttributeLocation request.

[06:45:07] [Render thread/INFO] (Minecraft) Info log when linking program containing VS minecraft:core/entity and FS minecraft:core/entity. Log output: WARNING: Could not find vertex shader attribute 'UV1' to match BindAttributeLocation request.

[06:45:07] [Render thread/INFO] (Minecraft) Info log when linking program containing VS minecraft:core/rendertype_crumbling and FS minecraft:core/rendertype_crumbling. Log output: WARNING: Could not find vertex shader attribute 'UV2' to match BindAttributeLocation request.

[06:45:07] [Render thread/INFO] (Minecraft) Info log when linking program containing VS minecraft:core/rendertype_entity_shadow and FS minecraft:core/rendertype_entity_shadow. Log output: WARNING: Could not find vertex shader attribute 'UV1' to match BindAttributeLocation request.
WARNING: Could not find vertex shader attribute 'Normal' to match BindAttributeLocation request.
WARNING: Could not find vertex shader attribute 'UV2' to match BindAttributeLocation request.

[06:45:07] [Render thread/INFO] (Minecraft) Info log when linking program containing VS minecraft:core/entity and FS minecraft:core/entity. Log output: WARNING: Could not find vertex shader attribute 'UV1' to match BindAttributeLocation request.

[06:45:07] [Render thread/INFO] (Minecraft) Info log when linking program containing VS minecraft:core/entity and FS minecraft:core/entity. Log output: WARNING: Could not find vertex shader attribute 'UV1' to match BindAttributeLocation request.
WARNING: Could not find vertex shader attribute 'Normal' to match BindAttributeLocation request.

[06:45:07] [Render thread/INFO] (Minecraft) OpenAL initialized on device MacBook Pro Speakers
[06:45:07] [Render thread/INFO] (Minecraft) Sound engine started
[06:45:07] [Render thread/INFO] (Minecraft) Created: 512x256x0 minecraft:textures/atlas/particles.png-atlas
[06:45:07] [Render thread/INFO] (Minecraft) Created: 128x128x0 minecraft:textures/atlas/decorated_pot.png-atlas
[06:45:07] [Render thread/INFO] (Minecraft) Created: 2048x1024x0 minecraft:textures/atlas/armor_trims.png-atlas
[06:45:07] [Render thread/INFO] (Minecraft) Created: 512x256x0 minecraft:textures/atlas/paintings.png-atlas
[06:45:07] [Render thread/INFO] (Minecraft) Created: 1024x512x0 minecraft:textures/atlas/shield_patterns.png-atlas
[06:45:07] [Render thread/INFO] (Minecraft) Created: 2048x2048x4 minecraft:textures/atlas/blocks.png-atlas
[06:45:07] [Render thread/INFO] (Minecraft) Created: 512x512x0 minecraft:textures/atlas/chest.png-atlas
[06:45:07] [Render thread/INFO] (Minecraft) Created: 256x128x0 minecraft:textures/atlas/celestials.png-atlas
[06:45:07] [Render thread/INFO] (Minecraft) Created: 1024x512x0 minecraft:textures/atlas/banner_patterns.png-atlas
[06:45:07] [Render thread/INFO] (Minecraft) Created: 2048x2048x0 minecraft:textures/atlas/items.png-atlas
[06:45:07] [Render thread/INFO] (Minecraft) Created: 1024x1024x0 minecraft:textures/atlas/gui.png-atlas
[06:45:07] [Render thread/INFO] (Minecraft) Created: 128x64x0 minecraft:textures/atlas/map_decorations.png-atlas
[06:45:07] [Render thread/INFO] (Minecraft) Created: 512x512x0 minecraft:textures/atlas/shulker_boxes.png-atlas
[06:45:07] [Render thread/INFO] (Minecraft) Connecting to 127.0.0.1, 25565
[06:45:08] [Download-2/ERROR] (Minecraft) Failed to retrieve profile key pair
MinecraftClientHttpException[type=HTTP_ERROR, status=401, response=ErrorResponse[path=/player/certificates, error=null, errorMessage=null, details=null]]
	at knot//com.mojang.authlib.minecraft.client.MinecraftClient.buildHttpException(MinecraftClient.java:170)
	at knot//com.mojang.authlib.minecraft.client.MinecraftClient.readServiceResponse(MinecraftClient.java:147)
	at knot//com.mojang.authlib.minecraft.client.MinecraftClient.post(MinecraftClient.java:89)
	at knot//com.mojang.authlib.yggdrasil.YggdrasilUserApiService.getKeyPair(YggdrasilUserApiService.java:62)
	at knot//net.minecraft.client.multiplayer.AccountProfileKeyPairManager.fetchProfileKeyPair(AccountProfileKeyPairManager.java:119)
	at knot//net.minecraft.client.multiplayer.AccountProfileKeyPairManager.lambda$readOrFetchProfileKeyPair$0(AccountProfileKeyPairManager.java:72)
	at java.base/java.util.concurrent.CompletableFuture$AsyncSupply.run(CompletableFuture.java:1789)
	at java.base/java.util.concurrent.ThreadPoolExecutor.runWorker(ThreadPoolExecutor.java:1090)
	at java.base/java.util.concurrent.ThreadPoolExecutor$Worker.run(ThreadPoolExecutor.java:614)
	at java.base/java.lang.Thread.run(Thread.java:1474)
[06:45:10] [Render thread/INFO] (Minecraft) Loaded 5 advancements
[06:45:10] [Render thread/INFO] (Minecraft) Resizing Dynamic Transforms UBO, capacity limit of 2 reached during a single frame. New capacity will be 4.
[06:45:10] [Render thread/INFO] (powers) QA client role=exact-7548160-realm-return loaded 31 scripted steps
[06:45:10] [Render thread/INFO] (Minecraft) Resizing Dynamic Transforms UBO, capacity limit of 4 reached during a single frame. New capacity will be 8.
[06:45:10] [Render thread/INFO] (Minecraft) Resizing Dynamic Transforms UBO, capacity limit of 8 reached during a single frame. New capacity will be 16.
[06:45:10] [Render thread/INFO] (Minecraft) Resizing Chunk Sections UBO, capacity limit of 2 reached during a single frame. New capacity will be 8.
[06:45:10] [Render thread/INFO] (Minecraft) Resizing Chunk Sections UBO, capacity limit of 8 reached during a single frame. New capacity will be 16.
[06:45:10] [Render thread/INFO] (Minecraft) Resizing Chunk Sections UBO, capacity limit of 16 reached during a single frame. New capacity will be 32.
[06:45:10] [Render thread/INFO] (Minecraft) Resizing Chunk Sections UBO, capacity limit of 32 reached during a single frame. New capacity will be 64.
[06:45:10] [Render thread/INFO] (Minecraft) Resizing Chunk Sections UBO, capacity limit of 64 reached during a single frame. New capacity will be 128.
[06:45:10] [Render thread/INFO] (powers) QA client role=exact-7548160-realm-return connected as DarkRealmExact to 127.0.0.1:25565
[06:45:10] [Render thread/INFO] (Minecraft) Resizing Chunk Sections UBO, capacity limit of 128 reached during a single frame. New capacity will be 256.
[06:45:11] [Render thread/INFO] (Minecraft) Resizing Chunk Sections UBO, capacity limit of 256 reached during a single frame. New capacity will be 512.
[06:45:15] [Render thread/INFO] (Minecraft) [System] [CHAT] [Server: Made DarkRealmExact a server operator]
[06:45:15] [Render thread/INFO] (powers) QA client role=exact-7548160-realm-return captured its connected-world evidence
[06:45:16] [Render thread/INFO] (Minecraft) [System] [CHAT] Saved screenshot as 2026-08-14_06.45.15.png
[06:45:24] [Render thread/INFO] (powers) QA client role=exact-7548160-realm-return executed CLOSE [screen] at connected tick 300
[06:45:25] [Render thread/INFO] (powers) QA client role=exact-7548160-realm-return executed COMMAND [powers testing on] at connected tick 320
[06:45:25] [Render thread/INFO] (Minecraft) [System] [CHAT] Testing limits — energy: DISABLED, cooldowns: DISABLED
[06:45:26] [Render thread/INFO] (powers) QA client role=exact-7548160-realm-return executed COMMAND [gamemode survival @s] at connected tick 340
[06:45:27] [Render thread/INFO] (powers) QA client role=exact-7548160-realm-return executed COMMAND [tag @s add darkness] at connected tick 360
[06:45:27] [Render thread/INFO] (Minecraft) [System] [CHAT] Added tag 'darkness' to [Dormant] DarkRealmExact
[06:45:28] [Render thread/INFO] (powers) QA client role=exact-7548160-realm-return executed COMMAND [advancement grant @s through powers:darkness/level_10] at connected tick 380
[06:45:28] [Render thread/INFO] (Minecraft) [System] [CHAT] Granted 11 advancements to [Dormant] DarkRealmExact
[06:45:28] [Render thread/INFO] (Minecraft) Loaded 16 advancements
[06:45:29] [Render thread/INFO] (powers) QA client role=exact-7548160-realm-return executed COMMAND [tp @s 3800.5 101 3800.5 0 0] at connected tick 400
[06:45:29] [Render thread/INFO] (Minecraft) [System] [CHAT] Teleported [Dormant] DarkRealmExact to 3800.500000, 101.000000, 3800.500000
[06:45:30] [Render thread/INFO] (Minecraft) [System] [CHAT] The dark realm acknowledges you — Nightfall.
[06:45:30] [Render thread/INFO] (Minecraft) Forgot about advancement powers:skill/level_02
[06:45:30] [Render thread/INFO] (Minecraft) Forgot about advancement powers:skill/level_02
[06:45:30] [Render thread/INFO] (Minecraft) Forgot about advancement powers:skill/level_01
[06:45:30] [Render thread/INFO] (Minecraft) Forgot about advancement powers:skill_root
[06:45:30] [Render thread/WARN] (Minecraft) Told to remove advancement powers:skill/level_01 but I don't know what that is
[06:45:30] [Render thread/INFO] (Minecraft) Loaded 13 advancements
[06:45:30] [Render thread/INFO] (powers) QA client role=exact-7548160-realm-return executed COMMAND [fill 3793 100 3793 3807 100 3807 minecraft:stone] at connected tick 420
[06:45:30] [Render thread/INFO] (Minecraft) [System] [CHAT] No blocks were filled
[06:45:31] [Render thread/INFO] (powers) QA client role=exact-7548160-realm-return executed COMMAND [fill 3793 101 3793 3807 110 3807 minecraft:air] at connected tick 440
[06:45:31] [Render thread/INFO] (Minecraft) [System] [CHAT] No blocks were filled
[06:45:32] [Render thread/INFO] (powers) QA client role=exact-7548160-realm-return executed COMMAND [fill 3793 100 3793 3807 100 3807 minecraft:stone] at connected tick 460
[06:45:32] [Render thread/INFO] (Minecraft) [System] [CHAT] No blocks were filled
[06:45:33] [Render thread/INFO] (powers) QA client role=exact-7548160-realm-return executed COMMAND [tp @s 3800.5 101 3800.5 0 0] at connected tick 480
[06:45:33] [Render thread/INFO] (Minecraft) [System] [CHAT] Teleported [Unmarked] DarkRealmExact to 3800.500000, 101.000000, 3800.500000
[06:45:34] [Render thread/INFO] (powers) QA client role=exact-7548160-realm-return executed COMMAND [effect give @s minecraft:resistance infinite 255 true] at connected tick 500
[06:45:34] [Render thread/INFO] (Minecraft) [System] [CHAT] Applied effect Resistance to [Unmarked] DarkRealmExact
[06:45:35] [Render thread/INFO] (powers) QA client role=exact-7548160-realm-return executed COMMAND [item replace entity @s weapon.mainhand with powers:lycanbane] at connected tick 520
[06:45:35] [Render thread/INFO] (Minecraft) [System] [CHAT] Replaced a slot on [Unmarked] DarkRealmExact with [Shadow Sword]
[06:45:36] [Render thread/INFO] (powers) QA client role=exact-7548160-realm-return executed COMMAND [data get entity @s SelectedItem] at connected tick 540
[06:45:36] [Render thread/INFO] (Minecraft) [System] [CHAT] [Unmarked] DarkRealmExact has the following entity data: {count: 1, id: "powers:lycanbane"}
[06:45:37] [Render thread/INFO] (powers) QA client role=exact-7548160-realm-return executed COMMAND [data get entity @s Tags] at connected tick 560
[06:45:37] [Render thread/INFO] (Minecraft) [System] [CHAT] [Unmarked] DarkRealmExact has the following entity data: ["darkness"]
[06:45:38] [Render thread/INFO] (powers) QA client role=exact-7548160-realm-return executed COMMAND [data get entity @s active_effects] at connected tick 580
[06:45:38] [Render thread/INFO] (Minecraft) [System] [CHAT] [Unmarked] DarkRealmExact has the following entity data: [{duration: -1, show_icon: 0b, amplifier: -1b, id: "minecraft:resistance", show_particles: 0b}]
[06:45:39] [Render thread/INFO] (powers) QA client role=exact-7548160-realm-return executed ARTIFACT [darkness crystal/light_crystal -1] at connected tick 600
[06:45:46] [Render thread/INFO] (powers) QA client role=exact-7548160-realm-return executed COMMAND [data get entity @s Dimension] at connected tick 740
[06:45:46] [Render thread/INFO] (Minecraft) [System] [CHAT] [Unmarked] DarkRealmExact has the following entity data: "powers:light_realm"
[06:45:47] [Render thread/INFO] (powers) QA client role=exact-7548160-realm-return executed COMMAND [data get entity @s SelectedItem] at connected tick 760
[06:45:47] [Render thread/INFO] (Minecraft) [System] [CHAT] [Unmarked] DarkRealmExact has the following entity data: {count: 1, id: "powers:lycanbane"}
[06:45:48] [Render thread/INFO] (Minecraft) [System] [CHAT] Whiteout descends. Pure Light stops pretending to be gentle and burns every shadow from the mind.
[06:45:48] [Render thread/INFO] (powers) QA client role=exact-7548160-realm-return executed COMMAND [data get entity @s Tags] at connected tick 780
[06:45:48] [Render thread/INFO] (Minecraft) [System] [CHAT] [Unmarked] DarkRealmExact has the following entity data: ["darkness"]
[06:45:49] [Render thread/INFO] (powers) QA client role=exact-7548160-realm-return executed COMMAND [data get entity @s active_effects] at connected tick 800
[06:45:49] [Render thread/INFO] (Minecraft) [System] [CHAT] [Unmarked] DarkRealmExact has the following entity data: [{duration: -1, show_icon: 0b, amplifier: -1b, id: "minecraft:resistance", show_particles: 0b}, {duration: 35, show_icon: 1b, amplifier: 2b, ambient: 1b, id: "minecraft:wither", show_particles: 0b}]
[06:45:50] [Render thread/INFO] (powers) QA client role=exact-7548160-realm-return executed COMMAND [powers diagnose] at connected tick 820
[06:45:50] [Render thread/INFO] (Minecraft) [System] [CHAT] magic=1439/51 cells; spellFields=0 (cap/tick 32); artifactFields=0
[06:45:50] [Render thread/INFO] (Minecraft) [System] [CHAT] forces=193375; clashes=0; auraCaps=512/player,4096/level; guardians=3
[06:45:50] [Render thread/INFO] (Minecraft) [System] [CHAT] proxies=1; travelLoads=0; celestialEvents=0; forcedChunks=1
[06:45:50] [Render thread/INFO] (Minecraft) [System] [CHAT] lastTick: packets=0; particles=0; entityInspections=0
[06:45:50] [Render thread/INFO] (Minecraft) [System] [CHAT] configValidation: revision=1; adjustments=0; retained=0; dropped=0
[06:45:50] [Render thread/INFO] (Minecraft) [System] [CHAT] operatorAudit: total=1
[06:45:50] [Render thread/INFO] (Minecraft) [System] [CHAT] operatorAudit action=testing_control; result=success; count=1
[06:45:50] [Render thread/INFO] (Minecraft) [System] [CHAT] Energy history: spent=0 restored=1350 net=1350
[06:45:50] [Render thread/INFO] (Minecraft) [System] [CHAT] energySource=regeneration; amount=1350
[06:45:50] [Render thread/INFO] (Minecraft) [System] [CHAT] physicalRays=0; rayCollisionsThisTick=0; shadowSessions=0; revealedShadowBodies=0
[06:45:50] [Render thread/INFO] (Minecraft) [System] [CHAT] shadowBodies=0 (hidden=0, revealed=0); tasks=0; energy=0; rites=0; toggles=0; casts=0; conjurations=0; planner=0; contexts=0; targetProfiles=0; creditWindows=0; forcedChunks=0; leaks=0
[06:45:50] [Render thread/INFO] (Minecraft) [System] [CHAT] realmBuilds=6; containment=0 (cap/tick 256); invasions=1/64; concord=0/0
[06:45:50] [Render thread/INFO] (Minecraft) [System] [CHAT] index=spellFields; dimension=minecraft:overworld; q=4; candidates=0; misses=4; stale=0; fallbackScans=0; memory~=0B
[06:45:50] [Render thread/INFO] (Minecraft) [System] [CHAT] index=artifactFields; dimension=minecraft:overworld; q=0; candidates=0; misses=0; stale=0; fallbackScans=0; memory~=0B
[06:45:50] [Render thread/INFO] (Minecraft) [System] [CHAT] index=amethystNatural; dimension=minecraft:overworld; q=33; candidates=0; misses=33; stale=2; fallbackScans=4; memory~=160B
[06:45:50] [Render thread/INFO] (Minecraft) [System] [CHAT] index=amethystWards; dimension=minecraft:overworld; q=0; candidates=0; misses=0; stale=0; fallbackScans=0; memory~=0B
[06:45:50] [Render thread/INFO] (Minecraft) [System] [CHAT] index=namedTargets; dimension=minecraft:overworld; q=0; candidates=0; misses=0; stale=0; fallbackScans=0; memory~=0B
[06:45:50] [Render thread/INFO] (Minecraft) [System] [CHAT] index=livingForces; dimension=minecraft:overworld; q=5459; candidates=0; misses=5459; stale=0; fallbackScans=0; memory~=1607088B
[06:45:50] [Render thread/INFO] (Minecraft) [System] [CHAT] index=spellFields; dimension=minecraft:the_end; q=0; candidates=0; misses=0; stale=0; fallbackScans=0; memory~=0B
[06:45:50] [Render thread/INFO] (Minecraft) [System] [CHAT] index=artifactFields; dimension=minecraft:the_end; q=0; candidates=0; misses=0; stale=0; fallbackScans=0; memory~=0B
[06:45:50] [Render thread/INFO] (Minecraft) [System] [CHAT] index=amethystNatural; dimension=minecraft:the_end; q=0; candidates=0; misses=0; stale=0; fallbackScans=0; memory~=0B
[06:45:50] [Render thread/INFO] (Minecraft) [System] [CHAT] index=amethystWards; dimension=minecraft:the_end; q=0; candidates=0; misses=0; stale=0; fallbackScans=0; memory~=0B
[06:45:50] [Render thread/INFO] (Minecraft) [System] [CHAT] index=namedTargets; dimension=minecraft:the_end; q=0; candidates=0; misses=0; stale=0; fallbackScans=0; memory~=0B
[06:45:50] [Render thread/INFO] (Minecraft) [System] [CHAT] index=livingForces; dimension=minecraft:the_end; q=0; candidates=0; misses=0; stale=0; fallbackScans=0; memory~=0B
[06:45:50] [Render thread/INFO] (Minecraft) [System] [CHAT] index=spellFields; dimension=minecraft:the_nether; q=0; candidates=0; misses=0; stale=0; fallbackScans=0; memory~=0B
[06:45:50] [Render thread/INFO] (Minecraft) [System] [CHAT] index=artifactFields; dimension=minecraft:the_nether; q=0; candidates=0; misses=0; stale=0; fallbackScans=0; memory~=0B
[06:45:50] [Render thread/INFO] (Minecraft) [System] [CHAT] index=amethystNatural; dimension=minecraft:the_nether; q=0; candidates=0; misses=0; stale=0; fallbackScans=0; memory~=0B
[06:45:50] [Render thread/INFO] (Minecraft) [System] [CHAT] index=amethystWards; dimension=minecraft:the_nether; q=0; candidates=0; misses=0; stale=0; fallbackScans=0; memory~=0B
[06:45:50] [Render thread/INFO] (Minecraft) [System] [CHAT] index=namedTargets; dimension=minecraft:the_nether; q=0; candidates=0; misses=0; stale=0; fallbackScans=0; memory~=0B
[06:45:50] [Render thread/INFO] (Minecraft) [System] [CHAT] index=livingForces; dimension=minecraft:the_nether; q=0; candidates=0; misses=0; stale=0; fallbackScans=0; memory~=0B
[06:45:50] [Render thread/INFO] (Minecraft) [System] [CHAT] index=spellFields; dimension=powers:dark_realm; q=0; candidates=0; misses=0; stale=0; fallbackScans=0; memory~=0B
[06:45:50] [Render thread/INFO] (Minecraft) [System] [CHAT] index=artifactFields; dimension=powers:dark_realm; q=0; candidates=0; misses=0; stale=0; fallbackScans=0; memory~=0B
[06:45:50] [Render thread/INFO] (Minecraft) [System] [CHAT] index=amethystNatural; dimension=powers:dark_realm; q=0; candidates=0; misses=0; stale=0; fallbackScans=0; memory~=0B
[06:45:50] [Render thread/INFO] (Minecraft) [System] [CHAT] index=amethystWards; dimension=powers:dark_realm; q=0; candidates=0; misses=0; stale=0; fallbackScans=0; memory~=0B
[06:45:50] [Render thread/INFO] (Minecraft) [System] [CHAT] index=namedTargets; dimension=powers:dark_realm; q=0; candidates=0; misses=0; stale=0; fallbackScans=0; memory~=0B
[06:45:50] [Render thread/INFO] (Minecraft) [System] [CHAT] index=livingForces; dimension=powers:dark_realm; q=0; candidates=0; misses=0; stale=0; fallbackScans=0; memory~=0B
[06:45:50] [Render thread/INFO] (Minecraft) [System] [CHAT] index=spellFields; dimension=powers:light_realm; q=18; candidates=0; misses=18; stale=0; fallbackScans=0; memory~=0B
[06:45:50] [Render thread/INFO] (Minecraft) [System] [CHAT] index=artifactFields; dimension=powers:light_realm; q=0; candidates=0; misses=0; stale=0; fallbackScans=0; memory~=0B
[06:45:50] [Render thread/INFO] (Minecraft) [System] [CHAT] index=amethystNatural; dimension=powers:light_realm; q=9; candidates=0; misses=9; stale=0; fallbackScans=2; memory~=160B
[06:45:50] [Render thread/INFO] (Minecraft) [System] [CHAT] index=amethystWards; dimension=powers:light_realm; q=0; candidates=0; misses=0; stale=0; fallbackScans=0; memory~=0B
[06:45:50] [Render thread/INFO] (Minecraft) [System] [CHAT] index=namedTargets; dimension=powers:light_realm; q=0; candidates=0; misses=0; stale=0; fallbackScans=0; memory~=0B
[06:45:50] [Render thread/INFO] (Minecraft) [System] [CHAT] index=livingForces; dimension=powers:light_realm; q=65; candidates=39690; misses=32; stale=0; fallbackScans=0; memory~=7740000B
[06:45:50] [Render thread/INFO] (Minecraft) [System] [CHAT] index=spellFields; dimension=powers:middleworld; q=0; candidates=0; misses=0; stale=0; fallbackScans=0; memory~=0B
[06:45:50] [Render thread/INFO] (Minecraft) [System] [CHAT] index=artifactFields; dimension=powers:middleworld; q=0; candidates=0; misses=0; stale=0; fallbackScans=0; memory~=0B
[06:45:50] [Render thread/INFO] (Minecraft) [System] [CHAT] index=amethystNatural; dimension=powers:middleworld; q=0; candidates=0; misses=0; stale=0; fallbackScans=0; memory~=0B
[06:45:50] [Render thread/INFO] (Minecraft) [System] [CHAT] index=amethystWards; dimension=powers:middleworld; q=0; candidates=0; misses=0; stale=0; fallbackScans=0; memory~=0B
[06:45:50] [Render thread/INFO] (Minecraft) [System] [CHAT] index=namedTargets; dimension=powers:middleworld; q=0; candidates=0; misses=0; stale=0; fallbackScans=0; memory~=0B
[06:45:50] [Render thread/INFO] (Minecraft) [System] [CHAT] index=livingForces; dimension=powers:middleworld; q=0; candidates=0; misses=0; stale=0; fallbackScans=0; memory~=0B
[06:45:50] [Render thread/INFO] (Minecraft) [System] [CHAT] travelTickets=0/64; perDimensionLimit=24; lastRefusal=none
[06:45:50] [Render thread/INFO] (Minecraft) [System] [CHAT] missingDimensions=0; droppedDistinct=0; orphanedRuinEvents=0
[06:45:50] [Render thread/INFO] (Minecraft) [System] [CHAT] questTelemetrySamples=0; publicationReadyLevels=0/20; minimumPerLevel=20
[06:45:50] [Render thread/INFO] (Minecraft) [System] [CHAT] testing: energy=disabled; cooldowns=disabled
[06:45:51] [Render thread/INFO] (powers) QA client role=exact-7548160-realm-return executed COMMAND [powers return] at connected tick 840
[06:45:51] [Render thread/INFO] (Minecraft) [System] [CHAT] Your spirit returned to your body.
[06:45:57] [Render thread/INFO] (powers) QA client role=exact-7548160-realm-return executed COMMAND [data get entity @s Dimension] at connected tick 960
[06:45:57] [Render thread/INFO] (Minecraft) [System] [CHAT] [Unmarked] DarkRealmExact has the following entity data: "minecraft:overworld"
[06:45:58] [Render thread/INFO] (powers) QA client role=exact-7548160-realm-return executed COMMAND [powers diagnose] at connected tick 980
[06:45:58] [Render thread/INFO] (Minecraft) [System] [CHAT] magic=1452/49 cells; spellFields=0 (cap/tick 32); artifactFields=0
[06:45:58] [Render thread/INFO] (Minecraft) [System] [CHAT] forces=33541; clashes=0; auraCaps=512/player,4096/level; guardians=0
[06:45:58] [Render thread/INFO] (Minecraft) [System] [CHAT] proxies=0; travelLoads=0; celestialEvents=0; forcedChunks=0
[06:45:58] [Render thread/INFO] (Minecraft) [System] [CHAT] lastTick: packets=0; particles=0; entityInspections=0
[06:45:58] [Render thread/INFO] (Minecraft) [System] [CHAT] configValidation: revision=1; adjustments=0; retained=0; dropped=0
[06:45:58] [Render thread/INFO] (Minecraft) [System] [CHAT] operatorAudit: total=1
[06:45:58] [Render thread/INFO] (Minecraft) [System] [CHAT] operatorAudit action=testing_control; result=success; count=1
[06:45:58] [Render thread/INFO] (Minecraft) [System] [CHAT] Energy history: spent=0 restored=1350 net=1350
[06:45:58] [Render thread/INFO] (Minecraft) [System] [CHAT] energySource=regeneration; amount=1350
[06:45:58] [Render thread/INFO] (Minecraft) [System] [CHAT] physicalRays=0; rayCollisionsThisTick=0; shadowSessions=0; revealedShadowBodies=0
[06:45:58] [Render thread/INFO] (Minecraft) [System] [CHAT] shadowBodies=0 (hidden=0, revealed=0); tasks=0; energy=0; rites=0; toggles=0; casts=0; conjurations=0; planner=0; contexts=0; targetProfiles=0; creditWindows=0; forcedChunks=0; leaks=0
[06:45:58] [Render thread/INFO] (Minecraft) [System] [CHAT] realmBuilds=6; containment=0 (cap/tick 256); invasions=0/64; concord=0/0
[06:45:58] [Render thread/INFO] (Minecraft) [System] [CHAT] index=spellFields; dimension=minecraft:overworld; q=4; candidates=0; misses=4; stale=0; fallbackScans=0; memory~=0B
[06:45:58] [Render thread/INFO] (Minecraft) [System] [CHAT] index=artifactFields; dimension=minecraft:overworld; q=0; candidates=0; misses=0; stale=0; fallbackScans=0; memory~=0B
[06:45:58] [Render thread/INFO] (Minecraft) [System] [CHAT] index=amethystNatural; dimension=minecraft:overworld; q=40; candidates=0; misses=40; stale=2; fallbackScans=4; memory~=160B
[06:45:58] [Render thread/INFO] (Minecraft) [System] [CHAT] index=amethystWards; dimension=minecraft:overworld; q=0; candidates=0; misses=0; stale=0; fallbackScans=0; memory~=0B
[06:45:58] [Render thread/INFO] (Minecraft) [System] [CHAT] index=namedTargets; dimension=minecraft:overworld; q=0; candidates=0; misses=0; stale=0; fallbackScans=0; memory~=0B
[06:45:58] [Render thread/INFO] (Minecraft) [System] [CHAT] index=livingForces; dimension=minecraft:overworld; q=6934; candidates=0; misses=6934; stale=0; fallbackScans=0; memory~=1615056B
[06:45:58] [Render thread/INFO] (Minecraft) [System] [CHAT] index=spellFields; dimension=minecraft:the_end; q=0; candidates=0; misses=0; stale=0; fallbackScans=0; memory~=0B
[06:45:58] [Render thread/INFO] (Minecraft) [System] [CHAT] index=artifactFields; dimension=minecraft:the_end; q=0; candidates=0; misses=0; stale=0; fallbackScans=0; memory~=0B
[06:45:58] [Render thread/INFO] (Minecraft) [System] [CHAT] index=amethystNatural; dimension=minecraft:the_end; q=0; candidates=0; misses=0; stale=0; fallbackScans=0; memory~=0B
[06:45:58] [Render thread/INFO] (Minecraft) [System] [CHAT] index=amethystWards; dimension=minecraft:the_end; q=0; candidates=0; misses=0; stale=0; fallbackScans=0; memory~=0B
[06:45:58] [Render thread/INFO] (Minecraft) [System] [CHAT] index=namedTargets; dimension=minecraft:the_end; q=0; candidates=0; misses=0; stale=0; fallbackScans=0; memory~=0B
[06:45:58] [Render thread/INFO] (Minecraft) [System] [CHAT] index=livingForces; dimension=minecraft:the_end; q=0; candidates=0; misses=0; stale=0; fallbackScans=0; memory~=0B
[06:45:58] [Render thread/INFO] (Minecraft) [System] [CHAT] index=spellFields; dimension=minecraft:the_nether; q=0; candidates=0; misses=0; stale=0; fallbackScans=0; memory~=0B
[06:45:58] [Render thread/INFO] (Minecraft) [System] [CHAT] index=artifactFields; dimension=minecraft:the_nether; q=0; candidates=0; misses=0; stale=0; fallbackScans=0; memory~=0B
[06:45:58] [Render thread/INFO] (Minecraft) [System] [CHAT] index=amethystNatural; dimension=minecraft:the_nether; q=0; candidates=0; misses=0; stale=0; fallbackScans=0; memory~=0B
[06:45:58] [Render thread/INFO] (Minecraft) [System] [CHAT] index=amethystWards; dimension=minecraft:the_nether; q=0; candidates=0; misses=0; stale=0; fallbackScans=0; memory~=0B
[06:45:58] [Render thread/INFO] (Minecraft) [System] [CHAT] index=namedTargets; dimension=minecraft:the_nether; q=0; candidates=0; misses=0; stale=0; fallbackScans=0; memory~=0B
[06:45:58] [Render thread/INFO] (Minecraft) [System] [CHAT] index=livingForces; dimension=minecraft:the_nether; q=0; candidates=0; misses=0; stale=0; fallbackScans=0; memory~=0B
[06:45:58] [Render thread/INFO] (Minecraft) [System] [CHAT] index=spellFields; dimension=powers:dark_realm; q=0; candidates=0; misses=0; stale=0; fallbackScans=0; memory~=0B
[06:45:58] [Render thread/INFO] (Minecraft) [System] [CHAT] index=artifactFields; dimension=powers:dark_realm; q=0; candidates=0; misses=0; stale=0; fallbackScans=0; memory~=0B
[06:45:58] [Render thread/INFO] (Minecraft) [System] [CHAT] index=amethystNatural; dimension=powers:dark_realm; q=0; candidates=0; misses=0; stale=0; fallbackScans=0; memory~=0B
[06:45:58] [Render thread/INFO] (Minecraft) [System] [CHAT] index=amethystWards; dimension=powers:dark_realm; q=0; candidates=0; misses=0; stale=0; fallbackScans=0; memory~=0B
[06:45:58] [Render thread/INFO] (Minecraft) [System] [CHAT] index=namedTargets; dimension=powers:dark_realm; q=0; candidates=0; misses=0; stale=0; fallbackScans=0; memory~=0B
[06:45:58] [Render thread/INFO] (Minecraft) [System] [CHAT] index=livingForces; dimension=powers:dark_realm; q=0; candidates=0; misses=0; stale=0; fallbackScans=0; memory~=0B
[06:45:58] [Render thread/INFO] (Minecraft) [System] [CHAT] index=spellFields; dimension=powers:light_realm; q=19; candidates=0; misses=19; stale=0; fallbackScans=0; memory~=0B
[06:45:58] [Render thread/INFO] (Minecraft) [System] [CHAT] index=artifactFields; dimension=powers:light_realm; q=0; candidates=0; misses=0; stale=0; fallbackScans=0; memory~=0B
[06:45:58] [Render thread/INFO] (Minecraft) [System] [CHAT] index=amethystNatural; dimension=powers:light_realm; q=10; candidates=0; misses=10; stale=2; fallbackScans=2; memory~=0B
[06:45:58] [Render thread/INFO] (Minecraft) [System] [CHAT] index=amethystWards; dimension=powers:light_realm; q=0; candidates=0; misses=0; stale=0; fallbackScans=0; memory~=0B
[06:45:58] [Render thread/INFO] (Minecraft) [System] [CHAT] index=namedTargets; dimension=powers:light_realm; q=0; candidates=0; misses=0; stale=0; fallbackScans=0; memory~=0B
[06:45:58] [Render thread/INFO] (Minecraft) [System] [CHAT] index=livingForces; dimension=powers:light_realm; q=73; candidates=44560; misses=36; stale=0; fallbackScans=0; memory~=0B
[06:45:58] [Render thread/INFO] (Minecraft) [System] [CHAT] index=spellFields; dimension=powers:middleworld; q=0; candidates=0; misses=0; stale=0; fallbackScans=0; memory~=0B
[06:45:58] [Render thread/INFO] (Minecraft) [System] [CHAT] index=artifactFields; dimension=powers:middleworld; q=0; candidates=0; misses=0; stale=0; fallbackScans=0; memory~=0B
[06:45:58] [Render thread/INFO] (Minecraft) [System] [CHAT] index=amethystNatural; dimension=powers:middleworld; q=0; candidates=0; misses=0; stale=0; fallbackScans=0; memory~=0B
[06:45:58] [Render thread/INFO] (Minecraft) [System] [CHAT] index=amethystWards; dimension=powers:middleworld; q=0; candidates=0; misses=0; stale=0; fallbackScans=0; memory~=0B
[06:45:58] [Render thread/INFO] (Minecraft) [System] [CHAT] index=namedTargets; dimension=powers:middleworld; q=0; candidates=0; misses=0; stale=0; fallbackScans=0; memory~=0B
[06:45:58] [Render thread/INFO] (Minecraft) [System] [CHAT] index=livingForces; dimension=powers:middleworld; q=0; candidates=0; misses=0; stale=0; fallbackScans=0; memory~=0B
[06:45:58] [Render thread/INFO] (Minecraft) [System] [CHAT] travelTickets=0/64; perDimensionLimit=24; lastRefusal=none
[06:45:58] [Render thread/INFO] (Minecraft) [System] [CHAT] missingDimensions=0; droppedDistinct=0; orphanedRuinEvents=0
[06:45:58] [Render thread/INFO] (Minecraft) [System] [CHAT] questTelemetrySamples=0; publicationReadyLevels=0/20; minimumPerLevel=20
[06:45:58] [Render thread/INFO] (Minecraft) [System] [CHAT] testing: energy=disabled; cooldowns=disabled
[06:46:00] [Render thread/INFO] (powers) QA client role=exact-7548160-realm-return executed ARTIFACT [darkness crystal/light_crystal -1] at connected tick 1020
[06:46:07] [Render thread/INFO] (powers) QA client role=exact-7548160-realm-return executed COMMAND [data get entity @s Dimension] at connected tick 1160
[06:46:07] [Render thread/INFO] (Minecraft) [System] [CHAT] [Unmarked] DarkRealmExact has the following entity data: "powers:light_realm"
[06:46:08] [Render thread/INFO] (powers) QA client role=exact-7548160-realm-return executed COMMAND [data get entity @s SelectedItem] at connected tick 1180
[06:46:08] [Render thread/INFO] (Minecraft) [System] [CHAT] [Unmarked] DarkRealmExact has the following entity data: {count: 1, id: "powers:lycanbane"}
[06:46:09] [Render thread/INFO] (powers) QA client role=exact-7548160-realm-return executed ARTIFACT [darkness crystal/light_crystal -1] at connected tick 1200
[06:46:16] [Render thread/INFO] (powers) QA client role=exact-7548160-realm-return executed COMMAND [data get entity @s Dimension] at connected tick 1340
[06:46:16] [Render thread/INFO] (Minecraft) [System] [CHAT] [Unmarked] DarkRealmExact has the following entity data: "minecraft:overworld"
[06:46:17] [Render thread/INFO] (powers) QA client role=exact-7548160-realm-return executed COMMAND [powers diagnose] at connected tick 1360
[06:46:17] [Render thread/INFO] (Minecraft) [System] [CHAT] magic=1445/49 cells; spellFields=0 (cap/tick 32); artifactFields=0
[06:46:17] [Render thread/INFO] (Minecraft) [System] [CHAT] forces=33999; clashes=0; auraCaps=512/player,4096/level; guardians=0
[06:46:17] [Render thread/INFO] (Minecraft) [System] [CHAT] proxies=0; travelLoads=0; celestialEvents=0; forcedChunks=0
[06:46:17] [Render thread/INFO] (Minecraft) [System] [CHAT] lastTick: packets=0; particles=0; entityInspections=0
[06:46:17] [Render thread/INFO] (Minecraft) [System] [CHAT] configValidation: revision=1; adjustments=0; retained=0; dropped=0
[06:46:17] [Render thread/INFO] (Minecraft) [System] [CHAT] operatorAudit: total=1
[06:46:17] [Render thread/INFO] (Minecraft) [System] [CHAT] operatorAudit action=testing_control; result=success; count=1
[06:46:17] [Render thread/INFO] (Minecraft) [System] [CHAT] Energy history: spent=0 restored=1350 net=1350
[06:46:17] [Render thread/INFO] (Minecraft) [System] [CHAT] energySource=regeneration; amount=1350
[06:46:17] [Render thread/INFO] (Minecraft) [System] [CHAT] physicalRays=0; rayCollisionsThisTick=0; shadowSessions=0; revealedShadowBodies=0
[06:46:17] [Render thread/INFO] (Minecraft) [System] [CHAT] shadowBodies=0 (hidden=0, revealed=0); tasks=0; energy=0; rites=0; toggles=0; casts=0; conjurations=0; planner=0; contexts=0; targetProfiles=0; creditWindows=0; forcedChunks=0; leaks=0
[06:46:17] [Render thread/INFO] (Minecraft) [System] [CHAT] realmBuilds=6; containment=0 (cap/tick 256); invasions=0/64; concord=0/0
[06:46:17] [Render thread/INFO] (Minecraft) [System] [CHAT] index=spellFields; dimension=minecraft:overworld; q=8; candidates=0; misses=8; stale=0; fallbackScans=0; memory~=0B
[06:46:17] [Render thread/INFO] (Minecraft) [System] [CHAT] index=artifactFields; dimension=minecraft:overworld; q=0; candidates=0; misses=0; stale=0; fallbackScans=0; memory~=0B
[06:46:17] [Render thread/INFO] (Minecraft) [System] [CHAT] index=amethystNatural; dimension=minecraft:overworld; q=53; candidates=0; misses=53; stale=4; fallbackScans=6; memory~=160B
[06:46:17] [Render thread/INFO] (Minecraft) [System] [CHAT] index=amethystWards; dimension=minecraft:overworld; q=0; candidates=0; misses=0; stale=0; fallbackScans=0; memory~=0B
[06:46:17] [Render thread/INFO] (Minecraft) [System] [CHAT] index=namedTargets; dimension=minecraft:overworld; q=0; candidates=0; misses=0; stale=0; fallbackScans=0; memory~=0B
[06:46:17] [Render thread/INFO] (Minecraft) [System] [CHAT] index=livingForces; dimension=minecraft:overworld; q=9507; candidates=0; misses=9507; stale=0; fallbackScans=0; memory~=1637040B
[06:46:17] [Render thread/INFO] (Minecraft) [System] [CHAT] index=spellFields; dimension=minecraft:the_end; q=0; candidates=0; misses=0; stale=0; fallbackScans=0; memory~=0B
[06:46:17] [Render thread/INFO] (Minecraft) [System] [CHAT] index=artifactFields; dimension=minecraft:the_end; q=0; candidates=0; misses=0; stale=0; fallbackScans=0; memory~=0B
[06:46:17] [Render thread/INFO] (Minecraft) [System] [CHAT] index=amethystNatural; dimension=minecraft:the_end; q=0; candidates=0; misses=0; stale=0; fallbackScans=0; memory~=0B
[06:46:17] [Render thread/INFO] (Minecraft) [System] [CHAT] index=amethystWards; dimension=minecraft:the_end; q=0; candidates=0; misses=0; stale=0; fallbackScans=0; memory~=0B
[06:46:17] [Render thread/INFO] (Minecraft) [System] [CHAT] index=namedTargets; dimension=minecraft:the_end; q=0; candidates=0; misses=0; stale=0; fallbackScans=0; memory~=0B
[06:46:17] [Render thread/INFO] (Minecraft) [System] [CHAT] index=livingForces; dimension=minecraft:the_end; q=0; candidates=0; misses=0; stale=0; fallbackScans=0; memory~=0B
[06:46:17] [Render thread/INFO] (Minecraft) [System] [CHAT] index=spellFields; dimension=minecraft:the_nether; q=0; candidates=0; misses=0; stale=0; fallbackScans=0; memory~=0B
[06:46:17] [Render thread/INFO] (Minecraft) [System] [CHAT] index=artifactFields; dimension=minecraft:the_nether; q=0; candidates=0; misses=0; stale=0; fallbackScans=0; memory~=0B
[06:46:17] [Render thread/INFO] (Minecraft) [System] [CHAT] index=amethystNatural; dimension=minecraft:the_nether; q=0; candidates=0; misses=0; stale=0; fallbackScans=0; memory~=0B
[06:46:17] [Render thread/INFO] (Minecraft) [System] [CHAT] index=amethystWards; dimension=minecraft:the_nether; q=0; candidates=0; misses=0; stale=0; fallbackScans=0; memory~=0B
[06:46:17] [Render thread/INFO] (Minecraft) [System] [CHAT] index=namedTargets; dimension=minecraft:the_nether; q=0; candidates=0; misses=0; stale=0; fallbackScans=0; memory~=0B
[06:46:17] [Render thread/INFO] (Minecraft) [System] [CHAT] index=livingForces; dimension=minecraft:the_nether; q=0; candidates=0; misses=0; stale=0; fallbackScans=0; memory~=0B
[06:46:17] [Render thread/INFO] (Minecraft) [System] [CHAT] index=spellFields; dimension=powers:dark_realm; q=0; candidates=0; misses=0; stale=0; fallbackScans=0; memory~=0B
[06:46:17] [Render thread/INFO] (Minecraft) [System] [CHAT] index=artifactFields; dimension=powers:dark_realm; q=0; candidates=0; misses=0; stale=0; fallbackScans=0; memory~=0B
[06:46:17] [Render thread/INFO] (Minecraft) [System] [CHAT] index=amethystNatural; dimension=powers:dark_realm; q=0; candidates=0; misses=0; stale=0; fallbackScans=0; memory~=0B
[06:46:17] [Render thread/INFO] (Minecraft) [System] [CHAT] index=amethystWards; dimension=powers:dark_realm; q=0; candidates=0; misses=0; stale=0; fallbackScans=0; memory~=0B
[06:46:17] [Render thread/INFO] (Minecraft) [System] [CHAT] index=namedTargets; dimension=powers:dark_realm; q=0; candidates=0; misses=0; stale=0; fallbackScans=0; memory~=0B
[06:46:17] [Render thread/INFO] (Minecraft) [System] [CHAT] index=livingForces; dimension=powers:dark_realm; q=0; candidates=0; misses=0; stale=0; fallbackScans=0; memory~=0B
[06:46:17] [Render thread/INFO] (Minecraft) [System] [CHAT] index=spellFields; dimension=powers:light_realm; q=33; candidates=0; misses=33; stale=0; fallbackScans=0; memory~=0B
[06:46:17] [Render thread/INFO] (Minecraft) [System] [CHAT] index=artifactFields; dimension=powers:light_realm; q=0; candidates=0; misses=0; stale=0; fallbackScans=0; memory~=0B
[06:46:17] [Render thread/INFO] (Minecraft) [System] [CHAT] index=amethystNatural; dimension=powers:light_realm; q=18; candidates=0; misses=18; stale=4; fallbackScans=4; memory~=0B
[06:46:17] [Render thread/INFO] (Minecraft) [System] [CHAT] index=amethystWards; dimension=powers:light_realm; q=0; candidates=0; misses=0; stale=0; fallbackScans=0; memory~=0B
[06:46:17] [Render thread/INFO] (Minecraft) [System] [CHAT] index=namedTargets; dimension=powers:light_realm; q=0; candidates=0; misses=0; stale=0; fallbackScans=0; memory~=0B
[06:46:17] [Render thread/INFO] (Minecraft) [System] [CHAT] index=livingForces; dimension=powers:light_realm; q=130; candidates=78986; misses=64; stale=0; fallbackScans=0; memory~=0B
[06:46:17] [Render thread/INFO] (Minecraft) [System] [CHAT] index=spellFields; dimension=powers:middleworld; q=0; candidates=0; misses=0; stale=0; fallbackScans=0; memory~=0B
[06:46:17] [Render thread/INFO] (Minecraft) [System] [CHAT] index=artifactFields; dimension=powers:middleworld; q=0; candidates=0; misses=0; stale=0; fallbackScans=0; memory~=0B
[06:46:17] [Render thread/INFO] (Minecraft) [System] [CHAT] index=amethystNatural; dimension=powers:middleworld; q=0; candidates=0; misses=0; stale=0; fallbackScans=0; memory~=0B
[06:46:17] [Render thread/INFO] (Minecraft) [System] [CHAT] index=amethystWards; dimension=powers:middleworld; q=0; candidates=0; misses=0; stale=0; fallbackScans=0; memory~=0B
[06:46:17] [Render thread/INFO] (Minecraft) [System] [CHAT] index=namedTargets; dimension=powers:middleworld; q=0; candidates=0; misses=0; stale=0; fallbackScans=0; memory~=0B
[06:46:17] [Render thread/INFO] (Minecraft) [System] [CHAT] index=livingForces; dimension=powers:middleworld; q=0; candidates=0; misses=0; stale=0; fallbackScans=0; memory~=0B
[06:46:17] [Render thread/INFO] (Minecraft) [System] [CHAT] travelTickets=0/64; perDimensionLimit=24; lastRefusal=none
[06:46:17] [Render thread/INFO] (Minecraft) [System] [CHAT] missingDimensions=0; droppedDistinct=0; orphanedRuinEvents=0
[06:46:17] [Render thread/INFO] (Minecraft) [System] [CHAT] questTelemetrySamples=0; publicationReadyLevels=0/20; minimumPerLevel=20
[06:46:17] [Render thread/INFO] (Minecraft) [System] [CHAT] testing: energy=disabled; cooldowns=disabled
[06:46:18] [Render thread/INFO] (powers) QA client role=exact-7548160-realm-return executed SCREENSHOT [realm-return-probe-complete] at connected tick 1380
[06:46:19] [Render thread/INFO] (Minecraft) [System] [CHAT] Saved screenshot as 2026-08-14_06.46.18.png
