[00:57:28] [main/INFO] (FabricLoader/GameProvider) Loading Minecraft 26.2 with Fabric Loader 0.19.3
[00:57:28] [main/INFO] (FabricLoader/Mappings) Mappings not present!
[00:57:28] [main/INFO] (FabricLoader) Loading 43 mods:
	- fabric-api 0.156.0+26.2
	   |-- fabric-key-mapping-api-v1 2.0.5+e2bdee789e
	   |-- fabric-model-loading-api-v1 8.0.16+c80601bb9e
	   |-- fabric-renderer-api-v1 14.1.3+2b0d8a229e
	   |-- fabric-renderer-indigo 9.1.3+2b0d8a229e
	   |-- fabric-rendering-v1 25.3.2+515ac5339e
	   |-- fabric-screen-api-v1 5.1.0+48e3c0b09e
	   \-- fabric-sound-api-v1 2.0.5+11a26f319e
	- fabric-api-base 2.0.4+ece063239e
	- fabric-api-lookup-api-v1 2.0.17+11e1c9a39e
	- fabric-biome-api-v1 18.0.6+c7bd5b8e9e
	- fabric-block-api-v1 3.0.3+ec56b6019e
	- fabric-block-getter-api-v2 2.0.7+ec56b6019e
	- fabric-command-api-v2 3.1.0+00cb03469e
	- fabric-content-registries-v0 11.3.0+d0a699d09e
	- fabric-convention-tags-v2 4.7.0+1f023a9e9e
	- fabric-crash-report-info-v1 1.0.5+086d547a9e
	- fabric-creative-tab-api-v1 5.0.14+d871b99e9e
	- fabric-data-attachment-api-v1 2.2.18+515ac5339e
	- fabric-data-generation-api-v1 25.5.0+aed122aa9e
	- fabric-debug-api-v1 1.0.2+c792624d9e
	- fabric-dimensions-v1 5.1.11+515ac5339e
	- fabric-entity-events-v1 5.0.5+06488ac19e
	- fabric-events-interaction-v0 5.2.7+515ac5339e
	- fabric-game-rule-api-v1 4.0.8+46a6d00c9e
	- fabric-gametest-api-v1 4.0.21+4a7fa0819e
	- fabric-item-api-v1 14.4.0+49a69a7b9e
	- fabric-lifecycle-events-v1 4.1.3+4575b05f9e
	- fabric-loot-api-v3 3.0.17+06488ac19e
	- fabric-menu-api-v1 2.0.16+086d547a9e
	- fabric-message-api-v1 7.0.7+086d547a9e
	- fabric-networking-api-v1 6.3.3+72073ef09e
	- fabric-object-builder-api-v1 24.1.0+6fcd5f039e
	- fabric-particles-v1 5.0.18+d1756aa99e
	- fabric-permission-api-v1 1.0.4+536fad2f9e
	- fabric-recipe-api-v1 9.0.20+11e1c9a39e
	- fabric-registry-sync-v0 7.1.0+c7bd5b8e9e
	- fabric-rendering-fluids-v1 6.0.4+06488ac19e
	- fabric-resource-conditions-api-v1 6.1.0+10e9a28b9e
	- fabric-resource-loader-v0 3.3.20+4fc5413f9e
	- fabric-resource-loader-v1 2.0.13+9edec1269e
	- fabric-serialization-api-v1 2.0.4+11a26f319e
	- fabric-tag-api-v1 2.1.4+515ac5339e
	- fabric-transfer-api-v1 8.0.12+11dbb7d79e
	- fabric-transitive-access-wideners-v1 8.1.4+67c847259e
	- fabricloader 0.19.3
	- java 25
	- minecraft 26.2
	- mixinextras 0.5.4
	- powers 1.0.2
[00:57:28] [main/INFO] (FabricLoader/Mixin) SpongePowered MIXIN Subsystem Version=0.8.7 Source=file:/Users/james/.gradle/caches/modules-2/files-2.1/net.fabricmc/sponge-mixin/0.17.3+mixin.0.8.7/41c4a3984a80f4679e759fb9f495587acc5cdac7/sponge-mixin-0.17.3+mixin.0.8.7.jar Service=Knot/Fabric Env=SERVER
[00:57:28] [main/INFO] (FabricLoader/Mixin) Compatibility level set to JAVA_25
[00:57:28] [main/INFO] (FabricLoader/MixinExtras|Service) Initializing MixinExtras via com.llamalad7.mixinextras.service.MixinExtrasServiceImpl(version=0.5.4).
[00:57:31] [main/INFO] (powers) Loaded rank mazes: 28 light nodes, 28 darkness nodes
[00:57:31] [main/INFO] (powers) Magic collision kernel loaded: 64 actions, 2080 exhaustive interactions
[00:57:31] [main/INFO] (powers) POWERS framework initialized with 23 power(s)
[00:57:31] [main/INFO] (Minecraft) Environment: Environment[sessionHost=https://sessionserver.mojang.com, servicesHost=https://api.minecraftservices.com, profilesHost=https://api.mojang.com, name=PROD]
[00:57:32] [Worker-Main-5/INFO] (Minecraft) No existing world data, creating new world
[00:57:32] [main/INFO] (Minecraft) Loaded 1605 recipes
[00:57:32] [main/INFO] (Minecraft) Loaded 1713 advancements
[00:57:32] [main/INFO] (powers) Loaded 14 Shadow knowledge entries
[00:57:32] [main/INFO] (BiomeModificationImpl) Applied 0 biome modifications to 0 of 69 new biomes in 586.5 μs
[00:57:32] [Server thread/INFO] (Minecraft) Starting minecraft server version 26.2
[00:57:32] [Server thread/INFO] (Minecraft) Loading properties
[00:57:32] [Server thread/INFO] (Minecraft) Default game type: SURVIVAL
[00:57:32] [Server thread/INFO] (Minecraft) Generating keypair
[00:57:32] [Server thread/INFO] (Minecraft) Starting Minecraft server on *:25565
[00:57:32] [Server thread/WARN] (Minecraft) **** SERVER IS RUNNING IN OFFLINE/INSECURE MODE!
[00:57:32] [Server thread/WARN] (Minecraft) The server will make no attempt to authenticate usernames. Beware.
[00:57:32] [Server thread/WARN] (Minecraft) While this makes the game possible to play without internet access, it also opens up the ability for hackers to connect with any username they choose.
[00:57:32] [Server thread/WARN] (Minecraft) To change this, set "online-mode" to "true" in the server.properties file.
[00:57:32] [Server thread/INFO] (Minecraft) Preparing level "world"
[00:57:32] [Server thread/INFO] (Minecraft) Selecting global world spawn...
[00:57:34] [Server thread/INFO] (Minecraft) Loading 0 persistent chunks...
[00:57:34] [Server thread/INFO] (Minecraft) Preparing spawn area: 100%
[00:57:34] [Server thread/INFO] (Minecraft) Time elapsed: 1382 ms
[00:57:34] [Server thread/INFO] (Minecraft) Done (1.516s)! For help, type "help"
[00:57:34] [Server thread/INFO] (Minecraft) Saving chunks for level 'ServerLevel[world]'/minecraft:overworld
[00:57:34] [Server thread/INFO] (Minecraft) Saving chunks for level 'ServerLevel[world]'/powers:middleworld
[00:57:34] [Server thread/INFO] (Minecraft) Saving chunks for level 'ServerLevel[world]'/powers:dark_realm
[00:57:34] [Server thread/INFO] (Minecraft) Saving chunks for level 'ServerLevel[world]'/powers:light_realm
[00:57:34] [Server thread/INFO] (Minecraft) Saving chunks for level 'ServerLevel[world]'/minecraft:the_nether
[00:57:34] [Server thread/INFO] (Minecraft) Saving chunks for level 'ServerLevel[world]'/minecraft:the_end
[00:57:34] [Server thread/INFO] (Minecraft) ThreadedAnvilChunkStorage (world): All chunks are saved
[00:57:34] [Server thread/INFO] (Minecraft) ThreadedAnvilChunkStorage (middleworld): All chunks are saved
[00:57:34] [Server thread/INFO] (Minecraft) ThreadedAnvilChunkStorage (dark_realm): All chunks are saved
[00:57:34] [Server thread/INFO] (Minecraft) ThreadedAnvilChunkStorage (light_realm): All chunks are saved
[00:57:34] [Server thread/INFO] (Minecraft) ThreadedAnvilChunkStorage (DIM-1): All chunks are saved
[00:57:34] [Server thread/INFO] (Minecraft) ThreadedAnvilChunkStorage (DIM1): All chunks are saved
[00:57:34] [Server thread/INFO] (Minecraft) ThreadedAnvilChunkStorage: All dimensions are saved
[00:58:02] [Server thread/INFO] (Minecraft) SmokeTest[/127.0.0.1:55343] logged in with entity id 33 at (5.5, 96.0, -7.5)
[00:58:02] [Server thread/INFO] (Minecraft) [Dormant] SmokeTest joined the game
[00:58:12] [Server thread/INFO] (Minecraft) Made SmokeTest a server operator
[00:58:17] [Server thread/INFO] (powers) powers_operator_audit action=testing_control result=success actor=[Dormant]_SmokeTest subject=SmokeTest detail=all_disabled
[00:58:18] [Server thread/INFO] (Minecraft) [[Dormant] SmokeTest: Set own game mode to Creative Mode]
[00:58:19] [Server thread/INFO] (Minecraft) [[Dormant] SmokeTest: Teleported [Dormant] SmokeTest to 0.500000, 101.000000, 0.500000]
[00:58:20] [Server thread/INFO] (Minecraft) [[Dormant] SmokeTest: Successfully filled 625 block(s)]
[00:58:21] [Server thread/INFO] (Minecraft) [[Dormant] SmokeTest: Successfully filled 14 block(s)]
[00:58:22] [Server thread/INFO] (Minecraft) [[Dormant] SmokeTest: Added tag 'darkness' to [Dormant] SmokeTest]
[00:58:23] [Server thread/INFO] (Minecraft) [[Dormant] SmokeTest: Granted 11 advancements to [Dormant] SmokeTest]
[00:58:25] [Server thread/INFO] (Minecraft) [[Unmarked] SmokeTest: Replaced a slot on [Unmarked] SmokeTest with [The Verdant Canticle]]
[00:58:31] [Server thread/INFO] (Minecraft) [[Unmarked] SmokeTest: Replaced a slot on [Unmarked] SmokeTest with [Rainbow Crystal]]
[00:58:38] [Server thread/INFO] (Minecraft) [[Unmarked] SmokeTest: Replaced a slot on [Unmarked] SmokeTest with [Shadow Sword]]
[00:58:43] [Server thread/INFO] (Minecraft) [Not Secure] [[Unmarked] SmokeTest] QA_BLIGHT_PRESENT
[00:58:45] [Server thread/INFO] (Minecraft) [[Unmarked] SmokeTest: Replaced a slot on [Unmarked] SmokeTest with [Diamond Sword]]
[00:58:46] [Server thread/INFO] (Minecraft) [[Unmarked] SmokeTest: Summoned new {"text":"CombatTarget"}]
[00:59:08] [Server thread/INFO] (Minecraft) Named entity Zombie['{"text":"CombatTarget"}'/795, l='ServerLevel[world]', x=0.50, y=101.00, z=3.50] died: {"text":"CombatTarget"} burned to death
[00:59:25] [Server thread/INFO] (Minecraft) SmokeTest lost connection: Disconnected
[00:59:25] [Server thread/INFO] (Minecraft) [Unmarked] SmokeTest left the game
[00:59:31] [Server thread/INFO] (Minecraft) Stopping the server
[00:59:31] [Server thread/INFO] (Minecraft) Stopping server
[00:59:31] [Server thread/INFO] (Minecraft) Saving players
[00:59:31] [Server thread/INFO] (Minecraft) Saving worlds
[00:59:31] [Server thread/INFO] (Minecraft) Saving chunks for level 'ServerLevel[world]'/minecraft:overworld
[00:59:31] [Server thread/INFO] (Minecraft) Saving chunks for level 'ServerLevel[world]'/powers:middleworld
[00:59:31] [Server thread/INFO] (Minecraft) Saving chunks for level 'ServerLevel[world]'/powers:dark_realm
[00:59:31] [Server thread/INFO] (Minecraft) Saving chunks for level 'ServerLevel[world]'/powers:light_realm
[00:59:31] [Server thread/INFO] (Minecraft) Saving chunks for level 'ServerLevel[world]'/minecraft:the_nether
[00:59:31] [Server thread/INFO] (Minecraft) Saving chunks for level 'ServerLevel[world]'/minecraft:the_end
[00:59:31] [Server thread/INFO] (Minecraft) ThreadedAnvilChunkStorage (world): All chunks are saved
[00:59:31] [Server thread/INFO] (Minecraft) ThreadedAnvilChunkStorage (middleworld): All chunks are saved
[00:59:31] [Server thread/INFO] (Minecraft) ThreadedAnvilChunkStorage (dark_realm): All chunks are saved
[00:59:31] [Server thread/INFO] (Minecraft) ThreadedAnvilChunkStorage (light_realm): All chunks are saved
[00:59:31] [Server thread/INFO] (Minecraft) ThreadedAnvilChunkStorage (DIM-1): All chunks are saved
[00:59:31] [Server thread/INFO] (Minecraft) ThreadedAnvilChunkStorage (DIM1): All chunks are saved
[00:59:31] [Server thread/INFO] (Minecraft) ThreadedAnvilChunkStorage: All dimensions are saved
