[06:20:48] [main/INFO] (FabricLoader/GameProvider) Loading Minecraft 26.2 with Fabric Loader 0.19.3
[06:20:48] [main/INFO] (FabricLoader/Mappings) Mappings not present!
[06:20:48] [main/INFO] (FabricLoader) Loading 51 mods:
	- fabric-api 0.156.0+26.2
	- fabric-api-base 2.0.4+ece063239e
	- fabric-api-lookup-api-v1 2.0.17+11e1c9a39e
	- fabric-biome-api-v1 18.0.6+c7bd5b8e9e
	- fabric-block-api-v1 3.0.3+ec56b6019e
	- fabric-block-getter-api-v2 2.0.7+ec56b6019e
	- fabric-client-gametest-api-v1 6.0.0+515ac5339e
	- fabric-command-api-v2 3.1.0+00cb03469e
	- fabric-content-registries-v0 11.3.0+d0a699d09e
	- fabric-convention-tags-v2 4.7.0+1f023a9e9e
	- fabric-crash-report-info-v1 1.0.5+086d547a9e
	- fabric-creative-tab-api-v1 5.0.14+d871b99e9e
	- fabric-data-attachment-api-v1 2.2.18+515ac5339e
	- fabric-data-generation-api-v1 25.5.0+aed122aa9e
	- fabric-debug-api-v1 1.0.2+c792624d9e
	- fabric-dimensions-v1 5.1.11+515ac5339e
	- fabric-entity-events-v1 5.0.5+06488ac19e
	- fabric-events-interaction-v0 5.2.7+515ac5339e
	- fabric-game-rule-api-v1 4.0.8+46a6d00c9e
	- fabric-gametest-api-v1 4.0.21+4a7fa0819e
	- fabric-item-api-v1 14.4.0+49a69a7b9e
	- fabric-key-mapping-api-v1 2.0.5+e2bdee789e
	- fabric-lifecycle-events-v1 4.1.3+4575b05f9e
	- fabric-loot-api-v3 3.0.17+06488ac19e
	- fabric-menu-api-v1 2.0.16+086d547a9e
	- fabric-message-api-v1 7.0.7+086d547a9e
	- fabric-model-loading-api-v1 8.0.16+c80601bb9e
	- fabric-networking-api-v1 6.3.3+72073ef09e
	- fabric-object-builder-api-v1 24.1.0+6fcd5f039e
	- fabric-particles-v1 5.0.18+d1756aa99e
	- fabric-permission-api-v1 1.0.4+536fad2f9e
	- fabric-recipe-api-v1 9.0.20+11e1c9a39e
	- fabric-registry-sync-v0 7.1.0+c7bd5b8e9e
	- fabric-renderer-api-v1 14.1.3+2b0d8a229e
	- fabric-renderer-indigo 9.1.3+2b0d8a229e
	- fabric-rendering-fluids-v1 6.0.4+06488ac19e
	- fabric-rendering-v1 25.3.2+515ac5339e
	- fabric-resource-conditions-api-v1 6.1.0+10e9a28b9e
	- fabric-resource-loader-v0 3.3.20+4fc5413f9e
	- fabric-resource-loader-v1 2.0.13+9edec1269e
	- fabric-screen-api-v1 5.1.0+48e3c0b09e
	- fabric-serialization-api-v1 2.0.4+11a26f319e
	- fabric-sound-api-v1 2.0.5+11a26f319e
	- fabric-tag-api-v1 2.1.4+515ac5339e
	- fabric-transfer-api-v1 8.0.12+11dbb7d79e
	- fabric-transitive-access-wideners-v1 8.1.4+67c847259e
	- fabricloader 0.19.3
	- java 25
	- minecraft 26.2
	- mixinextras 0.5.4
	- powers 1.0.2
[06:20:48] [main/INFO] (FabricLoader/Mixin) SpongePowered MIXIN Subsystem Version=0.8.7 Source=file:/Users/james/.gradle/caches/modules-2/files-2.1/net.fabricmc/sponge-mixin/0.17.3+mixin.0.8.7/41c4a3984a80f4679e759fb9f495587acc5cdac7/sponge-mixin-0.17.3+mixin.0.8.7.jar Service=Knot/Fabric Env=CLIENT
[06:20:48] [main/INFO] (FabricLoader/Mixin) Compatibility level set to JAVA_25
[06:20:49] [main/INFO] (FabricLoader/MixinExtras|Service) Initializing MixinExtras via com.llamalad7.mixinextras.service.MixinExtrasServiceImpl(version=0.5.4).
[06:20:49] [Datafixer Bootstrap #0/INFO] (Minecraft) 295 Datafixer optimizations took 176 milliseconds
[06:20:52] [Render thread/INFO] (Minecraft) Environment: Environment[sessionHost=https://sessionserver.mojang.com, servicesHost=https://api.minecraftservices.com, profilesHost=https://api.mojang.com, name=PROD]
[06:20:52] [Render thread/INFO] (Minecraft) Setting user: LightCaster
[06:20:52] [Render thread/INFO] (powers) Loaded rank mazes: 28 light nodes, 28 darkness nodes
[06:20:52] [Render thread/INFO] (powers) Magic collision kernel loaded: 64 actions, 2080 exhaustive interactions
[06:20:52] [Render thread/INFO] (powers) POWERS framework initialized with 23 power(s)
[06:20:52] [Render thread/INFO] (Indigo) [Indigo] Registering Indigo renderer!
[06:20:52] [Download-2/ERROR] (Minecraft) Failed to fetch user properties
com.mojang.authlib.exceptions.InvalidCredentialsException: Status: 401
	at knot//com.mojang.authlib.exceptions.MinecraftClientHttpException.toAuthenticationException(MinecraftClientHttpException.java:70)
	at knot//com.mojang.authlib.yggdrasil.YggdrasilUserApiService.fetchProperties(YggdrasilUserApiService.java:173)
	at knot//net.minecraft.client.Minecraft.lambda$new$1(Minecraft.java:418)
	at java.base/java.util.concurrent.CompletableFuture$AsyncSupply.run(CompletableFuture.java:1789)
	at java.base/java.util.concurrent.ThreadPoolExecutor.runWorker(ThreadPoolExecutor.java:1090)
	at java.base/java.util.concurrent.ThreadPoolExecutor$Worker.run(ThreadPoolExecutor.java:614)
	at java.base/java.lang.Thread.run(Thread.java:1474)
Caused by: MinecraftClientHttpException[type=HTTP_ERROR, status=401, response=ErrorResponse[path=/player/attributes, error=null, errorMessage=null, details=null]]
	at knot//com.mojang.authlib.minecraft.client.MinecraftClient.buildHttpException(MinecraftClient.java:170)
	at knot//com.mojang.authlib.minecraft.client.MinecraftClient.readServiceResponse(MinecraftClient.java:147)
	at knot//com.mojang.authlib.minecraft.client.MinecraftClient.getWithEtag(MinecraftClient.java:81)
	at knot//com.mojang.authlib.minecraft.client.MinecraftClient.get(MinecraftClient.java:65)
	at knot//com.mojang.authlib.yggdrasil.YggdrasilUserApiService.fetchProperties(YggdrasilUserApiService.java:123)
	... 5 more
[06:20:52] [Render thread/INFO] (Minecraft) Backend library: LWJGL version 3.4.1-snapshot
[06:20:53] [Render thread/INFO] (Minecraft) Using graphics backend OpenGL, using drivers: 4.1 Metal - 90.5
[06:20:53] [Render thread/INFO] (Minecraft) Using graphics device: Apple M3 Pro (Apple)
[06:20:53] [Render thread/INFO] (Minecraft) Using graphics device extensions: GL_ARB_draw_indirect, GL_EXT_texture_filter_anisotropic
[06:20:53] [Download-2/INFO] (Minecraft) Could not authorize you against Realms server: java.lang.RuntimeException: Failed to parse into SignedJWT: FabricMC
[06:20:53] [Download-2/ERROR] (Minecraft) Failed to fetch Realms feature flags
com.mojang.realmsclient.exception.RealmsServiceException: Realms authentication error with message 'java.lang.RuntimeException: Failed to parse into SignedJWT: FabricMC'
	at knot//com.mojang.realmsclient.client.RealmsClient.execute(RealmsClient.java:509)
	at knot//com.mojang.realmsclient.client.RealmsClient.fetchFeatureFlags(RealmsClient.java:159)
	at java.base/java.util.concurrent.CompletableFuture$AsyncSupply.run(CompletableFuture.java:1789)
	at java.base/java.util.concurrent.ThreadPoolExecutor.runWorker(ThreadPoolExecutor.java:1090)
	at java.base/java.util.concurrent.ThreadPoolExecutor$Worker.run(ThreadPoolExecutor.java:614)
	at java.base/java.lang.Thread.run(Thread.java:1474)
[06:20:53] [Render thread/INFO] (Minecraft) Reloading ResourceManager: vanilla, fabric-api, fabric-api-base, fabric-api-lookup-api-v1, fabric-biome-api-v1, fabric-block-api-v1, fabric-block-getter-api-v2, fabric-client-gametest-api-v1, fabric-command-api-v2, fabric-content-registries-v0, fabric-convention-tags-v2, fabric-crash-report-info-v1, fabric-creative-tab-api-v1, fabric-data-attachment-api-v1, fabric-data-generation-api-v1, fabric-debug-api-v1, fabric-dimensions-v1, fabric-entity-events-v1, fabric-events-interaction-v0, fabric-game-rule-api-v1, fabric-gametest-api-v1, fabric-item-api-v1, fabric-key-mapping-api-v1, fabric-lifecycle-events-v1, fabric-loot-api-v3, fabric-menu-api-v1, fabric-message-api-v1, fabric-model-loading-api-v1, fabric-networking-api-v1, fabric-object-builder-api-v1, fabric-particles-v1, fabric-permission-api-v1, fabric-recipe-api-v1, fabric-registry-sync-v0, fabric-renderer-api-v1, fabric-renderer-indigo, fabric-rendering-fluids-v1, fabric-rendering-v1, fabric-resource-conditions-api-v1, fabric-resource-loader-v0, fabric-resource-loader-v1, fabric-screen-api-v1, fabric-serialization-api-v1, fabric-sound-api-v1, fabric-tag-api-v1, fabric-transfer-api-v1, fabric-transitive-access-wideners-v1, fabricloader, powers
[06:20:54] [Worker-Main-2/INFO] (Minecraft) Found unifont_all_no_pua-17.0.01.hex, loading
[06:20:54] [Worker-Main-10/INFO] (Minecraft) Found unifont_pua-17.0.01.hex, loading
[06:20:54] [Worker-Main-8/INFO] (Minecraft) Found unifont_jp_patch-17.0.01.hex, loading
[06:20:55] [Render thread/INFO] (Minecraft) Info log when linking program containing VS minecraft:core/entity and FS minecraft:core/entity. Log output: WARNING: Could not find vertex shader attribute 'UV1' to match BindAttributeLocation request.

[06:20:55] [Render thread/INFO] (Minecraft) Info log when linking program containing VS minecraft:core/rendertype_beacon_beam and FS minecraft:core/rendertype_beacon_beam. Log output: WARNING: Could not find vertex shader attribute 'UV2' to match BindAttributeLocation request.

[06:20:55] [Render thread/INFO] (Minecraft) Info log when linking program containing VS minecraft:core/entity and FS minecraft:core/entity. Log output: WARNING: Could not find vertex shader attribute 'UV1' to match BindAttributeLocation request.

[06:20:55] [Render thread/INFO] (Minecraft) Info log when linking program containing VS minecraft:core/rendertype_beacon_beam and FS minecraft:core/rendertype_beacon_beam. Log output: WARNING: Could not find vertex shader attribute 'UV2' to match BindAttributeLocation request.

[06:20:55] [Render thread/INFO] (Minecraft) Info log when linking program containing VS minecraft:core/entity and FS minecraft:core/entity. Log output: WARNING: Could not find vertex shader attribute 'UV1' to match BindAttributeLocation request.
WARNING: Could not find vertex shader attribute 'Normal' to match BindAttributeLocation request.
WARNING: Could not find vertex shader attribute 'UV2' to match BindAttributeLocation request.

[06:20:55] [Render thread/INFO] (Minecraft) Info log when linking program containing VS minecraft:core/entity and FS minecraft:core/entity. Log output: WARNING: Could not find vertex shader attribute 'UV1' to match BindAttributeLocation request.

[06:20:55] [Render thread/INFO] (Minecraft) Info log when linking program containing VS minecraft:core/entity and FS minecraft:core/entity. Log output: WARNING: Could not find vertex shader attribute 'UV2' to match BindAttributeLocation request.

[06:20:55] [Render thread/INFO] (Minecraft) Info log when linking program containing VS minecraft:core/rendertype_entity_shadow and FS minecraft:core/rendertype_entity_shadow. Log output: WARNING: Could not find vertex shader attribute 'UV1' to match BindAttributeLocation request.
WARNING: Could not find vertex shader attribute 'Normal' to match BindAttributeLocation request.
WARNING: Could not find vertex shader attribute 'UV2' to match BindAttributeLocation request.

[06:20:55] [Render thread/INFO] (Minecraft) Info log when linking program containing VS minecraft:core/animate_sprite and FS minecraft:core/animate_sprite_blit. Log output: WARNING: Output of vertex shader 'fAnimationProgress' not read by fragment shader

[06:20:55] [Render thread/INFO] (Minecraft) Info log when linking program containing VS minecraft:core/entity and FS minecraft:core/entity. Log output: WARNING: Could not find vertex shader attribute 'UV1' to match BindAttributeLocation request.
WARNING: Could not find vertex shader attribute 'Normal' to match BindAttributeLocation request.

[06:20:55] [Render thread/INFO] (Minecraft) Info log when linking program containing VS minecraft:core/entity and FS minecraft:core/entity. Log output: WARNING: Could not find vertex shader attribute 'UV1' to match BindAttributeLocation request.
WARNING: Could not find vertex shader attribute 'Normal' to match BindAttributeLocation request.
WARNING: Could not find vertex shader attribute 'UV2' to match BindAttributeLocation request.

[06:20:55] [Render thread/INFO] (Minecraft) Info log when linking program containing VS minecraft:core/entity and FS minecraft:core/entity. Log output: WARNING: Could not find vertex shader attribute 'UV1' to match BindAttributeLocation request.

[06:20:55] [Render thread/INFO] (Minecraft) Info log when linking program containing VS minecraft:core/entity and FS minecraft:core/entity. Log output: WARNING: Could not find vertex shader attribute 'UV1' to match BindAttributeLocation request.

[06:20:55] [Render thread/INFO] (Minecraft) Info log when linking program containing VS minecraft:core/rendertype_crumbling and FS minecraft:core/rendertype_crumbling. Log output: WARNING: Could not find vertex shader attribute 'UV2' to match BindAttributeLocation request.

[06:20:55] [Render thread/INFO] (Minecraft) OpenAL initialized on device MacBook Pro Speakers
[06:20:55] [Render thread/INFO] (Minecraft) Sound engine started
[06:20:55] [Render thread/INFO] (Minecraft) Created: 512x256x0 minecraft:textures/atlas/particles.png-atlas
[06:20:55] [Render thread/INFO] (Minecraft) Created: 128x128x0 minecraft:textures/atlas/decorated_pot.png-atlas
[06:20:55] [Render thread/INFO] (Minecraft) Created: 2048x1024x0 minecraft:textures/atlas/armor_trims.png-atlas
[06:20:55] [Render thread/INFO] (Minecraft) Created: 512x256x0 minecraft:textures/atlas/paintings.png-atlas
[06:20:55] [Render thread/INFO] (Minecraft) Created: 1024x512x0 minecraft:textures/atlas/shield_patterns.png-atlas
[06:20:55] [Render thread/INFO] (Minecraft) Created: 2048x2048x4 minecraft:textures/atlas/blocks.png-atlas
[06:20:55] [Render thread/INFO] (Minecraft) Created: 512x512x0 minecraft:textures/atlas/chest.png-atlas
[06:20:55] [Render thread/INFO] (Minecraft) Created: 256x128x0 minecraft:textures/atlas/celestials.png-atlas
[06:20:55] [Render thread/INFO] (Minecraft) Created: 1024x512x0 minecraft:textures/atlas/banner_patterns.png-atlas
[06:20:55] [Render thread/INFO] (Minecraft) Created: 2048x2048x0 minecraft:textures/atlas/items.png-atlas
[06:20:55] [Render thread/INFO] (Minecraft) Created: 1024x1024x0 minecraft:textures/atlas/gui.png-atlas
[06:20:55] [Render thread/INFO] (Minecraft) Created: 128x64x0 minecraft:textures/atlas/map_decorations.png-atlas
[06:20:55] [Render thread/INFO] (Minecraft) Created: 512x512x0 minecraft:textures/atlas/shulker_boxes.png-atlas
[06:20:55] [Render thread/INFO] (Minecraft) Connecting to 127.0.0.1, 25565
[06:20:55] [Download-1/ERROR] (Minecraft) Failed to retrieve profile key pair
MinecraftClientHttpException[type=HTTP_ERROR, status=401, response=ErrorResponse[path=/player/certificates, error=null, errorMessage=null, details=null]]
	at knot//com.mojang.authlib.minecraft.client.MinecraftClient.buildHttpException(MinecraftClient.java:170)
	at knot//com.mojang.authlib.minecraft.client.MinecraftClient.readServiceResponse(MinecraftClient.java:147)
	at knot//com.mojang.authlib.minecraft.client.MinecraftClient.post(MinecraftClient.java:89)
	at knot//com.mojang.authlib.yggdrasil.YggdrasilUserApiService.getKeyPair(YggdrasilUserApiService.java:62)
	at knot//net.minecraft.client.multiplayer.AccountProfileKeyPairManager.fetchProfileKeyPair(AccountProfileKeyPairManager.java:119)
	at knot//net.minecraft.client.multiplayer.AccountProfileKeyPairManager.lambda$readOrFetchProfileKeyPair$0(AccountProfileKeyPairManager.java:72)
	at java.base/java.util.concurrent.CompletableFuture$AsyncSupply.run(CompletableFuture.java:1789)
	at java.base/java.util.concurrent.ThreadPoolExecutor.runWorker(ThreadPoolExecutor.java:1090)
	at java.base/java.util.concurrent.ThreadPoolExecutor$Worker.run(ThreadPoolExecutor.java:614)
	at java.base/java.lang.Thread.run(Thread.java:1474)
[06:20:57] [Render thread/INFO] (Minecraft) Loaded 68 advancements
[06:20:57] [Render thread/INFO] (powers) QA client role=exact-light-7548160 loaded 117 scripted steps
[06:20:57] [Render thread/INFO] (Minecraft) Resizing Dynamic Transforms UBO, capacity limit of 2 reached during a single frame. New capacity will be 4.
[06:20:57] [Render thread/INFO] (Minecraft) Resizing Dynamic Transforms UBO, capacity limit of 4 reached during a single frame. New capacity will be 8.
[06:20:57] [Render thread/INFO] (Minecraft) Resizing Dynamic Transforms UBO, capacity limit of 8 reached during a single frame. New capacity will be 16.
[06:20:57] [Render thread/INFO] (Minecraft) Resizing Chunk Sections UBO, capacity limit of 2 reached during a single frame. New capacity will be 4.
[06:20:58] [Render thread/INFO] (powers) QA client role=exact-light-7548160 connected as LightCaster to 127.0.0.1:25565
[06:21:03] [Render thread/INFO] (powers) QA client role=exact-light-7548160 captured its connected-world evidence
[06:21:03] [Render thread/INFO] (Minecraft) [System] [CHAT] Saved screenshot as 2026-08-14_06.21.03.png
[06:21:08] [Render thread/INFO] (powers) QA client role=exact-light-7548160 executed CLOSE [screen] at connected tick 220
[06:21:09] [Render thread/INFO] (powers) QA client role=exact-light-7548160 executed COMMAND [powers testing on] at connected tick 240
[06:21:09] [Render thread/INFO] (Minecraft) [System] [CHAT] Testing limits — energy: DISABLED, cooldowns: DISABLED
[06:21:10] [Render thread/INFO] (powers) QA client role=exact-light-7548160 executed COMMAND [gamemode survival @s] at connected tick 260
[06:21:11] [Render thread/INFO] (powers) QA client role=exact-light-7548160 executed COMMAND [effect give @s minecraft:resistance 999999 255 true] at connected tick 280
[06:21:11] [Render thread/INFO] (Minecraft) [System] [CHAT] Applied effect Resistance to [Dormant] LightCaster
[06:21:12] [Render thread/INFO] (powers) QA client role=exact-light-7548160 executed COMMAND [tag @s remove darkness] at connected tick 300
[06:21:12] [Render thread/INFO] (Minecraft) [System] [CHAT] Target does not have this tag
[06:21:13] [Render thread/INFO] (powers) QA client role=exact-light-7548160 executed COMMAND [advancement grant @s through powers:skill/level_10] at connected tick 320
[06:21:13] [Render thread/INFO] (Minecraft) [System] [CHAT] Couldn't grant 11 advancements to [Dormant] LightCaster as they already have them
[06:21:14] [Render thread/INFO] (powers) QA client role=exact-light-7548160 executed COMMAND [tp @s 1630.5 101 1630.5 0 0] at connected tick 340
[06:21:14] [Render thread/INFO] (Minecraft) [System] [CHAT] Teleported [Dormant] LightCaster to 1630.500000, 101.000000, 1630.500000
[06:21:14] [Render thread/INFO] (Minecraft) Resizing Chunk Sections UBO, capacity limit of 4 reached during a single frame. New capacity will be 8.
[06:21:14] [Render thread/INFO] (Minecraft) Resizing Chunk Sections UBO, capacity limit of 8 reached during a single frame. New capacity will be 16.
[06:21:14] [Render thread/INFO] (Minecraft) Resizing Chunk Sections UBO, capacity limit of 16 reached during a single frame. New capacity will be 32.
[06:21:14] [Render thread/INFO] (Minecraft) Resizing Chunk Sections UBO, capacity limit of 32 reached during a single frame. New capacity will be 64.
[06:21:14] [Render thread/INFO] (Minecraft) Resizing Chunk Sections UBO, capacity limit of 64 reached during a single frame. New capacity will be 128.
[06:21:15] [Render thread/INFO] (Minecraft) Resizing Chunk Sections UBO, capacity limit of 128 reached during a single frame. New capacity will be 256.
[06:21:15] [Render thread/INFO] (Minecraft) Resizing Chunk Sections UBO, capacity limit of 256 reached during a single frame. New capacity will be 512.
[06:21:15] [Render thread/INFO] (powers) QA client role=exact-light-7548160 executed COMMAND [item replace entity @s weapon.mainhand with powers:heavenly_partisan] at connected tick 360
[06:21:15] [Render thread/INFO] (Minecraft) [System] [CHAT] Replaced a slot on [Dormant] LightCaster with [Heavenly Partisan]
[06:21:17] [Render thread/INFO] (powers) QA client role=exact-light-7548160 executed ARTIFACT [light innate/flight -1] at connected tick 400
[06:21:18] [Render thread/INFO] (powers) QA client role=exact-light-7548160 executed KEY [forward on] at connected tick 420
[06:21:18] [Render thread/INFO] (powers) QA client role=exact-light-7548160 executed KEY [sprint on] at connected tick 420
[06:21:18] [Render thread/INFO] (powers) QA client role=exact-light-7548160 executed KEY [jump on] at connected tick 420
[06:21:22] [Render thread/INFO] (powers) QA client role=exact-light-7548160 executed KEY [jump off] at connected tick 500
[06:21:23] [Render thread/INFO] (powers) QA client role=exact-light-7548160 executed KEY [forward off] at connected tick 520
[06:21:23] [Render thread/INFO] (powers) QA client role=exact-light-7548160 executed KEY [sprint off] at connected tick 520
[06:21:24] [Render thread/INFO] (powers) QA client role=exact-light-7548160 executed COMMAND [data get entity @s Motion] at connected tick 540
[06:21:24] [Render thread/INFO] (Minecraft) [System] [CHAT] [Dormant] LightCaster has the following entity data: [0.0d, 0.0d, 0.0d]
[06:21:25] [Render thread/INFO] (powers) QA client role=exact-light-7548160 executed COMMAND [data get entity @s abilities] at connected tick 560
[06:21:25] [Render thread/INFO] (Minecraft) [System] [CHAT] [Dormant] LightCaster has the following entity data: {invulnerable: 0b, mayfly: 0b, instabuild: 0b, walkSpeed: 0.1f, mayBuild: 1b, flying: 0b, flySpeed: 0.05f}
[06:21:26] [Render thread/INFO] (powers) QA client role=exact-light-7548160 executed SCREENSHOT [partisan-flight] at connected tick 580
[06:21:26] [Render thread/INFO] (Minecraft) [System] [CHAT] Saved screenshot as 2026-08-14_06.21.26.png
[06:21:27] [Render thread/INFO] (powers) QA client role=exact-light-7548160 executed ARTIFACT [light innate/flight -1] at connected tick 600
[06:21:29] [Render thread/INFO] (powers) QA client role=exact-light-7548160 executed COMMAND [kill @e[name=LightTarget]] at connected tick 640
[06:21:29] [Render thread/INFO] (Minecraft) [System] [CHAT] No entity was found
[06:21:30] [Render thread/INFO] (powers) QA client role=exact-light-7548160 executed COMMAND [powers testing actor spawn LightTarget] at connected tick 660
[06:21:30] [Render thread/INFO] (Minecraft) [System] [CHAT] Spawned test actor: LightTarget
[06:21:31] [Render thread/INFO] (powers) QA client role=exact-light-7548160 executed COMMAND [tp @e[name=LightTarget,limit=1] 1630.5 101 1636.5] at connected tick 680
[06:21:31] [Render thread/INFO] (Minecraft) [System] [CHAT] Teleported LightTarget to 1630.500000, 101.000000, 1636.500000
[06:21:32] [Render thread/INFO] (powers) QA client role=exact-light-7548160 executed COMMAND [data merge entity @e[name=LightTarget,limit=1] {NoAI:1b,NoGravity:1b,Glowing:1b,PersistenceRequired:1b}] at connected tick 700
[06:21:32] [Render thread/INFO] (Minecraft) [System] [CHAT] No entity was found
[06:21:33] [Render thread/INFO] (powers) QA client role=exact-light-7548160 executed COMMAND [tp @s 1630.5 101 1630.5 0 0] at connected tick 720
[06:21:33] [Render thread/INFO] (Minecraft) [System] [CHAT] Teleported [Dormant] LightCaster to 1630.500000, 101.000000, 1630.500000
[06:21:34] [Render thread/INFO] (powers) QA client role=exact-light-7548160 executed COMMAND [data get entity @e[name=LightTarget,limit=1] Health] at connected tick 740
[06:21:34] [Render thread/INFO] (Minecraft) [System] [CHAT] No entity was found
[06:21:35] [Render thread/INFO] (powers) QA client role=exact-light-7548160 executed ARTIFACT [light innate/starfall -1] at connected tick 760
[06:21:39] [Render thread/INFO] (powers) QA client role=exact-light-7548160 executed COMMAND [data get entity @e[name=LightTarget,limit=1] Health] at connected tick 840
[06:21:39] [Render thread/INFO] (Minecraft) [System] [CHAT] No entity was found
[06:21:40] [Render thread/INFO] (powers) QA client role=exact-light-7548160 executed SCREENSHOT [partisan-starfall] at connected tick 860
[06:21:40] [Render thread/INFO] (Minecraft) [System] [CHAT] Saved screenshot as 2026-08-14_06.21.40.png
[06:21:42] [Render thread/INFO] (powers) QA client role=exact-light-7548160 executed COMMAND [data get entity @e[name=LightTarget,limit=1] Health] at connected tick 900
[06:21:42] [Render thread/INFO] (Minecraft) [System] [CHAT] No entity was found
[06:21:43] [Render thread/INFO] (powers) QA client role=exact-light-7548160 executed ARTIFACT [light innate/lightning_strike -1] at connected tick 920
[06:21:44] [Render thread/INFO] (powers) QA client role=exact-light-7548160 executed SCREENSHOT [partisan-lightning-telegraph] at connected tick 940
[06:21:44] [Render thread/INFO] (Minecraft) [System] [CHAT] Saved screenshot as 2026-08-14_06.21.44.png
[06:21:46] [Render thread/INFO] (powers) QA client role=exact-light-7548160 executed COMMAND [data get entity @e[name=LightTarget,limit=1] Health] at connected tick 980
[06:21:46] [Render thread/INFO] (Minecraft) [System] [CHAT] No entity was found
[06:21:47] [Render thread/INFO] (powers) QA client role=exact-light-7548160 executed SCREENSHOT [partisan-lightning-impact] at connected tick 1000
[06:21:47] [Render thread/INFO] (Minecraft) [System] [CHAT] Saved screenshot as 2026-08-14_06.21.47.png
[06:21:49] [Render thread/INFO] (powers) QA client role=exact-light-7548160 executed ARTIFACT [light innate/thunderclap -1] at connected tick 1040
[06:21:51] [Render thread/INFO] (powers) QA client role=exact-light-7548160 executed COMMAND [data get entity @e[name=LightTarget,limit=1] Motion] at connected tick 1080
[06:21:51] [Render thread/INFO] (Minecraft) [System] [CHAT] No entity was found
[06:21:52] [Render thread/INFO] (powers) QA client role=exact-light-7548160 executed COMMAND [data get entity @e[name=LightTarget,limit=1] Health] at connected tick 1100
[06:21:52] [Render thread/INFO] (Minecraft) [System] [CHAT] No entity was found
[06:21:53] [Render thread/INFO] (powers) QA client role=exact-light-7548160 executed SCREENSHOT [partisan-thunderclap] at connected tick 1120
[06:21:53] [Render thread/INFO] (Minecraft) [System] [CHAT] Saved screenshot as 2026-08-14_06.21.53.png
[06:21:55] [Render thread/INFO] (powers) QA client role=exact-light-7548160 executed COMMAND [kill @e[name=LightTarget]] at connected tick 1160
[06:21:55] [Render thread/INFO] (Minecraft) [System] [CHAT] No entity was found
[06:21:56] [Render thread/INFO] (powers) QA client role=exact-light-7548160 executed COMMAND [powers testing actor spawn LightTarget] at connected tick 1180
[06:21:56] [Render thread/INFO] (Minecraft) [System] [CHAT] Spawned test actor: LightTarget
[06:21:57] [Render thread/INFO] (powers) QA client role=exact-light-7548160 executed COMMAND [tp @e[name=LightTarget,limit=1] 1630.5 101 1636.5] at connected tick 1200
[06:21:57] [Render thread/INFO] (Minecraft) [System] [CHAT] Teleported LightTarget to 1630.500000, 101.000000, 1636.500000
[06:21:58] [Render thread/INFO] (powers) QA client role=exact-light-7548160 executed COMMAND [data merge entity @e[name=LightTarget,limit=1] {NoAI:1b,NoGravity:1b,Glowing:1b,PersistenceRequired:1b}] at connected tick 1220
[06:21:58] [Render thread/INFO] (Minecraft) [System] [CHAT] Modified entity data of LightTarget
[06:21:59] [Render thread/INFO] (powers) QA client role=exact-light-7548160 executed COMMAND [tp @s 1630.5 101 1630.5 0 0] at connected tick 1240
[06:21:59] [Render thread/INFO] (Minecraft) [System] [CHAT] Teleported [Dormant] LightCaster to 1630.500000, 101.000000, 1630.500000
[06:22:00] [Render thread/INFO] (powers) QA client role=exact-light-7548160 executed ARTIFACT [light innate/energy_beam -1] at connected tick 1260
[06:22:03] [Render thread/INFO] (powers) QA client role=exact-light-7548160 executed COMMAND [data get entity @e[name=LightTarget,limit=1] Health] at connected tick 1320
[06:22:03] [Render thread/INFO] (Minecraft) [System] [CHAT] LightTarget has the following entity data: 100.0f
[06:22:04] [Render thread/INFO] (powers) QA client role=exact-light-7548160 executed SCREENSHOT [partisan-energy-beam] at connected tick 1340
[06:22:04] [Render thread/INFO] (Minecraft) [System] [CHAT] Saved screenshot as 2026-08-14_06.22.04.png
[06:22:06] [Render thread/INFO] (powers) QA client role=exact-light-7548160 executed COMMAND [data merge entity @s {Health:20.0f}] at connected tick 1380
[06:22:06] [Render thread/INFO] (Minecraft) [System] [CHAT] Nothing changed. The specified properties already have these values
[06:22:07] [Render thread/INFO] (powers) QA client role=exact-light-7548160 executed ARTIFACT [light innate/forcefield -1] at connected tick 1400
[06:22:08] [Render thread/INFO] (powers) QA client role=exact-light-7548160 executed COMMAND [effect clear @s minecraft:resistance] at connected tick 1420
[06:22:08] [Render thread/INFO] (Minecraft) [System] [CHAT] Removed effect Resistance from [Dormant] LightCaster
[06:22:09] [Render thread/INFO] (powers) QA client role=exact-light-7548160 executed COMMAND [damage @s 1000 minecraft:generic] at connected tick 1440
[06:22:09] [Render thread/INFO] (Minecraft) [System] [CHAT] Target is invulnerable to the given damage type
[06:22:10] [Render thread/INFO] (powers) QA client role=exact-light-7548160 executed COMMAND [data get entity @s Health] at connected tick 1460
[06:22:10] [Render thread/INFO] (Minecraft) [System] [CHAT] [Dormant] LightCaster has the following entity data: 20.0f
[06:22:11] [Render thread/INFO] (powers) QA client role=exact-light-7548160 executed SCREENSHOT [partisan-forcefield-sacrifice] at connected tick 1480
[06:22:11] [Render thread/INFO] (Minecraft) [System] [CHAT] Saved screenshot as 2026-08-14_06.22.11.png
[06:22:12] [Render thread/INFO] (powers) QA client role=exact-light-7548160 executed COMMAND [effect give @s minecraft:resistance 999999 255 true] at connected tick 1500
[06:22:12] [Render thread/INFO] (Minecraft) [System] [CHAT] Applied effect Resistance to [Dormant] LightCaster
[06:22:14] [Render thread/INFO] (powers) QA client role=exact-light-7548160 executed COMMAND [setblock 1620 100 1620 minecraft:farmland] at connected tick 1540
[06:22:14] [Render thread/INFO] (Minecraft) [System] [CHAT] Changed the block at 1620, 100, 1620
[06:22:15] [Render thread/INFO] (powers) QA client role=exact-light-7548160 executed COMMAND [setblock 1620 101 1620 minecraft:wheat[age=0]] at connected tick 1560
[06:22:15] [Render thread/INFO] (Minecraft) [System] [CHAT] Changed the block at 1620, 101, 1620
[06:22:16] [Render thread/INFO] (powers) QA client role=exact-light-7548160 executed COMMAND [tp @s 1620.5 101 1617.5 0 28] at connected tick 1580
[06:22:16] [Render thread/INFO] (Minecraft) [System] [CHAT] Teleported [Dormant] LightCaster to 1620.500000, 101.000000, 1617.500000
[06:22:17] [Render thread/INFO] (powers) QA client role=exact-light-7548160 executed ARTIFACT [light innate/plant_healing_acceleration -1] at connected tick 1600
[06:22:19] [Render thread/INFO] (powers) QA client role=exact-light-7548160 executed COMMAND [execute unless block 1620 101 1620 minecraft:wheat[age=0] run say PARTISAN_PLANT_GREW] at connected tick 1640
[06:22:19] [Render thread/INFO] (Minecraft) [System] [CHAT] [[Dormant] LightCaster] PARTISAN_PLANT_GREW
[06:22:20] [Render thread/INFO] (powers) QA client role=exact-light-7548160 executed SCREENSHOT [partisan-plant] at connected tick 1660
[06:22:20] [Render thread/INFO] (Minecraft) [System] [CHAT] Saved screenshot as 2026-08-14_06.22.20.png
[06:22:22] [Render thread/INFO] (powers) QA client role=exact-light-7548160 executed COMMAND [attribute @s minecraft:max_health base set 20] at connected tick 1700
[06:22:22] [Render thread/INFO] (Minecraft) [System] [CHAT] The base value for attribute Max Health for entity LightCaster set to 20.0
[06:22:23] [Render thread/INFO] (powers) QA client role=exact-light-7548160 executed ARTIFACT [light innate/double_health -1] at connected tick 1720
[06:22:24] [Render thread/INFO] (powers) QA client role=exact-light-7548160 executed COMMAND [attribute @s minecraft:max_health get] at connected tick 1740
[06:22:24] [Render thread/INFO] (Minecraft) [System] [CHAT] The value of attribute Max Health for entity LightCaster is 40.0
[06:22:25] [Render thread/INFO] (powers) QA client role=exact-light-7548160 executed SCREENSHOT [partisan-double-health] at connected tick 1760
[06:22:25] [Render thread/INFO] (Minecraft) [System] [CHAT] Saved screenshot as 2026-08-14_06.22.25.png
[06:22:26] [Render thread/INFO] (powers) QA client role=exact-light-7548160 executed ARTIFACT [light innate/double_health -1] at connected tick 1780
[06:22:27] [Render thread/INFO] (powers) QA client role=exact-light-7548160 executed COMMAND [attribute @s minecraft:max_health get] at connected tick 1800
[06:22:27] [Render thread/INFO] (Minecraft) [System] [CHAT] The value of attribute Max Health for entity LightCaster is 20.0
[06:22:29] [Render thread/INFO] (powers) QA client role=exact-light-7548160 executed COMMAND [tp @s 1608.5 101 1608.5 0 90] at connected tick 1840
[06:22:29] [Render thread/INFO] (Minecraft) [System] [CHAT] Teleported [Dormant] LightCaster to 1608.500000, 101.000000, 1608.500000
[06:22:30] [Render thread/INFO] (powers) QA client role=exact-light-7548160 executed ARTIFACT [light crystal/creativity_manifestation -1] at connected tick 1860
[06:22:32] [Render thread/INFO] (powers) QA client role=exact-light-7548160 executed COMMAND [execute if block 1606 101 1608 minecraft:orange_concrete run say PARTISAN_CREATION_PRESENT] at connected tick 1900
[06:22:32] [Render thread/INFO] (Minecraft) [System] [CHAT] [[Dormant] LightCaster] PARTISAN_CREATION_PRESENT
[06:22:33] [Render thread/INFO] (powers) QA client role=exact-light-7548160 executed SCREENSHOT [partisan-creativity] at connected tick 1920
[06:22:33] [Render thread/INFO] (Minecraft) [System] [CHAT] Saved screenshot as 2026-08-14_06.22.33.png
[06:22:35] [Render thread/INFO] (powers) QA client role=exact-light-7548160 executed ARTIFACT [light crystal/life_bloom -1] at connected tick 1960
[06:22:37] [Render thread/INFO] (powers) QA client role=exact-light-7548160 executed COMMAND [data get entity @s active_effects] at connected tick 2000
[06:22:37] [Render thread/INFO] (Minecraft) [System] [CHAT] [Dormant] LightCaster has the following entity data: [{duration: 560, show_icon: 1b, ambient: 1b, id: "minecraft:saturation", show_particles: 0b}, {duration: 19999480, show_icon: 0b, amplifier: -1b, id: "minecraft:resistance", show_particles: 0b}, {duration: 560, show_icon: 1b, amplifier: 3b, ambient: 1b, id: "minecraft:absorption", show_particles: 0b}, {duration: 560, show_icon: 1b, amplifier: 4b, ambient: 1b, id: "minecraft:regeneration", show_particles: 0b}]
[06:22:38] [Render thread/INFO] (powers) QA client role=exact-light-7548160 executed SCREENSHOT [partisan-life-bloom] at connected tick 2020
[06:22:38] [Render thread/INFO] (Minecraft) [System] [CHAT] Saved screenshot as 2026-08-14_06.22.38.png
[06:22:40] [Render thread/INFO] (powers) QA client role=exact-light-7548160 executed ARTIFACT [light crystal/light_crystal -1] at connected tick 2060
[06:22:46] [Render thread/INFO] (powers) QA client role=exact-light-7548160 executed COMMAND [data get entity @s Dimension] at connected tick 2180
[06:22:46] [Render thread/INFO] (Minecraft) [System] [CHAT] [Dormant] LightCaster has the following entity data: "powers:light_realm"
[06:22:47] [Render thread/INFO] (powers) QA client role=exact-light-7548160 executed SCREENSHOT [partisan-light-realm] at connected tick 2200
[06:22:47] [Render thread/INFO] (Minecraft) [System] [CHAT] Saved screenshot as 2026-08-14_06.22.47.png
[06:22:49] [Render thread/INFO] (powers) QA client role=exact-light-7548160 executed ARTIFACT [light crystal/light_crystal -1] at connected tick 2240
[06:22:49] [Render thread/WARN] (Minecraft) Received passengers for unknown entity
[06:22:55] [Render thread/INFO] (powers) QA client role=exact-light-7548160 executed COMMAND [data get entity @s Dimension] at connected tick 2360
[06:22:55] [Render thread/INFO] (Minecraft) [System] [CHAT] [Dormant] LightCaster has the following entity data: "minecraft:overworld"
[06:22:57] [Render thread/INFO] (powers) QA client role=exact-light-7548160 executed COMMAND [tp @s 1640.5 101 1640.5 0 0] at connected tick 2400
[06:22:57] [Render thread/INFO] (Minecraft) [System] [CHAT] Teleported [Dormant] LightCaster to 1640.500000, 101.000000, 1640.500000
[06:22:58] [Render thread/INFO] (powers) QA client role=exact-light-7548160 executed COMMAND [kill @e[type=powers:radiant_sentinel]] at connected tick 2420
[06:22:58] [Render thread/INFO] (Minecraft) [System] [CHAT] No entity was found
[06:22:59] [Render thread/INFO] (powers) QA client role=exact-light-7548160 executed ARTIFACT [light dominion/call_radiant -1] at connected tick 2440
[06:23:01] [Render thread/INFO] (powers) QA client role=exact-light-7548160 executed COMMAND [execute if entity @e[type=powers:radiant_sentinel,distance=..16] run say PARTISAN_RADIANT_PRESENT] at connected tick 2480
[06:23:01] [Render thread/INFO] (Minecraft) [System] [CHAT] [[Dormant] LightCaster] PARTISAN_RADIANT_PRESENT
[06:23:02] [Render thread/INFO] (powers) QA client role=exact-light-7548160 executed COMMAND [data get entity @e[type=powers:radiant_sentinel,sort=nearest,limit=1] Pos] at connected tick 2500
[06:23:02] [Render thread/INFO] (Minecraft) [System] [CHAT] Radiant Sentinel has the following entity data: [1643.5d, 101.0d, 1639.7435855849449d]
[06:23:03] [Render thread/INFO] (powers) QA client role=exact-light-7548160 executed SCREENSHOT [partisan-call-radiant] at connected tick 2520
[06:23:03] [Render thread/INFO] (Minecraft) [System] [CHAT] Saved screenshot as 2026-08-14_06.23.03.png
[06:23:05] [Render thread/INFO] (powers) QA client role=exact-light-7548160 executed ARTIFACT [light dominion/consecrate_ground -1] at connected tick 2560
[06:23:09] [Render thread/INFO] (powers) QA client role=exact-light-7548160 executed COMMAND [powers diagnose] at connected tick 2640
[06:23:09] [Render thread/INFO] (Minecraft) [System] [CHAT] magic=716/36 cells; spellFields=0 (cap/tick 32); artifactFields=0
[06:23:09] [Render thread/INFO] (Minecraft) [System] [CHAT] forces=13707; clashes=0; auraCaps=512/player,4096/level; guardians=4
[06:23:09] [Render thread/INFO] (Minecraft) [System] [CHAT] proxies=0; travelLoads=0; celestialEvents=0; forcedChunks=0
[06:23:09] [Render thread/INFO] (Minecraft) [System] [CHAT] lastTick: packets=2; particles=36; entityInspections=0
[06:23:09] [Render thread/INFO] (Minecraft) [System] [CHAT] configValidation: revision=1; adjustments=0; retained=0; dropped=0
[06:23:09] [Render thread/INFO] (Minecraft) [System] [CHAT] operatorAudit: total=2
[06:23:09] [Render thread/INFO] (Minecraft) [System] [CHAT] operatorAudit action=testing_control; result=success; count=2
[06:23:09] [Render thread/INFO] (Minecraft) [System] [CHAT] Energy history: spent=0 restored=0 net=0
[06:23:09] [Render thread/INFO] (Minecraft) [System] [CHAT] physicalRays=0; rayCollisionsThisTick=0; shadowSessions=0; revealedShadowBodies=0
[06:23:09] [Render thread/INFO] (Minecraft) [System] [CHAT] shadowBodies=0 (hidden=0, revealed=0); tasks=0; energy=0; rites=0; toggles=0; casts=0; conjurations=0; planner=0; contexts=0; targetProfiles=0; creditWindows=0; forcedChunks=0; leaks=0
[06:23:09] [Render thread/INFO] (Minecraft) [System] [CHAT] realmBuilds=12; containment=0 (cap/tick 256); invasions=0/64; concord=0/0
[06:23:09] [Render thread/INFO] (Minecraft) [System] [CHAT] index=spellFields; dimension=minecraft:overworld; q=1486; candidates=0; misses=1486; stale=0; fallbackScans=0; memory~=0B
[06:23:09] [Render thread/INFO] (Minecraft) [System] [CHAT] index=artifactFields; dimension=minecraft:overworld; q=0; candidates=0; misses=0; stale=0; fallbackScans=0; memory~=0B
[06:23:09] [Render thread/INFO] (Minecraft) [System] [CHAT] index=amethystNatural; dimension=minecraft:overworld; q=397; candidates=0; misses=397; stale=44; fallbackScans=97; memory~=4240B
[06:23:09] [Render thread/INFO] (Minecraft) [System] [CHAT] index=amethystWards; dimension=minecraft:overworld; q=0; candidates=0; misses=0; stale=0; fallbackScans=0; memory~=0B
[06:23:09] [Render thread/INFO] (Minecraft) [System] [CHAT] index=namedTargets; dimension=minecraft:overworld; q=0; candidates=0; misses=0; stale=0; fallbackScans=0; memory~=174B
[06:23:09] [Render thread/INFO] (Minecraft) [System] [CHAT] index=livingForces; dimension=minecraft:overworld; q=100614; candidates=693611; misses=100412; stale=0; fallbackScans=0; memory~=660240B
[06:23:09] [Render thread/INFO] (Minecraft) [System] [CHAT] index=spellFields; dimension=minecraft:the_end; q=0; candidates=0; misses=0; stale=0; fallbackScans=0; memory~=0B
[06:23:09] [Render thread/INFO] (Minecraft) [System] [CHAT] index=artifactFields; dimension=minecraft:the_end; q=0; candidates=0; misses=0; stale=0; fallbackScans=0; memory~=0B
[06:23:09] [Render thread/INFO] (Minecraft) [System] [CHAT] index=amethystNatural; dimension=minecraft:the_end; q=0; candidates=0; misses=0; stale=0; fallbackScans=0; memory~=0B
[06:23:09] [Render thread/INFO] (Minecraft) [System] [CHAT] index=amethystWards; dimension=minecraft:the_end; q=0; candidates=0; misses=0; stale=0; fallbackScans=0; memory~=0B
[06:23:09] [Render thread/INFO] (Minecraft) [System] [CHAT] index=namedTargets; dimension=minecraft:the_end; q=0; candidates=0; misses=0; stale=0; fallbackScans=0; memory~=0B
[06:23:09] [Render thread/INFO] (Minecraft) [System] [CHAT] index=livingForces; dimension=minecraft:the_end; q=0; candidates=0; misses=0; stale=0; fallbackScans=0; memory~=0B
[06:23:09] [Render thread/INFO] (Minecraft) [System] [CHAT] index=spellFields; dimension=minecraft:the_nether; q=0; candidates=0; misses=0; stale=0; fallbackScans=0; memory~=0B
[06:23:09] [Render thread/INFO] (Minecraft) [System] [CHAT] index=artifactFields; dimension=minecraft:the_nether; q=0; candidates=0; misses=0; stale=0; fallbackScans=0; memory~=0B
[06:23:09] [Render thread/INFO] (Minecraft) [System] [CHAT] index=amethystNatural; dimension=minecraft:the_nether; q=0; candidates=0; misses=0; stale=0; fallbackScans=0; memory~=0B
[06:23:09] [Render thread/INFO] (Minecraft) [System] [CHAT] index=amethystWards; dimension=minecraft:the_nether; q=0; candidates=0; misses=0; stale=0; fallbackScans=0; memory~=0B
[06:23:09] [Render thread/INFO] (Minecraft) [System] [CHAT] index=namedTargets; dimension=minecraft:the_nether; q=0; candidates=0; misses=0; stale=0; fallbackScans=0; memory~=0B
[06:23:09] [Render thread/INFO] (Minecraft) [System] [CHAT] index=livingForces; dimension=minecraft:the_nether; q=0; candidates=0; misses=0; stale=0; fallbackScans=0; memory~=0B
[06:23:09] [Render thread/INFO] (Minecraft) [System] [CHAT] index=spellFields; dimension=powers:dark_realm; q=4; candidates=0; misses=4; stale=0; fallbackScans=0; memory~=0B
[06:23:09] [Render thread/INFO] (Minecraft) [System] [CHAT] index=artifactFields; dimension=powers:dark_realm; q=0; candidates=0; misses=0; stale=0; fallbackScans=0; memory~=0B
[06:23:09] [Render thread/INFO] (Minecraft) [System] [CHAT] index=amethystNatural; dimension=powers:dark_realm; q=8; candidates=0; misses=8; stale=2; fallbackScans=2; memory~=0B
[06:23:09] [Render thread/INFO] (Minecraft) [System] [CHAT] index=amethystWards; dimension=powers:dark_realm; q=0; candidates=0; misses=0; stale=0; fallbackScans=0; memory~=0B
[06:23:09] [Render thread/INFO] (Minecraft) [System] [CHAT] index=namedTargets; dimension=powers:dark_realm; q=0; candidates=0; misses=0; stale=0; fallbackScans=0; memory~=0B
[06:23:09] [Render thread/INFO] (Minecraft) [System] [CHAT] index=livingForces; dimension=powers:dark_realm; q=1004; candidates=718651; misses=502; stale=0; fallbackScans=0; memory~=0B
[06:23:09] [Render thread/INFO] (Minecraft) [System] [CHAT] index=spellFields; dimension=powers:light_realm; q=4; candidates=0; misses=4; stale=0; fallbackScans=0; memory~=0B
[06:23:09] [Render thread/INFO] (Minecraft) [System] [CHAT] index=artifactFields; dimension=powers:light_realm; q=0; candidates=0; misses=0; stale=0; fallbackScans=0; memory~=0B
[06:23:09] [Render thread/INFO] (Minecraft) [System] [CHAT] index=amethystNatural; dimension=powers:light_realm; q=9; candidates=0; misses=9; stale=2; fallbackScans=2; memory~=0B
[06:23:09] [Render thread/INFO] (Minecraft) [System] [CHAT] index=amethystWards; dimension=powers:light_realm; q=0; candidates=0; misses=0; stale=0; fallbackScans=0; memory~=0B
[06:23:09] [Render thread/INFO] (Minecraft) [System] [CHAT] index=namedTargets; dimension=powers:light_realm; q=0; candidates=0; misses=0; stale=0; fallbackScans=0; memory~=0B
[06:23:09] [Render thread/INFO] (Minecraft) [System] [CHAT] index=livingForces; dimension=powers:light_realm; q=17; candidates=10944; misses=9; stale=0; fallbackScans=0; memory~=0B
[06:23:09] [Render thread/INFO] (Minecraft) [System] [CHAT] index=spellFields; dimension=powers:middleworld; q=13; candidates=0; misses=13; stale=0; fallbackScans=0; memory~=0B
[06:23:09] [Render thread/INFO] (Minecraft) [System] [CHAT] index=artifactFields; dimension=powers:middleworld; q=0; candidates=0; misses=0; stale=0; fallbackScans=0; memory~=0B
[06:23:09] [Render thread/INFO] (Minecraft) [System] [CHAT] index=amethystNatural; dimension=powers:middleworld; q=8; candidates=0; misses=8; stale=1; fallbackScans=2; memory~=80B
[06:23:09] [Render thread/INFO] (Minecraft) [System] [CHAT] index=amethystWards; dimension=powers:middleworld; q=0; candidates=0; misses=0; stale=0; fallbackScans=0; memory~=0B
[06:23:09] [Render thread/INFO] (Minecraft) [System] [CHAT] index=namedTargets; dimension=powers:middleworld; q=0; candidates=0; misses=0; stale=0; fallbackScans=0; memory~=0B
[06:23:09] [Render thread/INFO] (Minecraft) [System] [CHAT] index=livingForces; dimension=powers:middleworld; q=39; candidates=21543; misses=19; stale=0; fallbackScans=0; memory~=0B
[06:23:09] [Render thread/INFO] (Minecraft) [System] [CHAT] travelTickets=0/64; perDimensionLimit=24; lastRefusal=none
[06:23:09] [Render thread/INFO] (Minecraft) [System] [CHAT] missingDimensions=0; droppedDistinct=0; orphanedRuinEvents=0
[06:23:09] [Render thread/INFO] (Minecraft) [System] [CHAT] questTelemetrySamples=0; publicationReadyLevels=0/20; minimumPerLevel=20
[06:23:09] [Render thread/INFO] (Minecraft) [System] [CHAT] testing: energy=disabled; cooldowns=disabled
[06:23:10] [Render thread/INFO] (powers) QA client role=exact-light-7548160 executed SCREENSHOT [partisan-consecrate-ground] at connected tick 2660
[06:23:10] [Render thread/INFO] (Minecraft) [System] [CHAT] Saved screenshot as 2026-08-14_06.23.10.png
[06:23:12] [Render thread/INFO] (powers) QA client role=exact-light-7548160 executed COMMAND [kill @e[name=CovenantTarget]] at connected tick 2700
[06:23:12] [Render thread/INFO] (Minecraft) [System] [CHAT] No entity was found
[06:23:13] [Render thread/INFO] (powers) QA client role=exact-light-7548160 executed COMMAND [powers testing actor spawn CovenantTarget] at connected tick 2720
[06:23:13] [Render thread/INFO] (Minecraft) [System] [CHAT] Spawned test actor: CovenantTarget
[06:23:14] [Render thread/INFO] (powers) QA client role=exact-light-7548160 executed COMMAND [tp @e[name=CovenantTarget,limit=1] 1640.5 101 1645.5] at connected tick 2740
[06:23:14] [Render thread/INFO] (Minecraft) [System] [CHAT] Teleported CovenantTarget to 1640.500000, 101.000000, 1645.500000
[06:23:15] [Render thread/INFO] (powers) QA client role=exact-light-7548160 executed COMMAND [data merge entity @e[name=CovenantTarget,limit=1] {NoAI:1b,NoGravity:1b,Glowing:1b,PersistenceRequired:1b}] at connected tick 2760
[06:23:15] [Render thread/INFO] (Minecraft) [System] [CHAT] Modified entity data of CovenantTarget
[06:23:16] [Render thread/INFO] (powers) QA client role=exact-light-7548160 executed COMMAND [tp @s 1640.5 101 1640.5 0 0] at connected tick 2780
[06:23:16] [Render thread/INFO] (Minecraft) [System] [CHAT] Teleported [Dormant] LightCaster to 1640.500000, 101.000000, 1640.500000
[06:23:17] [Render thread/INFO] (powers) QA client role=exact-light-7548160 executed ARTIFACT [light dominion/covenant_chain -1] at connected tick 2800
[06:23:19] [Render thread/INFO] (powers) QA client role=exact-light-7548160 executed SCREENSHOT [partisan-covenant-chain] at connected tick 2840
[06:23:19] [Render thread/INFO] (Minecraft) [System] [CHAT] Saved screenshot as 2026-08-14_06.23.19.png
[06:23:21] [Render thread/INFO] (powers) QA client role=exact-light-7548160 executed COMMAND [tag @e[name=CovenantTarget,limit=1] add darkness] at connected tick 2880
[06:23:21] [Render thread/INFO] (Minecraft) [System] [CHAT] Added tag 'darkness' to CovenantTarget
[06:23:22] [Render thread/INFO] (powers) QA client role=exact-light-7548160 executed COMMAND [data get entity @e[name=CovenantTarget,limit=1] Health] at connected tick 2900
[06:23:22] [Render thread/INFO] (Minecraft) [System] [CHAT] CovenantTarget has the following entity data: 99.0f
[06:23:23] [Render thread/INFO] (powers) QA client role=exact-light-7548160 executed ARTIFACT [light dominion/daybreak_wave -1] at connected tick 2920
[06:23:25] [Render thread/INFO] (powers) QA client role=exact-light-7548160 executed COMMAND [data get entity @e[name=CovenantTarget,limit=1] Health] at connected tick 2960
[06:23:25] [Render thread/INFO] (Minecraft) [System] [CHAT] No entity was found
[06:23:26] [Render thread/INFO] (powers) QA client role=exact-light-7548160 executed COMMAND [data get entity @e[name=CovenantTarget,limit=1] Motion] at connected tick 2980
[06:23:26] [Render thread/INFO] (Minecraft) [System] [CHAT] No entity was found
[06:23:27] [Render thread/INFO] (powers) QA client role=exact-light-7548160 executed SCREENSHOT [partisan-daybreak-wave] at connected tick 3000
[06:23:27] [Render thread/INFO] (Minecraft) [System] [CHAT] Saved screenshot as 2026-08-14_06.23.27.png
[06:23:29] [Render thread/INFO] (powers) QA client role=exact-light-7548160 executed COMMAND [tp @s 1640.5 101 1640.5 0 0] at connected tick 3040
[06:23:29] [Render thread/INFO] (Minecraft) [System] [CHAT] Teleported [Dormant] LightCaster to 1640.500000, 101.000000, 1640.500000
[06:23:30] [Render thread/INFO] (powers) QA client role=exact-light-7548160 executed ARTIFACT [light dominion/heaven_gate -1] at connected tick 3060
[06:23:32] [Render thread/INFO] (powers) QA client role=exact-light-7548160 executed SCREENSHOT [partisan-heaven-gate] at connected tick 3100
[06:23:32] [Render thread/INFO] (Minecraft) [System] [CHAT] Saved screenshot as 2026-08-14_06.23.32.png
[06:23:34] [Render thread/INFO] (powers) QA client role=exact-light-7548160 executed ARTIFACT [light dominion/solar_firmament -1] at connected tick 3140
[06:23:36] [Render thread/INFO] (powers) QA client role=exact-light-7548160 executed COMMAND [powers diagnose] at connected tick 3180
[06:23:36] [Render thread/INFO] (Minecraft) [System] [CHAT] magic=806/36 cells; spellFields=0 (cap/tick 32); artifactFields=1
[06:23:36] [Render thread/INFO] (Minecraft) [System] [CHAT] forces=14219; clashes=0; auraCaps=512/player,4096/level; guardians=4
[06:23:36] [Render thread/INFO] (Minecraft) [System] [CHAT] proxies=0; travelLoads=0; celestialEvents=0; forcedChunks=0
[06:23:36] [Render thread/INFO] (Minecraft) [System] [CHAT] lastTick: packets=0; particles=0; entityInspections=6
[06:23:36] [Render thread/INFO] (Minecraft) [System] [CHAT] configValidation: revision=1; adjustments=0; retained=0; dropped=0
[06:23:36] [Render thread/INFO] (Minecraft) [System] [CHAT] operatorAudit: total=2
[06:23:36] [Render thread/INFO] (Minecraft) [System] [CHAT] operatorAudit action=testing_control; result=success; count=2
[06:23:36] [Render thread/INFO] (Minecraft) [System] [CHAT] Energy history: spent=0 restored=0 net=0
[06:23:36] [Render thread/INFO] (Minecraft) [System] [CHAT] physicalRays=0; rayCollisionsThisTick=0; shadowSessions=0; revealedShadowBodies=0
[06:23:36] [Render thread/INFO] (Minecraft) [System] [CHAT] shadowBodies=0 (hidden=0, revealed=0); tasks=0; energy=0; rites=0; toggles=0; casts=0; conjurations=0; planner=0; contexts=0; targetProfiles=0; creditWindows=0; forcedChunks=0; leaks=0
[06:23:36] [Render thread/INFO] (Minecraft) [System] [CHAT] realmBuilds=12; containment=0 (cap/tick 256); invasions=0/64; concord=0/0
[06:23:36] [Render thread/INFO] (Minecraft) [System] [CHAT] index=spellFields; dimension=minecraft:overworld; q=1517; candidates=0; misses=1517; stale=0; fallbackScans=0; memory~=0B
[06:23:36] [Render thread/INFO] (Minecraft) [System] [CHAT] index=artifactFields; dimension=minecraft:overworld; q=0; candidates=0; misses=0; stale=0; fallbackScans=0; memory~=1808B
[06:23:36] [Render thread/INFO] (Minecraft) [System] [CHAT] index=amethystNatural; dimension=minecraft:overworld; q=428; candidates=0; misses=428; stale=44; fallbackScans=99; memory~=4400B
[06:23:36] [Render thread/INFO] (Minecraft) [System] [CHAT] index=amethystWards; dimension=minecraft:overworld; q=0; candidates=0; misses=0; stale=0; fallbackScans=0; memory~=0B
[06:23:36] [Render thread/INFO] (Minecraft) [System] [CHAT] index=namedTargets; dimension=minecraft:overworld; q=0; candidates=0; misses=0; stale=0; fallbackScans=0; memory~=174B
[06:23:36] [Render thread/INFO] (Minecraft) [System] [CHAT] index=livingForces; dimension=minecraft:overworld; q=108091; candidates=838473; misses=107766; stale=0; fallbackScans=0; memory~=684816B
[06:23:36] [Render thread/INFO] (Minecraft) [System] [CHAT] index=spellFields; dimension=minecraft:the_end; q=0; candidates=0; misses=0; stale=0; fallbackScans=0; memory~=0B
[06:23:36] [Render thread/INFO] (Minecraft) [System] [CHAT] index=artifactFields; dimension=minecraft:the_end; q=0; candidates=0; misses=0; stale=0; fallbackScans=0; memory~=0B
[06:23:36] [Render thread/INFO] (Minecraft) [System] [CHAT] index=amethystNatural; dimension=minecraft:the_end; q=0; candidates=0; misses=0; stale=0; fallbackScans=0; memory~=0B
[06:23:36] [Render thread/INFO] (Minecraft) [System] [CHAT] index=amethystWards; dimension=minecraft:the_end; q=0; candidates=0; misses=0; stale=0; fallbackScans=0; memory~=0B
[06:23:36] [Render thread/INFO] (Minecraft) [System] [CHAT] index=namedTargets; dimension=minecraft:the_end; q=0; candidates=0; misses=0; stale=0; fallbackScans=0; memory~=0B
[06:23:36] [Render thread/INFO] (Minecraft) [System] [CHAT] index=livingForces; dimension=minecraft:the_end; q=0; candidates=0; misses=0; stale=0; fallbackScans=0; memory~=0B
[06:23:36] [Render thread/INFO] (Minecraft) [System] [CHAT] index=spellFields; dimension=minecraft:the_nether; q=0; candidates=0; misses=0; stale=0; fallbackScans=0; memory~=0B
[06:23:36] [Render thread/INFO] (Minecraft) [System] [CHAT] index=artifactFields; dimension=minecraft:the_nether; q=0; candidates=0; misses=0; stale=0; fallbackScans=0; memory~=0B
[06:23:36] [Render thread/INFO] (Minecraft) [System] [CHAT] index=amethystNatural; dimension=minecraft:the_nether; q=0; candidates=0; misses=0; stale=0; fallbackScans=0; memory~=0B
[06:23:36] [Render thread/INFO] (Minecraft) [System] [CHAT] index=amethystWards; dimension=minecraft:the_nether; q=0; candidates=0; misses=0; stale=0; fallbackScans=0; memory~=0B
[06:23:36] [Render thread/INFO] (Minecraft) [System] [CHAT] index=namedTargets; dimension=minecraft:the_nether; q=0; candidates=0; misses=0; stale=0; fallbackScans=0; memory~=0B
[06:23:36] [Render thread/INFO] (Minecraft) [System] [CHAT] index=livingForces; dimension=minecraft:the_nether; q=0; candidates=0; misses=0; stale=0; fallbackScans=0; memory~=0B
[06:23:36] [Render thread/INFO] (Minecraft) [System] [CHAT] index=spellFields; dimension=powers:dark_realm; q=4; candidates=0; misses=4; stale=0; fallbackScans=0; memory~=0B
[06:23:36] [Render thread/INFO] (Minecraft) [System] [CHAT] index=artifactFields; dimension=powers:dark_realm; q=0; candidates=0; misses=0; stale=0; fallbackScans=0; memory~=0B
[06:23:36] [Render thread/INFO] (Minecraft) [System] [CHAT] index=amethystNatural; dimension=powers:dark_realm; q=8; candidates=0; misses=8; stale=2; fallbackScans=2; memory~=0B
[06:23:36] [Render thread/INFO] (Minecraft) [System] [CHAT] index=amethystWards; dimension=powers:dark_realm; q=0; candidates=0; misses=0; stale=0; fallbackScans=0; memory~=0B
[06:23:36] [Render thread/INFO] (Minecraft) [System] [CHAT] index=namedTargets; dimension=powers:dark_realm; q=0; candidates=0; misses=0; stale=0; fallbackScans=0; memory~=0B
[06:23:36] [Render thread/INFO] (Minecraft) [System] [CHAT] index=livingForces; dimension=powers:dark_realm; q=1004; candidates=718651; misses=502; stale=0; fallbackScans=0; memory~=0B
[06:23:36] [Render thread/INFO] (Minecraft) [System] [CHAT] index=spellFields; dimension=powers:light_realm; q=4; candidates=0; misses=4; stale=0; fallbackScans=0; memory~=0B
[06:23:36] [Render thread/INFO] (Minecraft) [System] [CHAT] index=artifactFields; dimension=powers:light_realm; q=0; candidates=0; misses=0; stale=0; fallbackScans=0; memory~=0B
[06:23:36] [Render thread/INFO] (Minecraft) [System] [CHAT] index=amethystNatural; dimension=powers:light_realm; q=9; candidates=0; misses=9; stale=2; fallbackScans=2; memory~=0B
[06:23:36] [Render thread/INFO] (Minecraft) [System] [CHAT] index=amethystWards; dimension=powers:light_realm; q=0; candidates=0; misses=0; stale=0; fallbackScans=0; memory~=0B
[06:23:36] [Render thread/INFO] (Minecraft) [System] [CHAT] index=namedTargets; dimension=powers:light_realm; q=0; candidates=0; misses=0; stale=0; fallbackScans=0; memory~=0B
[06:23:36] [Render thread/INFO] (Minecraft) [System] [CHAT] index=livingForces; dimension=powers:light_realm; q=17; candidates=10944; misses=9; stale=0; fallbackScans=0; memory~=0B
[06:23:36] [Render thread/INFO] (Minecraft) [System] [CHAT] index=spellFields; dimension=powers:middleworld; q=13; candidates=0; misses=13; stale=0; fallbackScans=0; memory~=0B
[06:23:36] [Render thread/INFO] (Minecraft) [System] [CHAT] index=artifactFields; dimension=powers:middleworld; q=0; candidates=0; misses=0; stale=0; fallbackScans=0; memory~=0B
[06:23:36] [Render thread/INFO] (Minecraft) [System] [CHAT] index=amethystNatural; dimension=powers:middleworld; q=8; candidates=0; misses=8; stale=1; fallbackScans=2; memory~=80B
[06:23:36] [Render thread/INFO] (Minecraft) [System] [CHAT] index=amethystWards; dimension=powers:middleworld; q=0; candidates=0; misses=0; stale=0; fallbackScans=0; memory~=0B
[06:23:36] [Render thread/INFO] (Minecraft) [System] [CHAT] index=namedTargets; dimension=powers:middleworld; q=0; candidates=0; misses=0; stale=0; fallbackScans=0; memory~=0B
[06:23:36] [Render thread/INFO] (Minecraft) [System] [CHAT] index=livingForces; dimension=powers:middleworld; q=39; candidates=21543; misses=19; stale=0; fallbackScans=0; memory~=0B
[06:23:36] [Render thread/INFO] (Minecraft) [System] [CHAT] travelTickets=0/64; perDimensionLimit=24; lastRefusal=none
[06:23:36] [Render thread/INFO] (Minecraft) [System] [CHAT] missingDimensions=0; droppedDistinct=0; orphanedRuinEvents=0
[06:23:36] [Render thread/INFO] (Minecraft) [System] [CHAT] questTelemetrySamples=0; publicationReadyLevels=0/20; minimumPerLevel=20
[06:23:36] [Render thread/INFO] (Minecraft) [System] [CHAT] testing: energy=disabled; cooldowns=disabled
[06:23:37] [Render thread/INFO] (powers) QA client role=exact-light-7548160 executed SCREENSHOT [partisan-solar-firmament] at connected tick 3200
[06:23:37] [Render thread/INFO] (Minecraft) [System] [CHAT] Saved screenshot as 2026-08-14_06.23.37.png
[06:23:39] [Render thread/INFO] (powers) QA client role=exact-light-7548160 executed ARTIFACT [light dominion/second_dawn -1] at connected tick 3240
[06:23:40] [Render thread/INFO] (powers) QA client role=exact-light-7548160 executed COMMAND [effect clear @s minecraft:resistance] at connected tick 3260
[06:23:40] [Render thread/INFO] (Minecraft) [System] [CHAT] Removed effect Resistance from [Dormant] LightCaster
[06:23:41] [Render thread/INFO] (powers) QA client role=exact-light-7548160 executed COMMAND [damage @s 1000 minecraft:generic] at connected tick 3280
[06:23:41] [Render thread/INFO] (Minecraft) [System] [CHAT] Applied 1000.0 damage to [Dormant] LightCaster
[06:23:42] [Render thread/INFO] (powers) QA client role=exact-light-7548160 executed COMMAND [data get entity @s Health] at connected tick 3300
[06:23:42] [Render thread/INFO] (Minecraft) [System] [CHAT] [Dormant] LightCaster has the following entity data: 13.0f
[06:23:43] [Render thread/INFO] (powers) QA client role=exact-light-7548160 executed SCREENSHOT [partisan-second-dawn] at connected tick 3320
[06:23:43] [Render thread/INFO] (Minecraft) [System] [CHAT] Saved screenshot as 2026-08-14_06.23.43.png
[06:23:44] [Render thread/INFO] (powers) QA client role=exact-light-7548160 executed COMMAND [effect give @s minecraft:resistance 999999 255 true] at connected tick 3340
[06:23:44] [Render thread/INFO] (Minecraft) [System] [CHAT] Applied effect Resistance to [Dormant] LightCaster
[06:23:46] [Render thread/INFO] (powers) QA client role=exact-light-7548160 executed ARTIFACT [light dominion/host_heaven -1] at connected tick 3380
[06:23:49] [Render thread/INFO] (powers) QA client role=exact-light-7548160 executed COMMAND [powers diagnose] at connected tick 3440
[06:23:49] [Render thread/INFO] (Minecraft) [System] [CHAT] magic=811/35 cells; spellFields=0 (cap/tick 32); artifactFields=1
[06:23:49] [Render thread/INFO] (Minecraft) [System] [CHAT] forces=14628; clashes=0; auraCaps=512/player,4096/level; guardians=6
[06:23:49] [Render thread/INFO] (Minecraft) [System] [CHAT] proxies=0; travelLoads=0; celestialEvents=0; forcedChunks=0
[06:23:49] [Render thread/INFO] (Minecraft) [System] [CHAT] lastTick: packets=0; particles=0; entityInspections=7
[06:23:49] [Render thread/INFO] (Minecraft) [System] [CHAT] configValidation: revision=1; adjustments=0; retained=0; dropped=0
[06:23:49] [Render thread/INFO] (Minecraft) [System] [CHAT] operatorAudit: total=2
[06:23:49] [Render thread/INFO] (Minecraft) [System] [CHAT] operatorAudit action=testing_control; result=success; count=2
[06:23:49] [Render thread/INFO] (Minecraft) [System] [CHAT] Energy history: spent=0 restored=0 net=0
[06:23:49] [Render thread/INFO] (Minecraft) [System] [CHAT] physicalRays=0; rayCollisionsThisTick=0; shadowSessions=0; revealedShadowBodies=0
[06:23:49] [Render thread/INFO] (Minecraft) [System] [CHAT] shadowBodies=0 (hidden=0, revealed=0); tasks=0; energy=0; rites=0; toggles=0; casts=0; conjurations=0; planner=0; contexts=0; targetProfiles=0; creditWindows=0; forcedChunks=0; leaks=0
[06:23:49] [Render thread/INFO] (Minecraft) [System] [CHAT] realmBuilds=12; containment=0 (cap/tick 256); invasions=0/64; concord=0/0
[06:23:49] [Render thread/INFO] (Minecraft) [System] [CHAT] index=spellFields; dimension=minecraft:overworld; q=1543; candidates=0; misses=1543; stale=0; fallbackScans=0; memory~=0B
[06:23:49] [Render thread/INFO] (Minecraft) [System] [CHAT] index=artifactFields; dimension=minecraft:overworld; q=0; candidates=0; misses=0; stale=0; fallbackScans=0; memory~=1808B
[06:23:49] [Render thread/INFO] (Minecraft) [System] [CHAT] index=amethystNatural; dimension=minecraft:overworld; q=443; candidates=0; misses=443; stale=44; fallbackScans=99; memory~=4400B
[06:23:49] [Render thread/INFO] (Minecraft) [System] [CHAT] index=amethystWards; dimension=minecraft:overworld; q=0; candidates=0; misses=0; stale=0; fallbackScans=0; memory~=0B
[06:23:49] [Render thread/INFO] (Minecraft) [System] [CHAT] index=namedTargets; dimension=minecraft:overworld; q=0; candidates=0; misses=0; stale=0; fallbackScans=0; memory~=174B
[06:23:49] [Render thread/INFO] (Minecraft) [System] [CHAT] index=livingForces; dimension=minecraft:overworld; q=111342; candidates=917317; misses=110969; stale=0; fallbackScans=0; memory~=704832B
[06:23:49] [Render thread/INFO] (Minecraft) [System] [CHAT] index=spellFields; dimension=minecraft:the_end; q=0; candidates=0; misses=0; stale=0; fallbackScans=0; memory~=0B
[06:23:49] [Render thread/INFO] (Minecraft) [System] [CHAT] index=artifactFields; dimension=minecraft:the_end; q=0; candidates=0; misses=0; stale=0; fallbackScans=0; memory~=0B
[06:23:49] [Render thread/INFO] (Minecraft) [System] [CHAT] index=amethystNatural; dimension=minecraft:the_end; q=0; candidates=0; misses=0; stale=0; fallbackScans=0; memory~=0B
[06:23:49] [Render thread/INFO] (Minecraft) [System] [CHAT] index=amethystWards; dimension=minecraft:the_end; q=0; candidates=0; misses=0; stale=0; fallbackScans=0; memory~=0B
[06:23:49] [Render thread/INFO] (Minecraft) [System] [CHAT] index=namedTargets; dimension=minecraft:the_end; q=0; candidates=0; misses=0; stale=0; fallbackScans=0; memory~=0B
[06:23:49] [Render thread/INFO] (Minecraft) [System] [CHAT] index=livingForces; dimension=minecraft:the_end; q=0; candidates=0; misses=0; stale=0; fallbackScans=0; memory~=0B
[06:23:49] [Render thread/INFO] (Minecraft) [System] [CHAT] index=spellFields; dimension=minecraft:the_nether; q=0; candidates=0; misses=0; stale=0; fallbackScans=0; memory~=0B
[06:23:49] [Render thread/INFO] (Minecraft) [System] [CHAT] index=artifactFields; dimension=minecraft:the_nether; q=0; candidates=0; misses=0; stale=0; fallbackScans=0; memory~=0B
[06:23:49] [Render thread/INFO] (Minecraft) [System] [CHAT] index=amethystNatural; dimension=minecraft:the_nether; q=0; candidates=0; misses=0; stale=0; fallbackScans=0; memory~=0B
[06:23:49] [Render thread/INFO] (Minecraft) [System] [CHAT] index=amethystWards; dimension=minecraft:the_nether; q=0; candidates=0; misses=0; stale=0; fallbackScans=0; memory~=0B
[06:23:49] [Render thread/INFO] (Minecraft) [System] [CHAT] index=namedTargets; dimension=minecraft:the_nether; q=0; candidates=0; misses=0; stale=0; fallbackScans=0; memory~=0B
[06:23:49] [Render thread/INFO] (Minecraft) [System] [CHAT] index=livingForces; dimension=minecraft:the_nether; q=0; candidates=0; misses=0; stale=0; fallbackScans=0; memory~=0B
[06:23:49] [Render thread/INFO] (Minecraft) [System] [CHAT] index=spellFields; dimension=powers:dark_realm; q=4; candidates=0; misses=4; stale=0; fallbackScans=0; memory~=0B
[06:23:49] [Render thread/INFO] (Minecraft) [System] [CHAT] index=artifactFields; dimension=powers:dark_realm; q=0; candidates=0; misses=0; stale=0; fallbackScans=0; memory~=0B
[06:23:49] [Render thread/INFO] (Minecraft) [System] [CHAT] index=amethystNatural; dimension=powers:dark_realm; q=8; candidates=0; misses=8; stale=2; fallbackScans=2; memory~=0B
[06:23:49] [Render thread/INFO] (Minecraft) [System] [CHAT] index=amethystWards; dimension=powers:dark_realm; q=0; candidates=0; misses=0; stale=0; fallbackScans=0; memory~=0B
[06:23:49] [Render thread/INFO] (Minecraft) [System] [CHAT] index=namedTargets; dimension=powers:dark_realm; q=0; candidates=0; misses=0; stale=0; fallbackScans=0; memory~=0B
[06:23:49] [Render thread/INFO] (Minecraft) [System] [CHAT] index=livingForces; dimension=powers:dark_realm; q=1004; candidates=718651; misses=502; stale=0; fallbackScans=0; memory~=0B
[06:23:49] [Render thread/INFO] (Minecraft) [System] [CHAT] index=spellFields; dimension=powers:light_realm; q=4; candidates=0; misses=4; stale=0; fallbackScans=0; memory~=0B
[06:23:49] [Render thread/INFO] (Minecraft) [System] [CHAT] index=artifactFields; dimension=powers:light_realm; q=0; candidates=0; misses=0; stale=0; fallbackScans=0; memory~=0B
[06:23:49] [Render thread/INFO] (Minecraft) [System] [CHAT] index=amethystNatural; dimension=powers:light_realm; q=9; candidates=0; misses=9; stale=2; fallbackScans=2; memory~=0B
[06:23:49] [Render thread/INFO] (Minecraft) [System] [CHAT] index=amethystWards; dimension=powers:light_realm; q=0; candidates=0; misses=0; stale=0; fallbackScans=0; memory~=0B
[06:23:49] [Render thread/INFO] (Minecraft) [System] [CHAT] index=namedTargets; dimension=powers:light_realm; q=0; candidates=0; misses=0; stale=0; fallbackScans=0; memory~=0B
[06:23:49] [Render thread/INFO] (Minecraft) [System] [CHAT] index=livingForces; dimension=powers:light_realm; q=17; candidates=10944; misses=9; stale=0; fallbackScans=0; memory~=0B
[06:23:49] [Render thread/INFO] (Minecraft) [System] [CHAT] index=spellFields; dimension=powers:middleworld; q=13; candidates=0; misses=13; stale=0; fallbackScans=0; memory~=0B
[06:23:49] [Render thread/INFO] (Minecraft) [System] [CHAT] index=artifactFields; dimension=powers:middleworld; q=0; candidates=0; misses=0; stale=0; fallbackScans=0; memory~=0B
[06:23:49] [Render thread/INFO] (Minecraft) [System] [CHAT] index=amethystNatural; dimension=powers:middleworld; q=8; candidates=0; misses=8; stale=1; fallbackScans=2; memory~=80B
[06:23:49] [Render thread/INFO] (Minecraft) [System] [CHAT] index=amethystWards; dimension=powers:middleworld; q=0; candidates=0; misses=0; stale=0; fallbackScans=0; memory~=0B
[06:23:49] [Render thread/INFO] (Minecraft) [System] [CHAT] index=namedTargets; dimension=powers:middleworld; q=0; candidates=0; misses=0; stale=0; fallbackScans=0; memory~=0B
[06:23:49] [Render thread/INFO] (Minecraft) [System] [CHAT] index=livingForces; dimension=powers:middleworld; q=39; candidates=21543; misses=19; stale=0; fallbackScans=0; memory~=0B
[06:23:49] [Render thread/INFO] (Minecraft) [System] [CHAT] travelTickets=0/64; perDimensionLimit=24; lastRefusal=none
[06:23:49] [Render thread/INFO] (Minecraft) [System] [CHAT] missingDimensions=0; droppedDistinct=0; orphanedRuinEvents=0
[06:23:49] [Render thread/INFO] (Minecraft) [System] [CHAT] questTelemetrySamples=0; publicationReadyLevels=0/20; minimumPerLevel=20
[06:23:49] [Render thread/INFO] (Minecraft) [System] [CHAT] testing: energy=disabled; cooldowns=disabled
[06:23:50] [Render thread/INFO] (powers) QA client role=exact-light-7548160 executed COMMAND [data get entity @e[type=powers:radiant_sentinel,sort=nearest,limit=1] Health] at connected tick 3460
[06:23:50] [Render thread/INFO] (Minecraft) [System] [CHAT] Radiant Sentinel has the following entity data: 240.0f
[06:23:51] [Render thread/INFO] (powers) QA client role=exact-light-7548160 executed SCREENSHOT [partisan-host-heaven] at connected tick 3480
[06:23:51] [Render thread/INFO] (Minecraft) [System] [CHAT] Saved screenshot as 2026-08-14_06.23.51.png
[06:23:53] [Render thread/INFO] (powers) QA client role=exact-light-7548160 executed COMMAND [item replace entity @s weapon.mainhand with minecraft:air] at connected tick 3520
[06:23:53] [Render thread/INFO] (Minecraft) [System] [CHAT] Replaced a slot on [Dormant] LightCaster with [Air]
[06:23:55] [Render thread/INFO] (powers) QA client role=exact-light-7548160 executed COMMAND [powers diagnose] at connected tick 3560
[06:23:55] [Render thread/INFO] (Minecraft) [System] [CHAT] magic=791/29 cells; spellFields=0 (cap/tick 32); artifactFields=0
[06:23:55] [Render thread/INFO] (Minecraft) [System] [CHAT] forces=14779; clashes=0; auraCaps=512/player,4096/level; guardians=0
[06:23:55] [Render thread/INFO] (Minecraft) [System] [CHAT] proxies=0; travelLoads=0; celestialEvents=0; forcedChunks=0
[06:23:55] [Render thread/INFO] (Minecraft) [System] [CHAT] lastTick: packets=0; particles=0; entityInspections=0
[06:23:55] [Render thread/INFO] (Minecraft) [System] [CHAT] configValidation: revision=1; adjustments=0; retained=0; dropped=0
[06:23:55] [Render thread/INFO] (Minecraft) [System] [CHAT] operatorAudit: total=2
[06:23:55] [Render thread/INFO] (Minecraft) [System] [CHAT] operatorAudit action=testing_control; result=success; count=2
[06:23:55] [Render thread/INFO] (Minecraft) [System] [CHAT] Energy history: spent=0 restored=0 net=0
[06:23:55] [Render thread/INFO] (Minecraft) [System] [CHAT] physicalRays=0; rayCollisionsThisTick=0; shadowSessions=0; revealedShadowBodies=0
[06:23:55] [Render thread/INFO] (Minecraft) [System] [CHAT] shadowBodies=0 (hidden=0, revealed=0); tasks=0; energy=0; rites=0; toggles=0; casts=0; conjurations=0; planner=0; contexts=0; targetProfiles=0; creditWindows=0; forcedChunks=0; leaks=0
[06:23:55] [Render thread/INFO] (Minecraft) [System] [CHAT] realmBuilds=12; containment=0 (cap/tick 256); invasions=0/64; concord=0/0
[06:23:55] [Render thread/INFO] (Minecraft) [System] [CHAT] index=spellFields; dimension=minecraft:overworld; q=1551; candidates=0; misses=1551; stale=0; fallbackScans=0; memory~=0B
[06:23:55] [Render thread/INFO] (Minecraft) [System] [CHAT] index=artifactFields; dimension=minecraft:overworld; q=0; candidates=0; misses=0; stale=0; fallbackScans=0; memory~=0B
[06:23:55] [Render thread/INFO] (Minecraft) [System] [CHAT] index=amethystNatural; dimension=minecraft:overworld; q=449; candidates=0; misses=449; stale=44; fallbackScans=99; memory~=4400B
[06:23:55] [Render thread/INFO] (Minecraft) [System] [CHAT] index=amethystWards; dimension=minecraft:overworld; q=0; candidates=0; misses=0; stale=0; fallbackScans=0; memory~=0B
[06:23:55] [Render thread/INFO] (Minecraft) [System] [CHAT] index=namedTargets; dimension=minecraft:overworld; q=0; candidates=0; misses=0; stale=0; fallbackScans=0; memory~=174B
[06:23:55] [Render thread/INFO] (Minecraft) [System] [CHAT] index=livingForces; dimension=minecraft:overworld; q=112883; candidates=962002; misses=112492; stale=0; fallbackScans=0; memory~=712080B
[06:23:55] [Render thread/INFO] (Minecraft) [System] [CHAT] index=spellFields; dimension=minecraft:the_end; q=0; candidates=0; misses=0; stale=0; fallbackScans=0; memory~=0B
[06:23:55] [Render thread/INFO] (Minecraft) [System] [CHAT] index=artifactFields; dimension=minecraft:the_end; q=0; candidates=0; misses=0; stale=0; fallbackScans=0; memory~=0B
[06:23:55] [Render thread/INFO] (Minecraft) [System] [CHAT] index=amethystNatural; dimension=minecraft:the_end; q=0; candidates=0; misses=0; stale=0; fallbackScans=0; memory~=0B
[06:23:55] [Render thread/INFO] (Minecraft) [System] [CHAT] index=amethystWards; dimension=minecraft:the_end; q=0; candidates=0; misses=0; stale=0; fallbackScans=0; memory~=0B
[06:23:55] [Render thread/INFO] (Minecraft) [System] [CHAT] index=namedTargets; dimension=minecraft:the_end; q=0; candidates=0; misses=0; stale=0; fallbackScans=0; memory~=0B
[06:23:55] [Render thread/INFO] (Minecraft) [System] [CHAT] index=livingForces; dimension=minecraft:the_end; q=0; candidates=0; misses=0; stale=0; fallbackScans=0; memory~=0B
[06:23:55] [Render thread/INFO] (Minecraft) [System] [CHAT] index=spellFields; dimension=minecraft:the_nether; q=0; candidates=0; misses=0; stale=0; fallbackScans=0; memory~=0B
[06:23:55] [Render thread/INFO] (Minecraft) [System] [CHAT] index=artifactFields; dimension=minecraft:the_nether; q=0; candidates=0; misses=0; stale=0; fallbackScans=0; memory~=0B
[06:23:55] [Render thread/INFO] (Minecraft) [System] [CHAT] index=amethystNatural; dimension=minecraft:the_nether; q=0; candidates=0; misses=0; stale=0; fallbackScans=0; memory~=0B
[06:23:55] [Render thread/INFO] (Minecraft) [System] [CHAT] index=amethystWards; dimension=minecraft:the_nether; q=0; candidates=0; misses=0; stale=0; fallbackScans=0; memory~=0B
[06:23:55] [Render thread/INFO] (Minecraft) [System] [CHAT] index=namedTargets; dimension=minecraft:the_nether; q=0; candidates=0; misses=0; stale=0; fallbackScans=0; memory~=0B
[06:23:55] [Render thread/INFO] (Minecraft) [System] [CHAT] index=livingForces; dimension=minecraft:the_nether; q=0; candidates=0; misses=0; stale=0; fallbackScans=0; memory~=0B
[06:23:55] [Render thread/INFO] (Minecraft) [System] [CHAT] index=spellFields; dimension=powers:dark_realm; q=4; candidates=0; misses=4; stale=0; fallbackScans=0; memory~=0B
[06:23:55] [Render thread/INFO] (Minecraft) [System] [CHAT] index=artifactFields; dimension=powers:dark_realm; q=0; candidates=0; misses=0; stale=0; fallbackScans=0; memory~=0B
[06:23:55] [Render thread/INFO] (Minecraft) [System] [CHAT] index=amethystNatural; dimension=powers:dark_realm; q=8; candidates=0; misses=8; stale=2; fallbackScans=2; memory~=0B
[06:23:55] [Render thread/INFO] (Minecraft) [System] [CHAT] index=amethystWards; dimension=powers:dark_realm; q=0; candidates=0; misses=0; stale=0; fallbackScans=0; memory~=0B
[06:23:55] [Render thread/INFO] (Minecraft) [System] [CHAT] index=namedTargets; dimension=powers:dark_realm; q=0; candidates=0; misses=0; stale=0; fallbackScans=0; memory~=0B
[06:23:55] [Render thread/INFO] (Minecraft) [System] [CHAT] index=livingForces; dimension=powers:dark_realm; q=1004; candidates=718651; misses=502; stale=0; fallbackScans=0; memory~=0B
[06:23:55] [Render thread/INFO] (Minecraft) [System] [CHAT] index=spellFields; dimension=powers:light_realm; q=4; candidates=0; misses=4; stale=0; fallbackScans=0; memory~=0B
[06:23:55] [Render thread/INFO] (Minecraft) [System] [CHAT] index=artifactFields; dimension=powers:light_realm; q=0; candidates=0; misses=0; stale=0; fallbackScans=0; memory~=0B
[06:23:55] [Render thread/INFO] (Minecraft) [System] [CHAT] index=amethystNatural; dimension=powers:light_realm; q=9; candidates=0; misses=9; stale=2; fallbackScans=2; memory~=0B
[06:23:55] [Render thread/INFO] (Minecraft) [System] [CHAT] index=amethystWards; dimension=powers:light_realm; q=0; candidates=0; misses=0; stale=0; fallbackScans=0; memory~=0B
[06:23:55] [Render thread/INFO] (Minecraft) [System] [CHAT] index=namedTargets; dimension=powers:light_realm; q=0; candidates=0; misses=0; stale=0; fallbackScans=0; memory~=0B
[06:23:55] [Render thread/INFO] (Minecraft) [System] [CHAT] index=livingForces; dimension=powers:light_realm; q=17; candidates=10944; misses=9; stale=0; fallbackScans=0; memory~=0B
[06:23:55] [Render thread/INFO] (Minecraft) [System] [CHAT] index=spellFields; dimension=powers:middleworld; q=13; candidates=0; misses=13; stale=0; fallbackScans=0; memory~=0B
[06:23:55] [Render thread/INFO] (Minecraft) [System] [CHAT] index=artifactFields; dimension=powers:middleworld; q=0; candidates=0; misses=0; stale=0; fallbackScans=0; memory~=0B
[06:23:55] [Render thread/INFO] (Minecraft) [System] [CHAT] index=amethystNatural; dimension=powers:middleworld; q=8; candidates=0; misses=8; stale=1; fallbackScans=2; memory~=80B
[06:23:55] [Render thread/INFO] (Minecraft) [System] [CHAT] index=amethystWards; dimension=powers:middleworld; q=0; candidates=0; misses=0; stale=0; fallbackScans=0; memory~=0B
[06:23:55] [Render thread/INFO] (Minecraft) [System] [CHAT] index=namedTargets; dimension=powers:middleworld; q=0; candidates=0; misses=0; stale=0; fallbackScans=0; memory~=0B
[06:23:55] [Render thread/INFO] (Minecraft) [System] [CHAT] index=livingForces; dimension=powers:middleworld; q=39; candidates=21543; misses=19; stale=0; fallbackScans=0; memory~=0B
[06:23:55] [Render thread/INFO] (Minecraft) [System] [CHAT] travelTickets=0/64; perDimensionLimit=24; lastRefusal=none
[06:23:55] [Render thread/INFO] (Minecraft) [System] [CHAT] missingDimensions=0; droppedDistinct=0; orphanedRuinEvents=0
[06:23:55] [Render thread/INFO] (Minecraft) [System] [CHAT] questTelemetrySamples=0; publicationReadyLevels=0/20; minimumPerLevel=20
[06:23:55] [Render thread/INFO] (Minecraft) [System] [CHAT] testing: energy=disabled; cooldowns=disabled
[06:23:56] [Render thread/INFO] (powers) QA client role=exact-light-7548160 executed SCREENSHOT [partisan-complete] at connected tick 3580
[06:23:56] [Render thread/INFO] (Minecraft) [System] [CHAT] Saved screenshot as 2026-08-14_06.23.56.png
