[08:34:02] [main/INFO] (FabricLoader/GameProvider) Loading Minecraft 26.2 with Fabric Loader 0.19.3
[08:34:02] [main/INFO] (FabricLoader/Mappings) Mappings not present!
[08:34:02] [main/INFO] (FabricLoader) Loading 43 mods:
	- fabric-api 0.156.0+26.2
	   |-- fabric-key-mapping-api-v1 2.0.5+e2bdee789e
	   |-- fabric-model-loading-api-v1 8.0.16+c80601bb9e
	   |-- fabric-renderer-api-v1 14.1.3+2b0d8a229e
	   |-- fabric-renderer-indigo 9.1.3+2b0d8a229e
	   |-- fabric-rendering-v1 25.3.2+515ac5339e
	   |-- fabric-screen-api-v1 5.1.0+48e3c0b09e
	   \-- fabric-sound-api-v1 2.0.5+11a26f319e
	- fabric-api-base 2.0.4+ece063239e
	- fabric-api-lookup-api-v1 2.0.17+11e1c9a39e
	- fabric-biome-api-v1 18.0.6+c7bd5b8e9e
	- fabric-block-api-v1 3.0.3+ec56b6019e
	- fabric-block-getter-api-v2 2.0.7+ec56b6019e
	- fabric-command-api-v2 3.1.0+00cb03469e
	- fabric-content-registries-v0 11.3.0+d0a699d09e
	- fabric-convention-tags-v2 4.7.0+1f023a9e9e
	- fabric-crash-report-info-v1 1.0.5+086d547a9e
	- fabric-creative-tab-api-v1 5.0.14+d871b99e9e
	- fabric-data-attachment-api-v1 2.2.18+515ac5339e
	- fabric-data-generation-api-v1 25.5.0+aed122aa9e
	- fabric-debug-api-v1 1.0.2+c792624d9e
	- fabric-dimensions-v1 5.1.11+515ac5339e
	- fabric-entity-events-v1 5.0.5+06488ac19e
	- fabric-events-interaction-v0 5.2.7+515ac5339e
	- fabric-game-rule-api-v1 4.0.8+46a6d00c9e
	- fabric-gametest-api-v1 4.0.21+4a7fa0819e
	- fabric-item-api-v1 14.4.0+49a69a7b9e
	- fabric-lifecycle-events-v1 4.1.3+4575b05f9e
	- fabric-loot-api-v3 3.0.17+06488ac19e
	- fabric-menu-api-v1 2.0.16+086d547a9e
	- fabric-message-api-v1 7.0.7+086d547a9e
	- fabric-networking-api-v1 6.3.3+72073ef09e
	- fabric-object-builder-api-v1 24.1.0+6fcd5f039e
	- fabric-particles-v1 5.0.18+d1756aa99e
	- fabric-permission-api-v1 1.0.4+536fad2f9e
	- fabric-recipe-api-v1 9.0.20+11e1c9a39e
	- fabric-registry-sync-v0 7.1.0+c7bd5b8e9e
	- fabric-rendering-fluids-v1 6.0.4+06488ac19e
	- fabric-resource-conditions-api-v1 6.1.0+10e9a28b9e
	- fabric-resource-loader-v0 3.3.20+4fc5413f9e
	- fabric-resource-loader-v1 2.0.13+9edec1269e
	- fabric-serialization-api-v1 2.0.4+11a26f319e
	- fabric-tag-api-v1 2.1.4+515ac5339e
	- fabric-transfer-api-v1 8.0.12+11dbb7d79e
	- fabric-transitive-access-wideners-v1 8.1.4+67c847259e
	- fabricloader 0.19.3
	- java 25
	- minecraft 26.2
	- mixinextras 0.5.4
	- powers 1.0.2
[08:34:02] [main/INFO] (FabricLoader/Mixin) SpongePowered MIXIN Subsystem Version=0.8.7 Source=file:/Users/james/.gradle/caches/modules-2/files-2.1/net.fabricmc/sponge-mixin/0.17.3+mixin.0.8.7/41c4a3984a80f4679e759fb9f495587acc5cdac7/sponge-mixin-0.17.3+mixin.0.8.7.jar Service=Knot/Fabric Env=SERVER
[08:34:02] [main/INFO] (FabricLoader/Mixin) Compatibility level set to JAVA_25
[08:34:03] [main/INFO] (FabricLoader/MixinExtras|Service) Initializing MixinExtras via com.llamalad7.mixinextras.service.MixinExtrasServiceImpl(version=0.5.4).
[08:34:06] [main/INFO] (powers) Loaded rank mazes: 28 light nodes, 28 darkness nodes
[08:34:06] [main/INFO] (powers) Magic collision kernel loaded: 64 actions, 2080 exhaustive interactions
[08:34:06] [main/INFO] (powers) POWERS framework initialized with 23 power(s)
[08:34:06] [main/INFO] (Minecraft) Environment: Environment[sessionHost=https://sessionserver.mojang.com, servicesHost=https://api.minecraftservices.com, profilesHost=https://api.mojang.com, name=PROD]
[08:34:06] [Worker-Main-9/INFO] (Minecraft) No existing world data, creating new world
[08:34:06] [main/INFO] (Minecraft) Loaded 1605 recipes
[08:34:06] [main/INFO] (Minecraft) Loaded 1713 advancements
[08:34:06] [main/INFO] (powers) Loaded 14 Shadow knowledge entries
[08:34:06] [main/INFO] (BiomeModificationImpl) Applied 0 biome modifications to 0 of 69 new biomes in 528.0 μs
[08:34:06] [Server thread/INFO] (Minecraft) Starting minecraft server version 26.2
[08:34:06] [Server thread/INFO] (Minecraft) Loading properties
[08:34:06] [Server thread/INFO] (Minecraft) Default game type: SURVIVAL
[08:34:06] [Server thread/INFO] (Minecraft) Generating keypair
[08:34:06] [Server thread/INFO] (Minecraft) Starting Minecraft server on *:25565
[08:34:07] [Server thread/WARN] (Minecraft) **** SERVER IS RUNNING IN OFFLINE/INSECURE MODE!
[08:34:07] [Server thread/WARN] (Minecraft) The server will make no attempt to authenticate usernames. Beware.
[08:34:07] [Server thread/WARN] (Minecraft) While this makes the game possible to play without internet access, it also opens up the ability for hackers to connect with any username they choose.
[08:34:07] [Server thread/WARN] (Minecraft) To change this, set "online-mode" to "true" in the server.properties file.
[08:34:07] [Server thread/INFO] (Minecraft) Preparing level "world"
[08:34:07] [Server thread/INFO] (Minecraft) Selecting global world spawn...
[08:34:08] [Server thread/INFO] (Minecraft) Loading 0 persistent chunks...
[08:34:08] [Server thread/INFO] (Minecraft) Preparing spawn area: 100%
[08:34:08] [Server thread/INFO] (Minecraft) Time elapsed: 1245 ms
[08:34:08] [Server thread/INFO] (Minecraft) Done (1.374s)! For help, type "help"
[08:34:08] [Server thread/INFO] (Minecraft) Saving chunks for level 'ServerLevel[world]'/minecraft:overworld
[08:34:08] [Server thread/INFO] (Minecraft) Saving chunks for level 'ServerLevel[world]'/minecraft:the_nether
[08:34:08] [Server thread/INFO] (Minecraft) Saving chunks for level 'ServerLevel[world]'/powers:light_realm
[08:34:08] [Server thread/INFO] (Minecraft) Saving chunks for level 'ServerLevel[world]'/powers:dark_realm
[08:34:08] [Server thread/INFO] (Minecraft) Saving chunks for level 'ServerLevel[world]'/powers:middleworld
[08:34:08] [Server thread/INFO] (Minecraft) Saving chunks for level 'ServerLevel[world]'/minecraft:the_end
[08:34:08] [Server thread/INFO] (Minecraft) ThreadedAnvilChunkStorage (world): All chunks are saved
[08:34:08] [Server thread/INFO] (Minecraft) ThreadedAnvilChunkStorage (DIM-1): All chunks are saved
[08:34:08] [Server thread/INFO] (Minecraft) ThreadedAnvilChunkStorage (light_realm): All chunks are saved
[08:34:08] [Server thread/INFO] (Minecraft) ThreadedAnvilChunkStorage (dark_realm): All chunks are saved
[08:34:08] [Server thread/INFO] (Minecraft) ThreadedAnvilChunkStorage (middleworld): All chunks are saved
[08:34:08] [Server thread/INFO] (Minecraft) ThreadedAnvilChunkStorage (DIM1): All chunks are saved
[08:34:08] [Server thread/INFO] (Minecraft) ThreadedAnvilChunkStorage: All dimensions are saved
[08:34:27] [Server thread/INFO] (Minecraft) Marked 81 chunks in minecraft:overworld from [-4, -4] to [4, 4] to be force loaded
[08:34:27] [Server thread/WARN] (Minecraft) Can't keep up! Is the server overloaded? Running 2535ms or 50 ticks behind
[08:34:56] [Server thread/INFO] (Minecraft) Saving the game (this may take a moment!)
[08:34:56] [Server thread/INFO] (Minecraft) ThreadedAnvilChunkStorage (world): All chunks are saved
[08:34:56] [Server thread/INFO] (Minecraft) ThreadedAnvilChunkStorage (DIM-1): All chunks are saved
[08:34:56] [Server thread/INFO] (Minecraft) ThreadedAnvilChunkStorage (light_realm): All chunks are saved
[08:34:56] [Server thread/INFO] (Minecraft) ThreadedAnvilChunkStorage (dark_realm): All chunks are saved
[08:34:56] [Server thread/INFO] (Minecraft) ThreadedAnvilChunkStorage (middleworld): All chunks are saved
[08:34:56] [Server thread/INFO] (Minecraft) ThreadedAnvilChunkStorage (DIM1): All chunks are saved
[08:34:56] [Server thread/INFO] (Minecraft) ThreadedAnvilChunkStorage: All dimensions are saved
[08:34:56] [Server thread/INFO] (Minecraft) Saved the game
[08:34:56] [Server thread/INFO] (Minecraft) Unmarked all force loaded chunks in minecraft:overworld
[08:34:56] [Server thread/INFO] (Minecraft) Saving the game (this may take a moment!)
[08:34:56] [Server thread/INFO] (Minecraft) ThreadedAnvilChunkStorage (world): All chunks are saved
[08:34:56] [Server thread/INFO] (Minecraft) ThreadedAnvilChunkStorage (DIM-1): All chunks are saved
[08:34:56] [Server thread/INFO] (Minecraft) ThreadedAnvilChunkStorage (light_realm): All chunks are saved
[08:34:56] [Server thread/INFO] (Minecraft) ThreadedAnvilChunkStorage (dark_realm): All chunks are saved
[08:34:56] [Server thread/INFO] (Minecraft) ThreadedAnvilChunkStorage (middleworld): All chunks are saved
[08:34:56] [Server thread/INFO] (Minecraft) ThreadedAnvilChunkStorage (DIM1): All chunks are saved
[08:34:56] [Server thread/INFO] (Minecraft) ThreadedAnvilChunkStorage: All dimensions are saved
[08:34:56] [Server thread/INFO] (Minecraft) Saved the game
[08:35:11] [Server thread/INFO] (Minecraft) Server empty for 60 seconds, pausing
[08:35:27] [Server thread/INFO] (Minecraft) Profile01[/127.0.0.1:62702] logged in with entity id 117 at (6.5, 78.0, 0.5)
[08:35:27] [Server thread/INFO] (Minecraft) [Dormant] Profile01 joined the game
[08:35:37] [Server thread/INFO] (Minecraft) Profile02[/127.0.0.1:62713] logged in with entity id 280 at (-1.5, 68.0, 9.5)
[08:35:37] [Server thread/INFO] (Minecraft) [Dormant] Profile02 joined the game
[08:35:47] [Server thread/INFO] (Minecraft) Profile03[/127.0.0.1:62721] logged in with entity id 284 at (3.5, 70.0, 5.5)
[08:35:47] [Server thread/INFO] (Minecraft) [Dormant] Profile03 joined the game
[08:35:57] [Server thread/INFO] (Minecraft) Profile04[/127.0.0.1:62731] logged in with entity id 287 at (-2.5, 68.0, 6.5)
[08:35:57] [Server thread/INFO] (Minecraft) [Dormant] Profile04 joined the game
[08:36:07] [Server thread/INFO] (Minecraft) Profile05[/127.0.0.1:62739] logged in with entity id 309 at (10.5, 72.0, 7.5)
[08:36:07] [Server thread/INFO] (Minecraft) [Dormant] Profile05 joined the game
[08:36:17] [Server thread/INFO] (Minecraft) Profile06[/127.0.0.1:62749] logged in with entity id 325 at (2.5, 70.0, 6.5)
[08:36:17] [Server thread/INFO] (Minecraft) [Dormant] Profile06 joined the game
[08:36:27] [Server thread/INFO] (Minecraft) Profile07[/127.0.0.1:62757] logged in with entity id 337 at (-9.5, 68.0, 0.5)
[08:36:27] [Server thread/INFO] (Minecraft) [Dormant] Profile07 joined the game
[08:36:38] [Server thread/INFO] (Minecraft) Profile08[/127.0.0.1:62767] logged in with entity id 347 at (-8.5, 69.0, -1.5)
[08:36:38] [Server thread/INFO] (Minecraft) [Dormant] Profile08 joined the game
[08:36:49] [Server thread/INFO] (Minecraft) Profile09[/127.0.0.1:62777] logged in with entity id 377 at (-3.5, 69.0, 4.5)
[08:36:49] [Server thread/INFO] (Minecraft) [Dormant] Profile09 joined the game
[08:36:59] [Server thread/INFO] (Minecraft) Profile10[/127.0.0.1:62785] logged in with entity id 394 at (10.5, 72.0, 9.5)
[08:36:59] [Server thread/INFO] (Minecraft) [Dormant] Profile10 joined the game
[08:37:18] [Server thread/INFO] (powers) powers_operator_audit action=testing_control result=success actor=[Dormant]_Profile01 subject=Profile01 detail=all_disabled
[08:37:18] [Server thread/INFO] (Minecraft) Testing limits — energy: DISABLED, cooldowns: DISABLED
[08:37:18] [Server thread/INFO] (powers) powers_operator_audit action=testing_control result=success actor=[Dormant]_Profile02 subject=Profile02 detail=all_disabled
[08:37:18] [Server thread/INFO] (Minecraft) Testing limits — energy: DISABLED, cooldowns: DISABLED
[08:37:18] [Server thread/INFO] (powers) powers_operator_audit action=testing_control result=success actor=[Dormant]_Profile03 subject=Profile03 detail=all_disabled
[08:37:18] [Server thread/INFO] (Minecraft) Testing limits — energy: DISABLED, cooldowns: DISABLED
[08:37:18] [Server thread/INFO] (powers) powers_operator_audit action=testing_control result=success actor=[Dormant]_Profile04 subject=Profile04 detail=all_disabled
[08:37:18] [Server thread/INFO] (Minecraft) Testing limits — energy: DISABLED, cooldowns: DISABLED
[08:37:18] [Server thread/INFO] (powers) powers_operator_audit action=testing_control result=success actor=[Dormant]_Profile05 subject=Profile05 detail=all_disabled
[08:37:18] [Server thread/INFO] (Minecraft) Testing limits — energy: DISABLED, cooldowns: DISABLED
[08:37:18] [Server thread/INFO] (powers) powers_operator_audit action=testing_control result=success actor=[Dormant]_Profile06 subject=Profile06 detail=all_disabled
[08:37:18] [Server thread/INFO] (Minecraft) Testing limits — energy: DISABLED, cooldowns: DISABLED
[08:37:18] [Server thread/INFO] (powers) powers_operator_audit action=testing_control result=success actor=[Dormant]_Profile07 subject=Profile07 detail=all_disabled
[08:37:18] [Server thread/INFO] (Minecraft) Testing limits — energy: DISABLED, cooldowns: DISABLED
[08:37:18] [Server thread/INFO] (powers) powers_operator_audit action=testing_control result=success actor=[Dormant]_Profile08 subject=Profile08 detail=all_disabled
[08:37:18] [Server thread/INFO] (Minecraft) Testing limits — energy: DISABLED, cooldowns: DISABLED
[08:37:18] [Server thread/INFO] (powers) powers_operator_audit action=testing_control result=success actor=[Dormant]_Profile09 subject=Profile09 detail=all_disabled
[08:37:18] [Server thread/INFO] (Minecraft) Testing limits — energy: DISABLED, cooldowns: DISABLED
[08:37:18] [Server thread/INFO] (powers) powers_operator_audit action=testing_control result=success actor=[Dormant]_Profile10 subject=Profile10 detail=all_disabled
[08:37:18] [Server thread/INFO] (Minecraft) Testing limits — energy: DISABLED, cooldowns: DISABLED
[08:37:18] [Server thread/INFO] (Minecraft) Assigned Thunderclap to slot 1 of Profile01
[08:37:18] [Server thread/INFO] (Minecraft) That power is already assigned to another slot.
[08:37:18] [Server thread/INFO] (Minecraft) Assigned Thunderclap to slot 1 of Profile03
[08:37:18] [Server thread/INFO] (Minecraft) Assigned Thunderclap to slot 1 of Profile04
[08:37:18] [Server thread/INFO] (Minecraft) Assigned Thunderclap to slot 1 of Profile05
[08:37:18] [Server thread/INFO] (Minecraft) Assigned Thunderclap to slot 1 of Profile06
[08:37:18] [Server thread/INFO] (Minecraft) Assigned Thunderclap to slot 1 of Profile07
[08:37:18] [Server thread/INFO] (Minecraft) Assigned Thunderclap to slot 1 of Profile08
[08:37:18] [Server thread/INFO] (Minecraft) Assigned Thunderclap to slot 1 of Profile09
[08:37:18] [Server thread/INFO] (Minecraft) Assigned Thunderclap to slot 1 of Profile10
[08:37:18] [Server thread/INFO] (Minecraft) Applied effect Resistance to 10 targets
[08:37:18] [Server thread/INFO] (Minecraft) The base value for attribute Knockback Resistance for entity Profile01 set to 1.0
[08:37:18] [Server thread/INFO] (Minecraft) The base value for attribute Knockback Resistance for entity Profile02 set to 1.0
[08:37:18] [Server thread/INFO] (Minecraft) The base value for attribute Knockback Resistance for entity Profile03 set to 1.0
[08:37:18] [Server thread/INFO] (Minecraft) The base value for attribute Knockback Resistance for entity Profile04 set to 1.0
[08:37:18] [Server thread/INFO] (Minecraft) The base value for attribute Knockback Resistance for entity Profile05 set to 1.0
[08:37:18] [Server thread/INFO] (Minecraft) The base value for attribute Knockback Resistance for entity Profile06 set to 1.0
[08:37:18] [Server thread/INFO] (Minecraft) The base value for attribute Knockback Resistance for entity Profile07 set to 1.0
[08:37:18] [Server thread/INFO] (Minecraft) The base value for attribute Knockback Resistance for entity Profile08 set to 1.0
[08:37:18] [Server thread/INFO] (Minecraft) The base value for attribute Knockback Resistance for entity Profile09 set to 1.0
[08:37:18] [Server thread/INFO] (Minecraft) The base value for attribute Knockback Resistance for entity Profile10 set to 1.0
[08:37:18] [Server thread/INFO] (Minecraft) Successfully filled 4225 block(s)
[08:37:18] [Server thread/INFO] (Minecraft) Teleported 10 entities to 0.500000, 100.000000, 0.500000
[08:37:18] [Server thread/INFO] (Minecraft) There are 10 of a max of 12 players online: [Dormant] Profile01, [Dormant] Profile02, [Dormant] Profile03, [Dormant] Profile04, [Dormant] Profile05, [Dormant] Profile06, [Dormant] Profile07, [Dormant] Profile08, [Dormant] Profile09, [Dormant] Profile10
[08:37:37] [Server thread/INFO] (Minecraft)   [1] Plant and Healing Acceleration - Plant and Healing Acceleration
[08:37:37] [Server thread/INFO] (Minecraft)   [2] Gravity Displacement - Gravity Displacement
[08:37:37] [Server thread/INFO] (Minecraft)   [3] Thunderclap - Thunderclap
[08:37:46] [Server thread/INFO] (Minecraft) Assigned Size Morphing to slot 3 of Profile02
[08:37:46] [Server thread/INFO] (Minecraft) Assigned Thunderclap to slot 1 of Profile02
[08:37:46] [Server thread/INFO] (Minecraft)   [1] Thunderclap - Thunderclap
[08:37:46] [Server thread/INFO] (Minecraft)   [2] Gravity Displacement - Gravity Displacement
[08:37:46] [Server thread/INFO] (Minecraft)   [3] Size Morphing - Size Morphing
[08:39:13] [Server thread/INFO] (Minecraft) [Dormant] Profile02 has made the advancement [Monster Hunter]
[08:40:50] [Server thread/INFO] (Minecraft) Started a 30 minute profile for the 10-player scenario; JFR and JSON will be written under the server's profiles directory.
[08:42:01] [Server thread/INFO] (Minecraft) Profile active=true; expectedPlayers=10; connectedPlayers=10; ticks=1441/36000; label=10p-30m
[08:44:30] [Server thread/INFO] (Minecraft) Profile active=true; expectedPlayers=10; connectedPlayers=10; ticks=4407/36000; label=10p-30m
[08:45:31] [Server thread/INFO] (Minecraft) [Dormant] Profile09 has made the advancement [Monster Hunter]
[08:46:51] [Server thread/INFO] (Minecraft) [Dormant] Profile07 has made the advancement [Monster Hunter]
[08:47:01] [Server thread/INFO] (Minecraft) [Dormant] Profile04 has made the advancement [Monster Hunter]
[08:47:45] [Server thread/INFO] (Minecraft) [Dormant] Profile10 has made the advancement [Monster Hunter]
[08:50:01] [Server thread/INFO] (Minecraft) [Dormant] Profile01 has made the advancement [Monster Hunter]
[08:50:39] [Server thread/INFO] (Minecraft) [Dormant] Profile05 has made the advancement [Monster Hunter]
[08:51:38] [Server thread/INFO] (Minecraft) Profile active=true; expectedPlayers=10; connectedPlayers=10; ticks=12981/36000; label=10p-30m
[08:52:20] [Server thread/INFO] (Minecraft) [Dormant] Profile08 has made the advancement [Monster Hunter]
[08:57:34] [Server thread/INFO] (Minecraft) Profile active=true; expectedPlayers=10; connectedPlayers=10; ticks=20087/36000; label=10p-30m
[09:02:13] [Server thread/INFO] (Minecraft) Profile active=true; expectedPlayers=10; connectedPlayers=10; ticks=25680/36000; label=10p-30m
[09:06:59] [Server thread/INFO] (Minecraft) Profile active=true; expectedPlayers=10; connectedPlayers=10; ticks=31387/36000; label=10p-30m
[09:10:49] [Server thread/INFO] (powers) Completed POWERS profile 10p-30m: p95=6.322916 ms, p99=10.928959 ms, report=/private/tmp/powers-perf-real-4b2b3b2/runtime-retry/server/profiles/connected-10p-30m.json
