To honour the JVM settings for this build a single-use Daemon process will be forked. For more on this, please refer to https://docs.gradle.org/9.5.1/userguide/gradle_daemon.html#sec:disabling_the_daemon in the Gradle documentation.
Daemon will be stopped at the end of the build

> Configure project :
Fabric Loom: 1.17.19

> Task :auditJavaSources
> Task :auditNonItemAssets
> Task :compileJava
> Task :processResources
> Task :classes
> Task :compileClientJava
> Task :processClientResources
> Task :clientClasses
> Task :compileExampleExtensionJava
> Task :processExampleExtensionResources
> Task :exampleExtensionClasses
> Task :compileGametestJava
> Task :deleteGameTestRunDir
> Task :acceptGameTestEula
> Task :generateLog4jConfig
> Task :generateDLIConfig
> Task :configureLaunch
> Task :processGametestResources
> Task :gametestClasses

> Task :runGameTest
[21:27:17] [main/INFO] (FabricLoader/GameProvider) Loading Minecraft 26.2 with Fabric Loader 0.19.3
[21:27:17] [main/INFO] (FabricLoader/Mappings) Mappings not present!
[21:27:17] [main/INFO] (FabricLoader) Loading 45 mods:
	- fabric-api 0.156.0+26.2
	   |-- fabric-key-mapping-api-v1 2.0.5+e2bdee789e
	   |-- fabric-model-loading-api-v1 8.0.16+c80601bb9e
	   |-- fabric-renderer-api-v1 14.1.3+2b0d8a229e
	   |-- fabric-renderer-indigo 9.1.3+2b0d8a229e
	   |-- fabric-rendering-v1 25.3.2+515ac5339e
	   |-- fabric-screen-api-v1 5.1.0+48e3c0b09e
	   \-- fabric-sound-api-v1 2.0.5+11a26f319e
	- fabric-api-base 2.0.4+ece063239e
	- fabric-api-lookup-api-v1 2.0.17+11e1c9a39e
	- fabric-biome-api-v1 18.0.6+c7bd5b8e9e
	- fabric-block-api-v1 3.0.3+ec56b6019e
	- fabric-block-getter-api-v2 2.0.7+ec56b6019e
	- fabric-command-api-v2 3.1.0+00cb03469e
	- fabric-content-registries-v0 11.3.0+d0a699d09e
	- fabric-convention-tags-v2 4.7.0+1f023a9e9e
	- fabric-crash-report-info-v1 1.0.5+086d547a9e
	- fabric-creative-tab-api-v1 5.0.14+d871b99e9e
	- fabric-data-attachment-api-v1 2.2.18+515ac5339e
	- fabric-data-generation-api-v1 25.5.0+aed122aa9e
	- fabric-debug-api-v1 1.0.2+c792624d9e
	- fabric-dimensions-v1 5.1.11+515ac5339e
	- fabric-entity-events-v1 5.0.5+06488ac19e
	- fabric-events-interaction-v0 5.2.7+515ac5339e
	- fabric-game-rule-api-v1 4.0.8+46a6d00c9e
	- fabric-gametest-api-v1 4.0.21+4a7fa0819e
	- fabric-item-api-v1 14.4.0+49a69a7b9e
	- fabric-lifecycle-events-v1 4.1.3+4575b05f9e
	- fabric-loot-api-v3 3.0.17+06488ac19e
	- fabric-menu-api-v1 2.0.16+086d547a9e
	- fabric-message-api-v1 7.0.7+086d547a9e
	- fabric-networking-api-v1 6.3.3+72073ef09e
	- fabric-object-builder-api-v1 24.1.0+6fcd5f039e
	- fabric-particles-v1 5.0.18+d1756aa99e
	- fabric-permission-api-v1 1.0.4+536fad2f9e
	- fabric-recipe-api-v1 9.0.20+11e1c9a39e
	- fabric-registry-sync-v0 7.1.0+c7bd5b8e9e
	- fabric-rendering-fluids-v1 6.0.4+06488ac19e
	- fabric-resource-conditions-api-v1 6.1.0+10e9a28b9e
	- fabric-resource-loader-v0 3.3.20+4fc5413f9e
	- fabric-resource-loader-v1 2.0.13+9edec1269e
	- fabric-serialization-api-v1 2.0.4+11a26f319e
	- fabric-tag-api-v1 2.1.4+515ac5339e
	- fabric-transfer-api-v1 8.0.12+11dbb7d79e
	- fabric-transitive-access-wideners-v1 8.1.4+67c847259e
	- fabricloader 0.19.3
	- java 25
	- minecraft 26.2
	- mixinextras 0.5.4
	- powers 1.0.2
	- powers-example-extension 1.0.0
	- powers-gametest 1.0.0
[21:27:17] [main/INFO] (FabricLoader/Mixin) SpongePowered MIXIN Subsystem Version=0.8.7 Source=file:<HOME>/.gradle/caches/modules-2/files-2.1/net.fabricmc/sponge-mixin/0.17.3+mixin.0.8.7/41c4a3984a80f4679e759fb9f495587acc5cdac7/sponge-mixin-0.17.3+mixin.0.8.7.jar Service=Knot/Fabric Env=SERVER
[21:27:17] [main/INFO] (FabricLoader/Mixin) Compatibility level set to JAVA_25
[21:27:17] [main/INFO] (FabricLoader/MixinExtras|Service) Initializing MixinExtras via com.llamalad7.mixinextras.service.MixinExtrasServiceImpl(version=0.5.4).
[21:27:20] [main/INFO] (powers) POWERS config validation: revision=1; adjustments=0; retained=0; dropped=0
[21:27:20] [main/INFO] (powers) Loaded rank mazes: 28 light nodes, 28 darkness nodes
[21:27:20] [main/INFO] (powers) Magic collision kernel loaded: 64 actions, 2080 exhaustive interactions
[21:27:20] [main/INFO] (powers) POWERS framework initialized with 23 power(s)
[21:27:20] [main/INFO] (Minecraft) Environment: Environment[sessionHost=https://sessionserver.mojang.com, servicesHost=https://api.minecraftservices.com, profilesHost=https://api.mojang.com, name=PROD]
[21:27:20] [main/INFO] (FabricGameTestRunner) Starting test server
[21:27:21] [main/INFO] (Minecraft) Loaded 1605 recipes
[21:27:21] [main/INFO] (Minecraft) Loaded 1713 advancements
[21:27:21] [main/INFO] (powers) Staged 2 initial action aliases until extension registration
[21:27:21] [main/INFO] (powers) Loaded 14 Shadow knowledge entries
[21:27:21] [main/INFO] (BiomeModificationImpl) Applied 0 biome modifications to 0 of 69 new biomes in 573.7 μs
[21:27:21] [Server thread/INFO] (powers) Published action registry revision 2 with 110 canonical keys and 2 aliases
[21:27:21] [Server thread/INFO] (Minecraft) Selecting global world spawn...
[21:27:21] [Server thread/INFO] (Minecraft) Loading 0 persistent chunks...
[21:27:21] [Server thread/INFO] (Minecraft) Preparing spawn area: 100%
[21:27:21] [Server thread/INFO] (Minecraft) Time elapsed: 188 ms
[21:27:21] [Server thread/INFO] (Minecraft) Started game test server
[21:27:21] [Server thread/INFO] (Minecraft) 153 tests are now running at position -12166589, -59, -1274104!
[21:27:22] [Server thread/INFO] (Minecraft) Running test environment 'qa010_hostile:isolated' batch 0 (7 tests)...
[21:27:22] [Server thread/INFO] (Minecraft) test-mock-player[embedded] logged in with entity id 1 at (0.0, 0.0, 0.0)
[21:27:22] [Server thread/INFO] (Minecraft) [Dormant] test-mock-player joined the game
[21:27:22] [Server thread/INFO] (Minecraft) test-mock-player[embedded] logged in with entity id 2 at (0.0, 0.0, 0.0)
[21:27:22] [Server thread/INFO] (Minecraft) [Dormant] test-mock-player joined the game
[21:27:22] [Server thread/INFO] (Minecraft) test-mock-player[embedded] logged in with entity id 7 at (0.0, 0.0, 0.0)
[21:27:22] [Server thread/INFO] (Minecraft) [Dormant] test-mock-player joined the game
[21:27:22] [Server thread/INFO] (Minecraft) [Dormant] test-mock-player has made the advancement [Monster Hunter]
[21:27:22] [Server thread/INFO] (Minecraft) test-mock-player[embedded] logged in with entity id 12 at (0.0, 0.0, 0.0)
[21:27:22] [Server thread/INFO] (Minecraft) [Dormant] test-mock-player joined the game
[21:27:22] [Server thread/INFO] (Minecraft) test-mock-player[embedded] logged in with entity id 13 at (0.0, 0.0, 0.0)
[21:27:22] [Server thread/INFO] (Minecraft) [Dormant] test-mock-player joined the game
[21:27:22] [Server thread/INFO] (Minecraft) test-mock-player[embedded] logged in with entity id 15 at (0.0, 0.0, 0.0)
[21:27:22] [Server thread/INFO] (Minecraft) [Dormant] test-mock-player joined the game
[21:27:22] [Server thread/INFO] (Minecraft) <test-mock-player> shadow, leave me
[21:27:22] [Server thread/INFO] (Minecraft) test-mock-player[embedded] logged in with entity id 18 at (0.0, 0.0, 0.0)
[21:27:22] [Server thread/INFO] (Minecraft) [Dormant] test-mock-player joined the game
[21:27:22] [Server thread/INFO] (Minecraft) test-mock-player[embedded] logged in with entity id 20 at (0.0, 0.0, 0.0)
[21:27:22] [Server thread/INFO] (Minecraft) [Dormant] test-mock-player joined the game
[21:27:23] [Server thread/INFO] (Minecraft) [Dormant] test-mock-player has made the advancement [We Need to Go Deeper]
[21:27:23] [Server thread/INFO] (Minecraft) [+++++_+                                                                                                                                                  ]
[21:27:23] [Server thread/INFO] (Minecraft) [+++++_+                                                                                                                                                  ]
[21:27:23] [Server thread/INFO] (Minecraft) [Dormant] test-mock-player fell out of the world
[21:27:23] [Server thread/INFO] (Minecraft) [+++++_+                                                                                                                                                  ]
[21:27:23] [Server thread/INFO] (Minecraft) [+++++_+                                                                                                                                                  ]
[21:27:23] [Server thread/INFO] (Minecraft) [+++++_+                                                                                                                                                  ]
[21:27:23] [Server thread/INFO] (Minecraft) [+++++_+                                                                                                                                                  ]
[21:27:23] [Server thread/INFO] (Minecraft) [+++++_+                                                                                                                                                  ]
[21:27:23] [Server thread/INFO] (Minecraft) Running test environment 'powers:artifact_recents_isolated' batch 0 (1 tests)...
[21:27:23] [Server thread/INFO] (Minecraft) [+++++++                                                                                                                                                  ]
[21:27:23] [Server thread/INFO] (Minecraft) [+++++++                                                                                                                                                  ]
[21:27:23] [Server thread/INFO] (Minecraft) [+++++++                                                                                                                                                  ]
[21:27:24] [Server thread/INFO] (Minecraft) [+++++++                                                                                                                                                  ]
[21:27:24] [Server thread/INFO] (Minecraft) [+++++++                                                                                                                                                  ]
[21:27:24] [Server thread/INFO] (Minecraft) test-mock-player[embedded] logged in with entity id 125 at (0.0, 0.0, 0.0)
[21:27:24] [Server thread/INFO] (Minecraft) [Dormant] test-mock-player joined the game
[21:27:24] [Server thread/INFO] (Minecraft) Running test environment 'powers:crystal_invalidation_isolated' batch 0 (1 tests)...
[21:27:24] [Server thread/INFO] (Minecraft) [++++++++                                                                                                                                                 ]
[21:27:24] [Server thread/INFO] (Minecraft) test-mock-player[embedded] logged in with entity id 132 at (0.0, 0.0, 0.0)
[21:27:24] [Server thread/INFO] (Minecraft) [Dormant] test-mock-player joined the game
[21:27:24] [Server thread/INFO] (Minecraft) Running test environment 'qa010_hostile:travel_graph' batch 0 (1 tests)...
[21:27:24] [Server thread/INFO] (Minecraft) test-mock-player[embedded] logged in with entity id 135 at (0.0, 0.0, 0.0)
[21:27:24] [Server thread/INFO] (Minecraft) [Dormant] test-mock-player joined the game
[21:27:24] [Server thread/INFO] (Minecraft) [+++++++++_                                                                                                                                               ]
[21:27:24] [Server thread/INFO] (Minecraft) [+++++++++_                                                                                                                                               ]
[21:27:24] [Server thread/INFO] (Minecraft) [+++++++++_                                                                                                                                               ]
[21:27:24] [Server thread/INFO] (Minecraft) Running test environment 'qa010_hostile:synthetic_reload' batch 0 (1 tests)...
[21:27:24] [Server thread/INFO] (Minecraft) [++++++++++                                                                                                                                               ]
[21:27:24] [Server thread/INFO] (Minecraft) test-mock-player[embedded] logged in with entity id 221 at (0.0, 0.0, 0.0)
[21:27:24] [Server thread/INFO] (Minecraft) [Dormant] test-mock-player joined the game
[21:27:24] [Server thread/INFO] (Minecraft) Loaded 1605 recipes
[21:27:24] [Server thread/INFO] (Minecraft) Loaded 1713 advancements
[21:27:24] [Server thread/INFO] (powers) Published action registry revision 3 with 110 canonical keys and 2 aliases
[21:27:24] [Server thread/INFO] (powers) Loaded 14 Shadow knowledge entries
[21:27:24] [Server thread/INFO] (Minecraft) [++++++++++_                                                                                                                                              ]
[21:27:24] [Server thread/INFO] (Minecraft) [++++++++++_                                                                                                                                              ]
[21:27:24] [Server thread/INFO] (Minecraft) [++++++++++_                                                                                                                                              ]
[21:27:24] [Server thread/INFO] (Minecraft) [++++++++++_                                                                                                                                              ]
[21:27:24] [Server thread/INFO] (Minecraft) [++++++++++_                                                                                                                                              ]
[21:27:24] [Server thread/INFO] (Minecraft) [++++++++++_                                                                                                                                              ]
[21:27:24] [Server thread/INFO] (Minecraft) [++++++++++_                                                                                                                                              ]
[21:27:24] [Server thread/INFO] (Minecraft) [++++++++++_                                                                                                                                              ]
[21:27:25] [Server thread/INFO] (Minecraft) [++++++++++_                                                                                                                                              ]
[21:27:25] [Server thread/INFO] (Minecraft) [++++++++++_                                                                                                                                              ]
[21:27:25] [Server thread/INFO] (Minecraft) [++++++++++_                                                                                                                                              ]
[21:27:25] [Server thread/INFO] (Minecraft) Running test environment 'minecraft:default' batch 0 (50 tests)...
[21:27:25] [Server thread/INFO] (Minecraft) test-mock-player[embedded] logged in with entity id 483 at (0.0, 0.0, 0.0)
[21:27:25] [Server thread/INFO] (Minecraft) [Dormant] test-mock-player joined the game
[21:27:25] [Server thread/INFO] (Minecraft) test-mock-player[embedded] logged in with entity id 486 at (0.0, 0.0, 0.0)
[21:27:25] [Server thread/INFO] (Minecraft) [Dormant] test-mock-player joined the game
[21:27:25] [Server thread/INFO] (Minecraft) test-mock-player[embedded] logged in with entity id 487 at (0.0, 0.0, 0.0)
[21:27:25] [Server thread/INFO] (Minecraft) [Dormant] test-mock-player joined the game
[21:27:25] [Server thread/INFO] (Minecraft) test-mock-player[embedded] logged in with entity id 488 at (0.0, 0.0, 0.0)
[21:27:25] [Server thread/INFO] (Minecraft) [Dormant] test-mock-player joined the game
[21:27:25] [Server thread/INFO] (Minecraft) test-mock-player[embedded] logged in with entity id 494 at (0.0, 0.0, 0.0)
[21:27:25] [Server thread/INFO] (Minecraft) [Dormant] test-mock-player joined the game
[21:27:25] [Server thread/INFO] (Minecraft) test-mock-player[embedded] logged in with entity id 495 at (0.0, 0.0, 0.0)
[21:27:25] [Server thread/INFO] (Minecraft) [Dormant] test-mock-player joined the game
[21:27:25] [Server thread/INFO] (Minecraft) test-mock-player[embedded] logged in with entity id 501 at (0.0, 0.0, 0.0)
[21:27:25] [Server thread/INFO] (Minecraft) [Dormant] test-mock-player joined the game
[21:27:25] [Server thread/INFO] (Minecraft) test-mock-player[embedded] logged in with entity id 503 at (0.0, 0.0, 0.0)
[21:27:25] [Server thread/INFO] (Minecraft) [Dormant] test-mock-player joined the game
[21:27:25] [Server thread/INFO] (Minecraft) test-mock-player[embedded] logged in with entity id 505 at (0.0, 0.0, 0.0)
[21:27:25] [Server thread/INFO] (Minecraft) [Dormant] test-mock-player joined the game
[21:27:25] [Server thread/INFO] (Minecraft) <test-mock-player> shadow, hide yourself
[21:27:25] [Server thread/INFO] (Minecraft) <test-mock-player> shadow, leave me
[21:27:25] [Server thread/INFO] (Minecraft) test-mock-player[embedded] logged in with entity id 509 at (0.0, 0.0, 0.0)
[21:27:25] [Server thread/INFO] (Minecraft) [Dormant] test-mock-player joined the game
[21:27:25] [Server thread/INFO] (Minecraft) test-mock-player[embedded] logged in with entity id 510 at (0.0, 0.0, 0.0)
[21:27:25] [Server thread/INFO] (Minecraft) [Dormant] test-mock-player joined the game
[21:27:25] [Server thread/INFO] (Minecraft) test-mock-player[embedded] logged in with entity id 511 at (0.0, 0.0, 0.0)
[21:27:25] [Server thread/INFO] (Minecraft) [Dormant] test-mock-player joined the game
[21:27:25] [Server thread/INFO] (Minecraft) test-mock-player[embedded] logged in with entity id 512 at (0.0, 0.0, 0.0)
[21:27:25] [Server thread/INFO] (Minecraft) [Dormant] test-mock-player joined the game
[21:27:25] [Server thread/INFO] (Minecraft) test-mock-player[embedded] logged in with entity id 517 at (0.0, 0.0, 0.0)
[21:27:25] [Server thread/INFO] (Minecraft) [Dormant] test-mock-player joined the game
[21:27:25] [Server thread/INFO] (Minecraft) test-mock-player[embedded] logged in with entity id 518 at (0.0, 0.0, 0.0)
[21:27:25] [Server thread/INFO] (Minecraft) [Dormant] test-mock-player joined the game
[21:27:25] [Server thread/INFO] (Minecraft) test-mock-player[embedded] logged in with entity id 519 at (0.0, 0.0, 0.0)
[21:27:25] [Server thread/INFO] (Minecraft) [Dormant] test-mock-player joined the game
[21:27:25] [Server thread/INFO] (Minecraft) test-mock-player[embedded] logged in with entity id 521 at (0.0, 0.0, 0.0)
[21:27:25] [Server thread/INFO] (Minecraft) [Dormant] test-mock-player joined the game
[21:27:25] [Server thread/INFO] (Minecraft) test-mock-player[embedded] logged in with entity id 523 at (0.0, 0.0, 0.0)
[21:27:25] [Server thread/INFO] (Minecraft) [Dormant] test-mock-player joined the game
[21:27:25] [Server thread/INFO] (Minecraft) test-mock-player[embedded] logged in with entity id 526 at (0.0, 0.0, 0.0)
[21:27:25] [Server thread/INFO] (Minecraft) [Dormant] test-mock-player joined the game
[21:27:25] [Server thread/INFO] (Minecraft) test-mock-player[embedded] logged in with entity id 528 at (0.0, 0.0, 0.0)
[21:27:25] [Server thread/INFO] (Minecraft) [Dormant] test-mock-player joined the game
[21:27:25] [Server thread/INFO] (Minecraft) test-mock-player[embedded] logged in with entity id 530 at (0.0, 0.0, 0.0)
[21:27:25] [Server thread/INFO] (Minecraft) [Dormant] test-mock-player joined the game
[21:27:25] [Server thread/INFO] (Minecraft) test-mock-player[embedded] logged in with entity id 533 at (0.0, 0.0, 0.0)
[21:27:25] [Server thread/INFO] (Minecraft) [Dormant] test-mock-player joined the game
[21:27:25] [Server thread/INFO] (Minecraft) test-mock-player[embedded] logged in with entity id 536 at (0.0, 0.0, 0.0)
[21:27:25] [Server thread/INFO] (Minecraft) [Dormant] test-mock-player joined the game
[21:27:25] [Server thread/INFO] (Minecraft) test-mock-player[embedded] logged in with entity id 537 at (0.0, 0.0, 0.0)
[21:27:25] [Server thread/INFO] (Minecraft) [Dormant] test-mock-player joined the game
[21:27:25] [Server thread/INFO] (Minecraft) test-mock-player[embedded] logged in with entity id 538 at (0.0, 0.0, 0.0)
[21:27:25] [Server thread/INFO] (Minecraft) [Dormant] test-mock-player joined the game
[21:27:25] [Server thread/INFO] (Minecraft) test-mock-player[embedded] logged in with entity id 540 at (0.0, 0.0, 0.0)
[21:27:25] [Server thread/INFO] (Minecraft) [Dormant] test-mock-player joined the game
[21:27:25] [Server thread/INFO] (Minecraft) <test-mock-player> shadow, hide yourself
[21:27:25] [Server thread/INFO] (Minecraft) Named entity ShadowCompanionEntity['Shadow of test-mock-player'/504, l='ServerLevel[Test Level]', x=-12166478.53, y=-56.00, z=-1274068.10] died: Shadow of test-mock-player died
[21:27:25] [Server thread/INFO] (Minecraft) test-mock-player[embedded] logged in with entity id 546 at (0.0, 0.0, 0.0)
[21:27:25] [Server thread/INFO] (Minecraft) [Dormant] test-mock-player joined the game
[21:27:25] [Server thread/INFO] (Minecraft) test-mock-player[embedded] logged in with entity id 547 at (0.0, 0.0, 0.0)
[21:27:25] [Server thread/INFO] (Minecraft) [Dormant] test-mock-player joined the game
[21:27:25] [Server thread/INFO] (Minecraft) test-mock-player[embedded] logged in with entity id 551 at (0.0, 0.0, 0.0)
[21:27:25] [Server thread/INFO] (Minecraft) [Dormant] test-mock-player joined the game
[21:27:25] [Server thread/INFO] (Minecraft) Named entity PowerTestActor['Test_850b53d8'/552, l='ServerLevel[Test Level]', x=-12166540.50, y=-56.00, z=-1273993.50] died: Test_850b53d8 died
[21:27:25] [Server thread/INFO] (Minecraft) test-mock-player[embedded] logged in with entity id 557 at (0.0, 0.0, 0.0)
[21:27:25] [Server thread/INFO] (Minecraft) [Dormant] test-mock-player joined the game
[21:27:25] [Server thread/INFO] (Minecraft) test-mock-player[embedded] logged in with entity id 560 at (0.0, 0.0, 0.0)
[21:27:25] [Server thread/INFO] (Minecraft) [Dormant] test-mock-player joined the game
[21:27:25] [Server thread/INFO] (Minecraft) Named entity FirstVessel['The First Vessel'/562, l='ServerLevel[Test Level]', x=-12166510.50, y=-56.00, z=-1273997.50] died: death.attack.powers.celestial_ruin
[21:27:25] [Server thread/INFO] (Minecraft) test-mock-player[embedded] logged in with entity id 566 at (0.0, 0.0, 0.0)
[21:27:25] [Server thread/INFO] (Minecraft) [Dormant] test-mock-player joined the game
[21:27:25] [Server thread/INFO] (Minecraft) test-mock-player[embedded] logged in with entity id 568 at (0.0, 0.0, 0.0)
[21:27:25] [Server thread/INFO] (Minecraft) [Dormant] test-mock-player joined the game
[21:27:25] [Server thread/INFO] (Minecraft) test-mock-player[embedded] logged in with entity id 570 at (0.0, 0.0, 0.0)
[21:27:25] [Server thread/INFO] (Minecraft) [Dormant] test-mock-player joined the game
[21:27:25] [Server thread/INFO] (Minecraft) test-mock-player[embedded] logged in with entity id 572 at (0.0, 0.0, 0.0)
[21:27:25] [Server thread/INFO] (Minecraft) [Dormant] test-mock-player joined the game
[21:27:25] [Server thread/INFO] (Minecraft) test-mock-player[embedded] logged in with entity id 573 at (0.0, 0.0, 0.0)
[21:27:25] [Server thread/INFO] (Minecraft) [Dormant] test-mock-player joined the game
[21:27:25] [Server thread/INFO] (Minecraft) test-mock-player[embedded] logged in with entity id 574 at (0.0, 0.0, 0.0)
[21:27:25] [Server thread/INFO] (Minecraft) [Dormant] test-mock-player joined the game
[21:27:25] [Server thread/INFO] (Minecraft) test-mock-player[embedded] logged in with entity id 575 at (0.0, 0.0, 0.0)
[21:27:25] [Server thread/INFO] (Minecraft) [Dormant] test-mock-player joined the game
[21:27:25] [Server thread/INFO] (Minecraft) test-mock-player[embedded] logged in with entity id 577 at (0.0, 0.0, 0.0)
[21:27:25] [Server thread/INFO] (Minecraft) [Dormant] test-mock-player joined the game
[21:27:25] [Server thread/INFO] (Minecraft) [Dormant] test-mock-player died
[21:27:25] [Server thread/INFO] (Minecraft) [Dormant] test-mock-player died
[21:27:25] [Server thread/INFO] (Minecraft) test-mock-player[embedded] logged in with entity id 595 at (0.0, 0.0, 0.0)
[21:27:25] [Server thread/INFO] (Minecraft) [Dormant] test-mock-player joined the game
[21:27:25] [Server thread/INFO] (Minecraft) [++++++++++++_++++++++++_+++_++_++_+_++__++++__+++++++++++++++                                                                                            ]
[21:27:25] [Server thread/INFO] (Minecraft) [++++++++++++_++++++++++_+++_++_++_+_++_+++++_++++++++++++++++                                                                                            ]
[21:27:25] [Server thread/INFO] (Minecraft) [++++++++++++_++++++++++_++++++++++++++++++++_++++++++++++++++                                                                                            ]
[21:27:26] [Server thread/INFO] (Minecraft) [++++++++++++_++++++++++_++++++++++++++++++++_++++++++++++++++                                                                                            ]
[21:27:26] [Server thread/INFO] (Minecraft) [+++++++++++++++++++++++_++++++++++++++++++++_++++++++++++++++                                                                                            ]
[21:27:26] [Server thread/INFO] (Minecraft) <test-mock-player> shadow, hide yourself
[21:27:26] [Server thread/INFO] (Minecraft) [++++++++++++++++++++++++++++++++++++++++++++_++++++++++++++++                                                                                            ]
[21:27:26] [Server thread/INFO] (Minecraft) [++++++++++++++++++++++++++++++++++++++++++++_++++++++++++++++                                                                                            ]
[21:28:05] [Server thread/INFO] (Minecraft) Running test environment 'minecraft:default' batch 1 (50 tests)...
[21:28:05] [Server thread/WARN] (Minecraft) Can't keep up! Is the server overloaded? Running 7744ms or 154 ticks behind
[21:28:05] [Server thread/INFO] (Minecraft) test-mock-player[embedded] logged in with entity id 846 at (0.0, 0.0, 0.0)
[21:28:05] [Server thread/INFO] (Minecraft) [Dormant] test-mock-player joined the game
[21:28:05] [Server thread/INFO] (Minecraft) test-mock-player[embedded] logged in with entity id 847 at (0.0, 0.0, 0.0)
[21:28:05] [Server thread/INFO] (Minecraft) [Dormant] test-mock-player joined the game
[21:28:05] [Server thread/INFO] (Minecraft) test-mock-player[embedded] logged in with entity id 850 at (0.0, 0.0, 0.0)
[21:28:05] [Server thread/INFO] (Minecraft) [Dormant] test-mock-player joined the game
[21:28:05] [Server thread/INFO] (Minecraft) test-mock-player[embedded] logged in with entity id 851 at (0.0, 0.0, 0.0)
[21:28:05] [Server thread/INFO] (Minecraft) [Dormant] test-mock-player joined the game
[21:28:05] [Server thread/INFO] (Minecraft) [Dormant] test-mock-player has made the advancement [We Need to Go Deeper]
[21:28:05] [Server thread/INFO] (Minecraft) test-mock-player[embedded] logged in with entity id 854 at (0.0, 0.0, 0.0)
[21:28:05] [Server thread/INFO] (Minecraft) [Dormant] test-mock-player joined the game
[21:28:05] [Server thread/INFO] (Minecraft) test-mock-player[embedded] logged in with entity id 855 at (0.0, 0.0, 0.0)
[21:28:05] [Server thread/INFO] (Minecraft) [Dormant] test-mock-player joined the game
[21:28:05] [Server thread/INFO] (Minecraft) test-mock-player[embedded] logged in with entity id 856 at (0.0, 0.0, 0.0)
[21:28:05] [Server thread/INFO] (Minecraft) [Dormant] test-mock-player joined the game
[21:28:05] [Server thread/INFO] (Minecraft) test-mock-player[embedded] logged in with entity id 857 at (0.0, 0.0, 0.0)
[21:28:05] [Server thread/INFO] (Minecraft) [Dormant] test-mock-player joined the game
[21:28:05] [Server thread/INFO] (powers) powers_operator_audit action=consent_override result=success actor=test-mock-player subject=test-mock-player detail=teleport
[21:28:05] [Server thread/INFO] (powers) powers_operator_audit action=consent_override result=success actor=test-mock-player subject=test-mock-player detail=locator
[21:28:05] [Server thread/INFO] (powers) powers_operator_audit action=consent_override result=success actor=test-mock-player subject=test-mock-player detail=companion
[21:28:05] [Server thread/INFO] (powers) powers_operator_audit action=consent_override result=success actor=test-mock-player subject=test-mock-player detail=dreamwalk
[21:28:05] [Server thread/INFO] (powers) powers_operator_audit action=consent_override result=success actor=test-mock-player subject=test-mock-player detail=possession
[21:28:05] [Server thread/INFO] (Minecraft) test-mock-player[embedded] logged in with entity id 858 at (0.0, 0.0, 0.0)
[21:28:05] [Server thread/INFO] (Minecraft) [Dormant] test-mock-player joined the game
[21:28:05] [Server thread/INFO] (powers) powers_operator_audit action=consent_override result=denied actor=test-mock-player subject=test-mock-player detail=deny_energy
[21:28:05] [Server thread/INFO] (powers) powers_operator_audit action=consent_override result=success actor=test-mock-player subject=test-mock-player detail=teleport
[21:28:05] [Server thread/INFO] (Minecraft) test-mock-player[embedded] logged in with entity id 859 at (0.0, 0.0, 0.0)
[21:28:05] [Server thread/INFO] (Minecraft) [Dormant] test-mock-player joined the game
[21:28:05] [Server thread/INFO] (Minecraft) test-mock-player[embedded] logged in with entity id 860 at (0.0, 0.0, 0.0)
[21:28:05] [Server thread/INFO] (Minecraft) [Dormant] test-mock-player joined the game
[21:28:05] [Server thread/INFO] (Minecraft) test-mock-player[embedded] logged in with entity id 861 at (0.0, 0.0, 0.0)
[21:28:05] [Server thread/INFO] (Minecraft) [Dormant] test-mock-player joined the game
[21:28:05] [Server thread/INFO] (Minecraft) test-mock-player[embedded] logged in with entity id 862 at (0.0, 0.0, 0.0)
[21:28:05] [Server thread/INFO] (Minecraft) [Dormant] test-mock-player joined the game
[21:28:05] [Server thread/INFO] (Minecraft) test-mock-player[embedded] logged in with entity id 864 at (0.0, 0.0, 0.0)
[21:28:05] [Server thread/INFO] (Minecraft) [Dormant] test-mock-player joined the game
[21:28:05] [Server thread/INFO] (Minecraft) test-mock-player[embedded] logged in with entity id 868 at (0.0, 0.0, 0.0)
[21:28:05] [Server thread/INFO] (Minecraft) [Dormant] test-mock-player joined the game
[21:28:05] [Server thread/INFO] (Minecraft) test-mock-player[embedded] logged in with entity id 869 at (0.0, 0.0, 0.0)
[21:28:05] [Server thread/INFO] (Minecraft) [Dormant] test-mock-player joined the game
[21:28:05] [Server thread/INFO] (Minecraft) test-mock-player[embedded] logged in with entity id 870 at (0.0, 0.0, 0.0)
[21:28:05] [Server thread/INFO] (Minecraft) [Dormant] test-mock-player joined the game
[21:28:05] [Server thread/INFO] (Minecraft) test-mock-player[embedded] logged in with entity id 877 at (0.0, 0.0, 0.0)
[21:28:05] [Server thread/INFO] (Minecraft) [Dormant] test-mock-player joined the game
[21:28:05] [Server thread/INFO] (Minecraft) test-mock-player[embedded] logged in with entity id 878 at (0.0, 0.0, 0.0)
[21:28:05] [Server thread/INFO] (Minecraft) [Dormant] test-mock-player joined the game
[21:28:05] [Server thread/INFO] (Minecraft) test-mock-player[embedded] logged in with entity id 880 at (0.0, 0.0, 0.0)
[21:28:05] [Server thread/INFO] (Minecraft) [Dormant] test-mock-player joined the game
[21:28:05] [Server thread/INFO] (Minecraft) test-mock-player[embedded] logged in with entity id 881 at (0.0, 0.0, 0.0)
[21:28:05] [Server thread/INFO] (Minecraft) [Dormant] test-mock-player joined the game
[21:28:05] [Server thread/INFO] (Minecraft) test-mock-player[embedded] logged in with entity id 883 at (0.0, 0.0, 0.0)
[21:28:05] [Server thread/INFO] (Minecraft) [Dormant] test-mock-player joined the game
[21:28:05] [Server thread/INFO] (Minecraft) test-mock-player[embedded] logged in with entity id 884 at (0.0, 0.0, 0.0)
[21:28:05] [Server thread/INFO] (Minecraft) [Dormant] test-mock-player joined the game
[21:28:05] [Server thread/INFO] (Minecraft) test-mock-player[embedded] logged in with entity id 885 at (0.0, 0.0, 0.0)
[21:28:05] [Server thread/INFO] (Minecraft) [Dormant] test-mock-player joined the game
[21:28:05] [Server thread/INFO] (Minecraft) test-mock-player[embedded] logged in with entity id 886 at (0.0, 0.0, 0.0)
[21:28:05] [Server thread/INFO] (Minecraft) [Dormant] test-mock-player joined the game
[21:28:05] [Server thread/INFO] (Minecraft) Named entity PowerTestActor['Target_thunderclap'/889, l='ServerLevel[Test Level]', x=-12164971.50, y=-55.00, z=-1273670.50] died: Target_thunderclap was consumed by ancient power
[21:28:05] [Server thread/INFO] (Minecraft) test-mock-player[embedded] logged in with entity id 901 at (0.0, 0.0, 0.0)
[21:28:05] [Server thread/INFO] (Minecraft) [Dormant] test-mock-player joined the game
[21:28:05] [Server thread/INFO] (Minecraft) test-mock-player[embedded] logged in with entity id 902 at (0.0, 0.0, 0.0)
[21:28:05] [Server thread/INFO] (Minecraft) [Dormant] test-mock-player joined the game
[21:28:05] [Server thread/INFO] (Minecraft) test-mock-player[embedded] logged in with entity id 903 at (0.0, 0.0, 0.0)
[21:28:05] [Server thread/INFO] (Minecraft) [Dormant] test-mock-player joined the game
[21:28:05] [Server thread/INFO] (Minecraft) test-mock-player[embedded] logged in with entity id 904 at (0.0, 0.0, 0.0)
[21:28:05] [Server thread/INFO] (Minecraft) [Dormant] test-mock-player joined the game
[21:28:05] [Server thread/INFO] (Minecraft) test-mock-player[embedded] logged in with entity id 905 at (0.0, 0.0, 0.0)
[21:28:05] [Server thread/INFO] (Minecraft) [Dormant] test-mock-player joined the game
[21:28:05] [Server thread/INFO] (Minecraft) test-mock-player[embedded] logged in with entity id 906 at (0.0, 0.0, 0.0)
[21:28:05] [Server thread/INFO] (Minecraft) [Dormant] test-mock-player joined the game
[21:28:05] [Server thread/INFO] (Minecraft) test-mock-player[embedded] logged in with entity id 907 at (0.0, 0.0, 0.0)
[21:28:05] [Server thread/INFO] (Minecraft) [Dormant] test-mock-player joined the game
[21:28:05] [Server thread/INFO] (Minecraft) test-mock-player[embedded] logged in with entity id 908 at (0.0, 0.0, 0.0)
[21:28:05] [Server thread/INFO] (Minecraft) [Dormant] test-mock-player joined the game
[21:28:05] [Server thread/INFO] (Minecraft) test-mock-player[embedded] logged in with entity id 909 at (0.0, 0.0, 0.0)
[21:28:05] [Server thread/INFO] (Minecraft) [Dormant] test-mock-player joined the game
[21:28:05] [Server thread/INFO] (Minecraft) test-mock-player[embedded] logged in with entity id 910 at (0.0, 0.0, 0.0)
[21:28:05] [Server thread/INFO] (Minecraft) [Dormant] test-mock-player joined the game
[21:28:05] [Server thread/INFO] (Minecraft) test-mock-player[embedded] logged in with entity id 911 at (0.0, 0.0, 0.0)
[21:28:05] [Server thread/INFO] (Minecraft) [Dormant] test-mock-player joined the game
[21:28:05] [Server thread/INFO] (Minecraft) test-mock-player[embedded] logged in with entity id 912 at (0.0, 0.0, 0.0)
[21:28:05] [Server thread/INFO] (Minecraft) [Dormant] test-mock-player joined the game
[21:28:05] [Server thread/INFO] (Minecraft) test-mock-player[embedded] logged in with entity id 915 at (0.0, 0.0, 0.0)
[21:28:05] [Server thread/INFO] (Minecraft) [Dormant] test-mock-player joined the game
[21:28:05] [Server thread/INFO] (Minecraft) test-mock-player[embedded] logged in with entity id 921 at (0.0, 0.0, 0.0)
[21:28:05] [Server thread/INFO] (Minecraft) [Dormant] test-mock-player joined the game
[21:28:05] [Server thread/INFO] (powers) PERF-012 identical mixed AI: queries=24, cacheHits=12, inspections=348, legacyInspections=540, reductionPercent=35.56
[21:28:05] [Server thread/INFO] (Minecraft) test-mock-player[embedded] logged in with entity id 1109 at (0.0, 0.0, 0.0)
[21:28:05] [Server thread/INFO] (Minecraft) [Dormant] test-mock-player joined the game
[21:28:05] [Server thread/INFO] (Minecraft) test-mock-player[embedded] logged in with entity id 1110 at (0.0, 0.0, 0.0)
[21:28:05] [Server thread/INFO] (Minecraft) [Dormant] test-mock-player joined the game
[21:28:05] [Server thread/INFO] (Minecraft) test-mock-player[embedded] logged in with entity id 1115 at (0.0, 0.0, 0.0)
[21:28:05] [Server thread/INFO] (Minecraft) [Dormant] test-mock-player joined the game
[21:28:05] [Server thread/INFO] (Minecraft) test-mock-player[embedded] logged in with entity id 1119 at (0.0, 0.0, 0.0)
[21:28:05] [Server thread/INFO] (Minecraft) [Dormant] test-mock-player joined the game
[21:28:05] [Server thread/INFO] (Minecraft) test-mock-player[embedded] logged in with entity id 1121 at (0.0, 0.0, 0.0)
[21:28:05] [Server thread/INFO] (Minecraft) [Dormant] test-mock-player joined the game
[21:28:05] [Server thread/INFO] (Minecraft) test-mock-player[embedded] logged in with entity id 1131 at (0.0, 0.0, 0.0)
[21:28:05] [Server thread/INFO] (Minecraft) [Dormant] test-mock-player joined the game
[21:28:05] [Server thread/INFO] (Minecraft) test-mock-player[embedded] logged in with entity id 1132 at (0.0, 0.0, 0.0)
[21:28:05] [Server thread/INFO] (Minecraft) [Dormant] test-mock-player joined the game
[21:28:05] [Server thread/INFO] (Minecraft) test-mock-player[embedded] logged in with entity id 1133 at (0.0, 0.0, 0.0)
[21:28:05] [Server thread/INFO] (Minecraft) [Dormant] test-mock-player joined the game
[21:28:05] [Server thread/INFO] (Minecraft) test-mock-player[embedded] logged in with entity id 1134 at (0.0, 0.0, 0.0)
[21:28:05] [Server thread/INFO] (Minecraft) [Dormant] test-mock-player joined the game
[21:28:05] [Server thread/INFO] (Minecraft) test-mock-player[embedded] logged in with entity id 1136 at (0.0, 0.0, 0.0)
[21:28:05] [Server thread/INFO] (Minecraft) [Dormant] test-mock-player joined the game
[21:28:05] [Server thread/INFO] (Minecraft) <test-mock-player> shadow, use astral projection
[21:28:05] [Server thread/INFO] (Minecraft) <test-mock-player> shadow, use blight ground
[21:28:05] [Server thread/INFO] (Minecraft) <test-mock-player> shadow, use breezy bash
[21:28:05] [Server thread/INFO] (Minecraft) <test-mock-player> shadow, use call hollowed
[21:28:05] [Server thread/INFO] (Minecraft) <test-mock-player> shadow, use double health
[21:28:05] [Server thread/INFO] (Minecraft) <test-mock-player> shadow, stop double health
[21:28:05] [Server thread/INFO] (Minecraft) <test-mock-player> shadow, use energy beam
[21:28:05] [Server thread/INFO] (Minecraft) <test-mock-player> shadow, use energy drain
[21:28:05] [Server thread/INFO] (Minecraft) <test-mock-player> shadow, use fireball
[21:28:05] [Server thread/INFO] (Minecraft) <test-mock-player> shadow, use flight
[21:28:05] [Server thread/INFO] (Minecraft) <test-mock-player> shadow, stop flight
[21:28:05] [Server thread/INFO] (Minecraft) <test-mock-player> shadow, use forcefield
[21:28:05] [Server thread/INFO] (Minecraft) <test-mock-player> shadow, stop forcefield
[21:28:05] [Server thread/INFO] (Minecraft) <test-mock-player> shadow, use gravity displacement
[21:28:05] [Server thread/INFO] (Minecraft) <test-mock-player> shadow, use ice manipulation
[21:28:05] [Server thread/INFO] (Minecraft) <test-mock-player> shadow, use invisibility
[21:28:05] [Server thread/INFO] (Minecraft) <test-mock-player> shadow, stop invisibility
[21:28:05] [Server thread/INFO] (Minecraft) <test-mock-player> shadow, use lightning strike
[21:28:05] [Server thread/INFO] (Minecraft) <test-mock-player> shadow, use nightfall dominion
[21:28:05] [Server thread/INFO] (Minecraft) <test-mock-player> shadow, stop nightfall dominion
[21:28:05] [Server thread/INFO] (Minecraft) <test-mock-player> shadow, use plant healing acceleration
[21:28:05] [Server thread/INFO] (Minecraft) <test-mock-player> shadow, use size shift
[21:28:05] [Server thread/INFO] (Minecraft) <test-mock-player> shadow, stop size shift
[21:28:05] [Server thread/INFO] (Minecraft) <test-mock-player> shadow, use speed burst
[21:28:05] [Server thread/INFO] (Minecraft) <test-mock-player> shadow, use starfall
[21:28:05] [Server thread/INFO] (Minecraft) <test-mock-player> shadow, use super speed
[21:28:05] [Server thread/INFO] (Minecraft) <test-mock-player> shadow, stop super speed
[21:28:05] [Server thread/INFO] (Minecraft) <test-mock-player> shadow, use telekinesis
[21:28:05] [Server thread/INFO] (Minecraft) <test-mock-player> shadow, use thunderclap
[21:28:05] [Server thread/INFO] (Minecraft) <test-mock-player> shadow, use time freeze
[21:28:05] [Server thread/INFO] (Minecraft) <test-mock-player> shadow, stop time freeze
[21:28:05] [Server thread/INFO] (Minecraft) <test-mock-player> shadow, use time shift
[21:28:05] [Server thread/INFO] (Minecraft) <test-mock-player> shadow, use vessel possession
[21:28:05] [Server thread/INFO] (Minecraft) <test-mock-player> shadow, use void beam
[21:28:05] [Server thread/INFO] (Minecraft) test-mock-player[embedded] logged in with entity id 1172 at (0.0, 0.0, 0.0)
[21:28:05] [Server thread/INFO] (Minecraft) [Dormant] test-mock-player joined the game
[21:28:05] [Server thread/INFO] (Minecraft) test-mock-player[embedded] logged in with entity id 1173 at (0.0, 0.0, 0.0)
[21:28:05] [Server thread/INFO] (Minecraft) [Dormant] test-mock-player joined the game
[21:28:05] [Server thread/INFO] (Minecraft) test-mock-player[embedded] logged in with entity id 1174 at (0.0, 0.0, 0.0)
[21:28:05] [Server thread/INFO] (Minecraft) [Dormant] test-mock-player joined the game
[21:28:05] [Server thread/INFO] (Minecraft) <test-mock-player> shadow, stay here
[21:28:05] [Server thread/INFO] (Minecraft) <test-mock-player> shadow, fight at far range
[21:28:05] [Server thread/INFO] (Minecraft) <test-mock-player> shadow, follow me
[21:28:05] [Server thread/INFO] (Minecraft) <test-mock-player> shadow, how does amethyst interfere with magic?
[21:28:05] [Server thread/INFO] (Minecraft) <test-mock-player> shadow, explain the darkness to me
[21:28:05] [Server thread/INFO] (Minecraft) <test-mock-player> shadow, use lightning strike
[21:28:05] [Server thread/INFO] (Minecraft) <test-mock-player> shadow, use energy beam
[21:28:05] [Server thread/INFO] (Minecraft) <test-mock-player> shadow, use lightning strike
[21:28:05] [Server thread/INFO] (Minecraft) <test-mock-player> shadow, use void beam
[21:28:05] [Server thread/INFO] (Minecraft) <test-mock-player> shadow, hide yourself
[21:28:05] [Server thread/INFO] (Minecraft) Named entity ShadowCompanionEntity['Shadow of test-mock-player'/1175, l='ServerLevel[Test Level]', x=-12165801.75, y=41.00, z=-1273014.25] died: Shadow of test-mock-player died
[21:28:05] [Server thread/INFO] (Minecraft) test-mock-player[embedded] logged in with entity id 1183 at (0.0, 0.0, 0.0)
[21:28:05] [Server thread/INFO] (Minecraft) [Dormant] test-mock-player joined the game
[21:28:05] [Server thread/INFO] (Minecraft) test-mock-player[embedded] logged in with entity id 1184 at (0.0, 0.0, 0.0)
[21:28:05] [Server thread/INFO] (Minecraft) [Dormant] test-mock-player joined the game
[21:28:05] [Server thread/INFO] (Minecraft) test-mock-player[embedded] logged in with entity id 1185 at (0.0, 0.0, 0.0)
[21:28:05] [Server thread/INFO] (Minecraft) [Dormant] test-mock-player joined the game
[21:28:05] [Server thread/INFO] (Minecraft) test-mock-player[embedded] logged in with entity id 1190 at (0.0, 0.0, 0.0)
[21:28:05] [Server thread/INFO] (Minecraft) [Dormant] test-mock-player joined the game
[21:28:05] [Server thread/INFO] (Minecraft) test-mock-player[embedded] logged in with entity id 1191 at (0.0, 0.0, 0.0)
[21:28:05] [Server thread/INFO] (Minecraft) [Dormant] test-mock-player joined the game
[21:28:05] [Server thread/INFO] (Minecraft) test-mock-player[embedded] logged in with entity id 1192 at (0.0, 0.0, 0.0)
[21:28:05] [Server thread/INFO] (Minecraft) [Dormant] test-mock-player joined the game
[21:28:05] [Server thread/INFO] (Minecraft) [+++++++++++++++++++++++++++++++++++++++++++++++++++++++++++++__++_+++++++___++_+++___ +_++__++++++++++++++__++_                                          ]
[21:28:06] [Server thread/INFO] (Minecraft) [+++++++++++++++++++++++++++++++++++++++++++++++++++++++++++++__++_++++++++++++++++_+_ ++++++++++++++++++++__+++                                          ]
[21:28:06] [Server thread/INFO] (Minecraft) [Dormant] test-mock-player has made the advancement [We Need to Go Deeper]
[21:28:06] [Server thread/INFO] (Minecraft) [+++++++++++++++++++++++++++++++++++++++++++++++++++++++++++++__++_++++++++++++++++_+_ ++++++++++++++++++++__+++                                          ]
[21:28:06] [Server thread/INFO] (Minecraft) [+++++++++++++++++++++++++++++++++++++++++++++++++++++++++++++__+++++++++++++++++++++_ ++++++++++++++++++++__+++                                          ]
[21:28:06] [Server thread/INFO] (Minecraft) [Dormant] test-mock-player has made the advancement [Monster Hunter]
[21:28:06] [Server thread/INFO] (Minecraft) [+++++++++++++++++++++++++++++++++++++++++++++++++++++++++++++__+++++++++++++++++++++_ ++++++++++++++++++++__+++                                          ]
[21:28:06] [Server thread/INFO] (Minecraft) [+++++++++++++++++++++++++++++++++++++++++++++++++++++++++++++__++++++++++++++++++++++ ++++++++++++++++++++__+++                                          ]
[21:28:06] [Server thread/INFO] (Minecraft) <test-mock-player> shadow, leave me
[21:28:06] [Server thread/INFO] (Minecraft) [+++++++++++++++++++++++++++++++++++++++++++++++++++++++++++++_+++++++++++++++++++++++ ++++++++++++++++++++__+++                                          ]
[21:28:06] [Server thread/INFO] (Minecraft) [+++++++++++++++++++++++++++++++++++++++++++++++++++++++++++++_+++++++++++++++++++++++ ++++++++++++++++++++__+++                                          ]
[21:28:06] [Server thread/INFO] (Minecraft) [+++++++++++++++++++++++++++++++++++++++++++++++++++++++++++++++++++++++++++++++++++++ ++++++++++++++++++++__+++                                          ]
[21:28:07] [Server thread/INFO] (Minecraft) [+++++++++++++++++++++++++++++++++++++++++++++++++++++++++++++++++++++++++++++++++++++ ++++++++++++++++++++__+++                                          ]
[21:28:07] [Server thread/INFO] (Minecraft) [+++++++++++++++++++++++++++++++++++++++++++++++++++++++++++++++++++++++++++++++++++++ ++++++++++++++++++++__+++                                          ]
[21:28:07] [Server thread/INFO] (Minecraft) [+++++++++++++++++++++++++++++++++++++++++++++++++++++++++++++++++++++++++++++++++++++ ++++++++++++++++++++__+++                                          ]
[21:28:07] [Server thread/INFO] (Minecraft) [+++++++++++++++++++++++++++++++++++++++++++++++++++++++++++++++++++++++++++++++++++++ ++++++++++++++++++++__+++                                          ]
[21:28:07] [Server thread/INFO] (Minecraft) [+++++++++++++++++++++++++++++++++++++++++++++++++++++++++++++++++++++++++++++++++++++ ++++++++++++++++++++__+++                                          ]
[21:28:07] [Server thread/INFO] (Minecraft) [+++++++++++++++++++++++++++++++++++++++++++++++++++++++++++++++++++++++++++++++++++++ ++++++++++++++++++++__+++                                          ]
[21:28:07] [Server thread/INFO] (Minecraft) test-mock-player[embedded] logged in with entity id 2132 at (0.0, 0.0, 0.0)
[21:28:07] [Server thread/INFO] (Minecraft) [Dormant] test-mock-player joined the game
[21:28:07] [Server thread/INFO] (Minecraft) [+++++++++++++++++++++++++++++++++++++++++++++++++++++++++++++++++++++++++++++++++++++_++++++++++++++++++++__+++                                          ]
[21:28:07] [Server thread/INFO] (Minecraft) [+++++++++++++++++++++++++++++++++++++++++++++++++++++++++++++++++++++++++++++++++++++_++++++++++++++++++++__+++                                          ]
[21:28:07] [Server thread/INFO] (Minecraft) [+++++++++++++++++++++++++++++++++++++++++++++++++++++++++++++++++++++++++++++++++++++_++++++++++++++++++++__+++                                          ]
[21:28:07] [Server thread/INFO] (Minecraft) [+++++++++++++++++++++++++++++++++++++++++++++++++++++++++++++++++++++++++++++++++++++_++++++++++++++++++++__+++                                          ]
[21:28:07] [Server thread/INFO] (Minecraft) [+++++++++++++++++++++++++++++++++++++++++++++++++++++++++++++++++++++++++++++++++++++_++++++++++++++++++++__+++                                          ]
[21:28:07] [Server thread/INFO] (Minecraft) [+++++++++++++++++++++++++++++++++++++++++++++++++++++++++++++++++++++++++++++++++++++_++++++++++++++++++++__+++                                          ]
[21:28:07] [Server thread/INFO] (Minecraft) [+++++++++++++++++++++++++++++++++++++++++++++++++++++++++++++++++++++++++++++++++++++_++++++++++++++++++++__+++                                          ]
[21:28:07] [Server thread/INFO] (Minecraft) [+++++++++++++++++++++++++++++++++++++++++++++++++++++++++++++++++++++++++++++++++++++_++++++++++++++++++++__+++                                          ]
[21:28:07] [Server thread/INFO] (Minecraft) [+++++++++++++++++++++++++++++++++++++++++++++++++++++++++++++++++++++++++++++++++++++_++++++++++++++++++++__+++                                          ]
[21:28:07] [Server thread/INFO] (Minecraft) [+++++++++++++++++++++++++++++++++++++++++++++++++++++++++++++++++++++++++++++++++++++_++++++++++++++++++++__+++                                          ]
[21:28:07] [Server thread/INFO] (powers) powers_operator_audit action=catastrophic_ritual result=success actor=test-mock-player subject=world detail=begin
[21:28:07] [Server thread/INFO] (Minecraft) [+++++++++++++++++++++++++++++++++++++++++++++++++++++++++++++++++++++++++++++++++++++_++++++++++++++++++++__+++                                          ]
[21:28:07] [Server thread/INFO] (Minecraft) [++++++++++++++++++++++++++++++++++++++++++++++++++++++++++++++++++++++++++++++++++++++++++++++++++++++++++__+++                                          ]
[21:28:07] [Server thread/INFO] (Minecraft) [++++++++++++++++++++++++++++++++++++++++++++++++++++++++++++++++++++++++++++++++++++++++++++++++++++++++++__+++                                          ]
[21:28:08] [Server thread/INFO] (Minecraft) [++++++++++++++++++++++++++++++++++++++++++++++++++++++++++++++++++++++++++++++++++++++++++++++++++++++++++__+++                                          ]
[21:28:08] [Server thread/INFO] (Minecraft) [++++++++++++++++++++++++++++++++++++++++++++++++++++++++++++++++++++++++++++++++++++++++++++++++++++++++++__+++                                          ]
[21:28:08] [Server thread/INFO] (Minecraft) [++++++++++++++++++++++++++++++++++++++++++++++++++++++++++++++++++++++++++++++++++++++++++++++++++++++++++__+++                                          ]
[21:28:08] [Server thread/INFO] (Minecraft) [++++++++++++++++++++++++++++++++++++++++++++++++++++++++++++++++++++++++++++++++++++++++++++++++++++++++++__+++                                          ]
[21:28:08] [Server thread/INFO] (Minecraft) [++++++++++++++++++++++++++++++++++++++++++++++++++++++++++++++++++++++++++++++++++++++++++++++++++++++++++__+++                                          ]
[21:28:08] [Server thread/INFO] (Minecraft) [++++++++++++++++++++++++++++++++++++++++++++++++++++++++++++++++++++++++++++++++++++++++++++++++++++++++++__+++                                          ]
[21:28:08] [Server thread/INFO] (Minecraft) [++++++++++++++++++++++++++++++++++++++++++++++++++++++++++++++++++++++++++++++++++++++++++++++++++++++++++__+++                                          ]
[21:28:08] [Server thread/INFO] (Minecraft) [++++++++++++++++++++++++++++++++++++++++++++++++++++++++++++++++++++++++++++++++++++++++++++++++++++++++++__+++                                          ]
[21:28:08] [Server thread/INFO] (Minecraft) [++++++++++++++++++++++++++++++++++++++++++++++++++++++++++++++++++++++++++++++++++++++++++++++++++++++++++__+++                                          ]
[21:28:08] [Server thread/INFO] (Minecraft) [++++++++++++++++++++++++++++++++++++++++++++++++++++++++++++++++++++++++++++++++++++++++++++++++++++++++++__+++                                          ]
[21:28:08] [Server thread/INFO] (Minecraft) [++++++++++++++++++++++++++++++++++++++++++++++++++++++++++++++++++++++++++++++++++++++++++++++++++++++++++__+++                                          ]
[21:28:08] [Server thread/INFO] (Minecraft) [++++++++++++++++++++++++++++++++++++++++++++++++++++++++++++++++++++++++++++++++++++++++++++++++++++++++++__+++                                          ]
[21:28:08] [Server thread/INFO] (Minecraft) [++++++++++++++++++++++++++++++++++++++++++++++++++++++++++++++++++++++++++++++++++++++++++++++++++++++++++__+++                                          ]
[21:28:08] [Server thread/INFO] (Minecraft) [++++++++++++++++++++++++++++++++++++++++++++++++++++++++++++++++++++++++++++++++++++++++++++++++++++++++++__+++                                          ]
[21:28:08] [Server thread/INFO] (Minecraft) [++++++++++++++++++++++++++++++++++++++++++++++++++++++++++++++++++++++++++++++++++++++++++++++++++++++++++__+++                                          ]
[21:28:08] [Server thread/INFO] (Minecraft) [++++++++++++++++++++++++++++++++++++++++++++++++++++++++++++++++++++++++++++++++++++++++++++++++++++++++++__+++                                          ]
[21:28:08] [Server thread/INFO] (Minecraft) [++++++++++++++++++++++++++++++++++++++++++++++++++++++++++++++++++++++++++++++++++++++++++++++++++++++++++__+++                                          ]
[21:28:08] [Server thread/INFO] (Minecraft) [++++++++++++++++++++++++++++++++++++++++++++++++++++++++++++++++++++++++++++++++++++++++++++++++++++++++++__+++                                          ]
[21:28:08] [Server thread/INFO] (Minecraft) [++++++++++++++++++++++++++++++++++++++++++++++++++++++++++++++++++++++++++++++++++++++++++++++++++++++++++__+++                                          ]
[21:28:08] [Server thread/INFO] (Minecraft) [++++++++++++++++++++++++++++++++++++++++++++++++++++++++++++++++++++++++++++++++++++++++++++++++++++++++++__+++                                          ]
[21:28:08] [Server thread/INFO] (Minecraft) [++++++++++++++++++++++++++++++++++++++++++++++++++++++++++++++++++++++++++++++++++++++++++++++++++++++++++__+++                                          ]
[21:28:08] [Server thread/INFO] (Minecraft) [++++++++++++++++++++++++++++++++++++++++++++++++++++++++++++++++++++++++++++++++++++++++++++++++++++++++++__+++                                          ]
[21:28:08] [Server thread/INFO] (Minecraft) [++++++++++++++++++++++++++++++++++++++++++++++++++++++++++++++++++++++++++++++++++++++++++++++++++++++++++__+++                                          ]
[21:28:08] [Server thread/INFO] (Minecraft) [++++++++++++++++++++++++++++++++++++++++++++++++++++++++++++++++++++++++++++++++++++++++++++++++++++++++++__+++                                          ]
[21:28:08] [Server thread/INFO] (Minecraft) [+++++++++++++++++++++++++++++++++++++++++++++++++++++++++++++++++++++++++++++++++++++++++++++++++++++++++++_+++                                          ]
[21:28:08] [Server thread/INFO] (Minecraft) [+++++++++++++++++++++++++++++++++++++++++++++++++++++++++++++++++++++++++++++++++++++++++++++++++++++++++++_+++                                          ]
[21:28:11] [Server thread/INFO] (Minecraft) Running test environment 'minecraft:default' batch 2 (29 tests)...
[21:28:11] [Server thread/INFO] (Minecraft) test-mock-player[embedded] logged in with entity id 2887 at (0.0, 0.0, 0.0)
[21:28:11] [Server thread/INFO] (Minecraft) [Dormant] test-mock-player joined the game
[21:28:11] [Server thread/INFO] (Minecraft) test-mock-player[embedded] logged in with entity id 2889 at (0.0, 0.0, 0.0)
[21:28:11] [Server thread/INFO] (Minecraft) [Dormant] test-mock-player joined the game
[21:28:11] [Server thread/INFO] (Minecraft) test-mock-player[embedded] logged in with entity id 2890 at (0.0, 0.0, 0.0)
[21:28:11] [Server thread/INFO] (Minecraft) [Dormant] test-mock-player joined the game
[21:28:11] [Server thread/INFO] (Minecraft) test-mock-player[embedded] logged in with entity id 2891 at (0.0, 0.0, 0.0)
[21:28:11] [Server thread/INFO] (Minecraft) [Dormant] test-mock-player joined the game
[21:28:11] [Server thread/INFO] (Minecraft) test-mock-player[embedded] logged in with entity id 2892 at (0.0, 0.0, 0.0)
[21:28:11] [Server thread/INFO] (Minecraft) [Dormant] test-mock-player joined the game
[21:28:11] [Server thread/INFO] (Minecraft) test-mock-player[embedded] logged in with entity id 2893 at (0.0, 0.0, 0.0)
[21:28:11] [Server thread/INFO] (Minecraft) [Dormant] test-mock-player joined the game
[21:28:12] [Server thread/INFO] (Minecraft) test-mock-player[embedded] logged in with entity id 2895 at (0.0, 0.0, 0.0)
[21:28:12] [Server thread/INFO] (Minecraft) [Dormant] test-mock-player joined the game
[21:28:12] [Server thread/INFO] (Minecraft) test-mock-player[embedded] logged in with entity id 2897 at (0.0, 0.0, 0.0)
[21:28:12] [Server thread/INFO] (Minecraft) [Dormant] test-mock-player joined the game
[21:28:12] [Server thread/INFO] (Minecraft) test-mock-player[embedded] logged in with entity id 2898 at (0.0, 0.0, 0.0)
[21:28:12] [Server thread/INFO] (Minecraft) [Dormant] test-mock-player joined the game
[21:28:12] [Server thread/INFO] (Minecraft) test-mock-player[embedded] logged in with entity id 2899 at (0.0, 0.0, 0.0)
[21:28:12] [Server thread/INFO] (Minecraft) [Dormant] test-mock-player joined the game
[21:28:12] [Server thread/INFO] (Minecraft) test-mock-player[embedded] logged in with entity id 2900 at (0.0, 0.0, 0.0)
[21:28:12] [Server thread/INFO] (Minecraft) [Dormant] test-mock-player joined the game
[21:28:12] [Server thread/INFO] (Minecraft) test-mock-player[embedded] logged in with entity id 2901 at (0.0, 0.0, 0.0)
[21:28:12] [Server thread/INFO] (Minecraft) [Dormant] test-mock-player joined the game
[21:28:12] [Server thread/INFO] (Minecraft) test-mock-player[embedded] logged in with entity id 2902 at (0.0, 0.0, 0.0)
[21:28:12] [Server thread/INFO] (Minecraft) [Dormant] test-mock-player joined the game
[21:28:12] [Server thread/INFO] (Minecraft) test-mock-player[embedded] logged in with entity id 2903 at (0.0, 0.0, 0.0)
[21:28:12] [Server thread/INFO] (Minecraft) [Dormant] test-mock-player joined the game
[21:28:12] [Server thread/INFO] (Minecraft) test-mock-player[embedded] logged in with entity id 2911 at (0.0, 0.0, 0.0)
[21:28:12] [Server thread/INFO] (Minecraft) [Dormant] test-mock-player joined the game
[21:28:12] [Server thread/INFO] (Minecraft) test-mock-player[embedded] logged in with entity id 2927 at (0.0, 0.0, 0.0)
[21:28:12] [Server thread/INFO] (Minecraft) [Dormant] test-mock-player joined the game
[21:28:12] [Server thread/INFO] (Minecraft) Loaded 1605 recipes
[21:28:12] [Server thread/INFO] (Minecraft) Loaded 1713 advancements
[21:28:12] [Server thread/INFO] (powers) Published action registry revision 7 with 110 canonical keys and 2 aliases
[21:28:12] [Server thread/INFO] (powers) Loaded 14 Shadow knowledge entries
[21:28:12] [Server thread/INFO] (Minecraft) Loaded 1605 recipes
[21:28:12] [Server thread/INFO] (Minecraft) Loaded 1713 advancements
[21:28:12] [Server thread/INFO] (Minecraft) [++++++++++++++++++++++++++++++++++++++++++++++++++++++++++++++++++++++++++++++++++++++++++++++++++++++++++++++++_++++_++++++++++++++++++++++             ]
[21:28:12] [Server thread/INFO] (Minecraft) [++++++++++++++++++++++++++++++++++++++++++++++++++++++++++++++++++++++++++++++++++++++++++++++++++++++++++++++++_++++_++++++++++++++++++++++             ]
[21:28:12] [Server thread/INFO] (Minecraft) [+++++++++++++++++++++++++++++++++++++++++++++++++++++++++++++++++++++++++++++++++++++++++++++++++++++++++++++++++++++_++++++++++++++++++++++             ]
[21:28:12] [Server thread/INFO] (Minecraft) Running test environment 'powers:invasion_isolated' batch 0 (1 tests)...
[21:28:13] [Server thread/INFO] (Minecraft) test-mock-player[embedded] logged in with entity id 2933 at (0.0, 0.0, 0.0)
[21:28:13] [Server thread/INFO] (Minecraft) [Dormant] test-mock-player joined the game
[21:28:13] [Server thread/INFO] (Minecraft) [++++++++++++++++++++++++++++++++++++++++++++++++++++++++++++++++++++++++++++++++++++++++++++++++++++++++++++++++++++++++++++++++++++++++++++_            ]
[21:28:13] [Server thread/INFO] (Minecraft) [++++++++++++++++++++++++++++++++++++++++++++++++++++++++++++++++++++++++++++++++++++++++++++++++++++++++++++++++++++++++++++++++++++++++++++_            ]
[21:28:13] [Server thread/INFO] (Minecraft) [++++++++++++++++++++++++++++++++++++++++++++++++++++++++++++++++++++++++++++++++++++++++++++++++++++++++++++++++++++++++++++++++++++++++++++_            ]
[21:28:13] [Server thread/INFO] (Minecraft) [++++++++++++++++++++++++++++++++++++++++++++++++++++++++++++++++++++++++++++++++++++++++++++++++++++++++++++++++++++++++++++++++++++++++++++_            ]
[21:28:13] [Server thread/INFO] (Minecraft) [++++++++++++++++++++++++++++++++++++++++++++++++++++++++++++++++++++++++++++++++++++++++++++++++++++++++++++++++++++++++++++++++++++++++++++_            ]
[21:28:13] [Server thread/INFO] (Minecraft) [++++++++++++++++++++++++++++++++++++++++++++++++++++++++++++++++++++++++++++++++++++++++++++++++++++++++++++++++++++++++++++++++++++++++++++_            ]
[21:28:13] [Server thread/INFO] (Minecraft) [++++++++++++++++++++++++++++++++++++++++++++++++++++++++++++++++++++++++++++++++++++++++++++++++++++++++++++++++++++++++++++++++++++++++++++_            ]
[21:28:13] [Server thread/INFO] (Minecraft) [++++++++++++++++++++++++++++++++++++++++++++++++++++++++++++++++++++++++++++++++++++++++++++++++++++++++++++++++++++++++++++++++++++++++++++_            ]
[21:28:13] [Server thread/INFO] (Minecraft) [++++++++++++++++++++++++++++++++++++++++++++++++++++++++++++++++++++++++++++++++++++++++++++++++++++++++++++++++++++++++++++++++++++++++++++_            ]
[21:28:13] [Server thread/INFO] (Minecraft) [++++++++++++++++++++++++++++++++++++++++++++++++++++++++++++++++++++++++++++++++++++++++++++++++++++++++++++++++++++++++++++++++++++++++++++_            ]
[21:28:13] [Server thread/INFO] (Minecraft) [++++++++++++++++++++++++++++++++++++++++++++++++++++++++++++++++++++++++++++++++++++++++++++++++++++++++++++++++++++++++++++++++++++++++++++_            ]
[21:28:13] [Server thread/INFO] (Minecraft) [++++++++++++++++++++++++++++++++++++++++++++++++++++++++++++++++++++++++++++++++++++++++++++++++++++++++++++++++++++++++++++++++++++++++++++_            ]
[21:28:13] [Server thread/INFO] (Minecraft) [++++++++++++++++++++++++++++++++++++++++++++++++++++++++++++++++++++++++++++++++++++++++++++++++++++++++++++++++++++++++++++++++++++++++++++_            ]
[21:28:13] [Server thread/INFO] (Minecraft) [++++++++++++++++++++++++++++++++++++++++++++++++++++++++++++++++++++++++++++++++++++++++++++++++++++++++++++++++++++++++++++++++++++++++++++_            ]
[21:28:13] [Server thread/INFO] (Minecraft) [++++++++++++++++++++++++++++++++++++++++++++++++++++++++++++++++++++++++++++++++++++++++++++++++++++++++++++++++++++++++++++++++++++++++++++_            ]
[21:28:13] [Server thread/INFO] (Minecraft) [++++++++++++++++++++++++++++++++++++++++++++++++++++++++++++++++++++++++++++++++++++++++++++++++++++++++++++++++++++++++++++++++++++++++++++_            ]
[21:28:13] [Server thread/INFO] (Minecraft) [++++++++++++++++++++++++++++++++++++++++++++++++++++++++++++++++++++++++++++++++++++++++++++++++++++++++++++++++++++++++++++++++++++++++++++_            ]
[21:28:13] [Server thread/INFO] (Minecraft) [++++++++++++++++++++++++++++++++++++++++++++++++++++++++++++++++++++++++++++++++++++++++++++++++++++++++++++++++++++++++++++++++++++++++++++_            ]
[21:28:13] [Server thread/INFO] (Minecraft) [++++++++++++++++++++++++++++++++++++++++++++++++++++++++++++++++++++++++++++++++++++++++++++++++++++++++++++++++++++++++++++++++++++++++++++_            ]
[21:28:13] [Server thread/INFO] (Minecraft) [++++++++++++++++++++++++++++++++++++++++++++++++++++++++++++++++++++++++++++++++++++++++++++++++++++++++++++++++++++++++++++++++++++++++++++_            ]
[21:28:13] [Server thread/INFO] (Minecraft) [++++++++++++++++++++++++++++++++++++++++++++++++++++++++++++++++++++++++++++++++++++++++++++++++++++++++++++++++++++++++++++++++++++++++++++_            ]
[21:28:13] [Server thread/INFO] (Minecraft) Running test environment 'powers:fx_lod_isolated' batch 0 (1 tests)...
[21:28:13] [Server thread/INFO] (Minecraft) [+++++++++++++++++++++++++++++++++++++++++++++++++++++++++++++++++++++++++++++++++++++++++++++++++++++++++++++++++++++++++++++++++++++++++++++            ]
[21:28:13] [Server thread/INFO] (Minecraft) test-mock-player[embedded] logged in with entity id 2956 at (0.0, 0.0, 0.0)
[21:28:13] [Server thread/INFO] (Minecraft) [Dormant] test-mock-player joined the game
[21:28:13] [Server thread/INFO] (Minecraft) test-mock-player[embedded] logged in with entity id 2957 at (0.0, 0.0, 0.0)
[21:28:13] [Server thread/INFO] (Minecraft) [Dormant] test-mock-player joined the game
[21:28:13] [Server thread/INFO] (Minecraft) test-mock-player[embedded] logged in with entity id 2958 at (0.0, 0.0, 0.0)
[21:28:13] [Server thread/INFO] (Minecraft) [Dormant] test-mock-player joined the game
[21:28:13] [Server thread/INFO] (Minecraft) Running test environment 'powers:ritual_isolated' batch 0 (1 tests)...
[21:28:13] [Server thread/INFO] (Minecraft) test-mock-player[embedded] logged in with entity id 2961 at (0.0, 0.0, 0.0)
[21:28:13] [Server thread/INFO] (Minecraft) [Dormant] test-mock-player joined the game
[21:28:13] [Server thread/INFO] (Minecraft) [++++++++++++++++++++++++++++++++++++++++++++++++++++++++++++++++++++++++++++++++++++++++++++++++++++++++++++++++++++++++++++++++++++++++++++++_          ]
[21:28:13] [Server thread/INFO] (Minecraft) Running test environment 'powers:vfx_gallery' batch 0 (1 tests)...
[21:28:13] [Server thread/INFO] (Minecraft) [+++++++++++++++++++++++++++++++++++++++++++++++++++++++++++++++++++++++++++++++++++++++++++++++++++++++++++++++++++++++++++++++++++++++++++++++          ]
[21:28:13] [Server thread/INFO] (Minecraft) test-mock-player[embedded] logged in with entity id 2962 at (0.0, 0.0, 0.0)
[21:28:13] [Server thread/INFO] (Minecraft) [Dormant] test-mock-player joined the game
[21:28:13] [Server thread/INFO] (Minecraft) Running test environment 'powers:packet_fault_isolated' batch 0 (4 tests)...
[21:28:13] [Server thread/INFO] (Minecraft) test-mock-player[embedded] logged in with entity id 2974 at (0.0, 0.0, 0.0)
[21:28:13] [Server thread/INFO] (Minecraft) [Dormant] test-mock-player joined the game
[21:28:13] [Server thread/INFO] (Minecraft) test-mock-player[embedded] logged in with entity id 2975 at (0.0, 0.0, 0.0)
[21:28:13] [Server thread/INFO] (Minecraft) [Dormant] test-mock-player joined the game
[21:28:13] [Server thread/INFO] (Minecraft) [+++++++++++++++++++++++++++++++++++++++++++++++++++++++++++++++++++++++++++++++++++++++++++++++++++++++++++++++++++++++++++++++++++++++++++++++++++_     ]
[21:28:13] [Server thread/INFO] (Minecraft) [+++++++++++++++++++++++++++++++++++++++++++++++++++++++++++++++++++++++++++++++++++++++++++++++++++++++++++++++++++++++++++++++++++++++++++++++++++_     ]
[21:28:13] [Server thread/INFO] (Minecraft) [+++++++++++++++++++++++++++++++++++++++++++++++++++++++++++++++++++++++++++++++++++++++++++++++++++++++++++++++++++++++++++++++++++++++++++++++++++_     ]
[21:28:13] [Server thread/INFO] (Minecraft) test-mock-player[embedded] logged in with entity id 3015 at (0.0, 0.0, 0.0)
[21:28:13] [Server thread/INFO] (Minecraft) [Dormant] test-mock-player joined the game
[21:28:13] [Server thread/INFO] (Minecraft) test-mock-player[embedded] logged in with entity id 3020 at (0.0, 0.0, 0.0)
[21:28:13] [Server thread/INFO] (Minecraft) [Dormant] test-mock-player joined the game
[21:28:13] [Server thread/INFO] (Minecraft) [+++++++++++++++++++++++++++++++++++++++++++++++++++++++++++++++++++++++++++++++++++++++++++++++++++++++++++++++++++++++++++++++++++++++++++++++++++_     ]
[21:28:13] [Server thread/INFO] (Minecraft) [Dormant] test-mock-player has made the advancement [We Need to Go Deeper]
[21:28:13] [Server thread/INFO] (Minecraft) test-mock-player[embedded] logged in with entity id 3047 at (0.0, 0.0, 0.0)
[21:28:13] [Server thread/INFO] (Minecraft) [Dormant] test-mock-player joined the game
[21:28:13] [Server thread/INFO] (Minecraft) test-mock-player[embedded] logged in with entity id 3052 at (0.0, 0.0, 0.0)
[21:28:13] [Server thread/INFO] (Minecraft) [Dormant] test-mock-player joined the game
[21:28:13] [Server thread/INFO] (Minecraft) test-mock-player lost connection: QA-009 disconnect lifecycle
[21:28:13] [Server thread/INFO] (Minecraft) [Dormant] test-mock-player left the game
[21:28:13] [Server thread/INFO] (Minecraft) test-mock-player[embedded] logged in with entity id 3057 at (0.0, 0.0, 0.0)
[21:28:13] [Server thread/INFO] (Minecraft) [Dormant] test-mock-player joined the game
[21:28:13] [Server thread/INFO] (Minecraft) [+++++++++++++++++++++++++++++++++++++++++++++++++++++++++++++++++++++++++++++++++++++++++++++++++++++++++++++++++++++++++++++++++++++++++++++++++++_     ]
[21:28:14] [Server thread/INFO] (Minecraft) [+++++++++++++++++++++++++++++++++++++++++++++++++++++++++++++++++++++++++++++++++++++++++++++++++++++++++++++++++++++++++++++++++++++++++++++++++++_     ]
[21:28:14] [Server thread/INFO] (Minecraft) [+++++++++++++++++++++++++++++++++++++++++++++++++++++++++++++++++++++++++++++++++++++++++++++++++++++++++++++++++++++++++++++++++++++++++++++++++++_     ]
[21:28:14] [Server thread/INFO] (Minecraft) [+++++++++++++++++++++++++++++++++++++++++++++++++++++++++++++++++++++++++++++++++++++++++++++++++++++++++++++++++++++++++++++++++++++++++++++++++++_     ]
[21:28:14] [Server thread/INFO] (Minecraft) [+++++++++++++++++++++++++++++++++++++++++++++++++++++++++++++++++++++++++++++++++++++++++++++++++++++++++++++++++++++++++++++++++++++++++++++++++++_     ]
[21:28:14] [Server thread/INFO] (Minecraft) [+++++++++++++++++++++++++++++++++++++++++++++++++++++++++++++++++++++++++++++++++++++++++++++++++++++++++++++++++++++++++++++++++++++++++++++++++++_     ]
[21:28:14] [Server thread/INFO] (Minecraft) [+++++++++++++++++++++++++++++++++++++++++++++++++++++++++++++++++++++++++++++++++++++++++++++++++++++++++++++++++++++++++++++++++++++++++++++++++++_     ]
[21:28:14] [Server thread/INFO] (Minecraft) [+++++++++++++++++++++++++++++++++++++++++++++++++++++++++++++++++++++++++++++++++++++++++++++++++++++++++++++++++++++++++++++++++++++++++++++++++++_     ]
[21:28:14] [Server thread/INFO] (Minecraft) [+++++++++++++++++++++++++++++++++++++++++++++++++++++++++++++++++++++++++++++++++++++++++++++++++++++++++++++++++++++++++++++++++++++++++++++++++++_     ]
[21:28:14] [Server thread/INFO] (Minecraft) [+++++++++++++++++++++++++++++++++++++++++++++++++++++++++++++++++++++++++++++++++++++++++++++++++++++++++++++++++++++++++++++++++++++++++++++++++++_     ]
[21:28:14] [Server thread/INFO] (Minecraft) [+++++++++++++++++++++++++++++++++++++++++++++++++++++++++++++++++++++++++++++++++++++++++++++++++++++++++++++++++++++++++++++++++++++++++++++++++++_     ]
[21:28:14] [Server thread/INFO] (Minecraft) [+++++++++++++++++++++++++++++++++++++++++++++++++++++++++++++++++++++++++++++++++++++++++++++++++++++++++++++++++++++++++++++++++++++++++++++++++++_     ]
[21:28:14] [Server thread/INFO] (Minecraft) [+++++++++++++++++++++++++++++++++++++++++++++++++++++++++++++++++++++++++++++++++++++++++++++++++++++++++++++++++++++++++++++++++++++++++++++++++++_     ]
[21:28:14] [Server thread/INFO] (Minecraft) [+++++++++++++++++++++++++++++++++++++++++++++++++++++++++++++++++++++++++++++++++++++++++++++++++++++++++++++++++++++++++++++++++++++++++++++++++++_     ]
[21:28:14] [Server thread/INFO] (Minecraft) [+++++++++++++++++++++++++++++++++++++++++++++++++++++++++++++++++++++++++++++++++++++++++++++++++++++++++++++++++++++++++++++++++++++++++++++++++++_     ]
[21:28:14] [Server thread/INFO] (Minecraft) [+++++++++++++++++++++++++++++++++++++++++++++++++++++++++++++++++++++++++++++++++++++++++++++++++++++++++++++++++++++++++++++++++++++++++++++++++++_     ]
[21:28:14] [Server thread/INFO] (Minecraft) [+++++++++++++++++++++++++++++++++++++++++++++++++++++++++++++++++++++++++++++++++++++++++++++++++++++++++++++++++++++++++++++++++++++++++++++++++++_     ]
[21:28:14] [Server thread/INFO] (Minecraft) [+++++++++++++++++++++++++++++++++++++++++++++++++++++++++++++++++++++++++++++++++++++++++++++++++++++++++++++++++++++++++++++++++++++++++++++++++++_     ]
[21:28:14] [Server thread/INFO] (Minecraft) [+++++++++++++++++++++++++++++++++++++++++++++++++++++++++++++++++++++++++++++++++++++++++++++++++++++++++++++++++++++++++++++++++++++++++++++++++++_     ]
[21:28:14] [Server thread/INFO] (Minecraft) [+++++++++++++++++++++++++++++++++++++++++++++++++++++++++++++++++++++++++++++++++++++++++++++++++++++++++++++++++++++++++++++++++++++++++++++++++++_     ]
[21:28:14] [Server thread/INFO] (Minecraft) [+++++++++++++++++++++++++++++++++++++++++++++++++++++++++++++++++++++++++++++++++++++++++++++++++++++++++++++++++++++++++++++++++++++++++++++++++++_     ]
[21:28:14] [Server thread/INFO] (Minecraft) [+++++++++++++++++++++++++++++++++++++++++++++++++++++++++++++++++++++++++++++++++++++++++++++++++++++++++++++++++++++++++++++++++++++++++++++++++++_     ]
[21:28:14] [Server thread/INFO] (Minecraft) [+++++++++++++++++++++++++++++++++++++++++++++++++++++++++++++++++++++++++++++++++++++++++++++++++++++++++++++++++++++++++++++++++++++++++++++++++++_     ]
[21:28:14] [Server thread/INFO] (Minecraft) [+++++++++++++++++++++++++++++++++++++++++++++++++++++++++++++++++++++++++++++++++++++++++++++++++++++++++++++++++++++++++++++++++++++++++++++++++++_     ]
[21:28:14] [Server thread/INFO] (Minecraft) [+++++++++++++++++++++++++++++++++++++++++++++++++++++++++++++++++++++++++++++++++++++++++++++++++++++++++++++++++++++++++++++++++++++++++++++++++++_     ]
[21:28:14] [Server thread/INFO] (Minecraft) [+++++++++++++++++++++++++++++++++++++++++++++++++++++++++++++++++++++++++++++++++++++++++++++++++++++++++++++++++++++++++++++++++++++++++++++++++++_     ]
[21:28:14] [Server thread/INFO] (Minecraft) [+++++++++++++++++++++++++++++++++++++++++++++++++++++++++++++++++++++++++++++++++++++++++++++++++++++++++++++++++++++++++++++++++++++++++++++++++++_     ]
[21:28:14] [Server thread/INFO] (Minecraft) [+++++++++++++++++++++++++++++++++++++++++++++++++++++++++++++++++++++++++++++++++++++++++++++++++++++++++++++++++++++++++++++++++++++++++++++++++++_     ]
[21:28:14] [Server thread/INFO] (Minecraft) [+++++++++++++++++++++++++++++++++++++++++++++++++++++++++++++++++++++++++++++++++++++++++++++++++++++++++++++++++++++++++++++++++++++++++++++++++++_     ]
[21:28:14] [Server thread/INFO] (Minecraft) [+++++++++++++++++++++++++++++++++++++++++++++++++++++++++++++++++++++++++++++++++++++++++++++++++++++++++++++++++++++++++++++++++++++++++++++++++++_     ]
[21:28:14] [Server thread/INFO] (Minecraft) Running test environment 'powers:artifact_authority_isolated' batch 0 (1 tests)...
[21:28:14] [Server thread/INFO] (Minecraft) test-mock-player[embedded] logged in with entity id 3155 at (0.0, 0.0, 0.0)
[21:28:14] [Server thread/INFO] (Minecraft) [Dormant] test-mock-player joined the game
[21:28:14] [Server thread/INFO] (Minecraft) [++++++++++++++++++++++++++++++++++++++++++++++++++++++++++++++++++++++++++++++++++++++++++++++++++++++++++++++++++++++++++++++++++++++++++++++++++++_    ]
[21:28:14] [Server thread/INFO] (Minecraft) Running test environment 'powers:casting_pose_isolated' batch 0 (1 tests)...
[21:28:14] [Server thread/INFO] (Minecraft) Running test environment 'powers:artifact_stale_cycle_isolated' batch 0 (1 tests)...
[21:28:14] [Server thread/INFO] (Minecraft) [++++++++++++++++++++++++++++++++++++++++++++++++++++++++++++++++++++++++++++++++++++++++++++++++++++++++++++++++++++++++++++++++++++++++++++++++++++++   ]
[21:28:14] [Server thread/INFO] (Minecraft) test-mock-player[embedded] logged in with entity id 3157 at (0.0, 0.0, 0.0)
[21:28:14] [Server thread/INFO] (Minecraft) [Dormant] test-mock-player joined the game
[21:28:14] [Server thread/INFO] (Minecraft) Running test environment 'powers:artifact_stale_teleport_isolated' batch 0 (1 tests)...
[21:28:14] [Server thread/INFO] (Minecraft) test-mock-player[embedded] logged in with entity id 3159 at (0.0, 0.0, 0.0)
[21:28:14] [Server thread/INFO] (Minecraft) [Dormant] test-mock-player joined the game
[21:28:14] [Server thread/INFO] (Minecraft) Running test environment 'powers:packet_fault_matrix_isolated' batch 0 (1 tests)...
[21:28:15] [Server thread/INFO] (Minecraft) test-mock-player[embedded] logged in with entity id 3161 at (0.0, 0.0, 0.0)
[21:28:15] [Server thread/INFO] (Minecraft) [Dormant] test-mock-player joined the game
[21:28:15] [Server thread/INFO] (Minecraft) test-mock-player[embedded] logged in with entity id 3162 at (0.0, 0.0, 0.0)
[21:28:15] [Server thread/INFO] (Minecraft) [Dormant] test-mock-player joined the game
[21:28:15] [Server thread/INFO] (Minecraft) test-mock-player[embedded] logged in with entity id 3163 at (0.0, 0.0, 0.0)
[21:28:15] [Server thread/INFO] (Minecraft) [Dormant] test-mock-player joined the game
[21:28:15] [Server thread/INFO] (Minecraft) test-mock-player[embedded] logged in with entity id 3164 at (0.0, 0.0, 0.0)
[21:28:15] [Server thread/INFO] (Minecraft) [Dormant] test-mock-player joined the game
[21:28:15] [Server thread/INFO] (Minecraft) test-mock-player[embedded] logged in with entity id 3165 at (0.0, 0.0, 0.0)
[21:28:15] [Server thread/INFO] (Minecraft) [Dormant] test-mock-player joined the game
[21:28:15] [Server thread/INFO] (Minecraft) test-mock-player[embedded] logged in with entity id 3166 at (0.0, 0.0, 0.0)
[21:28:15] [Server thread/INFO] (Minecraft) [Dormant] test-mock-player joined the game
[21:28:15] [Server thread/INFO] (Minecraft) [++++++++++++++++++++++++++++++++++++++++++++++++++++++++++++++++++++++++++++++++++++++++++++++++++++++++++++++++++++++++++++++++++++++++++++++++++++++++_]
[21:28:15] [Server thread/INFO] (Minecraft) test-mock-player lost connection: QA-009 production matrix complete
[21:28:15] [Server thread/INFO] (Minecraft) [Dormant] test-mock-player left the game
[21:28:15] [Server thread/INFO] (Minecraft) test-mock-player lost connection: QA-009 production matrix complete
[21:28:15] [Server thread/INFO] (Minecraft) [Dormant] test-mock-player left the game
[21:28:15] [Server thread/INFO] (Minecraft) test-mock-player lost connection: QA-009 production matrix complete
[21:28:15] [Server thread/INFO] (Minecraft) [Dormant] test-mock-player left the game
[21:28:15] [Server thread/INFO] (Minecraft) test-mock-player lost connection: QA-009 production matrix complete
[21:28:15] [Server thread/INFO] (Minecraft) [Dormant] test-mock-player left the game
[21:28:15] [Server thread/INFO] (Minecraft) test-mock-player lost connection: QA-009 production matrix complete
[21:28:15] [Server thread/INFO] (Minecraft) [Dormant] test-mock-player left the game
[21:28:15] [Server thread/INFO] (Minecraft) test-mock-player lost connection: QA-009 production matrix complete
[21:28:15] [Server thread/INFO] (Minecraft) [Dormant] test-mock-player left the game
[21:28:15] [Server thread/INFO] (Minecraft) [STDOUT]: QA009_PRODUCTION_MATRIX profile=delay150 serverObservedByTicks=10 authoritative=selected outbound=power-state-91 offered=101 dropped=0 duplicated=0 delayed=101 reordered=99 delivered=2 expired=0 maxQueue=101 maxAgeTicks=4 duplicateSideEffects=0
[21:28:15] [Server thread/INFO] (Minecraft) [STDOUT]: QA009_PRODUCTION_MATRIX profile=delay300 serverObservedByTicks=10 authoritative=selected outbound=power-state-91 offered=101 dropped=0 duplicated=0 delayed=101 reordered=99 delivered=2 expired=0 maxQueue=101 maxAgeTicks=7 duplicateSideEffects=0
[21:28:15] [Server thread/INFO] (Minecraft) [STDOUT]: QA009_PRODUCTION_MATRIX profile=loss1 serverObservedByTicks=10 authoritative=selected outbound=power-state-91 offered=251 dropped=1 duplicated=0 delayed=0 reordered=248 delivered=2 expired=0 maxQueue=250 maxAgeTicks=3 duplicateSideEffects=0
[21:28:15] [Server thread/INFO] (Minecraft) [STDOUT]: QA009_PRODUCTION_MATRIX profile=loss5 serverObservedByTicks=10 authoritative=selected outbound=power-state-91 offered=251 dropped=15 duplicated=0 delayed=0 reordered=234 delivered=2 expired=0 maxQueue=236 maxAgeTicks=3 duplicateSideEffects=0
[21:28:15] [Server thread/INFO] (Minecraft) [STDOUT]: QA009_PRODUCTION_MATRIX profile=duplicate serverObservedByTicks=10 authoritative=selected outbound=power-state-91 offered=101 dropped=0 duplicated=101 delayed=0 reordered=198 delivered=2 expired=0 maxQueue=202 maxAgeTicks=3 duplicateSideEffects=0
[21:28:15] [Server thread/INFO] (Minecraft) [STDOUT]: QA009_PRODUCTION_MATRIX profile=reorder serverObservedByTicks=10 authoritative=selected outbound=power-state-91 offered=101 dropped=0 duplicated=0 delayed=68 reordered=99 delivered=2 expired=0 maxQueue=101 maxAgeTicks=2 duplicateSideEffects=0
[21:28:15] [Server thread/INFO] (Minecraft) [+++++++++++++++++++++++++++++++++++++++++++++++++++++++++++++++++++++++++++++++++++++++++++++++++++++++++++++++++++++++++++++++++++++++++++++++++++++++++]
[21:28:15] [Server thread/INFO] (Minecraft) ========= 153 GAME TESTS COMPLETE IN 53.28 s ======================
[21:28:15] [Server thread/INFO] (Minecraft) All 153 required tests passed :)
[21:28:15] [Server thread/INFO] (Minecraft) ====================================================
[21:28:15] [Server thread/INFO] (Minecraft) Stopping server
[21:28:15] [Server thread/INFO] (Minecraft) Saving players
[21:28:15] [Server thread/INFO] (Minecraft) test-mock-player lost connection: Server closed
[21:28:15] [Server thread/INFO] (Minecraft) [Dormant] test-mock-player left the game
[21:28:15] [Server thread/INFO] (Minecraft) test-mock-player lost connection: Server closed
[21:28:15] [Server thread/INFO] (Minecraft) [Dormant] test-mock-player left the game
[21:28:15] [Server thread/INFO] (Minecraft) test-mock-player lost connection: Server closed
[21:28:15] [Server thread/INFO] (Minecraft) [Dormant] test-mock-player left the game
[21:28:15] [Server thread/INFO] (Minecraft) test-mock-player lost connection: Server closed
[21:28:15] [Server thread/INFO] (Minecraft) [Dormant] test-mock-player left the game
[21:28:15] [Server thread/INFO] (Minecraft) test-mock-player lost connection: Server closed
[21:28:15] [Server thread/INFO] (Minecraft) [Nightfall] test-mock-player left the game
[21:28:15] [Server thread/INFO] (Minecraft) test-mock-player lost connection: Server closed
[21:28:15] [Server thread/INFO] (Minecraft) [Dormant] test-mock-player left the game
[21:28:15] [Server thread/INFO] (Minecraft) test-mock-player lost connection: Server closed
[21:28:15] [Server thread/INFO] (Minecraft) [Dormant] test-mock-player left the game
[21:28:15] [Server thread/INFO] (Minecraft) test-mock-player lost connection: Server closed
[21:28:15] [Server thread/INFO] (Minecraft) [Dormant] test-mock-player left the game
[21:28:15] [Server thread/INFO] (Minecraft) test-mock-player lost connection: Server closed
[21:28:15] [Server thread/INFO] (Minecraft) [Dormant] test-mock-player left the game
[21:28:15] [Server thread/INFO] (Minecraft) test-mock-player lost connection: Server closed
[21:28:15] [Server thread/INFO] (Minecraft) [Dormant] test-mock-player left the game
[21:28:15] [Server thread/INFO] (Minecraft) test-mock-player lost connection: Server closed
[21:28:15] [Server thread/INFO] (Minecraft) [Unmarked] test-mock-player left the game
[21:28:15] [Server thread/INFO] (Minecraft) test-mock-player lost connection: Server closed
[21:28:15] [Server thread/INFO] (Minecraft) [Dormant] test-mock-player left the game
[21:28:15] [Server thread/INFO] (Minecraft) test-mock-player lost connection: Server closed
[21:28:15] [Server thread/INFO] (Minecraft) [Dormant] test-mock-player left the game
[21:28:15] [Server thread/INFO] (Minecraft) test-mock-player lost connection: Server closed
[21:28:15] [Server thread/INFO] (Minecraft) [Dormant] test-mock-player left the game
[21:28:15] [Server thread/INFO] (Minecraft) test-mock-player lost connection: Server closed
[21:28:15] [Server thread/INFO] (Minecraft) [Dormant] test-mock-player left the game
[21:28:15] [Server thread/INFO] (Minecraft) test-mock-player lost connection: Server closed
[21:28:15] [Server thread/INFO] (Minecraft) [Nightfall] test-mock-player left the game
[21:28:15] [Server thread/INFO] (Minecraft) test-mock-player lost connection: Server closed
[21:28:15] [Server thread/INFO] (Minecraft) [Dormant] test-mock-player left the game
[21:28:15] [Server thread/INFO] (Minecraft) test-mock-player lost connection: Server closed
[21:28:15] [Server thread/INFO] (Minecraft) [Dormant] test-mock-player left the game
[21:28:15] [Server thread/INFO] (Minecraft) test-mock-player lost connection: Server closed
[21:28:15] [Server thread/INFO] (Minecraft) [Dormant] test-mock-player left the game
[21:28:15] [Server thread/INFO] (Minecraft) test-mock-player lost connection: Server closed
[21:28:15] [Server thread/INFO] (Minecraft) [Dormant] test-mock-player left the game
[21:28:15] [Server thread/INFO] (Minecraft) test-mock-player lost connection: Server closed
[21:28:15] [Server thread/INFO] (Minecraft) [Dormant] test-mock-player left the game
[21:28:15] [Server thread/INFO] (Minecraft) test-mock-player lost connection: Server closed
[21:28:15] [Server thread/INFO] (Minecraft) [Nightfall] test-mock-player left the game
[21:28:15] [Server thread/INFO] (Minecraft) test-mock-player lost connection: Server closed
[21:28:15] [Server thread/INFO] (Minecraft) [Dormant] test-mock-player left the game
[21:28:15] [Server thread/INFO] (Minecraft) test-mock-player lost connection: Server closed
[21:28:15] [Server thread/INFO] (Minecraft) [Dormant] test-mock-player left the game
[21:28:15] [Server thread/INFO] (Minecraft) test-mock-player lost connection: Server closed
[21:28:15] [Server thread/INFO] (Minecraft) [Dormant] test-mock-player left the game
[21:28:15] [Server thread/INFO] (Minecraft) test-mock-player lost connection: Server closed
[21:28:15] [Server thread/INFO] (Minecraft) [Dormant] test-mock-player left the game
[21:28:15] [Server thread/INFO] (Minecraft) test-mock-player lost connection: Server closed
[21:28:15] [Server thread/INFO] (Minecraft) [Dormant] test-mock-player left the game
[21:28:15] [Server thread/INFO] (Minecraft) test-mock-player lost connection: Server closed
[21:28:15] [Server thread/INFO] (Minecraft) [Dormant] test-mock-player left the game
[21:28:15] [Server thread/INFO] (Minecraft) test-mock-player lost connection: Server closed
[21:28:15] [Server thread/INFO] (Minecraft) [Dormant] test-mock-player left the game
[21:28:15] [Server thread/INFO] (Minecraft) test-mock-player lost connection: Server closed
[21:28:15] [Server thread/INFO] (Minecraft) [Dormant] test-mock-player left the game
[21:28:15] [Server thread/INFO] (Minecraft) test-mock-player lost connection: Server closed
[21:28:15] [Server thread/INFO] (Minecraft) [Dormant] test-mock-player left the game
[21:28:15] [Server thread/INFO] (Minecraft) test-mock-player lost connection: Server closed
[21:28:15] [Server thread/INFO] (Minecraft) [Dormant] test-mock-player left the game
[21:28:15] [Server thread/INFO] (Minecraft) test-mock-player lost connection: Server closed
[21:28:15] [Server thread/INFO] (Minecraft) [Dormant] test-mock-player left the game
[21:28:15] [Server thread/INFO] (Minecraft) test-mock-player lost connection: Server closed
[21:28:15] [Server thread/INFO] (Minecraft) [Dormant] test-mock-player left the game
[21:28:15] [Server thread/INFO] (Minecraft) test-mock-player lost connection: Server closed
[21:28:15] [Server thread/INFO] (Minecraft) [Dormant] test-mock-player left the game
[21:28:15] [Server thread/INFO] (Minecraft) test-mock-player lost connection: Server closed
[21:28:15] [Server thread/INFO] (Minecraft) [Dormant] test-mock-player left the game
[21:28:15] [Server thread/INFO] (Minecraft) test-mock-player lost connection: Server closed
[21:28:15] [Server thread/INFO] (Minecraft) [Dormant] test-mock-player left the game
[21:28:15] [Server thread/INFO] (Minecraft) test-mock-player lost connection: Server closed
[21:28:15] [Server thread/INFO] (Minecraft) [Dormant] test-mock-player left the game
[21:28:15] [Server thread/INFO] (Minecraft) test-mock-player lost connection: Server closed
[21:28:15] [Server thread/INFO] (Minecraft) [Dormant] test-mock-player left the game
[21:28:15] [Server thread/INFO] (Minecraft) test-mock-player lost connection: Server closed
[21:28:15] [Server thread/INFO] (Minecraft) [Dormant] test-mock-player left the game
[21:28:15] [Server thread/INFO] (Minecraft) test-mock-player lost connection: Server closed
[21:28:15] [Server thread/INFO] (Minecraft) [Dormant] test-mock-player left the game
[21:28:15] [Server thread/INFO] (Minecraft) test-mock-player lost connection: Server closed
[21:28:15] [Server thread/INFO] (Minecraft) [Dormant] test-mock-player left the game
[21:28:15] [Server thread/INFO] (Minecraft) test-mock-player lost connection: Server closed
[21:28:15] [Server thread/INFO] (Minecraft) [Dormant] test-mock-player left the game
[21:28:15] [Server thread/INFO] (Minecraft) test-mock-player lost connection: Server closed
[21:28:15] [Server thread/INFO] (Minecraft) [Dormant] test-mock-player left the game
[21:28:15] [Server thread/INFO] (Minecraft) test-mock-player lost connection: Server closed
[21:28:15] [Server thread/INFO] (Minecraft) [Dormant] test-mock-player left the game
[21:28:15] [Server thread/INFO] (Minecraft) test-mock-player lost connection: Server closed
[21:28:15] [Server thread/INFO] (Minecraft) [Dormant] test-mock-player left the game
[21:28:15] [Server thread/INFO] (Minecraft) test-mock-player lost connection: Server closed
[21:28:15] [Server thread/INFO] (Minecraft) [Dormant] test-mock-player left the game
[21:28:15] [Server thread/INFO] (Minecraft) test-mock-player lost connection: Server closed
[21:28:15] [Server thread/INFO] (Minecraft) [Dormant] test-mock-player left the game
[21:28:15] [Server thread/INFO] (Minecraft) test-mock-player lost connection: Server closed
[21:28:15] [Server thread/INFO] (Minecraft) [Dormant] test-mock-player left the game
[21:28:15] [Server thread/INFO] (Minecraft) test-mock-player lost connection: Server closed
[21:28:15] [Server thread/INFO] (Minecraft) [Dormant] test-mock-player left the game
[21:28:15] [Server thread/INFO] (Minecraft) test-mock-player lost connection: Server closed
[21:28:15] [Server thread/INFO] (Minecraft) [Unmarked] test-mock-player left the game
[21:28:15] [Server thread/INFO] (Minecraft) test-mock-player lost connection: Server closed
[21:28:15] [Server thread/INFO] (Minecraft) [Unmarked] test-mock-player left the game
[21:28:15] [Server thread/INFO] (Minecraft) test-mock-player lost connection: Server closed
[21:28:15] [Server thread/INFO] (Minecraft) [Unmarked] test-mock-player left the game
[21:28:15] [Server thread/INFO] (Minecraft) test-mock-player lost connection: Server closed
[21:28:15] [Server thread/INFO] (Minecraft) [Dormant] test-mock-player left the game
[21:28:15] [Server thread/INFO] (Minecraft) test-mock-player lost connection: Server closed
[21:28:15] [Server thread/INFO] (Minecraft) [Dormant] test-mock-player left the game
[21:28:15] [Server thread/INFO] (Minecraft) test-mock-player lost connection: Server closed
[21:28:15] [Server thread/INFO] (Minecraft) [Dormant] test-mock-player left the game
[21:28:15] [Server thread/INFO] (Minecraft) test-mock-player lost connection: Server closed
[21:28:15] [Server thread/INFO] (Minecraft) [Dormant] test-mock-player left the game
[21:28:15] [Server thread/INFO] (Minecraft) test-mock-player lost connection: Server closed
[21:28:15] [Server thread/INFO] (Minecraft) [Dormant] test-mock-player left the game
[21:28:15] [Server thread/INFO] (Minecraft) test-mock-player lost connection: Server closed
[21:28:15] [Server thread/INFO] (Minecraft) [Dormant] test-mock-player left the game
[21:28:15] [Server thread/INFO] (Minecraft) test-mock-player lost connection: Server closed
[21:28:15] [Server thread/INFO] (Minecraft) [Dormant] test-mock-player left the game
[21:28:15] [Server thread/INFO] (Minecraft) test-mock-player lost connection: Server closed
[21:28:15] [Server thread/INFO] (Minecraft) [Dormant] test-mock-player left the game
[21:28:15] [Server thread/INFO] (Minecraft) test-mock-player lost connection: Server closed
[21:28:15] [Server thread/INFO] (Minecraft) [Dormant] test-mock-player left the game
[21:28:15] [Server thread/INFO] (Minecraft) test-mock-player lost connection: Server closed
[21:28:15] [Server thread/INFO] (Minecraft) [Dormant] test-mock-player left the game
[21:28:15] [Server thread/INFO] (Minecraft) test-mock-player lost connection: Server closed
[21:28:15] [Server thread/INFO] (Minecraft) [Dormant] test-mock-player left the game
[21:28:15] [Server thread/INFO] (Minecraft) test-mock-player lost connection: Server closed
[21:28:15] [Server thread/INFO] (Minecraft) [Dormant] test-mock-player left the game
[21:28:15] [Server thread/INFO] (Minecraft) test-mock-player lost connection: Server closed
[21:28:15] [Server thread/INFO] (Minecraft) [Dormant] test-mock-player left the game
[21:28:15] [Server thread/INFO] (Minecraft) test-mock-player lost connection: Server closed
[21:28:15] [Server thread/INFO] (Minecraft) [Dormant] test-mock-player left the game
[21:28:15] [Server thread/INFO] (Minecraft) test-mock-player lost connection: Server closed
[21:28:15] [Server thread/INFO] (Minecraft) [Nightfall] test-mock-player left the game
[21:28:15] [Server thread/INFO] (Minecraft) test-mock-player lost connection: Server closed
[21:28:15] [Server thread/INFO] (Minecraft) [Dormant] test-mock-player left the game
[21:28:15] [Server thread/INFO] (Minecraft) test-mock-player lost connection: Server closed
[21:28:15] [Server thread/INFO] (Minecraft) [Dormant] test-mock-player left the game
[21:28:15] [Server thread/INFO] (Minecraft) test-mock-player lost connection: Server closed
[21:28:15] [Server thread/INFO] (Minecraft) [Dormant] test-mock-player left the game
[21:28:15] [Server thread/INFO] (Minecraft) Saving worlds
[21:28:15] [Server thread/INFO] (Minecraft) Saving chunks for level 'ServerLevel[Test Level]'/minecraft:overworld
[21:28:15] [Server thread/INFO] (Minecraft) Saving chunks for level 'ServerLevel[Test Level]'/qa010_hostile:synthetic
[21:28:15] [Server thread/INFO] (Minecraft) Saving chunks for level 'ServerLevel[Test Level]'/powers:dark_realm
[21:28:15] [Server thread/INFO] (Minecraft) Saving chunks for level 'ServerLevel[Test Level]'/powers:light_realm
[21:28:15] [Server thread/INFO] (Minecraft) Saving chunks for level 'ServerLevel[Test Level]'/minecraft:the_nether
[21:28:15] [Server thread/INFO] (Minecraft) Saving chunks for level 'ServerLevel[Test Level]'/minecraft:the_end
[21:28:15] [Server thread/INFO] (Minecraft) ThreadedAnvilChunkStorage (world): All chunks are saved
[21:28:15] [Server thread/INFO] (Minecraft) ThreadedAnvilChunkStorage (synthetic): All chunks are saved
[21:28:15] [Server thread/INFO] (Minecraft) ThreadedAnvilChunkStorage (dark_realm): All chunks are saved
[21:28:15] [Server thread/INFO] (Minecraft) ThreadedAnvilChunkStorage (light_realm): All chunks are saved
[21:28:15] [Server thread/INFO] (Minecraft) ThreadedAnvilChunkStorage (DIM-1): All chunks are saved
[21:28:15] [Server thread/INFO] (Minecraft) ThreadedAnvilChunkStorage (DIM1): All chunks are saved
[21:28:15] [Server thread/INFO] (Minecraft) ThreadedAnvilChunkStorage: All dimensions are saved
[21:28:16] [Server thread/INFO] (Minecraft) Game test server shutting down

> Task :compileTestJava
> Task :processTestResources
> Task :testClasses
WARNING: A terminally deprecated method in sun.misc.Unsafe has been called
WARNING: sun.misc.Unsafe::objectFieldOffset has been called by org.joml.MemUtil$MemUtilUnsafe (file:<HOME>/.gradle/caches/modules-2/files-2.1/org.joml/joml/1.10.8/fc0a71dad90a2cf41d82a76156a0e700af8e4f8d/joml-1.10.8.jar)
WARNING: Please consider reporting this to the maintainers of class org.joml.MemUtil$MemUtilUnsafe
WARNING: sun.misc.Unsafe::objectFieldOffset will be removed in a future release
> Task :test

> Task :testPythonScripts
.................................................................................................................................................[0012] [Server thread/INFO]: SoakClient left the game
................................................
----------------------------------------------------------------------
Ran 193 tests in 43.008s

OK

> Task :validateAccessWidener NO-SOURCE

> Task :validatePowerResources
POWERS resource validation passed

> Task :verifyItemDocs
> Task :verifyMagicDocs
> Task :verifyRankDocs
> Task :verifyVfxAssetAudit
> Task :check

BUILD SUCCESSFUL in 2m 52s
24 actionable tasks: 24 executed
