To honour the JVM settings for this build a single-use Daemon process will be forked. For more on this, please refer to https://docs.gradle.org/9.5.1/userguide/gradle_daemon.html#sec:disabling_the_daemon in the Gradle documentation.
Daemon will be stopped at the end of the build

> Configure project :
Fabric Loom: 1.17.19

> Task :auditJavaSources
> Task :auditNonItemAssets
> Task :compileJava
> Task :processResources
> Task :classes
> Task :compileClientJava
> Task :processClientResources
> Task :clientClasses
> Task :compileTestJava
> Task :processTestResources
> Task :testClasses
> Task :test

> Task :testPythonScripts
[0012] [Server thread/INFO]: SoakClient left the game

> Task :validateAccessWidener NO-SOURCE

> Task :validatePowerResources
POWERS resource validation passed

> Task :verifyItemDocs
> Task :verifyMagicDocs
> Task :verifyRankDocs
> Task :verifyVfxAssetAudit
> Task :check

BUILD SUCCESSFUL in 1m 1s
15 actionable tasks: 15 executed
