To honour the JVM settings for this build a single-use Daemon process will be forked. For more on this, please refer to https://docs.gradle.org/9.5.1/userguide/gradle_daemon.html#sec:disabling_the_daemon in the Gradle documentation.
Daemon will be stopped at the end of the build

> Configure project :
Fabric Loom: 1.17.19

> Task :compileJava UP-TO-DATE
> Task :processResources UP-TO-DATE
> Task :classes UP-TO-DATE
> Task :deleteGameTestRunDir
> Task :acceptGameTestEula
> Task :generateLog4jConfig UP-TO-DATE
> Task :generateDLIConfig UP-TO-DATE
> Task :configureLaunch

> Task :runServer
[11:06:46] [main/INFO] (FabricLoader/GameProvider) Loading Minecraft 26.2 with Fabric Loader 0.19.3
[11:06:46] [main/INFO] (FabricLoader/Mappings) Mappings not present!
[11:06:46] [main/INFO] (FabricLoader) Loading 43 mods:
	- fabric-api 0.156.0+26.2
	   |-- fabric-key-mapping-api-v1 2.0.5+e2bdee789e
	   |-- fabric-model-loading-api-v1 8.0.16+c80601bb9e
	   |-- fabric-renderer-api-v1 14.1.3+2b0d8a229e
	   |-- fabric-renderer-indigo 9.1.3+2b0d8a229e
	   |-- fabric-rendering-v1 25.3.2+515ac5339e
	   |-- fabric-screen-api-v1 5.1.0+48e3c0b09e
	   \-- fabric-sound-api-v1 2.0.5+11a26f319e
	- fabric-api-base 2.0.4+ece063239e
	- fabric-api-lookup-api-v1 2.0.17+11e1c9a39e
	- fabric-biome-api-v1 18.0.6+c7bd5b8e9e
	- fabric-block-api-v1 3.0.3+ec56b6019e
	- fabric-block-getter-api-v2 2.0.7+ec56b6019e
	- fabric-command-api-v2 3.1.0+00cb03469e
	- fabric-content-registries-v0 11.3.0+d0a699d09e
	- fabric-convention-tags-v2 4.7.0+1f023a9e9e
	- fabric-crash-report-info-v1 1.0.5+086d547a9e
	- fabric-creative-tab-api-v1 5.0.14+d871b99e9e
	- fabric-data-attachment-api-v1 2.2.18+515ac5339e
	- fabric-data-generation-api-v1 25.5.0+aed122aa9e
	- fabric-debug-api-v1 1.0.2+c792624d9e
	- fabric-dimensions-v1 5.1.11+515ac5339e
	- fabric-entity-events-v1 5.0.5+06488ac19e
	- fabric-events-interaction-v0 5.2.7+515ac5339e
	- fabric-game-rule-api-v1 4.0.8+46a6d00c9e
	- fabric-gametest-api-v1 4.0.21+4a7fa0819e
	- fabric-item-api-v1 14.4.0+49a69a7b9e
	- fabric-lifecycle-events-v1 4.1.3+4575b05f9e
	- fabric-loot-api-v3 3.0.17+06488ac19e
	- fabric-menu-api-v1 2.0.16+086d547a9e
	- fabric-message-api-v1 7.0.7+086d547a9e
	- fabric-networking-api-v1 6.3.3+72073ef09e
	- fabric-object-builder-api-v1 24.1.0+6fcd5f039e
	- fabric-particles-v1 5.0.18+d1756aa99e
	- fabric-permission-api-v1 1.0.4+536fad2f9e
	- fabric-recipe-api-v1 9.0.20+11e1c9a39e
	- fabric-registry-sync-v0 7.1.0+c7bd5b8e9e
	- fabric-rendering-fluids-v1 6.0.4+06488ac19e
	- fabric-resource-conditions-api-v1 6.1.0+10e9a28b9e
	- fabric-resource-loader-v0 3.3.20+4fc5413f9e
	- fabric-resource-loader-v1 2.0.13+9edec1269e
	- fabric-serialization-api-v1 2.0.4+11a26f319e
	- fabric-tag-api-v1 2.1.4+515ac5339e
	- fabric-transfer-api-v1 8.0.12+11dbb7d79e
	- fabric-transitive-access-wideners-v1 8.1.4+67c847259e
	- fabricloader 0.19.3
	- java 25
	- minecraft 26.2
	- mixinextras 0.5.4
	- powers 1.0.2
[11:06:46] [main/INFO] (FabricLoader/Mixin) SpongePowered MIXIN Subsystem Version=0.8.7 Source=file:<HOME>/.gradle/caches/modules-2/files-2.1/net.fabricmc/sponge-mixin/0.17.3+mixin.0.8.7/41c4a3984a80f4679e759fb9f495587acc5cdac7/sponge-mixin-0.17.3+mixin.0.8.7.jar Service=Knot/Fabric Env=SERVER
[11:06:46] [main/INFO] (FabricLoader/Mixin) Compatibility level set to JAVA_25
[11:06:46] [main/INFO] (FabricLoader/MixinExtras|Service) Initializing MixinExtras via com.llamalad7.mixinextras.service.MixinExtrasServiceImpl(version=0.5.4).
[11:06:52] [main/INFO] (powers) Loaded rank mazes: 28 light nodes, 28 darkness nodes
[11:06:52] [main/INFO] (powers) Magic collision kernel loaded: 64 actions, 2080 exhaustive interactions
[11:06:52] [main/INFO] (powers) POWERS framework initialized with 23 power(s)
[11:06:52] [main/INFO] (Minecraft) Environment: Environment[sessionHost=https://sessionserver.mojang.com, servicesHost=https://api.minecraftservices.com, profilesHost=https://api.mojang.com, name=PROD]
[11:06:53] [Worker-Main-2/INFO] (Minecraft) No existing world data, creating new world
[11:06:53] [main/INFO] (Minecraft) Loaded 1605 recipes
[11:06:53] [main/INFO] (Minecraft) Loaded 1713 advancements
[11:06:53] [main/INFO] (powers) Staged 0 initial action aliases until extension registration
[11:06:53] [main/INFO] (powers) Loaded 14 Shadow knowledge entries
[11:06:53] [main/INFO] (BiomeModificationImpl) Applied 0 biome modifications to 0 of 69 new biomes in 642.8 μs
[11:06:53] [Server thread/INFO] (powers) Published action registry revision 1 with 109 canonical keys and 0 aliases
[11:06:53] [Server thread/INFO] (Minecraft) Starting minecraft server version 26.2
[11:06:53] [Server thread/INFO] (Minecraft) Loading properties
[11:06:53] [Server thread/INFO] (Minecraft) Default game type: SURVIVAL
[11:06:53] [Server thread/INFO] (Minecraft) Generating keypair
[11:06:53] [Server thread/INFO] (Minecraft) Starting Minecraft server on *:25571
[11:06:54] [Server thread/WARN] (Minecraft) **** SERVER IS RUNNING IN OFFLINE/INSECURE MODE!
[11:06:54] [Server thread/WARN] (Minecraft) The server will make no attempt to authenticate usernames. Beware.
[11:06:54] [Server thread/WARN] (Minecraft) While this makes the game possible to play without internet access, it also opens up the ability for hackers to connect with any username they choose.
[11:06:54] [Server thread/WARN] (Minecraft) To change this, set "online-mode" to "true" in the server.properties file.
[11:06:54] [Server thread/INFO] (Minecraft) Preparing level "world"
[11:06:54] [Server thread/INFO] (Minecraft) Selecting global world spawn...
[11:06:55] [Server thread/INFO] (Minecraft) Loading 0 persistent chunks...
[11:06:55] [Server thread/INFO] (Minecraft) Preparing spawn area: 100%
[11:06:55] [Server thread/INFO] (Minecraft) Time elapsed: 1593 ms
[11:06:55] [Server thread/INFO] (Minecraft) Done (1.782s)! For help, type "help"
[11:06:55] [Server thread/INFO] (Minecraft) Saving chunks for level 'ServerLevel[world]'/minecraft:overworld
[11:06:55] [Server thread/INFO] (Minecraft) Saving chunks for level 'ServerLevel[world]'/minecraft:the_nether
[11:06:55] [Server thread/INFO] (Minecraft) Saving chunks for level 'ServerLevel[world]'/powers:middleworld
[11:06:55] [Server thread/INFO] (Minecraft) Saving chunks for level 'ServerLevel[world]'/powers:dark_realm
[11:06:55] [Server thread/INFO] (Minecraft) Saving chunks for level 'ServerLevel[world]'/powers:light_realm
[11:06:55] [Server thread/INFO] (Minecraft) Saving chunks for level 'ServerLevel[world]'/minecraft:the_end
[11:06:55] [Server thread/INFO] (Minecraft) ThreadedAnvilChunkStorage (world): All chunks are saved
[11:06:55] [Server thread/INFO] (Minecraft) ThreadedAnvilChunkStorage (DIM-1): All chunks are saved
[11:06:55] [Server thread/INFO] (Minecraft) ThreadedAnvilChunkStorage (middleworld): All chunks are saved
[11:06:55] [Server thread/INFO] (Minecraft) ThreadedAnvilChunkStorage (dark_realm): All chunks are saved
[11:06:55] [Server thread/INFO] (Minecraft) ThreadedAnvilChunkStorage (light_realm): All chunks are saved
[11:06:55] [Server thread/INFO] (Minecraft) ThreadedAnvilChunkStorage (DIM1): All chunks are saved
[11:06:55] [Server thread/INFO] (Minecraft) ThreadedAnvilChunkStorage: All dimensions are saved
[11:07:07] [Server thread/INFO] (Minecraft) VfxPrimary[/<LOOPBACK>] logged in with entity id 13 at (-9.5, 76.0, -7.5)
[11:07:07] [Server thread/INFO] (Minecraft) [Dormant] VfxPrimary joined the game
[11:07:07] [Server thread/INFO] (Minecraft) VfxObserver[/<LOOPBACK>] logged in with entity id 14 at (3.5, 81.0, 8.5)
[11:07:07] [Server thread/INFO] (Minecraft) [Dormant] VfxObserver joined the game
[11:07:08] [Server thread/INFO] (Minecraft) Made VfxPrimary a server operator
[11:07:19] [Server thread/INFO] (Minecraft) VfxPrimary lost connection: Disconnected
[11:07:19] [Server thread/INFO] (Minecraft) [Dormant] VfxPrimary left the game
[11:07:28] [Server thread/INFO] (Minecraft) VfxPrimary[/<LOOPBACK>] logged in with entity id 158 at (-9.5, 76.0, -7.5)
[11:07:28] [Server thread/INFO] (Minecraft) [Murk] VfxPrimary joined the game
[11:07:36] [Server thread/INFO] (Minecraft) VfxPrimary lost connection: Disconnected
[11:07:36] [Server thread/INFO] (Minecraft) [Murk] VfxPrimary left the game
[11:07:36] [Server thread/INFO] (Minecraft) VfxObserver lost connection: Disconnected
[11:07:36] [Server thread/INFO] (Minecraft) [Dormant] VfxObserver left the game
[11:07:36] [Server thread/INFO] (Minecraft) Saving the game (this may take a moment!)
[11:07:36] [Server thread/INFO] (Minecraft) ThreadedAnvilChunkStorage (world): All chunks are saved
[11:07:36] [Server thread/INFO] (Minecraft) ThreadedAnvilChunkStorage (DIM-1): All chunks are saved
[11:07:36] [Server thread/INFO] (Minecraft) ThreadedAnvilChunkStorage (middleworld): All chunks are saved
[11:07:36] [Server thread/INFO] (Minecraft) ThreadedAnvilChunkStorage (dark_realm): All chunks are saved
[11:07:36] [Server thread/INFO] (Minecraft) ThreadedAnvilChunkStorage (light_realm): All chunks are saved
[11:07:36] [Server thread/INFO] (Minecraft) ThreadedAnvilChunkStorage (DIM1): All chunks are saved
[11:07:36] [Server thread/INFO] (Minecraft) ThreadedAnvilChunkStorage: All dimensions are saved
[11:07:36] [Server thread/INFO] (Minecraft) Saved the game
[11:07:36] [Server thread/INFO] (Minecraft) Stopping the server
[11:07:36] [Server thread/INFO] (Minecraft) Stopping server
[11:07:36] [Server thread/INFO] (Minecraft) Saving players
[11:07:36] [Server thread/INFO] (Minecraft) Saving worlds
[11:07:36] [Server thread/INFO] (Minecraft) Saving chunks for level 'ServerLevel[world]'/minecraft:overworld
[11:07:36] [Server thread/INFO] (Minecraft) Saving chunks for level 'ServerLevel[world]'/minecraft:the_nether
[11:07:36] [Server thread/INFO] (Minecraft) Saving chunks for level 'ServerLevel[world]'/powers:middleworld
[11:07:36] [Server thread/INFO] (Minecraft) Saving chunks for level 'ServerLevel[world]'/powers:dark_realm
[11:07:36] [Server thread/INFO] (Minecraft) Saving chunks for level 'ServerLevel[world]'/powers:light_realm
[11:07:36] [Server thread/INFO] (Minecraft) Saving chunks for level 'ServerLevel[world]'/minecraft:the_end
[11:07:36] [Server thread/INFO] (Minecraft) ThreadedAnvilChunkStorage (world): All chunks are saved
[11:07:36] [Server thread/INFO] (Minecraft) ThreadedAnvilChunkStorage (DIM-1): All chunks are saved
[11:07:36] [Server thread/INFO] (Minecraft) ThreadedAnvilChunkStorage (middleworld): All chunks are saved
[11:07:36] [Server thread/INFO] (Minecraft) ThreadedAnvilChunkStorage (dark_realm): All chunks are saved
[11:07:36] [Server thread/INFO] (Minecraft) ThreadedAnvilChunkStorage (light_realm): All chunks are saved
[11:07:36] [Server thread/INFO] (Minecraft) ThreadedAnvilChunkStorage (DIM1): All chunks are saved
[11:07:36] [Server thread/INFO] (Minecraft) ThreadedAnvilChunkStorage: All dimensions are saved

BUILD SUCCESSFUL in 54s
7 actionable tasks: 3 executed, 4 up-to-date
